allowed_cpus_in_job=7
visible_gpus: 8
{
  "run_name": "phase2_heavy_8gpu",
  "metadata": {
    "seed": 42,
    "command": "src/train.py --config configs/heavy.json --deepspeed --ds_config configs/ds_config_moe.json --run_name phase2_heavy_8gpu --out_dir results",
    "git_commit": "unknown",
    "config_path": "configs/heavy.json",
    "config_copy_path": "results/phase2_heavy_8gpu_config_used.json",
    "env": {
      "python_version": "3.12.3 (main, Jan 22 2026, 20:57:42) [GCC 13.3.0]",
      "torch_version": "2.9.1+rocm6.4",
      "cuda_available": "True",
      "cuda_version": "None",
      "cudnn_version": "3004000",
      "deepspeed_version": "0.18.6"
    },
    "deepspeed_requested": true,
    "nccl_debug": "INFO"
  }
}
No existing process group found, creating a new group named: ep_size_1
No existing process group found, creating a new group named: ep_size_1
No existing process group found, creating a new group named: ep_size_1
No existing process group found, creating a new group named: ep_size_1
No existing process group found, creating a new group named: ep_size_1
nid005205:28632:28632 [0] NCCL INFO Kernel version: 6.4.0-150600.23.73_15.0.14-cray_shasta_c
nid005205:28632:28632 [0] NCCL INFO Bootstrap : Using nmn0:10.120.28.56<0>
nid005205:28632:28632 [0] NCCL INFO ROCr version 1.15
nid005205:28632:28632 [0] NCCL INFO Dmabuf feature disabled without NCCL_DMABUF_ENABLE=1
nid005205:28632:28632 [0] NCCL INFO Kernel version: 6.4.0-150600.23.73_15.0.14-cray_shasta_c
nid005205:28632:28632 [0] NCCL INFO RCCL version : 2.22.3-HEAD:7d8d67c
HIP version  : 6.4.43484-123eb5128
ROCm version : 6.4.2.0-120-e7d83f5
Hostname     : nid005205
Librccl path : /opt/venv/lib/python3.12/site-packages/torch/lib/librccl.so
nid005205:28638:28638 [6] NCCL INFO ROCr version 1.15
nid005205:28635:28635 [3] NCCL INFO ROCr version 1.15
nid005205:28633:28633 [1] NCCL INFO ROCr version 1.15
nid005205:28638:28638 [6] NCCL INFO Dmabuf feature disabled without NCCL_DMABUF_ENABLE=1
nid005205:28635:28635 [3] NCCL INFO Dmabuf feature disabled without NCCL_DMABUF_ENABLE=1
nid005205:28633:28633 [1] NCCL INFO Dmabuf feature disabled without NCCL_DMABUF_ENABLE=1
nid005205:28637:28637 [5] NCCL INFO ROCr version 1.15
nid005205:28637:28637 [5] NCCL INFO Dmabuf feature disabled without NCCL_DMABUF_ENABLE=1
nid005205:28638:28638 [6] NCCL INFO Kernel version: 6.4.0-150600.23.73_15.0.14-cray_shasta_c
nid005205:28635:28635 [3] NCCL INFO Kernel version: 6.4.0-150600.23.73_15.0.14-cray_shasta_c
nid005205:28633:28633 [1] NCCL INFO Kernel version: 6.4.0-150600.23.73_15.0.14-cray_shasta_c
nid005205:28637:28637 [5] NCCL INFO Kernel version: 6.4.0-150600.23.73_15.0.14-cray_shasta_c
nid005205:28632:28632 [0] NCCL INFO Comm config Blocking set to 1
nid005205:28638:28638 [6] NCCL INFO Bootstrap : Using nmn0:10.120.28.56<0>
nid005205:28637:28637 [5] NCCL INFO Bootstrap : Using nmn0:10.120.28.56<0>
nid005205:28633:28633 [1] NCCL INFO Bootstrap : Using nmn0:10.120.28.56<0>
nid005205:28635:28635 [3] NCCL INFO Bootstrap : Using nmn0:10.120.28.56<0>
nid005205:28638:28638 [6] NCCL INFO RCCL version : 2.22.3-HEAD:7d8d67c
HIP version  : 6.4.43484-123eb5128
ROCm version : 6.4.2.0-120-e7d83f5
Hostname     : nid005205
Librccl path : /opt/venv/lib/python3.12/site-packages/torch/lib/librccl.so
nid005205:28637:28637 [5] NCCL INFO RCCL version : 2.22.3-HEAD:7d8d67c
HIP version  : 6.4.43484-123eb5128
ROCm version : 6.4.2.0-120-e7d83f5
Hostname     : nid005205
Librccl path : /opt/venv/lib/python3.12/site-packages/torch/lib/librccl.so
nid005205:28633:28633 [1] NCCL INFO RCCL version : 2.22.3-HEAD:7d8d67c
HIP version  : 6.4.43484-123eb5128
ROCm version : 6.4.2.0-120-e7d83f5
Hostname     : nid005205
Librccl path : /opt/venv/lib/python3.12/site-packages/torch/lib/librccl.so
nid005205:28635:28635 [3] NCCL INFO RCCL version : 2.22.3-HEAD:7d8d67c
HIP version  : 6.4.43484-123eb5128
ROCm version : 6.4.2.0-120-e7d83f5
Hostname     : nid005205
Librccl path : /opt/venv/lib/python3.12/site-packages/torch/lib/librccl.so
nid005205:28633:28633 [1] NCCL INFO Comm config Blocking set to 1
nid005205:28635:28635 [3] NCCL INFO Comm config Blocking set to 1
nid005205:28637:28637 [5] NCCL INFO Comm config Blocking set to 1
nid005205:28638:28638 [6] NCCL INFO Comm config Blocking set to 1
No existing process group found, creating a new group named: ep_size_1
nid005205:28634:28634 [2] NCCL INFO ROCr version 1.15
nid005205:28634:28634 [2] NCCL INFO Dmabuf feature disabled without NCCL_DMABUF_ENABLE=1
nid005205:28634:28634 [2] NCCL INFO Kernel version: 6.4.0-150600.23.73_15.0.14-cray_shasta_c
nid005205:28634:28634 [2] NCCL INFO Bootstrap : Using nmn0:10.120.28.56<0>
nid005205:28634:28634 [2] NCCL INFO RCCL version : 2.22.3-HEAD:7d8d67c
HIP version  : 6.4.43484-123eb5128
ROCm version : 6.4.2.0-120-e7d83f5
Hostname     : nid005205
Librccl path : /opt/venv/lib/python3.12/site-packages/torch/lib/librccl.so
nid005205:28634:28634 [2] NCCL INFO Comm config Blocking set to 1
No existing process group found, creating a new group named: ep_size_1
nid005205:28636:28636 [4] NCCL INFO ROCr version 1.15
nid005205:28636:28636 [4] NCCL INFO Dmabuf feature disabled without NCCL_DMABUF_ENABLE=1
nid005205:28636:28636 [4] NCCL INFO Kernel version: 6.4.0-150600.23.73_15.0.14-cray_shasta_c
nid005205:28636:28636 [4] NCCL INFO Bootstrap : Using nmn0:10.120.28.56<0>
nid005205:28636:28636 [4] NCCL INFO RCCL version : 2.22.3-HEAD:7d8d67c
HIP version  : 6.4.43484-123eb5128
ROCm version : 6.4.2.0-120-e7d83f5
Hostname     : nid005205
Librccl path : /opt/venv/lib/python3.12/site-packages/torch/lib/librccl.so
nid005205:28636:28636 [4] NCCL INFO Comm config Blocking set to 1
No existing process group found, creating a new group named: ep_size_1
nid005205:28639:28639 [7] NCCL INFO ROCr version 1.15
nid005205:28639:28639 [7] NCCL INFO Dmabuf feature disabled without NCCL_DMABUF_ENABLE=1
nid005205:28639:28639 [7] NCCL INFO Kernel version: 6.4.0-150600.23.73_15.0.14-cray_shasta_c
nid005205:28639:28639 [7] NCCL INFO Bootstrap : Using nmn0:10.120.28.56<0>
nid005205:28639:28639 [7] NCCL INFO RCCL version : 2.22.3-HEAD:7d8d67c
HIP version  : 6.4.43484-123eb5128
ROCm version : 6.4.2.0-120-e7d83f5
Hostname     : nid005205
Librccl path : /opt/venv/lib/python3.12/site-packages/torch/lib/librccl.so
nid005205:28639:28639 [7] NCCL INFO Comm config Blocking set to 1
nid005205:28639:29620 [7] NCCL INFO NET/Plugin: /lib/x86_64-linux-gnu/libfabric.so.1: version `FABRIC_1.8' not found (required by /lib/librccl-net.so)
nid005205:28639:29620 [7] NCCL INFO NET/Plugin: Using internal network plugin.
nid005205:28639:29620 [7] NCCL INFO NET/IB : No device found.
nid005205:28639:29620 [7] NCCL INFO NET/Socket : Using [0]nmn0:10.120.28.56<0> [1]hsn0:10.253.21.123<0> [2]hsn1:10.253.21.124<0> [3]hsn2:10.253.21.108<0> [4]hsn3:10.253.21.107<0>
nid005205:28639:29620 [7] NCCL INFO Using network Socket
nid005205:28639:29620 [7] NCCL INFO [node_id = 11; gpu_id = 49174; unique_id = 1729490414092330924; location_id = 56832; bdf = 56832; domain = 0; partition = 0], 
nid005205:28639:29620 [7] NCCL INFO [node_id = 9; gpu_id = 1553; unique_id = 3101634712148281751; location_id = 54784; bdf = 54784; domain = 0; partition = 0], 
nid005205:28639:29620 [7] NCCL INFO [node_id = 8; gpu_id = 13395; unique_id = 4344072059191526292; location_id = 53504; bdf = 53504; domain = 0; partition = 0], 
nid005205:28639:29620 [7] NCCL INFO [node_id = 5; gpu_id = 51740; unique_id = 9346220488102231987; location_id = 50688; bdf = 50688; domain = 0; partition = 0], 
nid005205:28639:29620 [7] NCCL INFO [node_id = 4; gpu_id = 63582; unique_id = 11728742519884310148; location_id = 49408; bdf = 49408; domain = 0; partition = 0], 
nid005205:28639:29620 [7] NCCL INFO [node_id = 10; gpu_id = 62036; unique_id = 14397933618913480166; location_id = 55552; bdf = 55552; domain = 0; partition = 0], 
nid005205:28639:29620 [7] NCCL INFO [node_id = 6; gpu_id = 15961; unique_id = 17023481801514908011; location_id = 51456; bdf = 51456; domain = 0; partition = 0], 
nid005205:28639:29620 [7] NCCL INFO [node_id = 7; gpu_id = 3099; unique_id = 17456028735115317908; location_id = 52736; bdf = 52736; domain = 0; partition = 0], 
nid005205:28639:29620 [7] NCCL INFO initialized internal alternative rsmi functionality
nid005205:28636:29612 [4] NCCL INFO NET/Plugin: /lib/x86_64-linux-gnu/libfabric.so.1: version `FABRIC_1.8' not found (required by /lib/librccl-net.so)
nid005205:28636:29612 [4] NCCL INFO NET/Plugin: Using internal network plugin.
nid005205:28636:29612 [4] NCCL INFO NET/IB : No device found.
nid005205:28636:29612 [4] NCCL INFO NET/Socket : Using [0]nmn0:10.120.28.56<0> [1]hsn0:10.253.21.123<0> [2]hsn1:10.253.21.124<0> [3]hsn2:10.253.21.108<0> [4]hsn3:10.253.21.107<0>
nid005205:28636:29612 [4] NCCL INFO Using network Socket
nid005205:28636:29612 [4] NCCL INFO [node_id = 11; gpu_id = 49174; unique_id = 1729490414092330924; location_id = 56832; bdf = 56832; domain = 0; partition = 0], 
nid005205:28636:29612 [4] NCCL INFO [node_id = 9; gpu_id = 1553; unique_id = 3101634712148281751; location_id = 54784; bdf = 54784; domain = 0; partition = 0], 
nid005205:28636:29612 [4] NCCL INFO [node_id = 8; gpu_id = 13395; unique_id = 4344072059191526292; location_id = 53504; bdf = 53504; domain = 0; partition = 0], 
nid005205:28636:29612 [4] NCCL INFO [node_id = 5; gpu_id = 51740; unique_id = 9346220488102231987; location_id = 50688; bdf = 50688; domain = 0; partition = 0], 
nid005205:28636:29612 [4] NCCL INFO [node_id = 4; gpu_id = 63582; unique_id = 11728742519884310148; location_id = 49408; bdf = 49408; domain = 0; partition = 0], 
nid005205:28636:29612 [4] NCCL INFO [node_id = 10; gpu_id = 62036; unique_id = 14397933618913480166; location_id = 55552; bdf = 55552; domain = 0; partition = 0], 
nid005205:28636:29612 [4] NCCL INFO [node_id = 6; gpu_id = 15961; unique_id = 17023481801514908011; location_id = 51456; bdf = 51456; domain = 0; partition = 0], 
nid005205:28636:29612 [4] NCCL INFO [node_id = 7; gpu_id = 3099; unique_id = 17456028735115317908; location_id = 52736; bdf = 52736; domain = 0; partition = 0], 
nid005205:28636:29612 [4] NCCL INFO initialized internal alternative rsmi functionality
nid005205:28638:29598 [6] NCCL INFO NET/Plugin: /lib/x86_64-linux-gnu/libfabric.so.1: version `FABRIC_1.8' not found (required by /lib/librccl-net.so)
nid005205:28638:29598 [6] NCCL INFO NET/Plugin: Using internal network plugin.
nid005205:28638:29598 [6] NCCL INFO NET/IB : No device found.
nid005205:28638:29598 [6] NCCL INFO NET/Socket : Using [0]nmn0:10.120.28.56<0> [1]hsn0:10.253.21.123<0> [2]hsn1:10.253.21.124<0> [3]hsn2:10.253.21.108<0> [4]hsn3:10.253.21.107<0>
nid005205:28638:29598 [6] NCCL INFO Using network Socket
nid005205:28638:29598 [6] NCCL INFO [node_id = 11; gpu_id = 49174; unique_id = 1729490414092330924; location_id = 56832; bdf = 56832; domain = 0; partition = 0], 
nid005205:28638:29598 [6] NCCL INFO [node_id = 9; gpu_id = 1553; unique_id = 3101634712148281751; location_id = 54784; bdf = 54784; domain = 0; partition = 0], 
nid005205:28638:29598 [6] NCCL INFO [node_id = 8; gpu_id = 13395; unique_id = 4344072059191526292; location_id = 53504; bdf = 53504; domain = 0; partition = 0], 
nid005205:28638:29598 [6] NCCL INFO [node_id = 5; gpu_id = 51740; unique_id = 9346220488102231987; location_id = 50688; bdf = 50688; domain = 0; partition = 0], 
nid005205:28638:29598 [6] NCCL INFO [node_id = 4; gpu_id = 63582; unique_id = 11728742519884310148; location_id = 49408; bdf = 49408; domain = 0; partition = 0], 
nid005205:28638:29598 [6] NCCL INFO [node_id = 10; gpu_id = 62036; unique_id = 14397933618913480166; location_id = 55552; bdf = 55552; domain = 0; partition = 0], 
nid005205:28638:29598 [6] NCCL INFO [node_id = 6; gpu_id = 15961; unique_id = 17023481801514908011; location_id = 51456; bdf = 51456; domain = 0; partition = 0], 
nid005205:28638:29598 [6] NCCL INFO [node_id = 7; gpu_id = 3099; unique_id = 17456028735115317908; location_id = 52736; bdf = 52736; domain = 0; partition = 0], 
nid005205:28638:29598 [6] NCCL INFO initialized internal alternative rsmi functionality
nid005205:28632:29594 [0] NCCL INFO NET/Plugin: /lib/x86_64-linux-gnu/libfabric.so.1: version `FABRIC_1.8' not found (required by /lib/librccl-net.so)
nid005205:28632:29594 [0] NCCL INFO NET/Plugin: Using internal network plugin.
nid005205:28632:29594 [0] NCCL INFO NET/IB : No device found.
nid005205:28632:29594 [0] NCCL INFO NET/Socket : Using [0]nmn0:10.120.28.56<0> [1]hsn0:10.253.21.123<0> [2]hsn1:10.253.21.124<0> [3]hsn2:10.253.21.108<0> [4]hsn3:10.253.21.107<0>
nid005205:28632:29594 [0] NCCL INFO Using network Socket
nid005205:28632:29594 [0] NCCL INFO [node_id = 11; gpu_id = 49174; unique_id = 1729490414092330924; location_id = 56832; bdf = 56832; domain = 0; partition = 0], 
nid005205:28632:29594 [0] NCCL INFO [node_id = 9; gpu_id = 1553; unique_id = 3101634712148281751; location_id = 54784; bdf = 54784; domain = 0; partition = 0], 
nid005205:28632:29594 [0] NCCL INFO [node_id = 8; gpu_id = 13395; unique_id = 4344072059191526292; location_id = 53504; bdf = 53504; domain = 0; partition = 0], 
nid005205:28632:29594 [0] NCCL INFO [node_id = 5; gpu_id = 51740; unique_id = 9346220488102231987; location_id = 50688; bdf = 50688; domain = 0; partition = 0], 
nid005205:28632:29594 [0] NCCL INFO [node_id = 4; gpu_id = 63582; unique_id = 11728742519884310148; location_id = 49408; bdf = 49408; domain = 0; partition = 0], 
nid005205:28632:29594 [0] NCCL INFO [node_id = 10; gpu_id = 62036; unique_id = 14397933618913480166; location_id = 55552; bdf = 55552; domain = 0; partition = 0], 
nid005205:28632:29594 [0] NCCL INFO [node_id = 6; gpu_id = 15961; unique_id = 17023481801514908011; location_id = 51456; bdf = 51456; domain = 0; partition = 0], 
nid005205:28632:29594 [0] NCCL INFO [node_id = 7; gpu_id = 3099; unique_id = 17456028735115317908; location_id = 52736; bdf = 52736; domain = 0; partition = 0], 
nid005205:28632:29594 [0] NCCL INFO initialized internal alternative rsmi functionality
nid005205:28634:29605 [2] NCCL INFO NET/Plugin: /lib/x86_64-linux-gnu/libfabric.so.1: version `FABRIC_1.8' not found (required by /lib/librccl-net.so)
nid005205:28634:29605 [2] NCCL INFO NET/Plugin: Using internal network plugin.
nid005205:28634:29605 [2] NCCL INFO NET/IB : No device found.
nid005205:28634:29605 [2] NCCL INFO NET/Socket : Using [0]nmn0:10.120.28.56<0> [1]hsn0:10.253.21.123<0> [2]hsn1:10.253.21.124<0> [3]hsn2:10.253.21.108<0> [4]hsn3:10.253.21.107<0>
nid005205:28633:29595 [1] NCCL INFO NET/Plugin: /lib/x86_64-linux-gnu/libfabric.so.1: version `FABRIC_1.8' not found (required by /lib/librccl-net.so)
nid005205:28634:29605 [2] NCCL INFO Using network Socket
nid005205:28633:29595 [1] NCCL INFO NET/Plugin: Using internal network plugin.
nid005205:28633:29595 [1] NCCL INFO NET/IB : No device found.
nid005205:28633:29595 [1] NCCL INFO NET/Socket : Using [0]nmn0:10.120.28.56<0> [1]hsn0:10.253.21.123<0> [2]hsn1:10.253.21.124<0> [3]hsn2:10.253.21.108<0> [4]hsn3:10.253.21.107<0>
nid005205:28633:29595 [1] NCCL INFO Using network Socket
nid005205:28634:29605 [2] NCCL INFO [node_id = 11; gpu_id = 49174; unique_id = 1729490414092330924; location_id = 56832; bdf = 56832; domain = 0; partition = 0], 
nid005205:28634:29605 [2] NCCL INFO [node_id = 9; gpu_id = 1553; unique_id = 3101634712148281751; location_id = 54784; bdf = 54784; domain = 0; partition = 0], 
nid005205:28634:29605 [2] NCCL INFO [node_id = 8; gpu_id = 13395; unique_id = 4344072059191526292; location_id = 53504; bdf = 53504; domain = 0; partition = 0], 
nid005205:28634:29605 [2] NCCL INFO [node_id = 5; gpu_id = 51740; unique_id = 9346220488102231987; location_id = 50688; bdf = 50688; domain = 0; partition = 0], 
nid005205:28634:29605 [2] NCCL INFO [node_id = 4; gpu_id = 63582; unique_id = 11728742519884310148; location_id = 49408; bdf = 49408; domain = 0; partition = 0], 
nid005205:28634:29605 [2] NCCL INFO [node_id = 10; gpu_id = 62036; unique_id = 14397933618913480166; location_id = 55552; bdf = 55552; domain = 0; partition = 0], 
nid005205:28634:29605 [2] NCCL INFO [node_id = 6; gpu_id = 15961; unique_id = 17023481801514908011; location_id = 51456; bdf = 51456; domain = 0; partition = 0], 
nid005205:28634:29605 [2] NCCL INFO [node_id = 7; gpu_id = 3099; unique_id = 17456028735115317908; location_id = 52736; bdf = 52736; domain = 0; partition = 0], 
nid005205:28633:29595 [1] NCCL INFO [node_id = 11; gpu_id = 49174; unique_id = 1729490414092330924; location_id = 56832; bdf = 56832; domain = 0; partition = 0], 
nid005205:28633:29595 [1] NCCL INFO [node_id = 9; gpu_id = 1553; unique_id = 3101634712148281751; location_id = 54784; bdf = 54784; domain = 0; partition = 0], 
nid005205:28633:29595 [1] NCCL INFO [node_id = 8; gpu_id = 13395; unique_id = 4344072059191526292; location_id = 53504; bdf = 53504; domain = 0; partition = 0], 
nid005205:28633:29595 [1] NCCL INFO [node_id = 5; gpu_id = 51740; unique_id = 9346220488102231987; location_id = 50688; bdf = 50688; domain = 0; partition = 0], 
nid005205:28633:29595 [1] NCCL INFO [node_id = 4; gpu_id = 63582; unique_id = 11728742519884310148; location_id = 49408; bdf = 49408; domain = 0; partition = 0], 
nid005205:28633:29595 [1] NCCL INFO [node_id = 10; gpu_id = 62036; unique_id = 14397933618913480166; location_id = 55552; bdf = 55552; domain = 0; partition = 0], 
nid005205:28633:29595 [1] NCCL INFO [node_id = 6; gpu_id = 15961; unique_id = 17023481801514908011; location_id = 51456; bdf = 51456; domain = 0; partition = 0], 
nid005205:28633:29595 [1] NCCL INFO [node_id = 7; gpu_id = 3099; unique_id = 17456028735115317908; location_id = 52736; bdf = 52736; domain = 0; partition = 0], 
nid005205:28637:29597 [5] NCCL INFO NET/Plugin: /lib/x86_64-linux-gnu/libfabric.so.1: version `FABRIC_1.8' not found (required by /lib/librccl-net.so)
nid005205:28637:29597 [5] NCCL INFO NET/Plugin: Using internal network plugin.
nid005205:28635:29596 [3] NCCL INFO NET/Plugin: /lib/x86_64-linux-gnu/libfabric.so.1: version `FABRIC_1.8' not found (required by /lib/librccl-net.so)
nid005205:28635:29596 [3] NCCL INFO NET/Plugin: Using internal network plugin.
nid005205:28637:29597 [5] NCCL INFO NET/IB : No device found.
nid005205:28635:29596 [3] NCCL INFO NET/IB : No device found.
nid005205:28637:29597 [5] NCCL INFO NET/Socket : Using [0]nmn0:10.120.28.56<0> [1]hsn0:10.253.21.123<0> [2]hsn1:10.253.21.124<0> [3]hsn2:10.253.21.108<0> [4]hsn3:10.253.21.107<0>
nid005205:28635:29596 [3] NCCL INFO NET/Socket : Using [0]nmn0:10.120.28.56<0> [1]hsn0:10.253.21.123<0> [2]hsn1:10.253.21.124<0> [3]hsn2:10.253.21.108<0> [4]hsn3:10.253.21.107<0>
nid005205:28637:29597 [5] NCCL INFO Using network Socket
nid005205:28635:29596 [3] NCCL INFO Using network Socket
nid005205:28634:29605 [2] NCCL INFO initialized internal alternative rsmi functionality
nid005205:28637:29597 [5] NCCL INFO [node_id = 11; gpu_id = 49174; unique_id = 1729490414092330924; location_id = 56832; bdf = 56832; domain = 0; partition = 0], 
nid005205:28637:29597 [5] NCCL INFO [node_id = 9; gpu_id = 1553; unique_id = 3101634712148281751; location_id = 54784; bdf = 54784; domain = 0; partition = 0], 
nid005205:28637:29597 [5] NCCL INFO [node_id = 8; gpu_id = 13395; unique_id = 4344072059191526292; location_id = 53504; bdf = 53504; domain = 0; partition = 0], 
nid005205:28637:29597 [5] NCCL INFO [node_id = 5; gpu_id = 51740; unique_id = 9346220488102231987; location_id = 50688; bdf = 50688; domain = 0; partition = 0], 
nid005205:28637:29597 [5] NCCL INFO [node_id = 4; gpu_id = 63582; unique_id = 11728742519884310148; location_id = 49408; bdf = 49408; domain = 0; partition = 0], 
nid005205:28635:29596 [3] NCCL INFO [node_id = 11; gpu_id = 49174; unique_id = 1729490414092330924; location_id = 56832; bdf = 56832; domain = 0; partition = 0], 
nid005205:28637:29597 [5] NCCL INFO [node_id = 10; gpu_id = 62036; unique_id = 14397933618913480166; location_id = 55552; bdf = 55552; domain = 0; partition = 0], 
nid005205:28635:29596 [3] NCCL INFO [node_id = 9; gpu_id = 1553; unique_id = 3101634712148281751; location_id = 54784; bdf = 54784; domain = 0; partition = 0], 
nid005205:28637:29597 [5] NCCL INFO [node_id = 6; gpu_id = 15961; unique_id = 17023481801514908011; location_id = 51456; bdf = 51456; domain = 0; partition = 0], 
nid005205:28635:29596 [3] NCCL INFO [node_id = 8; gpu_id = 13395; unique_id = 4344072059191526292; location_id = 53504; bdf = 53504; domain = 0; partition = 0], 
nid005205:28637:29597 [5] NCCL INFO [node_id = 7; gpu_id = 3099; unique_id = 17456028735115317908; location_id = 52736; bdf = 52736; domain = 0; partition = 0], 
nid005205:28635:29596 [3] NCCL INFO [node_id = 5; gpu_id = 51740; unique_id = 9346220488102231987; location_id = 50688; bdf = 50688; domain = 0; partition = 0], 
nid005205:28635:29596 [3] NCCL INFO [node_id = 4; gpu_id = 63582; unique_id = 11728742519884310148; location_id = 49408; bdf = 49408; domain = 0; partition = 0], 
nid005205:28635:29596 [3] NCCL INFO [node_id = 10; gpu_id = 62036; unique_id = 14397933618913480166; location_id = 55552; bdf = 55552; domain = 0; partition = 0], 
nid005205:28635:29596 [3] NCCL INFO [node_id = 6; gpu_id = 15961; unique_id = 17023481801514908011; location_id = 51456; bdf = 51456; domain = 0; partition = 0], 
nid005205:28635:29596 [3] NCCL INFO [node_id = 7; gpu_id = 3099; unique_id = 17456028735115317908; location_id = 52736; bdf = 52736; domain = 0; partition = 0], 
nid005205:28633:29595 [1] NCCL INFO initialized internal alternative rsmi functionality
nid005205:28637:29597 [5] NCCL INFO initialized internal alternative rsmi functionality
nid005205:28635:29596 [3] NCCL INFO initialized internal alternative rsmi functionality
nid005205:28638:29598 [6] NCCL INFO ncclCommInitRank comm 0x12d6bad0 rank 6 nranks 8 cudaDev 6 nvmlDev 6 busId d9000 commId 0x5e78d09d870e138 - Init START
nid005205:28635:29596 [3] NCCL INFO ncclCommInitRank comm 0x151c644e2010 rank 3 nranks 8 cudaDev 3 nvmlDev 3 busId ce000 commId 0x5e78d09d870e138 - Init START
nid005205:28637:29597 [5] NCCL INFO ncclCommInitRank comm 0x12f35fb0 rank 5 nranks 8 cudaDev 5 nvmlDev 5 busId d6000 commId 0x5e78d09d870e138 - Init START
nid005205:28636:29612 [4] NCCL INFO ncclCommInitRank comm 0x12f2e7c0 rank 4 nranks 8 cudaDev 4 nvmlDev 4 busId d1000 commId 0x5e78d09d870e138 - Init START
nid005205:28634:29605 [2] NCCL INFO ncclCommInitRank comm 0x12dbbb80 rank 2 nranks 8 cudaDev 2 nvmlDev 2 busId c9000 commId 0x5e78d09d870e138 - Init START
nid005205:28633:29595 [1] NCCL INFO ncclCommInitRank comm 0x12f31420 rank 1 nranks 8 cudaDev 1 nvmlDev 1 busId c6000 commId 0x5e78d09d870e138 - Init START
nid005205:28632:29594 [0] NCCL INFO ncclCommInitRank comm 0x150076a6f010 rank 0 nranks 8 cudaDev 0 nvmlDev 0 busId c1000 commId 0x5e78d09d870e138 - Init START
nid005205:28639:29620 [7] NCCL INFO ncclCommInitRank comm 0x1522def44010 rank 7 nranks 8 cudaDev 7 nvmlDev 7 busId de000 commId 0x5e78d09d870e138 - Init START
nid005205:28635:29596 [3] NCCL INFO initialized internal alternative rsmi functionality
nid005205:28634:29605 [2] NCCL INFO initialized internal alternative rsmi functionality
nid005205:28637:29597 [5] NCCL INFO initialized internal alternative rsmi functionality
nid005205:28633:29595 [1] NCCL INFO initialized internal alternative rsmi functionality
nid005205:28638:29598 [6] NCCL INFO initialized internal alternative rsmi functionality
nid005205:28632:29594 [0] NCCL INFO initialized internal alternative rsmi functionality
nid005205:28636:29612 [4] NCCL INFO initialized internal alternative rsmi functionality
nid005205:28639:29620 [7] NCCL INFO initialized internal alternative rsmi functionality
nid005205:28636:29612 [4] NCCL INFO Setting affinity for GPU 4 to fefe,00000000,0000fefe
nid005205:28638:29598 [6] NCCL INFO Setting affinity for GPU 6 to fefe,00000000,0000fefe,00000000
nid005205:28639:29620 [7] NCCL INFO Setting affinity for GPU 7 to fefe,00000000,0000fefe,00000000
nid005205:28635:29596 [3] NCCL INFO Setting affinity for GPU 3 to fefe0000,00000000,fefe0000
nid005205:28634:29605 [2] NCCL INFO Setting affinity for GPU 2 to fefe0000,00000000,fefe0000
nid005205:28637:29597 [5] NCCL INFO Setting affinity for GPU 5 to fefe,00000000,0000fefe
nid005205:28632:29594 [0] NCCL INFO Setting affinity for GPU 0 to fefe0000,00000000,fefe0000,00000000
nid005205:28633:29595 [1] NCCL INFO Setting affinity for GPU 1 to fefe0000,00000000,fefe0000,00000000
nid005205:28639:29620 [7] NCCL INFO comm 0x1522def44010 rank 7 nRanks 8 nNodes 1 localRanks 8 localRank 7 MNNVL 0
nid005205:28638:29598 [6] NCCL INFO comm 0x12d6bad0 rank 6 nRanks 8 nNodes 1 localRanks 8 localRank 6 MNNVL 0
nid005205:28637:29597 [5] NCCL INFO comm 0x12f35fb0 rank 5 nRanks 8 nNodes 1 localRanks 8 localRank 5 MNNVL 0
nid005205:28636:29612 [4] NCCL INFO comm 0x12f2e7c0 rank 4 nRanks 8 nNodes 1 localRanks 8 localRank 4 MNNVL 0
nid005205:28635:29596 [3] NCCL INFO comm 0x151c644e2010 rank 3 nRanks 8 nNodes 1 localRanks 8 localRank 3 MNNVL 0
nid005205:28632:29594 [0] NCCL INFO comm 0x150076a6f010 rank 0 nRanks 8 nNodes 1 localRanks 8 localRank 0 MNNVL 0
nid005205:28634:29605 [2] NCCL INFO comm 0x12dbbb80 rank 2 nRanks 8 nNodes 1 localRanks 8 localRank 2 MNNVL 0
nid005205:28633:29595 [1] NCCL INFO comm 0x12f31420 rank 1 nRanks 8 nNodes 1 localRanks 8 localRank 1 MNNVL 0
nid005205:28632:29594 [0] NCCL INFO Channel 00/16 :    0   1   3   2   4   5   7   6
nid005205:28632:29594 [0] NCCL INFO Channel 01/16 :    0   6   7   5   4   2   3   1
nid005205:28637:29597 [5] NCCL INFO Trees [0] 7/-1/-1->5->4 [1] 4/-1/-1->5->7 [2] 4/-1/-1->5->1 [3] 1/-1/-1->5->4 [4] 7/-1/-1->5->4 [5] 4/-1/-1->5->7 [6] 4/-1/-1->5->1 [7] 1/-1/-1->5->4 [8] 7/-1/-1->5->4 [9] 4/-1/-1->5->7 [10] 4/-1/-1->5->1 [11] 1/-1/-1->5->4 [12] 7/-1/-1->5->4 [13] 4/-1/-1->5->7 [14] 4/-1/-1->5->1 [15] 1/-1/-1->5->4 comm 0x12f35fb0 nRanks 08 busId d6000
nid005205:28632:29594 [0] NCCL INFO Channel 02/16 :    0   1   5   4   6   7   3   2
nid005205:28636:29612 [4] NCCL INFO Trees [0] 5/-1/-1->4->2 [1] 2/-1/-1->4->5 [2] 6/-1/-1->4->5 [3] 5/-1/-1->4->6 [4] 5/-1/-1->4->2 [5] 2/-1/-1->4->5 [6] 6/-1/-1->4->5 [7] 5/-1/-1->4->6 [8] 5/-1/-1->4->2 [9] 2/-1/-1->4->5 [10] 6/-1/-1->4->5 [11] 5/-1/-1->4->6 [12] 5/-1/-1->4->2 [13] 2/-1/-1->4->5 [14] 6/-1/-1->4->5 [15] 5/-1/-1->4->6 comm 0x12f2e7c0 nRanks 08 busId d1000
nid005205:28635:29596 [3] NCCL INFO Trees [0] 2/-1/-1->3->1 [1] 1/-1/-1->3->2 [2] 2/-1/-1->3->7 [3] 7/-1/-1->3->2 [4] 2/-1/-1->3->1 [5] 1/-1/-1->3->2 [6] 2/-1/-1->3->7 [7] 7/-1/-1->3->2 [8] 2/-1/-1->3->1 [9] 1/-1/-1->3->2 [10] 2/-1/-1->3->7 [11] 7/-1/-1->3->2 [12] 2/-1/-1->3->1 [13] 1/-1/-1->3->2 [14] 2/-1/-1->3->7 [15] 7/-1/-1->3->2 comm 0x151c644e2010 nRanks 08 busId ce000
nid005205:28637:29597 [5] NCCL INFO P2P Chunksize set to 524288
nid005205:28634:29605 [2] NCCL INFO Trees [0] 4/-1/-1->2->3 [1] 3/-1/-1->2->4 [2] -1/-1/-1->2->3 [3] 3/-1/-1->2->-1 [4] 4/-1/-1->2->3 [5] 3/-1/-1->2->4 [6] -1/-1/-1->2->3 [7] 3/-1/-1->2->-1 [8] 4/-1/-1->2->3 [9] 3/-1/-1->2->4 [10] -1/-1/-1->2->3 [11] 3/-1/-1->2->-1 [12] 4/-1/-1->2->3 [13] 3/-1/-1->2->4 [14] -1/-1/-1->2->3 [15] 3/-1/-1->2->-1 comm 0x12dbbb80 nRanks 08 busId c9000
nid005205:28633:29595 [1] NCCL INFO Trees [0] 3/-1/-1->1->0 [1] 0/-1/-1->1->3 [2] 5/-1/-1->1->0 [3] 0/-1/-1->1->5 [4] 3/-1/-1->1->0 [5] 0/-1/-1->1->3 [6] 5/-1/-1->1->0 [7] 0/-1/-1->1->5 [8] 3/-1/-1->1->0 [9] 0/-1/-1->1->3 [10] 5/-1/-1->1->0 [11] 0/-1/-1->1->5 [12] 3/-1/-1->1->0 [13] 0/-1/-1->1->3 [14] 5/-1/-1->1->0 [15] 0/-1/-1->1->5 comm 0x12f31420 nRanks 08 busId c6000
nid005205:28632:29594 [0] NCCL INFO Channel 03/16 :    0   2   3   7   6   4   5   1
nid005205:28635:29596 [3] NCCL INFO P2P Chunksize set to 524288
nid005205:28632:29594 [0] NCCL INFO Channel 04/16 :    0   1   3   2   4   5   7   6
nid005205:28636:29612 [4] NCCL INFO P2P Chunksize set to 524288
nid005205:28634:29605 [2] NCCL INFO P2P Chunksize set to 524288
nid005205:28633:29595 [1] NCCL INFO P2P Chunksize set to 524288
nid005205:28639:29620 [7] NCCL INFO Trees [0] 6/-1/-1->7->5 [1] 5/-1/-1->7->6 [2] 3/-1/-1->7->6 [3] 6/-1/-1->7->3 [4] 6/-1/-1->7->5 [5] 5/-1/-1->7->6 [6] 3/-1/-1->7->6 [7] 6/-1/-1->7->3 [8] 6/-1/-1->7->5 [9] 5/-1/-1->7->6 [10] 3/-1/-1->7->6 [11] 6/-1/-1->7->3 [12] 6/-1/-1->7->5 [13] 5/-1/-1->7->6 [14] 3/-1/-1->7->6 [15] 6/-1/-1->7->3 comm 0x1522def44010 nRanks 08 busId de000
nid005205:28632:29594 [0] NCCL INFO Channel 05/16 :    0   6   7   5   4   2   3   1
nid005205:28638:29598 [6] NCCL INFO Trees [0] -1/-1/-1->6->7 [1] 7/-1/-1->6->-1 [2] 7/-1/-1->6->4 [3] 4/-1/-1->6->7 [4] -1/-1/-1->6->7 [5] 7/-1/-1->6->-1 [6] 7/-1/-1->6->4 [7] 4/-1/-1->6->7 [8] -1/-1/-1->6->7 [9] 7/-1/-1->6->-1 [10] 7/-1/-1->6->4 [11] 4/-1/-1->6->7 [12] -1/-1/-1->6->7 [13] 7/-1/-1->6->-1 [14] 7/-1/-1->6->4 [15] 4/-1/-1->6->7 comm 0x12d6bad0 nRanks 08 busId d9000
nid005205:28632:29594 [0] NCCL INFO Channel 06/16 :    0   1   5   4   6   7   3   2
nid005205:28632:29594 [0] NCCL INFO Channel 07/16 :    0   2   3   7   6   4   5   1
nid005205:28639:29620 [7] NCCL INFO P2P Chunksize set to 524288
nid005205:28638:29598 [6] NCCL INFO P2P Chunksize set to 524288
nid005205:28632:29594 [0] NCCL INFO Channel 08/16 :    0   1   3   2   4   5   7   6
nid005205:28632:29594 [0] NCCL INFO Channel 09/16 :    0   6   7   5   4   2   3   1
nid005205:28632:29594 [0] NCCL INFO Channel 10/16 :    0   1   5   4   6   7   3   2
nid005205:28632:29594 [0] NCCL INFO Channel 11/16 :    0   2   3   7   6   4   5   1
nid005205:28632:29594 [0] NCCL INFO Channel 12/16 :    0   1   3   2   4   5   7   6
nid005205:28632:29594 [0] NCCL INFO Channel 13/16 :    0   6   7   5   4   2   3   1
nid005205:28632:29594 [0] NCCL INFO Channel 14/16 :    0   1   5   4   6   7   3   2
nid005205:28632:29594 [0] NCCL INFO Channel 15/16 :    0   2   3   7   6   4   5   1
nid005205:28632:29594 [0] NCCL INFO Trees [0] 1/-1/-1->0->-1 [1] -1/-1/-1->0->1 [2] 1/-1/-1->0->-1 [3] -1/-1/-1->0->1 [4] 1/-1/-1->0->-1 [5] -1/-1/-1->0->1 [6] 1/-1/-1->0->-1 [7] -1/-1/-1->0->1 [8] 1/-1/-1->0->-1 [9] -1/-1/-1->0->1 [10] 1/-1/-1->0->-1 [11] -1/-1/-1->0->1 [12] 1/-1/-1->0->-1 [13] -1/-1/-1->0->1 [14] 1/-1/-1->0->-1 [15] -1/-1/-1->0->1 comm 0x150076a6f010 nRanks 08 busId c1000
nid005205:28632:29594 [0] NCCL INFO P2P Chunksize set to 524288
nid005205:28632:29594 [0] NCCL INFO Channel 00/0 : 0[c1000] -> 1[c6000] via P2P/IPC comm 0x150076a6f010 nRanks 08
nid005205:28634:29605 [2] NCCL INFO Channel 01/0 : 2[c9000] -> 3[ce000] via P2P/IPC comm 0x12dbbb80 nRanks 08
nid005205:28636:29612 [4] NCCL INFO Channel 00/0 : 4[d1000] -> 5[d6000] via P2P/IPC comm 0x12f2e7c0 nRanks 08
nid005205:28638:29598 [6] NCCL INFO Channel 01/0 : 6[d9000] -> 7[de000] via P2P/IPC comm 0x12d6bad0 nRanks 08
nid005205:28632:29594 [0] NCCL INFO Channel 02/0 : 0[c1000] -> 1[c6000] via P2P/IPC comm 0x150076a6f010 nRanks 08
nid005205:28634:29605 [2] NCCL INFO Channel 03/0 : 2[c9000] -> 3[ce000] via P2P/IPC comm 0x12dbbb80 nRanks 08
nid005205:28636:29612 [4] NCCL INFO Channel 03/0 : 4[d1000] -> 5[d6000] via P2P/IPC comm 0x12f2e7c0 nRanks 08
nid005205:28638:29598 [6] NCCL INFO Channel 02/0 : 6[d9000] -> 7[de000] via P2P/IPC comm 0x12d6bad0 nRanks 08
nid005205:28632:29594 [0] NCCL INFO Channel 04/0 : 0[c1000] -> 1[c6000] via P2P/IPC comm 0x150076a6f010 nRanks 08
nid005205:28634:29605 [2] NCCL INFO Channel 05/0 : 2[c9000] -> 3[ce000] via P2P/IPC comm 0x12dbbb80 nRanks 08
nid005205:28638:29598 [6] NCCL INFO Channel 05/0 : 6[d9000] -> 7[de000] via P2P/IPC comm 0x12d6bad0 nRanks 08
nid005205:28636:29612 [4] NCCL INFO Channel 04/0 : 4[d1000] -> 5[d6000] via P2P/IPC comm 0x12f2e7c0 nRanks 08
nid005205:28632:29594 [0] NCCL INFO Channel 06/0 : 0[c1000] -> 1[c6000] via P2P/IPC comm 0x150076a6f010 nRanks 08
nid005205:28634:29605 [2] NCCL INFO Channel 07/0 : 2[c9000] -> 3[ce000] via P2P/IPC comm 0x12dbbb80 nRanks 08
nid005205:28638:29598 [6] NCCL INFO Channel 06/0 : 6[d9000] -> 7[de000] via P2P/IPC comm 0x12d6bad0 nRanks 08
nid005205:28636:29612 [4] NCCL INFO Channel 07/0 : 4[d1000] -> 5[d6000] via P2P/IPC comm 0x12f2e7c0 nRanks 08
nid005205:28632:29594 [0] NCCL INFO Channel 08/0 : 0[c1000] -> 1[c6000] via P2P/IPC comm 0x150076a6f010 nRanks 08
nid005205:28634:29605 [2] NCCL INFO Channel 09/0 : 2[c9000] -> 3[ce000] via P2P/IPC comm 0x12dbbb80 nRanks 08
nid005205:28638:29598 [6] NCCL INFO Channel 09/0 : 6[d9000] -> 7[de000] via P2P/IPC comm 0x12d6bad0 nRanks 08
nid005205:28636:29612 [4] NCCL INFO Channel 08/0 : 4[d1000] -> 5[d6000] via P2P/IPC comm 0x12f2e7c0 nRanks 08
nid005205:28632:29594 [0] NCCL INFO Channel 10/0 : 0[c1000] -> 1[c6000] via P2P/IPC comm 0x150076a6f010 nRanks 08
nid005205:28634:29605 [2] NCCL INFO Channel 11/0 : 2[c9000] -> 3[ce000] via P2P/IPC comm 0x12dbbb80 nRanks 08
nid005205:28638:29598 [6] NCCL INFO Channel 10/0 : 6[d9000] -> 7[de000] via P2P/IPC comm 0x12d6bad0 nRanks 08
nid005205:28636:29612 [4] NCCL INFO Channel 11/0 : 4[d1000] -> 5[d6000] via P2P/IPC comm 0x12f2e7c0 nRanks 08
nid005205:28632:29594 [0] NCCL INFO Channel 12/0 : 0[c1000] -> 1[c6000] via P2P/IPC comm 0x150076a6f010 nRanks 08
nid005205:28634:29605 [2] NCCL INFO Channel 13/0 : 2[c9000] -> 3[ce000] via P2P/IPC comm 0x12dbbb80 nRanks 08
nid005205:28638:29598 [6] NCCL INFO Channel 13/0 : 6[d9000] -> 7[de000] via P2P/IPC comm 0x12d6bad0 nRanks 08
nid005205:28636:29612 [4] NCCL INFO Channel 12/0 : 4[d1000] -> 5[d6000] via P2P/IPC comm 0x12f2e7c0 nRanks 08
nid005205:28632:29594 [0] NCCL INFO Channel 14/0 : 0[c1000] -> 1[c6000] via P2P/IPC comm 0x150076a6f010 nRanks 08
nid005205:28634:29605 [2] NCCL INFO Channel 15/0 : 2[c9000] -> 3[ce000] via P2P/IPC comm 0x12dbbb80 nRanks 08
nid005205:28638:29598 [6] NCCL INFO Channel 14/0 : 6[d9000] -> 7[de000] via P2P/IPC comm 0x12d6bad0 nRanks 08
nid005205:28636:29612 [4] NCCL INFO Channel 15/0 : 4[d1000] -> 5[d6000] via P2P/IPC comm 0x12f2e7c0 nRanks 08
nid005205:28633:29595 [1] NCCL INFO Channel 00/0 : 1[c6000] -> 3[ce000] via P2P/IPC comm 0x12f31420 nRanks 08
nid005205:28637:29597 [5] NCCL INFO Channel 00/0 : 5[d6000] -> 7[de000] via P2P/IPC comm 0x12f35fb0 nRanks 08
nid005205:28633:29595 [1] NCCL INFO Channel 04/0 : 1[c6000] -> 3[ce000] via P2P/IPC comm 0x12f31420 nRanks 08
nid005205:28633:29595 [1] NCCL INFO Channel 08/0 : 1[c6000] -> 3[ce000] via P2P/IPC comm 0x12f31420 nRanks 08
nid005205:28637:29597 [5] NCCL INFO Channel 04/0 : 5[d6000] -> 7[de000] via P2P/IPC comm 0x12f35fb0 nRanks 08
nid005205:28633:29595 [1] NCCL INFO Channel 12/0 : 1[c6000] -> 3[ce000] via P2P/IPC comm 0x12f31420 nRanks 08
nid005205:28637:29597 [5] NCCL INFO Channel 08/0 : 5[d6000] -> 7[de000] via P2P/IPC comm 0x12f35fb0 nRanks 08
nid005205:28634:29605 [2] NCCL INFO Channel 00/0 : 2[c9000] -> 4[d1000] via P2P/IPC comm 0x12dbbb80 nRanks 08
nid005205:28638:29598 [6] NCCL INFO Channel 00/0 : 6[d9000] -> 0[c1000] via P2P/IPC comm 0x12d6bad0 nRanks 08
nid005205:28637:29597 [5] NCCL INFO Channel 12/0 : 5[d6000] -> 7[de000] via P2P/IPC comm 0x12f35fb0 nRanks 08
nid005205:28632:29594 [0] NCCL INFO Channel 03/0 : 0[c1000] -> 2[c9000] via P2P/IPC comm 0x150076a6f010 nRanks 08
nid005205:28634:29605 [2] NCCL INFO Channel 04/0 : 2[c9000] -> 4[d1000] via P2P/IPC comm 0x12dbbb80 nRanks 08
nid005205:28636:29612 [4] NCCL INFO Channel 02/0 : 4[d1000] -> 6[d9000] via P2P/IPC comm 0x12f2e7c0 nRanks 08
nid005205:28638:29598 [6] NCCL INFO Channel 04/0 : 6[d9000] -> 0[c1000] via P2P/IPC comm 0x12d6bad0 nRanks 08
nid005205:28632:29594 [0] NCCL INFO Channel 07/0 : 0[c1000] -> 2[c9000] via P2P/IPC comm 0x150076a6f010 nRanks 08
nid005205:28634:29605 [2] NCCL INFO Channel 08/0 : 2[c9000] -> 4[d1000] via P2P/IPC comm 0x12dbbb80 nRanks 08
nid005205:28638:29598 [6] NCCL INFO Channel 08/0 : 6[d9000] -> 0[c1000] via P2P/IPC comm 0x12d6bad0 nRanks 08
nid005205:28636:29612 [4] NCCL INFO Channel 06/0 : 4[d1000] -> 6[d9000] via P2P/IPC comm 0x12f2e7c0 nRanks 08
nid005205:28634:29605 [2] NCCL INFO Channel 12/0 : 2[c9000] -> 4[d1000] via P2P/IPC comm 0x12dbbb80 nRanks 08
nid005205:28632:29594 [0] NCCL INFO Channel 11/0 : 0[c1000] -> 2[c9000] via P2P/IPC comm 0x150076a6f010 nRanks 08
nid005205:28638:29598 [6] NCCL INFO Channel 12/0 : 6[d9000] -> 0[c1000] via P2P/IPC comm 0x12d6bad0 nRanks 08
nid005205:28636:29612 [4] NCCL INFO Channel 10/0 : 4[d1000] -> 6[d9000] via P2P/IPC comm 0x12f2e7c0 nRanks 08
nid005205:28632:29594 [0] NCCL INFO Channel 15/0 : 0[c1000] -> 2[c9000] via P2P/IPC comm 0x150076a6f010 nRanks 08
nid005205:28635:29596 [3] NCCL INFO Channel 03/0 : 3[ce000] -> 7[de000] via P2P/IPC comm 0x151c644e2010 nRanks 08
nid005205:28636:29612 [4] NCCL INFO Channel 14/0 : 4[d1000] -> 6[d9000] via P2P/IPC comm 0x12f2e7c0 nRanks 08
nid005205:28633:29595 [1] NCCL INFO Channel 02/0 : 1[c6000] -> 5[d6000] via P2P/IPC comm 0x12f31420 nRanks 08
nid005205:28635:29596 [3] NCCL INFO Channel 07/0 : 3[ce000] -> 7[de000] via P2P/IPC comm 0x151c644e2010 nRanks 08
nid005205:28639:29620 [7] NCCL INFO Channel 02/0 : 7[de000] -> 3[ce000] via P2P/IPC comm 0x1522def44010 nRanks 08
nid005205:28633:29595 [1] NCCL INFO Channel 06/0 : 1[c6000] -> 5[d6000] via P2P/IPC comm 0x12f31420 nRanks 08
nid005205:28637:29597 [5] NCCL INFO Channel 03/0 : 5[d6000] -> 1[c6000] via P2P/IPC comm 0x12f35fb0 nRanks 08
nid005205:28635:29596 [3] NCCL INFO Channel 11/0 : 3[ce000] -> 7[de000] via P2P/IPC comm 0x151c644e2010 nRanks 08
nid005205:28639:29620 [7] NCCL INFO Channel 06/0 : 7[de000] -> 3[ce000] via P2P/IPC comm 0x1522def44010 nRanks 08
nid005205:28633:29595 [1] NCCL INFO Channel 10/0 : 1[c6000] -> 5[d6000] via P2P/IPC comm 0x12f31420 nRanks 08
nid005205:28637:29597 [5] NCCL INFO Channel 07/0 : 5[d6000] -> 1[c6000] via P2P/IPC comm 0x12f35fb0 nRanks 08
nid005205:28635:29596 [3] NCCL INFO Channel 15/0 : 3[ce000] -> 7[de000] via P2P/IPC comm 0x151c644e2010 nRanks 08
nid005205:28639:29620 [7] NCCL INFO Channel 10/0 : 7[de000] -> 3[ce000] via P2P/IPC comm 0x1522def44010 nRanks 08
nid005205:28633:29595 [1] NCCL INFO Channel 14/0 : 1[c6000] -> 5[d6000] via P2P/IPC comm 0x12f31420 nRanks 08
nid005205:28637:29597 [5] NCCL INFO Channel 11/0 : 5[d6000] -> 1[c6000] via P2P/IPC comm 0x12f35fb0 nRanks 08
nid005205:28639:29620 [7] NCCL INFO Channel 14/0 : 7[de000] -> 3[ce000] via P2P/IPC comm 0x1522def44010 nRanks 08
nid005205:28637:29597 [5] NCCL INFO Channel 15/0 : 5[d6000] -> 1[c6000] via P2P/IPC comm 0x12f35fb0 nRanks 08
nid005205:28635:29596 [3] NCCL INFO Channel 01/0 : 3[ce000] -> 1[c6000] via P2P/IPC comm 0x151c644e2010 nRanks 08
nid005205:28638:29598 [6] NCCL INFO Channel 03/0 : 6[d9000] -> 4[d1000] via P2P/IPC comm 0x12d6bad0 nRanks 08
nid005205:28639:29620 [7] NCCL INFO Channel 01/0 : 7[de000] -> 5[d6000] via P2P/IPC comm 0x1522def44010 nRanks 08
nid005205:28634:29605 [2] NCCL INFO Channel 02/0 : 2[c9000] -> 0[c1000] via P2P/IPC comm 0x12dbbb80 nRanks 08
nid005205:28636:29612 [4] NCCL INFO Channel 01/0 : 4[d1000] -> 2[c9000] via P2P/IPC comm 0x12f2e7c0 nRanks 08
nid005205:28632:29594 [0] NCCL INFO Channel 01/0 : 0[c1000] -> 6[d9000] via P2P/IPC comm 0x150076a6f010 nRanks 08
nid005205:28638:29598 [6] NCCL INFO Channel 07/0 : 6[d9000] -> 4[d1000] via P2P/IPC comm 0x12d6bad0 nRanks 08
nid005205:28639:29620 [7] NCCL INFO Channel 05/0 : 7[de000] -> 5[d6000] via P2P/IPC comm 0x1522def44010 nRanks 08
nid005205:28635:29596 [3] NCCL INFO Channel 05/0 : 3[ce000] -> 1[c6000] via P2P/IPC comm 0x151c644e2010 nRanks 08
nid005205:28634:29605 [2] NCCL INFO Channel 06/0 : 2[c9000] -> 0[c1000] via P2P/IPC comm 0x12dbbb80 nRanks 08
nid005205:28636:29612 [4] NCCL INFO Channel 05/0 : 4[d1000] -> 2[c9000] via P2P/IPC comm 0x12f2e7c0 nRanks 08
nid005205:28632:29594 [0] NCCL INFO Channel 05/0 : 0[c1000] -> 6[d9000] via P2P/IPC comm 0x150076a6f010 nRanks 08
nid005205:28638:29598 [6] NCCL INFO Channel 11/0 : 6[d9000] -> 4[d1000] via P2P/IPC comm 0x12d6bad0 nRanks 08
nid005205:28639:29620 [7] NCCL INFO Channel 09/0 : 7[de000] -> 5[d6000] via P2P/IPC comm 0x1522def44010 nRanks 08
nid005205:28635:29596 [3] NCCL INFO Channel 09/0 : 3[ce000] -> 1[c6000] via P2P/IPC comm 0x151c644e2010 nRanks 08
nid005205:28634:29605 [2] NCCL INFO Channel 10/0 : 2[c9000] -> 0[c1000] via P2P/IPC comm 0x12dbbb80 nRanks 08
nid005205:28636:29612 [4] NCCL INFO Channel 09/0 : 4[d1000] -> 2[c9000] via P2P/IPC comm 0x12f2e7c0 nRanks 08
nid005205:28632:29594 [0] NCCL INFO Channel 09/0 : 0[c1000] -> 6[d9000] via P2P/IPC comm 0x150076a6f010 nRanks 08
nid005205:28638:29598 [6] NCCL INFO Channel 15/0 : 6[d9000] -> 4[d1000] via P2P/IPC comm 0x12d6bad0 nRanks 08
nid005205:28639:29620 [7] NCCL INFO Channel 13/0 : 7[de000] -> 5[d6000] via P2P/IPC comm 0x1522def44010 nRanks 08
nid005205:28635:29596 [3] NCCL INFO Channel 13/0 : 3[ce000] -> 1[c6000] via P2P/IPC comm 0x151c644e2010 nRanks 08
nid005205:28634:29605 [2] NCCL INFO Channel 14/0 : 2[c9000] -> 0[c1000] via P2P/IPC comm 0x12dbbb80 nRanks 08
nid005205:28636:29612 [4] NCCL INFO Channel 13/0 : 4[d1000] -> 2[c9000] via P2P/IPC comm 0x12f2e7c0 nRanks 08
nid005205:28632:29594 [0] NCCL INFO Channel 13/0 : 0[c1000] -> 6[d9000] via P2P/IPC comm 0x150076a6f010 nRanks 08
nid005205:28639:29620 [7] NCCL INFO Channel 00/0 : 7[de000] -> 6[d9000] via P2P/IPC comm 0x1522def44010 nRanks 08
nid005205:28637:29597 [5] NCCL INFO Channel 01/0 : 5[d6000] -> 4[d1000] via P2P/IPC comm 0x12f35fb0 nRanks 08
nid005205:28635:29596 [3] NCCL INFO Channel 00/0 : 3[ce000] -> 2[c9000] via P2P/IPC comm 0x151c644e2010 nRanks 08
nid005205:28633:29595 [1] NCCL INFO Channel 01/0 : 1[c6000] -> 0[c1000] via P2P/IPC comm 0x12f31420 nRanks 08
nid005205:28639:29620 [7] NCCL INFO Channel 03/0 : 7[de000] -> 6[d9000] via P2P/IPC comm 0x1522def44010 nRanks 08
nid005205:28635:29596 [3] NCCL INFO Channel 02/0 : 3[ce000] -> 2[c9000] via P2P/IPC comm 0x151c644e2010 nRanks 08
nid005205:28637:29597 [5] NCCL INFO Channel 02/0 : 5[d6000] -> 4[d1000] via P2P/IPC comm 0x12f35fb0 nRanks 08
nid005205:28633:29595 [1] NCCL INFO Channel 03/0 : 1[c6000] -> 0[c1000] via P2P/IPC comm 0x12f31420 nRanks 08
nid005205:28639:29620 [7] NCCL INFO Channel 04/0 : 7[de000] -> 6[d9000] via P2P/IPC comm 0x1522def44010 nRanks 08
nid005205:28635:29596 [3] NCCL INFO Channel 04/0 : 3[ce000] -> 2[c9000] via P2P/IPC comm 0x151c644e2010 nRanks 08
nid005205:28637:29597 [5] NCCL INFO Channel 05/0 : 5[d6000] -> 4[d1000] via P2P/IPC comm 0x12f35fb0 nRanks 08
nid005205:28633:29595 [1] NCCL INFO Channel 05/0 : 1[c6000] -> 0[c1000] via P2P/IPC comm 0x12f31420 nRanks 08
nid005205:28639:29620 [7] NCCL INFO Channel 07/0 : 7[de000] -> 6[d9000] via P2P/IPC comm 0x1522def44010 nRanks 08
nid005205:28635:29596 [3] NCCL INFO Channel 06/0 : 3[ce000] -> 2[c9000] via P2P/IPC comm 0x151c644e2010 nRanks 08
nid005205:28637:29597 [5] NCCL INFO Channel 06/0 : 5[d6000] -> 4[d1000] via P2P/IPC comm 0x12f35fb0 nRanks 08
nid005205:28633:29595 [1] NCCL INFO Channel 07/0 : 1[c6000] -> 0[c1000] via P2P/IPC comm 0x12f31420 nRanks 08
nid005205:28639:29620 [7] NCCL INFO Channel 08/0 : 7[de000] -> 6[d9000] via P2P/IPC comm 0x1522def44010 nRanks 08
nid005205:28635:29596 [3] NCCL INFO Channel 08/0 : 3[ce000] -> 2[c9000] via P2P/IPC comm 0x151c644e2010 nRanks 08
nid005205:28637:29597 [5] NCCL INFO Channel 09/0 : 5[d6000] -> 4[d1000] via P2P/IPC comm 0x12f35fb0 nRanks 08
nid005205:28633:29595 [1] NCCL INFO Channel 09/0 : 1[c6000] -> 0[c1000] via P2P/IPC comm 0x12f31420 nRanks 08
nid005205:28639:29620 [7] NCCL INFO Channel 11/0 : 7[de000] -> 6[d9000] via P2P/IPC comm 0x1522def44010 nRanks 08
nid005205:28635:29596 [3] NCCL INFO Channel 10/0 : 3[ce000] -> 2[c9000] via P2P/IPC comm 0x151c644e2010 nRanks 08
nid005205:28637:29597 [5] NCCL INFO Channel 10/0 : 5[d6000] -> 4[d1000] via P2P/IPC comm 0x12f35fb0 nRanks 08
nid005205:28633:29595 [1] NCCL INFO Channel 11/0 : 1[c6000] -> 0[c1000] via P2P/IPC comm 0x12f31420 nRanks 08
nid005205:28639:29620 [7] NCCL INFO Channel 12/0 : 7[de000] -> 6[d9000] via P2P/IPC comm 0x1522def44010 nRanks 08
nid005205:28635:29596 [3] NCCL INFO Channel 12/0 : 3[ce000] -> 2[c9000] via P2P/IPC comm 0x151c644e2010 nRanks 08
nid005205:28637:29597 [5] NCCL INFO Channel 13/0 : 5[d6000] -> 4[d1000] via P2P/IPC comm 0x12f35fb0 nRanks 08
nid005205:28633:29595 [1] NCCL INFO Channel 13/0 : 1[c6000] -> 0[c1000] via P2P/IPC comm 0x12f31420 nRanks 08
nid005205:28639:29620 [7] NCCL INFO Channel 15/0 : 7[de000] -> 6[d9000] via P2P/IPC comm 0x1522def44010 nRanks 08
nid005205:28635:29596 [3] NCCL INFO Channel 14/0 : 3[ce000] -> 2[c9000] via P2P/IPC comm 0x151c644e2010 nRanks 08
nid005205:28637:29597 [5] NCCL INFO Channel 14/0 : 5[d6000] -> 4[d1000] via P2P/IPC comm 0x12f35fb0 nRanks 08
nid005205:28633:29595 [1] NCCL INFO Channel 15/0 : 1[c6000] -> 0[c1000] via P2P/IPC comm 0x12f31420 nRanks 08
nid005205:28639:29620 [7] NCCL INFO Connected all rings
nid005205:28636:29612 [4] NCCL INFO Connected all rings
nid005205:28638:29598 [6] NCCL INFO Connected all rings
nid005205:28635:29596 [3] NCCL INFO Connected all rings
nid005205:28636:29612 [4] NCCL INFO Channel 01/0 : 4[d1000] -> 5[d6000] via P2P/IPC comm 0x12f2e7c0 nRanks 08
nid005205:28637:29597 [5] NCCL INFO Connected all rings
nid005205:28638:29598 [6] NCCL INFO Channel 00/0 : 6[d9000] -> 7[de000] via P2P/IPC comm 0x12d6bad0 nRanks 08
nid005205:28634:29605 [2] NCCL INFO Connected all rings
nid005205:28633:29595 [1] NCCL INFO Connected all rings
nid005205:28634:29605 [2] NCCL INFO Channel 00/0 : 2[c9000] -> 3[ce000] via P2P/IPC comm 0x12dbbb80 nRanks 08
nid005205:28632:29594 [0] NCCL INFO Connected all rings
nid005205:28632:29594 [0] NCCL INFO Channel 01/0 : 0[c1000] -> 1[c6000] via P2P/IPC comm 0x150076a6f010 nRanks 08
nid005205:28638:29598 [6] NCCL INFO Channel 03/0 : 6[d9000] -> 7[de000] via P2P/IPC comm 0x12d6bad0 nRanks 08
nid005205:28634:29605 [2] NCCL INFO Channel 02/0 : 2[c9000] -> 3[ce000] via P2P/IPC comm 0x12dbbb80 nRanks 08
nid005205:28632:29594 [0] NCCL INFO Channel 03/0 : 0[c1000] -> 1[c6000] via P2P/IPC comm 0x150076a6f010 nRanks 08
nid005205:28636:29612 [4] NCCL INFO Channel 02/0 : 4[d1000] -> 5[d6000] via P2P/IPC comm 0x12f2e7c0 nRanks 08
nid005205:28638:29598 [6] NCCL INFO Channel 04/0 : 6[d9000] -> 7[de000] via P2P/IPC comm 0x12d6bad0 nRanks 08
nid005205:28634:29605 [2] NCCL INFO Channel 04/0 : 2[c9000] -> 3[ce000] via P2P/IPC comm 0x12dbbb80 nRanks 08
nid005205:28632:29594 [0] NCCL INFO Channel 05/0 : 0[c1000] -> 1[c6000] via P2P/IPC comm 0x150076a6f010 nRanks 08
nid005205:28636:29612 [4] NCCL INFO Channel 05/0 : 4[d1000] -> 5[d6000] via P2P/IPC comm 0x12f2e7c0 nRanks 08
nid005205:28638:29598 [6] NCCL INFO Channel 07/0 : 6[d9000] -> 7[de000] via P2P/IPC comm 0x12d6bad0 nRanks 08
nid005205:28634:29605 [2] NCCL INFO Channel 06/0 : 2[c9000] -> 3[ce000] via P2P/IPC comm 0x12dbbb80 nRanks 08
nid005205:28632:29594 [0] NCCL INFO Channel 07/0 : 0[c1000] -> 1[c6000] via P2P/IPC comm 0x150076a6f010 nRanks 08
nid005205:28636:29612 [4] NCCL INFO Channel 06/0 : 4[d1000] -> 5[d6000] via P2P/IPC comm 0x12f2e7c0 nRanks 08
nid005205:28638:29598 [6] NCCL INFO Channel 08/0 : 6[d9000] -> 7[de000] via P2P/IPC comm 0x12d6bad0 nRanks 08
nid005205:28634:29605 [2] NCCL INFO Channel 08/0 : 2[c9000] -> 3[ce000] via P2P/IPC comm 0x12dbbb80 nRanks 08
nid005205:28632:29594 [0] NCCL INFO Channel 09/0 : 0[c1000] -> 1[c6000] via P2P/IPC comm 0x150076a6f010 nRanks 08
nid005205:28636:29612 [4] NCCL INFO Channel 09/0 : 4[d1000] -> 5[d6000] via P2P/IPC comm 0x12f2e7c0 nRanks 08
nid005205:28638:29598 [6] NCCL INFO Channel 11/0 : 6[d9000] -> 7[de000] via P2P/IPC comm 0x12d6bad0 nRanks 08
nid005205:28634:29605 [2] NCCL INFO Channel 10/0 : 2[c9000] -> 3[ce000] via P2P/IPC comm 0x12dbbb80 nRanks 08
nid005205:28632:29594 [0] NCCL INFO Channel 11/0 : 0[c1000] -> 1[c6000] via P2P/IPC comm 0x150076a6f010 nRanks 08
nid005205:28636:29612 [4] NCCL INFO Channel 10/0 : 4[d1000] -> 5[d6000] via P2P/IPC comm 0x12f2e7c0 nRanks 08
nid005205:28638:29598 [6] NCCL INFO Channel 12/0 : 6[d9000] -> 7[de000] via P2P/IPC comm 0x12d6bad0 nRanks 08
nid005205:28634:29605 [2] NCCL INFO Channel 12/0 : 2[c9000] -> 3[ce000] via P2P/IPC comm 0x12dbbb80 nRanks 08
nid005205:28632:29594 [0] NCCL INFO Channel 13/0 : 0[c1000] -> 1[c6000] via P2P/IPC comm 0x150076a6f010 nRanks 08
nid005205:28636:29612 [4] NCCL INFO Channel 13/0 : 4[d1000] -> 5[d6000] via P2P/IPC comm 0x12f2e7c0 nRanks 08
nid005205:28638:29598 [6] NCCL INFO Channel 15/0 : 6[d9000] -> 7[de000] via P2P/IPC comm 0x12d6bad0 nRanks 08
nid005205:28634:29605 [2] NCCL INFO Channel 14/0 : 2[c9000] -> 3[ce000] via P2P/IPC comm 0x12dbbb80 nRanks 08
nid005205:28632:29594 [0] NCCL INFO Channel 15/0 : 0[c1000] -> 1[c6000] via P2P/IPC comm 0x150076a6f010 nRanks 08
nid005205:28636:29612 [4] NCCL INFO Channel 14/0 : 4[d1000] -> 5[d6000] via P2P/IPC comm 0x12f2e7c0 nRanks 08
nid005205:28634:29605 [2] NCCL INFO Channel 01/0 : 2[c9000] -> 4[d1000] via P2P/IPC comm 0x12dbbb80 nRanks 08
nid005205:28637:29597 [5] NCCL INFO Channel 01/0 : 5[d6000] -> 7[de000] via P2P/IPC comm 0x12f35fb0 nRanks 08
nid005205:28633:29595 [1] NCCL INFO Channel 01/0 : 1[c6000] -> 3[ce000] via P2P/IPC comm 0x12f31420 nRanks 08
nid005205:28634:29605 [2] NCCL INFO Channel 05/0 : 2[c9000] -> 4[d1000] via P2P/IPC comm 0x12dbbb80 nRanks 08
nid005205:28634:29605 [2] NCCL INFO Channel 09/0 : 2[c9000] -> 4[d1000] via P2P/IPC comm 0x12dbbb80 nRanks 08
nid005205:28633:29595 [1] NCCL INFO Channel 05/0 : 1[c6000] -> 3[ce000] via P2P/IPC comm 0x12f31420 nRanks 08
nid005205:28637:29597 [5] NCCL INFO Channel 05/0 : 5[d6000] -> 7[de000] via P2P/IPC comm 0x12f35fb0 nRanks 08
nid005205:28634:29605 [2] NCCL INFO Channel 13/0 : 2[c9000] -> 4[d1000] via P2P/IPC comm 0x12dbbb80 nRanks 08
nid005205:28633:29595 [1] NCCL INFO Channel 09/0 : 1[c6000] -> 3[ce000] via P2P/IPC comm 0x12f31420 nRanks 08
nid005205:28637:29597 [5] NCCL INFO Channel 09/0 : 5[d6000] -> 7[de000] via P2P/IPC comm 0x12f35fb0 nRanks 08
nid005205:28637:29597 [5] NCCL INFO Channel 13/0 : 5[d6000] -> 7[de000] via P2P/IPC comm 0x12f35fb0 nRanks 08
nid005205:28633:29595 [1] NCCL INFO Channel 13/0 : 1[c6000] -> 3[ce000] via P2P/IPC comm 0x12f31420 nRanks 08
nid005205:28636:29612 [4] NCCL INFO Channel 03/0 : 4[d1000] -> 6[d9000] via P2P/IPC comm 0x12f2e7c0 nRanks 08
