nid005207:112446:113441 [1] NCCL INFO Channel 09/0 : 1[c6000] -> 3[ce000] via P2P/IPC comm 0x1532a6c44010 nRanks 08
nid005207:112450:113433 [5] NCCL INFO Channel 09/0 : 5[d6000] -> 7[de000] via P2P/IPC comm 0x12f57fe0 nRanks 08
nid005207:112447:113434 [2] NCCL INFO Channel 09/0 : 2[c9000] -> 4[d1000] via P2P/IPC comm 0x12e50a80 nRanks 08
nid005207:112446:113441 [1] NCCL INFO Channel 13/0 : 1[c6000] -> 3[ce000] via P2P/IPC comm 0x1532a6c44010 nRanks 08
nid005207:112450:113433 [5] NCCL INFO Channel 13/0 : 5[d6000] -> 7[de000] via P2P/IPC comm 0x12f57fe0 nRanks 08
nid005207:112447:113434 [2] NCCL INFO Channel 13/0 : 2[c9000] -> 4[d1000] via P2P/IPC comm 0x12e50a80 nRanks 08
nid005207:112449:113430 [4] NCCL INFO Channel 03/0 : 4[d1000] -> 6[d9000] via P2P/IPC comm 0x12e2ad40 nRanks 08
nid005207:112449:113430 [4] NCCL INFO Channel 07/0 : 4[d1000] -> 6[d9000] via P2P/IPC comm 0x12e2ad40 nRanks 08
nid005207:112449:113430 [4] NCCL INFO Channel 11/0 : 4[d1000] -> 6[d9000] via P2P/IPC comm 0x12e2ad40 nRanks 08
nid005207:112449:113430 [4] NCCL INFO Channel 15/0 : 4[d1000] -> 6[d9000] via P2P/IPC comm 0x12e2ad40 nRanks 08
nid005207:112452:113432 [7] NCCL INFO Channel 03/0 : 7[de000] -> 3[ce000] via P2P/IPC comm 0x12e6a7c0 nRanks 08
nid005207:112450:113433 [5] NCCL INFO Channel 02/0 : 5[d6000] -> 1[c6000] via P2P/IPC comm 0x12f57fe0 nRanks 08
nid005207:112451:113431 [6] NCCL INFO Channel 02/0 : 6[d9000] -> 4[d1000] via P2P/IPC comm 0x14e74e0d9010 nRanks 08
nid005207:112446:113441 [1] NCCL INFO Channel 03/0 : 1[c6000] -> 5[d6000] via P2P/IPC comm 0x1532a6c44010 nRanks 08
nid005207:112452:113432 [7] NCCL INFO Channel 07/0 : 7[de000] -> 3[ce000] via P2P/IPC comm 0x12e6a7c0 nRanks 08
nid005207:112448:113429 [3] NCCL INFO Channel 02/0 : 3[ce000] -> 7[de000] via P2P/IPC comm 0x12f31940 nRanks 08
nid005207:112450:113433 [5] NCCL INFO Channel 06/0 : 5[d6000] -> 1[c6000] via P2P/IPC comm 0x12f57fe0 nRanks 08
nid005207:112446:113441 [1] NCCL INFO Channel 07/0 : 1[c6000] -> 5[d6000] via P2P/IPC comm 0x1532a6c44010 nRanks 08
nid005207:112451:113431 [6] NCCL INFO Channel 06/0 : 6[d9000] -> 4[d1000] via P2P/IPC comm 0x14e74e0d9010 nRanks 08
nid005207:112452:113432 [7] NCCL INFO Channel 11/0 : 7[de000] -> 3[ce000] via P2P/IPC comm 0x12e6a7c0 nRanks 08
nid005207:112448:113429 [3] NCCL INFO Channel 06/0 : 3[ce000] -> 7[de000] via P2P/IPC comm 0x12f31940 nRanks 08
nid005207:112446:113441 [1] NCCL INFO Channel 11/0 : 1[c6000] -> 5[d6000] via P2P/IPC comm 0x1532a6c44010 nRanks 08
nid005207:112451:113431 [6] NCCL INFO Channel 10/0 : 6[d9000] -> 4[d1000] via P2P/IPC comm 0x14e74e0d9010 nRanks 08
nid005207:112450:113433 [5] NCCL INFO Channel 10/0 : 5[d6000] -> 1[c6000] via P2P/IPC comm 0x12f57fe0 nRanks 08
nid005207:112452:113432 [7] NCCL INFO Channel 15/0 : 7[de000] -> 3[ce000] via P2P/IPC comm 0x12e6a7c0 nRanks 08
nid005207:112451:113431 [6] NCCL INFO Channel 14/0 : 6[d9000] -> 4[d1000] via P2P/IPC comm 0x14e74e0d9010 nRanks 08
nid005207:112446:113441 [1] NCCL INFO Channel 15/0 : 1[c6000] -> 5[d6000] via P2P/IPC comm 0x1532a6c44010 nRanks 08
nid005207:112450:113433 [5] NCCL INFO Channel 14/0 : 5[d6000] -> 1[c6000] via P2P/IPC comm 0x12f57fe0 nRanks 08
nid005207:112448:113429 [3] NCCL INFO Channel 10/0 : 3[ce000] -> 7[de000] via P2P/IPC comm 0x12f31940 nRanks 08
nid005207:112449:113430 [4] NCCL INFO Channel 00/0 : 4[d1000] -> 2[c9000] via P2P/IPC comm 0x12e2ad40 nRanks 08
nid005207:112448:113429 [3] NCCL INFO Channel 14/0 : 3[ce000] -> 7[de000] via P2P/IPC comm 0x12f31940 nRanks 08
nid005207:112449:113430 [4] NCCL INFO Channel 04/0 : 4[d1000] -> 2[c9000] via P2P/IPC comm 0x12e2ad40 nRanks 08
nid005207:112452:113432 [7] NCCL INFO Channel 00/0 : 7[de000] -> 5[d6000] via P2P/IPC comm 0x12e6a7c0 nRanks 08
nid005207:112448:113429 [3] NCCL INFO Channel 00/0 : 3[ce000] -> 1[c6000] via P2P/IPC comm 0x12f31940 nRanks 08
nid005207:112449:113430 [4] NCCL INFO Channel 08/0 : 4[d1000] -> 2[c9000] via P2P/IPC comm 0x12e2ad40 nRanks 08
nid005207:112452:113432 [7] NCCL INFO Channel 04/0 : 7[de000] -> 5[d6000] via P2P/IPC comm 0x12e6a7c0 nRanks 08
nid005207:112448:113429 [3] NCCL INFO Channel 04/0 : 3[ce000] -> 1[c6000] via P2P/IPC comm 0x12f31940 nRanks 08
nid005207:112449:113430 [4] NCCL INFO Channel 12/0 : 4[d1000] -> 2[c9000] via P2P/IPC comm 0x12e2ad40 nRanks 08
nid005207:112452:113432 [7] NCCL INFO Channel 08/0 : 7[de000] -> 5[d6000] via P2P/IPC comm 0x12e6a7c0 nRanks 08
nid005207:112448:113429 [3] NCCL INFO Channel 08/0 : 3[ce000] -> 1[c6000] via P2P/IPC comm 0x12f31940 nRanks 08
nid005207:112452:113432 [7] NCCL INFO Channel 12/0 : 7[de000] -> 5[d6000] via P2P/IPC comm 0x12e6a7c0 nRanks 08
nid005207:112448:113429 [3] NCCL INFO Channel 12/0 : 3[ce000] -> 1[c6000] via P2P/IPC comm 0x12f31940 nRanks 08
nid005207:112450:113433 [5] NCCL INFO Channel 00/0 : 5[d6000] -> 4[d1000] via P2P/IPC comm 0x12f57fe0 nRanks 08
nid005207:112452:113432 [7] NCCL INFO Channel 01/0 : 7[de000] -> 6[d9000] via P2P/IPC comm 0x12e6a7c0 nRanks 08
nid005207:112446:113441 [1] NCCL INFO Channel 00/0 : 1[c6000] -> 0[c1000] via P2P/IPC comm 0x1532a6c44010 nRanks 08
nid005207:112448:113429 [3] NCCL INFO Channel 01/0 : 3[ce000] -> 2[c9000] via P2P/IPC comm 0x12f31940 nRanks 08
nid005207:112452:113432 [7] NCCL INFO Channel 02/0 : 7[de000] -> 6[d9000] via P2P/IPC comm 0x12e6a7c0 nRanks 08
nid005207:112450:113433 [5] NCCL INFO Channel 03/0 : 5[d6000] -> 4[d1000] via P2P/IPC comm 0x12f57fe0 nRanks 08
nid005207:112446:113441 [1] NCCL INFO Channel 02/0 : 1[c6000] -> 0[c1000] via P2P/IPC comm 0x1532a6c44010 nRanks 08
nid005207:112452:113432 [7] NCCL INFO Channel 05/0 : 7[de000] -> 6[d9000] via P2P/IPC comm 0x12e6a7c0 nRanks 08
nid005207:112450:113433 [5] NCCL INFO Channel 04/0 : 5[d6000] -> 4[d1000] via P2P/IPC comm 0x12f57fe0 nRanks 08
nid005207:112448:113429 [3] NCCL INFO Channel 03/0 : 3[ce000] -> 2[c9000] via P2P/IPC comm 0x12f31940 nRanks 08
nid005207:112446:113441 [1] NCCL INFO Channel 04/0 : 1[c6000] -> 0[c1000] via P2P/IPC comm 0x1532a6c44010 nRanks 08
nid005207:112452:113432 [7] NCCL INFO Channel 06/0 : 7[de000] -> 6[d9000] via P2P/IPC comm 0x12e6a7c0 nRanks 08
nid005207:112450:113433 [5] NCCL INFO Channel 07/0 : 5[d6000] -> 4[d1000] via P2P/IPC comm 0x12f57fe0 nRanks 08
nid005207:112448:113429 [3] NCCL INFO Channel 05/0 : 3[ce000] -> 2[c9000] via P2P/IPC comm 0x12f31940 nRanks 08
nid005207:112452:113432 [7] NCCL INFO Channel 09/0 : 7[de000] -> 6[d9000] via P2P/IPC comm 0x12e6a7c0 nRanks 08
nid005207:112446:113441 [1] NCCL INFO Channel 06/0 : 1[c6000] -> 0[c1000] via P2P/IPC comm 0x1532a6c44010 nRanks 08
nid005207:112450:113433 [5] NCCL INFO Channel 08/0 : 5[d6000] -> 4[d1000] via P2P/IPC comm 0x12f57fe0 nRanks 08
nid005207:112452:113432 [7] NCCL INFO Channel 10/0 : 7[de000] -> 6[d9000] via P2P/IPC comm 0x12e6a7c0 nRanks 08
nid005207:112446:113441 [1] NCCL INFO Channel 08/0 : 1[c6000] -> 0[c1000] via P2P/IPC comm 0x1532a6c44010 nRanks 08
nid005207:112448:113429 [3] NCCL INFO Channel 07/0 : 3[ce000] -> 2[c9000] via P2P/IPC comm 0x12f31940 nRanks 08
nid005207:112450:113433 [5] NCCL INFO Channel 11/0 : 5[d6000] -> 4[d1000] via P2P/IPC comm 0x12f57fe0 nRanks 08
nid005207:112452:113432 [7] NCCL INFO Channel 13/0 : 7[de000] -> 6[d9000] via P2P/IPC comm 0x12e6a7c0 nRanks 08
nid005207:112446:113441 [1] NCCL INFO Channel 10/0 : 1[c6000] -> 0[c1000] via P2P/IPC comm 0x1532a6c44010 nRanks 08
nid005207:112450:113433 [5] NCCL INFO Channel 12/0 : 5[d6000] -> 4[d1000] via P2P/IPC comm 0x12f57fe0 nRanks 08
nid005207:112448:113429 [3] NCCL INFO Channel 09/0 : 3[ce000] -> 2[c9000] via P2P/IPC comm 0x12f31940 nRanks 08
nid005207:112452:113432 [7] NCCL INFO Channel 14/0 : 7[de000] -> 6[d9000] via P2P/IPC comm 0x12e6a7c0 nRanks 08
nid005207:112446:113441 [1] NCCL INFO Channel 12/0 : 1[c6000] -> 0[c1000] via P2P/IPC comm 0x1532a6c44010 nRanks 08
nid005207:112450:113433 [5] NCCL INFO Channel 15/0 : 5[d6000] -> 4[d1000] via P2P/IPC comm 0x12f57fe0 nRanks 08
nid005207:112448:113429 [3] NCCL INFO Channel 11/0 : 3[ce000] -> 2[c9000] via P2P/IPC comm 0x12f31940 nRanks 08
nid005207:112446:113441 [1] NCCL INFO Channel 14/0 : 1[c6000] -> 0[c1000] via P2P/IPC comm 0x1532a6c44010 nRanks 08
nid005207:112448:113429 [3] NCCL INFO Channel 13/0 : 3[ce000] -> 2[c9000] via P2P/IPC comm 0x12f31940 nRanks 08
nid005207:112448:113429 [3] NCCL INFO Channel 15/0 : 3[ce000] -> 2[c9000] via P2P/IPC comm 0x12f31940 nRanks 08
nid005207:112449:113430 [4] NCCL INFO Connected all trees
nid005207:112451:113431 [6] NCCL INFO Connected all trees
nid005207:112445:113428 [0] NCCL INFO Connected all trees
nid005207:112450:113433 [5] NCCL INFO Connected all trees
nid005207:112452:113432 [7] NCCL INFO Connected all trees
nid005207:112446:113441 [1] NCCL INFO Connected all trees
nid005207:112447:113434 [2] NCCL INFO Connected all trees
nid005207:112448:113429 [3] NCCL INFO Connected all trees
nid005207:112446:113441 [1] NCCL INFO threadThresholds 8/8/64 | 64/8/64 | 256 | 256
nid005207:112446:113441 [1] NCCL INFO 16 coll channels, 16 collnet channels, 0 nvls channels, 16 p2p channels, 2 p2p channels per peer
nid005207:112445:113428 [0] NCCL INFO threadThresholds 8/8/64 | 64/8/64 | 256 | 256
nid005207:112445:113428 [0] NCCL INFO 16 coll channels, 16 collnet channels, 0 nvls channels, 16 p2p channels, 2 p2p channels per peer
nid005207:112445:113428 [0] NCCL INFO CC Off, Multi-GPU CC Off, workFifoBytes 1048576
nid005207:112450:113433 [5] NCCL INFO threadThresholds 8/8/64 | 64/8/64 | 256 | 256
nid005207:112450:113433 [5] NCCL INFO 16 coll channels, 16 collnet channels, 0 nvls channels, 16 p2p channels, 2 p2p channels per peer
nid005207:112449:113430 [4] NCCL INFO threadThresholds 8/8/64 | 64/8/64 | 256 | 256
nid005207:112449:113430 [4] NCCL INFO 16 coll channels, 16 collnet channels, 0 nvls channels, 16 p2p channels, 2 p2p channels per peer
nid005207:112451:113431 [6] NCCL INFO threadThresholds 8/8/64 | 64/8/64 | 256 | 256
nid005207:112451:113431 [6] NCCL INFO 16 coll channels, 16 collnet channels, 0 nvls channels, 16 p2p channels, 2 p2p channels per peer
nid005207:112452:113432 [7] NCCL INFO threadThresholds 8/8/64 | 64/8/64 | 256 | 256
nid005207:112452:113432 [7] NCCL INFO 16 coll channels, 16 collnet channels, 0 nvls channels, 16 p2p channels, 2 p2p channels per peer
nid005207:112447:113434 [2] NCCL INFO threadThresholds 8/8/64 | 64/8/64 | 256 | 256
nid005207:112447:113434 [2] NCCL INFO 16 coll channels, 16 collnet channels, 0 nvls channels, 16 p2p channels, 2 p2p channels per peer
nid005207:112448:113429 [3] NCCL INFO threadThresholds 8/8/64 | 64/8/64 | 256 | 256
nid005207:112448:113429 [3] NCCL INFO 16 coll channels, 16 collnet channels, 0 nvls channels, 16 p2p channels, 2 p2p channels per peer
nid005207:112448:113429 [3] NCCL INFO TUNER/Plugin: /lib/x86_64-linux-gnu/libfabric.so.1: version `FABRIC_1.8' not found (required by /lib/librccl-net.so)
nid005207:112448:113429 [3] NCCL INFO TUNER/Plugin: Could not find: librccl-tuner.so. Using internal tuner plugin.
nid005207:112448:113429 [3] NCCL INFO ncclCommInitRank comm 0x12f31940 rank 3 nranks 8 cudaDev 3 nvmlDev 3 busId ce000 commId 0x1630ae8e7402a517 localSize 272 used 436912864 bytes on core 19 - Init COMPLETE
nid005207:112448:113429 [3] NCCL INFO Init timings: rank 3 nranks 8 total 2.99 (kernels 1.62, bootstrap 0.16, allgathers 0.03, topo 0.93, graphs 0.01, connections 0.25, rest 0.00)
nid005207:112446:113441 [1] NCCL INFO TUNER/Plugin: /lib/x86_64-linux-gnu/libfabric.so.1: version `FABRIC_1.8' not found (required by /lib/librccl-net.so)
nid005207:112446:113441 [1] NCCL INFO TUNER/Plugin: Could not find: librccl-tuner.so. Using internal tuner plugin.
nid005207:112446:113441 [1] NCCL INFO ncclCommInitRank comm 0x1532a6c44010 rank 1 nranks 8 cudaDev 1 nvmlDev 1 busId c6000 commId 0x1630ae8e7402a517 localSize 272 used 436912864 bytes on core 51 - Init COMPLETE
nid005207:112446:113441 [1] NCCL INFO Init timings: rank 1 nranks 8 total 2.98 (kernels 1.71, bootstrap 0.05, allgathers 0.00, topo 0.96, graphs 0.01, connections 0.25, rest 0.00)
nid005207:112445:113428 [0] NCCL INFO TUNER/Plugin: /lib/x86_64-linux-gnu/libfabric.so.1: version `FABRIC_1.8' not found (required by /lib/librccl-net.so)
nid005207:112445:113428 [0] NCCL INFO TUNER/Plugin: Could not find: librccl-tuner.so. Using internal tuner plugin.
nid005207:112445:113428 [0] NCCL INFO ncclCommInitRank comm 0x14b074944010 rank 0 nranks 8 cudaDev 0 nvmlDev 0 busId c1000 commId 0x1630ae8e7402a517 localSize 272 used 369804000 bytes on core 49 - Init COMPLETE
nid005207:112445:113428 [0] NCCL INFO Init timings: rank 0 nranks 8 total 3.00 (kernels 1.72, bootstrap 0.06, allgathers 0.02, topo 0.94, graphs 0.01, connections 0.25, rest 0.00)
nid005207:112450:113433 [5] NCCL INFO TUNER/Plugin: /lib/x86_64-linux-gnu/libfabric.so.1: version `FABRIC_1.8' not found (required by /lib/librccl-net.so)
nid005207:112450:113433 [5] NCCL INFO TUNER/Plugin: Could not find: librccl-tuner.so. Using internal tuner plugin.
nid005207:112450:113433 [5] NCCL INFO ncclCommInitRank comm 0x12f57fe0 rank 5 nranks 8 cudaDev 5 nvmlDev 5 busId d6000 commId 0x1630ae8e7402a517 localSize 272 used 436912864 bytes on core 65 - Init COMPLETE
nid005207:112450:113433 [5] NCCL INFO Init timings: rank 5 nranks 8 total 2.99 (kernels 1.66, bootstrap 0.12, allgathers 0.01, topo 0.95, graphs 0.01, connections 0.25, rest 0.00)
nid005207:112451:113431 [6] NCCL INFO TUNER/Plugin: /lib/x86_64-linux-gnu/libfabric.so.1: version `FABRIC_1.8' not found (required by /lib/librccl-net.so)
nid005207:112451:113431 [6] NCCL INFO TUNER/Plugin: Could not find: librccl-tuner.so. Using internal tuner plugin.
nid005207:112451:113431 [6] NCCL INFO ncclCommInitRank comm 0x14e74e0d9010 rank 6 nranks 8 cudaDev 6 nvmlDev 6 busId d9000 commId 0x1630ae8e7402a517 localSize 272 used 403358432 bytes on core 34 - Init COMPLETE
nid005207:112447:113434 [2] NCCL INFO TUNER/Plugin: /lib/x86_64-linux-gnu/libfabric.so.1: version `FABRIC_1.8' not found (required by /lib/librccl-net.so)
nid005207:112451:113431 [6] NCCL INFO Init timings: rank 6 nranks 8 total 2.99 (kernels 1.72, bootstrap 0.05, allgathers 0.03, topo 0.93, graphs 0.01, connections 0.25, rest 0.00)
nid005207:112447:113434 [2] NCCL INFO TUNER/Plugin: Could not find: librccl-tuner.so. Using internal tuner plugin.
nid005207:112449:113430 [4] NCCL INFO TUNER/Plugin: /lib/x86_64-linux-gnu/libfabric.so.1: version `FABRIC_1.8' not found (required by /lib/librccl-net.so)
nid005207:112452:113432 [7] NCCL INFO TUNER/Plugin: /lib/x86_64-linux-gnu/libfabric.so.1: version `FABRIC_1.8' not found (required by /lib/librccl-net.so)
nid005207:112447:113434 [2] NCCL INFO ncclCommInitRank comm 0x12e50a80 rank 2 nranks 8 cudaDev 2 nvmlDev 2 busId c9000 commId 0x1630ae8e7402a517 localSize 272 used 403358432 bytes on core 81 - Init COMPLETE
nid005207:112449:113430 [4] NCCL INFO TUNER/Plugin: Could not find: librccl-tuner.so. Using internal tuner plugin.
nid005207:112452:113432 [7] NCCL INFO TUNER/Plugin: Could not find: librccl-tuner.so. Using internal tuner plugin.
nid005207:112449:113430 [4] NCCL INFO ncclCommInitRank comm 0x12e2ad40 rank 4 nranks 8 cudaDev 4 nvmlDev 4 busId d1000 commId 0x1630ae8e7402a517 localSize 272 used 436912864 bytes on core 3 - Init COMPLETE
nid005207:112452:113432 [7] NCCL INFO ncclCommInitRank comm 0x12e6a7c0 rank 7 nranks 8 cudaDev 7 nvmlDev 7 busId de000 commId 0x1630ae8e7402a517 localSize 272 used 436912864 bytes on core 33 - Init COMPLETE
nid005207:112447:113434 [2] NCCL INFO Init timings: rank 2 nranks 8 total 2.99 (kernels 1.56, bootstrap 0.22, allgathers 0.05, topo 0.91, graphs 0.01, connections 0.25, rest 0.00)
nid005207:112449:113430 [4] NCCL INFO Init timings: rank 4 nranks 8 total 2.99 (kernels 1.62, bootstrap 0.16, allgathers 0.02, topo 0.94, graphs 0.01, connections 0.25, rest 0.00)
nid005207:112452:113432 [7] NCCL INFO Init timings: rank 7 nranks 8 total 2.99 (kernels 1.71, bootstrap 0.07, allgathers 0.01, topo 0.95, graphs 0.01, connections 0.25, rest 0.00)
nid005207:112445:112445 [0] NCCL INFO Kernel version: 6.4.0-150600.23.73_15.0.14-cray_shasta_c
nid005207:112445:112445 [0] NCCL INFO Kernel version: 6.4.0-150600.23.73_15.0.14-cray_shasta_c
nid005207:112445:112445 [0] NCCL INFO Comm config Blocking set to 1
nid005207:112451:112451 [6] NCCL INFO Kernel version: 6.4.0-150600.23.73_15.0.14-cray_shasta_c
nid005207:112448:112448 [3] NCCL INFO Kernel version: 6.4.0-150600.23.73_15.0.14-cray_shasta_c
nid005207:112447:112447 [2] NCCL INFO Kernel version: 6.4.0-150600.23.73_15.0.14-cray_shasta_c
nid005207:112451:112451 [6] NCCL INFO Comm config Blocking set to 1
nid005207:112448:112448 [3] NCCL INFO Comm config Blocking set to 1
nid005207:112447:112447 [2] NCCL INFO Comm config Blocking set to 1
nid005207:112445:113481 [0] NCCL INFO Using network Socket
nid005207:112448:113482 [3] NCCL INFO Using network Socket
nid005207:112447:113484 [2] NCCL INFO Using network Socket
nid005207:112446:112446 [1] NCCL INFO Kernel version: 6.4.0-150600.23.73_15.0.14-cray_shasta_c
nid005207:112450:112450 [5] NCCL INFO Kernel version: 6.4.0-150600.23.73_15.0.14-cray_shasta_c
nid005207:112449:112449 [4] NCCL INFO Kernel version: 6.4.0-150600.23.73_15.0.14-cray_shasta_c
nid005207:112446:112446 [1] NCCL INFO Comm config Blocking set to 1
nid005207:112450:112450 [5] NCCL INFO Comm config Blocking set to 1
nid005207:112452:112452 [7] NCCL INFO Kernel version: 6.4.0-150600.23.73_15.0.14-cray_shasta_c
nid005207:112449:112449 [4] NCCL INFO Comm config Blocking set to 1
nid005207:112452:112452 [7] NCCL INFO Comm config Blocking set to 1
nid005207:112446:113485 [1] NCCL INFO Using network Socket
nid005207:112450:113486 [5] NCCL INFO Using network Socket
nid005207:112449:113487 [4] NCCL INFO Using network Socket
nid005207:112452:113488 [7] NCCL INFO Using network Socket
nid005207:112451:113483 [6] NCCL INFO Using network Socket
nid005207:112445:113481 [0] NCCL INFO [node_id = 7; gpu_id = 3099; unique_id = 1056313863699812000; location_id = 52736; bdf = 52736; domain = 0; partition = 0], 
nid005207:112445:113481 [0] NCCL INFO [node_id = 10; gpu_id = 62036; unique_id = 2312097782356353938; location_id = 55552; bdf = 55552; domain = 0; partition = 0], 
nid005207:112445:113481 [0] NCCL INFO [node_id = 4; gpu_id = 63582; unique_id = 3931081491954347059; location_id = 49408; bdf = 49408; domain = 0; partition = 0], 
nid005207:112445:113481 [0] NCCL INFO [node_id = 11; gpu_id = 49174; unique_id = 5845443564552700405; location_id = 56832; bdf = 56832; domain = 0; partition = 0], 
nid005207:112445:113481 [0] NCCL INFO [node_id = 9; gpu_id = 1553; unique_id = 7110384647860282763; location_id = 54784; bdf = 54784; domain = 0; partition = 0], 
nid005207:112445:113481 [0] NCCL INFO [node_id = 6; gpu_id = 15961; unique_id = 8091508737000574017; location_id = 51456; bdf = 51456; domain = 0; partition = 0], 
nid005207:112445:113481 [0] NCCL INFO [node_id = 5; gpu_id = 51740; unique_id = 10167158931974585021; location_id = 50688; bdf = 50688; domain = 0; partition = 0], 
nid005207:112445:113481 [0] NCCL INFO [node_id = 8; gpu_id = 13395; unique_id = 10948500998201386095; location_id = 53504; bdf = 53504; domain = 0; partition = 0], 
nid005207:112447:113484 [2] NCCL INFO [node_id = 7; gpu_id = 3099; unique_id = 1056313863699812000; location_id = 52736; bdf = 52736; domain = 0; partition = 0], 
nid005207:112447:113484 [2] NCCL INFO [node_id = 10; gpu_id = 62036; unique_id = 2312097782356353938; location_id = 55552; bdf = 55552; domain = 0; partition = 0], 
nid005207:112447:113484 [2] NCCL INFO [node_id = 4; gpu_id = 63582; unique_id = 3931081491954347059; location_id = 49408; bdf = 49408; domain = 0; partition = 0], 
nid005207:112447:113484 [2] NCCL INFO [node_id = 11; gpu_id = 49174; unique_id = 5845443564552700405; location_id = 56832; bdf = 56832; domain = 0; partition = 0], 
nid005207:112447:113484 [2] NCCL INFO [node_id = 9; gpu_id = 1553; unique_id = 7110384647860282763; location_id = 54784; bdf = 54784; domain = 0; partition = 0], 
nid005207:112447:113484 [2] NCCL INFO [node_id = 6; gpu_id = 15961; unique_id = 8091508737000574017; location_id = 51456; bdf = 51456; domain = 0; partition = 0], 
nid005207:112447:113484 [2] NCCL INFO [node_id = 5; gpu_id = 51740; unique_id = 10167158931974585021; location_id = 50688; bdf = 50688; domain = 0; partition = 0], 
nid005207:112447:113484 [2] NCCL INFO [node_id = 8; gpu_id = 13395; unique_id = 10948500998201386095; location_id = 53504; bdf = 53504; domain = 0; partition = 0], 
nid005207:112448:113482 [3] NCCL INFO [node_id = 7; gpu_id = 3099; unique_id = 1056313863699812000; location_id = 52736; bdf = 52736; domain = 0; partition = 0], 
nid005207:112448:113482 [3] NCCL INFO [node_id = 10; gpu_id = 62036; unique_id = 2312097782356353938; location_id = 55552; bdf = 55552; domain = 0; partition = 0], 
nid005207:112448:113482 [3] NCCL INFO [node_id = 4; gpu_id = 63582; unique_id = 3931081491954347059; location_id = 49408; bdf = 49408; domain = 0; partition = 0], 
nid005207:112448:113482 [3] NCCL INFO [node_id = 11; gpu_id = 49174; unique_id = 5845443564552700405; location_id = 56832; bdf = 56832; domain = 0; partition = 0], 
nid005207:112448:113482 [3] NCCL INFO [node_id = 9; gpu_id = 1553; unique_id = 7110384647860282763; location_id = 54784; bdf = 54784; domain = 0; partition = 0], 
nid005207:112448:113482 [3] NCCL INFO [node_id = 6; gpu_id = 15961; unique_id = 8091508737000574017; location_id = 51456; bdf = 51456; domain = 0; partition = 0], 
nid005207:112448:113482 [3] NCCL INFO [node_id = 5; gpu_id = 51740; unique_id = 10167158931974585021; location_id = 50688; bdf = 50688; domain = 0; partition = 0], 
nid005207:112448:113482 [3] NCCL INFO [node_id = 8; gpu_id = 13395; unique_id = 10948500998201386095; location_id = 53504; bdf = 53504; domain = 0; partition = 0], 
nid005207:112446:113485 [1] NCCL INFO [node_id = 7; gpu_id = 3099; unique_id = 1056313863699812000; location_id = 52736; bdf = 52736; domain = 0; partition = 0], 
nid005207:112446:113485 [1] NCCL INFO [node_id = 10; gpu_id = 62036; unique_id = 2312097782356353938; location_id = 55552; bdf = 55552; domain = 0; partition = 0], 
nid005207:112446:113485 [1] NCCL INFO [node_id = 4; gpu_id = 63582; unique_id = 3931081491954347059; location_id = 49408; bdf = 49408; domain = 0; partition = 0], 
nid005207:112446:113485 [1] NCCL INFO [node_id = 11; gpu_id = 49174; unique_id = 5845443564552700405; location_id = 56832; bdf = 56832; domain = 0; partition = 0], 
nid005207:112446:113485 [1] NCCL INFO [node_id = 9; gpu_id = 1553; unique_id = 7110384647860282763; location_id = 54784; bdf = 54784; domain = 0; partition = 0], 
nid005207:112446:113485 [1] NCCL INFO [node_id = 6; gpu_id = 15961; unique_id = 8091508737000574017; location_id = 51456; bdf = 51456; domain = 0; partition = 0], 
nid005207:112446:113485 [1] NCCL INFO [node_id = 5; gpu_id = 51740; unique_id = 10167158931974585021; location_id = 50688; bdf = 50688; domain = 0; partition = 0], 
nid005207:112446:113485 [1] NCCL INFO [node_id = 8; gpu_id = 13395; unique_id = 10948500998201386095; location_id = 53504; bdf = 53504; domain = 0; partition = 0], 
nid005207:112449:113487 [4] NCCL INFO [node_id = 7; gpu_id = 3099; unique_id = 1056313863699812000; location_id = 52736; bdf = 52736; domain = 0; partition = 0], 
nid005207:112449:113487 [4] NCCL INFO [node_id = 10; gpu_id = 62036; unique_id = 2312097782356353938; location_id = 55552; bdf = 55552; domain = 0; partition = 0], 
nid005207:112449:113487 [4] NCCL INFO [node_id = 4; gpu_id = 63582; unique_id = 3931081491954347059; location_id = 49408; bdf = 49408; domain = 0; partition = 0], 
nid005207:112449:113487 [4] NCCL INFO [node_id = 11; gpu_id = 49174; unique_id = 5845443564552700405; location_id = 56832; bdf = 56832; domain = 0; partition = 0], 
nid005207:112449:113487 [4] NCCL INFO [node_id = 9; gpu_id = 1553; unique_id = 7110384647860282763; location_id = 54784; bdf = 54784; domain = 0; partition = 0], 
nid005207:112449:113487 [4] NCCL INFO [node_id = 6; gpu_id = 15961; unique_id = 8091508737000574017; location_id = 51456; bdf = 51456; domain = 0; partition = 0], 
nid005207:112449:113487 [4] NCCL INFO [node_id = 5; gpu_id = 51740; unique_id = 10167158931974585021; location_id = 50688; bdf = 50688; domain = 0; partition = 0], 
nid005207:112449:113487 [4] NCCL INFO [node_id = 8; gpu_id = 13395; unique_id = 10948500998201386095; location_id = 53504; bdf = 53504; domain = 0; partition = 0], 
nid005207:112450:113486 [5] NCCL INFO [node_id = 7; gpu_id = 3099; unique_id = 1056313863699812000; location_id = 52736; bdf = 52736; domain = 0; partition = 0], 
nid005207:112450:113486 [5] NCCL INFO [node_id = 10; gpu_id = 62036; unique_id = 2312097782356353938; location_id = 55552; bdf = 55552; domain = 0; partition = 0], 
nid005207:112450:113486 [5] NCCL INFO [node_id = 4; gpu_id = 63582; unique_id = 3931081491954347059; location_id = 49408; bdf = 49408; domain = 0; partition = 0], 
nid005207:112450:113486 [5] NCCL INFO [node_id = 11; gpu_id = 49174; unique_id = 5845443564552700405; location_id = 56832; bdf = 56832; domain = 0; partition = 0], 
nid005207:112450:113486 [5] NCCL INFO [node_id = 9; gpu_id = 1553; unique_id = 7110384647860282763; location_id = 54784; bdf = 54784; domain = 0; partition = 0], 
nid005207:112450:113486 [5] NCCL INFO [node_id = 6; gpu_id = 15961; unique_id = 8091508737000574017; location_id = 51456; bdf = 51456; domain = 0; partition = 0], 
nid005207:112450:113486 [5] NCCL INFO [node_id = 5; gpu_id = 51740; unique_id = 10167158931974585021; location_id = 50688; bdf = 50688; domain = 0; partition = 0], 
nid005207:112450:113486 [5] NCCL INFO [node_id = 8; gpu_id = 13395; unique_id = 10948500998201386095; location_id = 53504; bdf = 53504; domain = 0; partition = 0], 
nid005207:112452:113488 [7] NCCL INFO [node_id = 7; gpu_id = 3099; unique_id = 1056313863699812000; location_id = 52736; bdf = 52736; domain = 0; partition = 0], 
nid005207:112452:113488 [7] NCCL INFO [node_id = 10; gpu_id = 62036; unique_id = 2312097782356353938; location_id = 55552; bdf = 55552; domain = 0; partition = 0], 
nid005207:112452:113488 [7] NCCL INFO [node_id = 4; gpu_id = 63582; unique_id = 3931081491954347059; location_id = 49408; bdf = 49408; domain = 0; partition = 0], 
nid005207:112452:113488 [7] NCCL INFO [node_id = 11; gpu_id = 49174; unique_id = 5845443564552700405; location_id = 56832; bdf = 56832; domain = 0; partition = 0], 
nid005207:112452:113488 [7] NCCL INFO [node_id = 9; gpu_id = 1553; unique_id = 7110384647860282763; location_id = 54784; bdf = 54784; domain = 0; partition = 0], 
nid005207:112452:113488 [7] NCCL INFO [node_id = 6; gpu_id = 15961; unique_id = 8091508737000574017; location_id = 51456; bdf = 51456; domain = 0; partition = 0], 
nid005207:112452:113488 [7] NCCL INFO [node_id = 5; gpu_id = 51740; unique_id = 10167158931974585021; location_id = 50688; bdf = 50688; domain = 0; partition = 0], 
nid005207:112452:113488 [7] NCCL INFO [node_id = 8; gpu_id = 13395; unique_id = 10948500998201386095; location_id = 53504; bdf = 53504; domain = 0; partition = 0], 
nid005207:112451:113483 [6] NCCL INFO [node_id = 7; gpu_id = 3099; unique_id = 1056313863699812000; location_id = 52736; bdf = 52736; domain = 0; partition = 0], 
nid005207:112451:113483 [6] NCCL INFO [node_id = 10; gpu_id = 62036; unique_id = 2312097782356353938; location_id = 55552; bdf = 55552; domain = 0; partition = 0], 
nid005207:112451:113483 [6] NCCL INFO [node_id = 4; gpu_id = 63582; unique_id = 3931081491954347059; location_id = 49408; bdf = 49408; domain = 0; partition = 0], 
nid005207:112451:113483 [6] NCCL INFO [node_id = 11; gpu_id = 49174; unique_id = 5845443564552700405; location_id = 56832; bdf = 56832; domain = 0; partition = 0], 
nid005207:112451:113483 [6] NCCL INFO [node_id = 9; gpu_id = 1553; unique_id = 7110384647860282763; location_id = 54784; bdf = 54784; domain = 0; partition = 0], 
nid005207:112451:113483 [6] NCCL INFO [node_id = 6; gpu_id = 15961; unique_id = 8091508737000574017; location_id = 51456; bdf = 51456; domain = 0; partition = 0], 
nid005207:112451:113483 [6] NCCL INFO [node_id = 5; gpu_id = 51740; unique_id = 10167158931974585021; location_id = 50688; bdf = 50688; domain = 0; partition = 0], 
nid005207:112451:113483 [6] NCCL INFO [node_id = 8; gpu_id = 13395; unique_id = 10948500998201386095; location_id = 53504; bdf = 53504; domain = 0; partition = 0], 
nid005207:112445:113481 [0] NCCL INFO initialized internal alternative rsmi functionality
nid005207:112447:113484 [2] NCCL INFO initialized internal alternative rsmi functionality
nid005207:112449:113487 [4] NCCL INFO initialized internal alternative rsmi functionality
nid005207:112450:113486 [5] NCCL INFO initialized internal alternative rsmi functionality
nid005207:112446:113485 [1] NCCL INFO initialized internal alternative rsmi functionality
nid005207:112452:113488 [7] NCCL INFO initialized internal alternative rsmi functionality
nid005207:112448:113482 [3] NCCL INFO initialized internal alternative rsmi functionality
nid005207:112451:113483 [6] NCCL INFO initialized internal alternative rsmi functionality
nid005207:112450:113486 [5] NCCL INFO ncclCommInitRank comm 0x146c6d344010 rank 5 nranks 8 cudaDev 5 nvmlDev 5 busId d6000 commId 0xba1a0de7397dc4fd - Init START
nid005207:112449:113487 [4] NCCL INFO ncclCommInitRank comm 0x154072344010 rank 4 nranks 8 cudaDev 4 nvmlDev 4 busId d1000 commId 0xba1a0de7397dc4fd - Init START
nid005207:112451:113483 [6] NCCL INFO ncclCommInitRank comm 0x14e74dc4a010 rank 6 nranks 8 cudaDev 6 nvmlDev 6 busId d9000 commId 0xba1a0de7397dc4fd - Init START
nid005207:112452:113488 [7] NCCL INFO ncclCommInitRank comm 0x14d1dde28010 rank 7 nranks 8 cudaDev 7 nvmlDev 7 busId de000 commId 0xba1a0de7397dc4fd - Init START
nid005207:112445:113481 [0] NCCL INFO ncclCommInitRank comm 0x14b07364a010 rank 0 nranks 8 cudaDev 0 nvmlDev 0 busId c1000 commId 0xba1a0de7397dc4fd - Init START
nid005207:112446:113485 [1] NCCL INFO ncclCommInitRank comm 0x1532a4944010 rank 1 nranks 8 cudaDev 1 nvmlDev 1 busId c6000 commId 0xba1a0de7397dc4fd - Init START
nid005207:112447:113484 [2] NCCL INFO ncclCommInitRank comm 0x14be40a4a010 rank 2 nranks 8 cudaDev 2 nvmlDev 2 busId c9000 commId 0xba1a0de7397dc4fd - Init START
nid005207:112448:113482 [3] NCCL INFO ncclCommInitRank comm 0x151fa284a010 rank 3 nranks 8 cudaDev 3 nvmlDev 3 busId ce000 commId 0xba1a0de7397dc4fd - Init START
nid005207:112449:113487 [4] NCCL INFO initialized internal alternative rsmi functionality
nid005207:112450:113486 [5] NCCL INFO initialized internal alternative rsmi functionality
nid005207:112445:113481 [0] NCCL INFO initialized internal alternative rsmi functionality
nid005207:112448:113482 [3] NCCL INFO initialized internal alternative rsmi functionality
nid005207:112452:113488 [7] NCCL INFO initialized internal alternative rsmi functionality
nid005207:112451:113483 [6] NCCL INFO initialized internal alternative rsmi functionality
nid005207:112447:113484 [2] NCCL INFO initialized internal alternative rsmi functionality
nid005207:112446:113485 [1] NCCL INFO initialized internal alternative rsmi functionality
nid005207:112449:113487 [4] NCCL INFO Setting affinity for GPU 4 to fefe,00000000,0000fefe
nid005207:112448:113482 [3] NCCL INFO Setting affinity for GPU 3 to fefe0000,00000000,fefe0000
nid005207:112447:113484 [2] NCCL INFO Setting affinity for GPU 2 to fefe0000,00000000,fefe0000
nid005207:112445:113481 [0] NCCL INFO Setting affinity for GPU 0 to fefe0000,00000000,fefe0000,00000000
nid005207:112450:113486 [5] NCCL INFO Setting affinity for GPU 5 to fefe,00000000,0000fefe
nid005207:112451:113483 [6] NCCL INFO Setting affinity for GPU 6 to fefe,00000000,0000fefe,00000000
nid005207:112446:113485 [1] NCCL INFO Setting affinity for GPU 1 to fefe0000,00000000,fefe0000,00000000
nid005207:112452:113488 [7] NCCL INFO Setting affinity for GPU 7 to fefe,00000000,0000fefe,00000000
nid005207:112451:113483 [6] NCCL INFO comm 0x14e74dc4a010 rank 6 nRanks 8 nNodes 1 localRanks 8 localRank 6 MNNVL 0
nid005207:112450:113486 [5] NCCL INFO comm 0x146c6d344010 rank 5 nRanks 8 nNodes 1 localRanks 8 localRank 5 MNNVL 0
nid005207:112449:113487 [4] NCCL INFO comm 0x154072344010 rank 4 nRanks 8 nNodes 1 localRanks 8 localRank 4 MNNVL 0
nid005207:112445:113481 [0] NCCL INFO comm 0x14b07364a010 rank 0 nRanks 8 nNodes 1 localRanks 8 localRank 0 MNNVL 0
nid005207:112448:113482 [3] NCCL INFO comm 0x151fa284a010 rank 3 nRanks 8 nNodes 1 localRanks 8 localRank 3 MNNVL 0
nid005207:112452:113488 [7] NCCL INFO comm 0x14d1dde28010 rank 7 nRanks 8 nNodes 1 localRanks 8 localRank 7 MNNVL 0
nid005207:112447:113484 [2] NCCL INFO comm 0x14be40a4a010 rank 2 nRanks 8 nNodes 1 localRanks 8 localRank 2 MNNVL 0
nid005207:112446:113485 [1] NCCL INFO comm 0x1532a4944010 rank 1 nRanks 8 nNodes 1 localRanks 8 localRank 1 MNNVL 0
nid005207:112445:113481 [0] NCCL INFO Channel 00/16 :    0   1   3   2   4   5   7   6
nid005207:112450:113486 [5] NCCL INFO Trees [0] 7/-1/-1->5->4 [1] 4/-1/-1->5->7 [2] 4/-1/-1->5->1 [3] 1/-1/-1->5->4 [4] 7/-1/-1->5->4 [5] 4/-1/-1->5->7 [6] 4/-1/-1->5->1 [7] 1/-1/-1->5->4 [8] 7/-1/-1->5->4 [9] 4/-1/-1->5->7 [10] 4/-1/-1->5->1 [11] 1/-1/-1->5->4 [12] 7/-1/-1->5->4 [13] 4/-1/-1->5->7 [14] 4/-1/-1->5->1 [15] 1/-1/-1->5->4 comm 0x146c6d344010 nRanks 08 busId d6000
nid005207:112445:113481 [0] NCCL INFO Channel 01/16 :    0   6   7   5   4   2   3   1
nid005207:112450:113486 [5] NCCL INFO P2P Chunksize set to 524288
nid005207:112445:113481 [0] NCCL INFO Channel 02/16 :    0   1   5   4   6   7   3   2
nid005207:112449:113487 [4] NCCL INFO Trees [0] 5/-1/-1->4->2 [1] 2/-1/-1->4->5 [2] 6/-1/-1->4->5 [3] 5/-1/-1->4->6 [4] 5/-1/-1->4->2 [5] 2/-1/-1->4->5 [6] 6/-1/-1->4->5 [7] 5/-1/-1->4->6 [8] 5/-1/-1->4->2 [9] 2/-1/-1->4->5 [10] 6/-1/-1->4->5 [11] 5/-1/-1->4->6 [12] 5/-1/-1->4->2 [13] 2/-1/-1->4->5 [14] 6/-1/-1->4->5 [15] 5/-1/-1->4->6 comm 0x154072344010 nRanks 08 busId d1000
nid005207:112451:113483 [6] NCCL INFO Trees [0] -1/-1/-1->6->7 [1] 7/-1/-1->6->-1 [2] 7/-1/-1->6->4 [3] 4/-1/-1->6->7 [4] -1/-1/-1->6->7 [5] 7/-1/-1->6->-1 [6] 7/-1/-1->6->4 [7] 4/-1/-1->6->7 [8] -1/-1/-1->6->7 [9] 7/-1/-1->6->-1 [10] 7/-1/-1->6->4 [11] 4/-1/-1->6->7 [12] -1/-1/-1->6->7 [13] 7/-1/-1->6->-1 [14] 7/-1/-1->6->4 [15] 4/-1/-1->6->7 comm 0x14e74dc4a010 nRanks 08 busId d9000
nid005207:112445:113481 [0] NCCL INFO Channel 03/16 :    0   2   3   7   6   4   5   1
nid005207:112449:113487 [4] NCCL INFO P2P Chunksize set to 524288
nid005207:112445:113481 [0] NCCL INFO Channel 04/16 :    0   1   3   2   4   5   7   6
nid005207:112451:113483 [6] NCCL INFO P2P Chunksize set to 524288
nid005207:112445:113481 [0] NCCL INFO Channel 05/16 :    0   6   7   5   4   2   3   1
nid005207:112448:113482 [3] NCCL INFO Trees [0] 2/-1/-1->3->1 [1] 1/-1/-1->3->2 [2] 2/-1/-1->3->7 [3] 7/-1/-1->3->2 [4] 2/-1/-1->3->1 [5] 1/-1/-1->3->2 [6] 2/-1/-1->3->7 [7] 7/-1/-1->3->2 [8] 2/-1/-1->3->1 [9] 1/-1/-1->3->2 [10] 2/-1/-1->3->7 [11] 7/-1/-1->3->2 [12] 2/-1/-1->3->1 [13] 1/-1/-1->3->2 [14] 2/-1/-1->3->7 [15] 7/-1/-1->3->2 comm 0x151fa284a010 nRanks 08 busId ce000
nid005207:112447:113484 [2] NCCL INFO Trees [0] 4/-1/-1->2->3 [1] 3/-1/-1->2->4 [2] -1/-1/-1->2->3 [3] 3/-1/-1->2->-1 [4] 4/-1/-1->2->3 [5] 3/-1/-1->2->4 [6] -1/-1/-1->2->3 [7] 3/-1/-1->2->-1 [8] 4/-1/-1->2->3 [9] 3/-1/-1->2->4 [10] -1/-1/-1->2->3 [11] 3/-1/-1->2->-1 [12] 4/-1/-1->2->3 [13] 3/-1/-1->2->4 [14] -1/-1/-1->2->3 [15] 3/-1/-1->2->-1 comm 0x14be40a4a010 nRanks 08 busId c9000
nid005207:112452:113488 [7] NCCL INFO Trees [0] 6/-1/-1->7->5 [1] 5/-1/-1->7->6 [2] 3/-1/-1->7->6 [3] 6/-1/-1->7->3 [4] 6/-1/-1->7->5 [5] 5/-1/-1->7->6 [6] 3/-1/-1->7->6 [7] 6/-1/-1->7->3 [8] 6/-1/-1->7->5 [9] 5/-1/-1->7->6 [10] 3/-1/-1->7->6 [11] 6/-1/-1->7->3 [12] 6/-1/-1->7->5 [13] 5/-1/-1->7->6 [14] 3/-1/-1->7->6 [15] 6/-1/-1->7->3 comm 0x14d1dde28010 nRanks 08 busId de000
nid005207:112445:113481 [0] NCCL INFO Channel 06/16 :    0   1   5   4   6   7   3   2
nid005207:112448:113482 [3] NCCL INFO P2P Chunksize set to 524288
nid005207:112447:113484 [2] NCCL INFO P2P Chunksize set to 524288
nid005207:112452:113488 [7] NCCL INFO P2P Chunksize set to 524288
nid005207:112445:113481 [0] NCCL INFO Channel 07/16 :    0   2   3   7   6   4   5   1
nid005207:112446:113485 [1] NCCL INFO Trees [0] 3/-1/-1->1->0 [1] 0/-1/-1->1->3 [2] 5/-1/-1->1->0 [3] 0/-1/-1->1->5 [4] 3/-1/-1->1->0 [5] 0/-1/-1->1->3 [6] 5/-1/-1->1->0 [7] 0/-1/-1->1->5 [8] 3/-1/-1->1->0 [9] 0/-1/-1->1->3 [10] 5/-1/-1->1->0 [11] 0/-1/-1->1->5 [12] 3/-1/-1->1->0 [13] 0/-1/-1->1->3 [14] 5/-1/-1->1->0 [15] 0/-1/-1->1->5 comm 0x1532a4944010 nRanks 08 busId c6000
nid005207:112445:113481 [0] NCCL INFO Channel 08/16 :    0   1   3   2   4   5   7   6
nid005207:112446:113485 [1] NCCL INFO P2P Chunksize set to 524288
nid005207:112445:113481 [0] NCCL INFO Channel 09/16 :    0   6   7   5   4   2   3   1
nid005207:112445:113481 [0] NCCL INFO Channel 10/16 :    0   1   5   4   6   7   3   2
nid005207:112445:113481 [0] NCCL INFO Channel 11/16 :    0   2   3   7   6   4   5   1
nid005207:112445:113481 [0] NCCL INFO Channel 12/16 :    0   1   3   2   4   5   7   6
nid005207:112445:113481 [0] NCCL INFO Channel 13/16 :    0   6   7   5   4   2   3   1
nid005207:112445:113481 [0] NCCL INFO Channel 14/16 :    0   1   5   4   6   7   3   2
nid005207:112445:113481 [0] NCCL INFO Channel 15/16 :    0   2   3   7   6   4   5   1
nid005207:112445:113481 [0] NCCL INFO Trees [0] 1/-1/-1->0->-1 [1] -1/-1/-1->0->1 [2] 1/-1/-1->0->-1 [3] -1/-1/-1->0->1 [4] 1/-1/-1->0->-1 [5] -1/-1/-1->0->1 [6] 1/-1/-1->0->-1 [7] -1/-1/-1->0->1 [8] 1/-1/-1->0->-1 [9] -1/-1/-1->0->1 [10] 1/-1/-1->0->-1 [11] -1/-1/-1->0->1 [12] 1/-1/-1->0->-1 [13] -1/-1/-1->0->1 [14] 1/-1/-1->0->-1 [15] -1/-1/-1->0->1 comm 0x14b07364a010 nRanks 08 busId c1000
nid005207:112445:113481 [0] NCCL INFO P2P Chunksize set to 524288
nid005207:112449:113487 [4] NCCL INFO Channel 00/0 : 4[d1000] -> 5[d6000] via P2P/IPC comm 0x154072344010 nRanks 08
nid005207:112445:113481 [0] NCCL INFO Channel 00/0 : 0[c1000] -> 1[c6000] via P2P/IPC comm 0x14b07364a010 nRanks 08
nid005207:112447:113484 [2] NCCL INFO Channel 01/0 : 2[c9000] -> 3[ce000] via P2P/IPC comm 0x14be40a4a010 nRanks 08
nid005207:112451:113483 [6] NCCL INFO Channel 01/0 : 6[d9000] -> 7[de000] via P2P/IPC comm 0x14e74dc4a010 nRanks 08
nid005207:112445:113481 [0] NCCL INFO Channel 02/0 : 0[c1000] -> 1[c6000] via P2P/IPC comm 0x14b07364a010 nRanks 08
nid005207:112451:113483 [6] NCCL INFO Channel 02/0 : 6[d9000] -> 7[de000] via P2P/IPC comm 0x14e74dc4a010 nRanks 08
nid005207:112449:113487 [4] NCCL INFO Channel 03/0 : 4[d1000] -> 5[d6000] via P2P/IPC comm 0x154072344010 nRanks 08
nid005207:112447:113484 [2] NCCL INFO Channel 03/0 : 2[c9000] -> 3[ce000] via P2P/IPC comm 0x14be40a4a010 nRanks 08
nid005207:112445:113481 [0] NCCL INFO Channel 04/0 : 0[c1000] -> 1[c6000] via P2P/IPC comm 0x14b07364a010 nRanks 08
nid005207:112451:113483 [6] NCCL INFO Channel 05/0 : 6[d9000] -> 7[de000] via P2P/IPC comm 0x14e74dc4a010 nRanks 08
nid005207:112447:113484 [2] NCCL INFO Channel 05/0 : 2[c9000] -> 3[ce000] via P2P/IPC comm 0x14be40a4a010 nRanks 08
nid005207:112449:113487 [4] NCCL INFO Channel 04/0 : 4[d1000] -> 5[d6000] via P2P/IPC comm 0x154072344010 nRanks 08
nid005207:112445:113481 [0] NCCL INFO Channel 06/0 : 0[c1000] -> 1[c6000] via P2P/IPC comm 0x14b07364a010 nRanks 08
nid005207:112451:113483 [6] NCCL INFO Channel 06/0 : 6[d9000] -> 7[de000] via P2P/IPC comm 0x14e74dc4a010 nRanks 08
nid005207:112447:113484 [2] NCCL INFO Channel 07/0 : 2[c9000] -> 3[ce000] via P2P/IPC comm 0x14be40a4a010 nRanks 08
nid005207:112449:113487 [4] NCCL INFO Channel 07/0 : 4[d1000] -> 5[d6000] via P2P/IPC comm 0x154072344010 nRanks 08
nid005207:112445:113481 [0] NCCL INFO Channel 08/0 : 0[c1000] -> 1[c6000] via P2P/IPC comm 0x14b07364a010 nRanks 08
nid005207:112451:113483 [6] NCCL INFO Channel 09/0 : 6[d9000] -> 7[de000] via P2P/IPC comm 0x14e74dc4a010 nRanks 08
nid005207:112445:113481 [0] NCCL INFO Channel 10/0 : 0[c1000] -> 1[c6000] via P2P/IPC comm 0x14b07364a010 nRanks 08
nid005207:112449:113487 [4] NCCL INFO Channel 08/0 : 4[d1000] -> 5[d6000] via P2P/IPC comm 0x154072344010 nRanks 08
nid005207:112447:113484 [2] NCCL INFO Channel 09/0 : 2[c9000] -> 3[ce000] via P2P/IPC comm 0x14be40a4a010 nRanks 08
nid005207:112451:113483 [6] NCCL INFO Channel 10/0 : 6[d9000] -> 7[de000] via P2P/IPC comm 0x14e74dc4a010 nRanks 08
nid005207:112445:113481 [0] NCCL INFO Channel 12/0 : 0[c1000] -> 1[c6000] via P2P/IPC comm 0x14b07364a010 nRanks 08
nid005207:112449:113487 [4] NCCL INFO Channel 11/0 : 4[d1000] -> 5[d6000] via P2P/IPC comm 0x154072344010 nRanks 08
nid005207:112447:113484 [2] NCCL INFO Channel 11/0 : 2[c9000] -> 3[ce000] via P2P/IPC comm 0x14be40a4a010 nRanks 08
nid005207:112445:113481 [0] NCCL INFO Channel 14/0 : 0[c1000] -> 1[c6000] via P2P/IPC comm 0x14b07364a010 nRanks 08
nid005207:112451:113483 [6] NCCL INFO Channel 13/0 : 6[d9000] -> 7[de000] via P2P/IPC comm 0x14e74dc4a010 nRanks 08
nid005207:112449:113487 [4] NCCL INFO Channel 12/0 : 4[d1000] -> 5[d6000] via P2P/IPC comm 0x154072344010 nRanks 08
nid005207:112447:113484 [2] NCCL INFO Channel 13/0 : 2[c9000] -> 3[ce000] via P2P/IPC comm 0x14be40a4a010 nRanks 08
nid005207:112446:113485 [1] NCCL INFO Channel 00/0 : 1[c6000] -> 3[ce000] via P2P/IPC comm 0x1532a4944010 nRanks 08
nid005207:112451:113483 [6] NCCL INFO Channel 14/0 : 6[d9000] -> 7[de000] via P2P/IPC comm 0x14e74dc4a010 nRanks 08
nid005207:112449:113487 [4] NCCL INFO Channel 15/0 : 4[d1000] -> 5[d6000] via P2P/IPC comm 0x154072344010 nRanks 08
nid005207:112447:113484 [2] NCCL INFO Channel 15/0 : 2[c9000] -> 3[ce000] via P2P/IPC comm 0x14be40a4a010 nRanks 08
nid005207:112446:113485 [1] NCCL INFO Channel 04/0 : 1[c6000] -> 3[ce000] via P2P/IPC comm 0x1532a4944010 nRanks 08
nid005207:112450:113486 [5] NCCL INFO Channel 00/0 : 5[d6000] -> 7[de000] via P2P/IPC comm 0x146c6d344010 nRanks 08
nid005207:112446:113485 [1] NCCL INFO Channel 08/0 : 1[c6000] -> 3[ce000] via P2P/IPC comm 0x1532a4944010 nRanks 08
nid005207:112450:113486 [5] NCCL INFO Channel 04/0 : 5[d6000] -> 7[de000] via P2P/IPC comm 0x146c6d344010 nRanks 08
nid005207:112446:113485 [1] NCCL INFO Channel 12/0 : 1[c6000] -> 3[ce000] via P2P/IPC comm 0x1532a4944010 nRanks 08
nid005207:112445:113481 [0] NCCL INFO Channel 03/0 : 0[c1000] -> 2[c9000] via P2P/IPC comm 0x14b07364a010 nRanks 08
nid005207:112450:113486 [5] NCCL INFO Channel 08/0 : 5[d6000] -> 7[de000] via P2P/IPC comm 0x146c6d344010 nRanks 08
nid005207:112445:113481 [0] NCCL INFO Channel 07/0 : 0[c1000] -> 2[c9000] via P2P/IPC comm 0x14b07364a010 nRanks 08
nid005207:112450:113486 [5] NCCL INFO Channel 12/0 : 5[d6000] -> 7[de000] via P2P/IPC comm 0x146c6d344010 nRanks 08
nid005207:112451:113483 [6] NCCL INFO Channel 00/0 : 6[d9000] -> 0[c1000] via P2P/IPC comm 0x14e74dc4a010 nRanks 08
nid005207:112445:113481 [0] NCCL INFO Channel 11/0 : 0[c1000] -> 2[c9000] via P2P/IPC comm 0x14b07364a010 nRanks 08
nid005207:112449:113487 [4] NCCL INFO Channel 02/0 : 4[d1000] -> 6[d9000] via P2P/IPC comm 0x154072344010 nRanks 08
nid005207:112447:113484 [2] NCCL INFO Channel 00/0 : 2[c9000] -> 4[d1000] via P2P/IPC comm 0x14be40a4a010 nRanks 08
nid005207:112451:113483 [6] NCCL INFO Channel 04/0 : 6[d9000] -> 0[c1000] via P2P/IPC comm 0x14e74dc4a010 nRanks 08
nid005207:112445:113481 [0] NCCL INFO Channel 15/0 : 0[c1000] -> 2[c9000] via P2P/IPC comm 0x14b07364a010 nRanks 08
nid005207:112449:113487 [4] NCCL INFO Channel 06/0 : 4[d1000] -> 6[d9000] via P2P/IPC comm 0x154072344010 nRanks 08
nid005207:112447:113484 [2] NCCL INFO Channel 04/0 : 2[c9000] -> 4[d1000] via P2P/IPC comm 0x14be40a4a010 nRanks 08
nid005207:112451:113483 [6] NCCL INFO Channel 08/0 : 6[d9000] -> 0[c1000] via P2P/IPC comm 0x14e74dc4a010 nRanks 08
nid005207:112447:113484 [2] NCCL INFO Channel 08/0 : 2[c9000] -> 4[d1000] via P2P/IPC comm 0x14be40a4a010 nRanks 08
nid005207:112449:113487 [4] NCCL INFO Channel 10/0 : 4[d1000] -> 6[d9000] via P2P/IPC comm 0x154072344010 nRanks 08
nid005207:112451:113483 [6] NCCL INFO Channel 12/0 : 6[d9000] -> 0[c1000] via P2P/IPC comm 0x14e74dc4a010 nRanks 08
nid005207:112447:113484 [2] NCCL INFO Channel 12/0 : 2[c9000] -> 4[d1000] via P2P/IPC comm 0x14be40a4a010 nRanks 08
nid005207:112449:113487 [4] NCCL INFO Channel 14/0 : 4[d1000] -> 6[d9000] via P2P/IPC comm 0x154072344010 nRanks 08
nid005207:112446:113485 [1] NCCL INFO Channel 02/0 : 1[c6000] -> 5[d6000] via P2P/IPC comm 0x1532a4944010 nRanks 08
nid005207:112450:113486 [5] NCCL INFO Channel 03/0 : 5[d6000] -> 1[c6000] via P2P/IPC comm 0x146c6d344010 nRanks 08
nid005207:112448:113482 [3] NCCL INFO Channel 03/0 : 3[ce000] -> 7[de000] via P2P/IPC comm 0x151fa284a010 nRanks 08
nid005207:112452:113488 [7] NCCL INFO Channel 02/0 : 7[de000] -> 3[ce000] via P2P/IPC comm 0x14d1dde28010 nRanks 08
nid005207:112446:113485 [1] NCCL INFO Channel 06/0 : 1[c6000] -> 5[d6000] via P2P/IPC comm 0x1532a4944010 nRanks 08
nid005207:112450:113486 [5] NCCL INFO Channel 07/0 : 5[d6000] -> 1[c6000] via P2P/IPC comm 0x146c6d344010 nRanks 08
nid005207:112448:113482 [3] NCCL INFO Channel 07/0 : 3[ce000] -> 7[de000] via P2P/IPC comm 0x151fa284a010 nRanks 08
nid005207:112452:113488 [7] NCCL INFO Channel 06/0 : 7[de000] -> 3[ce000] via P2P/IPC comm 0x14d1dde28010 nRanks 08
nid005207:112446:113485 [1] NCCL INFO Channel 10/0 : 1[c6000] -> 5[d6000] via P2P/IPC comm 0x1532a4944010 nRanks 08
nid005207:112448:113482 [3] NCCL INFO Channel 11/0 : 3[ce000] -> 7[de000] via P2P/IPC comm 0x151fa284a010 nRanks 08
nid005207:112452:113488 [7] NCCL INFO Channel 10/0 : 7[de000] -> 3[ce000] via P2P/IPC comm 0x14d1dde28010 nRanks 08
nid005207:112450:113486 [5] NCCL INFO Channel 11/0 : 5[d6000] -> 1[c6000] via P2P/IPC comm 0x146c6d344010 nRanks 08
nid005207:112446:113485 [1] NCCL INFO Channel 14/0 : 1[c6000] -> 5[d6000] via P2P/IPC comm 0x1532a4944010 nRanks 08
nid005207:112448:113482 [3] NCCL INFO Channel 15/0 : 3[ce000] -> 7[de000] via P2P/IPC comm 0x151fa284a010 nRanks 08
nid005207:112452:113488 [7] NCCL INFO Channel 14/0 : 7[de000] -> 3[ce000] via P2P/IPC comm 0x14d1dde28010 nRanks 08
nid005207:112450:113486 [5] NCCL INFO Channel 15/0 : 5[d6000] -> 1[c6000] via P2P/IPC comm 0x146c6d344010 nRanks 08
nid005207:112445:113481 [0] NCCL INFO Channel 01/0 : 0[c1000] -> 6[d9000] via P2P/IPC comm 0x14b07364a010 nRanks 08
nid005207:112447:113484 [2] NCCL INFO Channel 02/0 : 2[c9000] -> 0[c1000] via P2P/IPC comm 0x14be40a4a010 nRanks 08
nid005207:112445:113481 [0] NCCL INFO Channel 05/0 : 0[c1000] -> 6[d9000] via P2P/IPC comm 0x14b07364a010 nRanks 08
nid005207:112448:113482 [3] NCCL INFO Channel 01/0 : 3[ce000] -> 1[c6000] via P2P/IPC comm 0x151fa284a010 nRanks 08
nid005207:112451:113483 [6] NCCL INFO Channel 03/0 : 6[d9000] -> 4[d1000] via P2P/IPC comm 0x14e74dc4a010 nRanks 08
nid005207:112452:113488 [7] NCCL INFO Channel 01/0 : 7[de000] -> 5[d6000] via P2P/IPC comm 0x14d1dde28010 nRanks 08
nid005207:112449:113487 [4] NCCL INFO Channel 01/0 : 4[d1000] -> 2[c9000] via P2P/IPC comm 0x154072344010 nRanks 08
nid005207:112445:113481 [0] NCCL INFO Channel 09/0 : 0[c1000] -> 6[d9000] via P2P/IPC comm 0x14b07364a010 nRanks 08
nid005207:112447:113484 [2] NCCL INFO Channel 06/0 : 2[c9000] -> 0[c1000] via P2P/IPC comm 0x14be40a4a010 nRanks 08
nid005207:112452:113488 [7] NCCL INFO Channel 05/0 : 7[de000] -> 5[d6000] via P2P/IPC comm 0x14d1dde28010 nRanks 08
nid005207:112451:113483 [6] NCCL INFO Channel 07/0 : 6[d9000] -> 4[d1000] via P2P/IPC comm 0x14e74dc4a010 nRanks 08
nid005207:112448:113482 [3] NCCL INFO Channel 05/0 : 3[ce000] -> 1[c6000] via P2P/IPC comm 0x151fa284a010 nRanks 08
nid005207:112449:113487 [4] NCCL INFO Channel 05/0 : 4[d1000] -> 2[c9000] via P2P/IPC comm 0x154072344010 nRanks 08
nid005207:112445:113481 [0] NCCL INFO Channel 13/0 : 0[c1000] -> 6[d9000] via P2P/IPC comm 0x14b07364a010 nRanks 08
nid005207:112447:113484 [2] NCCL INFO Channel 10/0 : 2[c9000] -> 0[c1000] via P2P/IPC comm 0x14be40a4a010 nRanks 08
nid005207:112452:113488 [7] NCCL INFO Channel 09/0 : 7[de000] -> 5[d6000] via P2P/IPC comm 0x14d1dde28010 nRanks 08
nid005207:112448:113482 [3] NCCL INFO Channel 09/0 : 3[ce000] -> 1[c6000] via P2P/IPC comm 0x151fa284a010 nRanks 08
nid005207:112451:113483 [6] NCCL INFO Channel 11/0 : 6[d9000] -> 4[d1000] via P2P/IPC comm 0x14e74dc4a010 nRanks 08
nid005207:112449:113487 [4] NCCL INFO Channel 09/0 : 4[d1000] -> 2[c9000] via P2P/IPC comm 0x154072344010 nRanks 08
nid005207:112447:113484 [2] NCCL INFO Channel 14/0 : 2[c9000] -> 0[c1000] via P2P/IPC comm 0x14be40a4a010 nRanks 08
nid005207:112448:113482 [3] NCCL INFO Channel 13/0 : 3[ce000] -> 1[c6000] via P2P/IPC comm 0x151fa284a010 nRanks 08
nid005207:112452:113488 [7] NCCL INFO Channel 13/0 : 7[de000] -> 5[d6000] via P2P/IPC comm 0x14d1dde28010 nRanks 08
nid005207:112451:113483 [6] NCCL INFO Channel 15/0 : 6[d9000] -> 4[d1000] via P2P/IPC comm 0x14e74dc4a010 nRanks 08
nid005207:112449:113487 [4] NCCL INFO Channel 13/0 : 4[d1000] -> 2[c9000] via P2P/IPC comm 0x154072344010 nRanks 08
nid005207:112446:113485 [1] NCCL INFO Channel 01/0 : 1[c6000] -> 0[c1000] via P2P/IPC comm 0x1532a4944010 nRanks 08
nid005207:112448:113482 [3] NCCL INFO Channel 00/0 : 3[ce000] -> 2[c9000] via P2P/IPC comm 0x151fa284a010 nRanks 08
nid005207:112452:113488 [7] NCCL INFO Channel 00/0 : 7[de000] -> 6[d9000] via P2P/IPC comm 0x14d1dde28010 nRanks 08
nid005207:112450:113486 [5] NCCL INFO Channel 01/0 : 5[d6000] -> 4[d1000] via P2P/IPC comm 0x146c6d344010 nRanks 08
nid005207:112446:113485 [1] NCCL INFO Channel 03/0 : 1[c6000] -> 0[c1000] via P2P/IPC comm 0x1532a4944010 nRanks 08
nid005207:112448:113482 [3] NCCL INFO Channel 02/0 : 3[ce000] -> 2[c9000] via P2P/IPC comm 0x151fa284a010 nRanks 08
nid005207:112452:113488 [7] NCCL INFO Channel 03/0 : 7[de000] -> 6[d9000] via P2P/IPC comm 0x14d1dde28010 nRanks 08
nid005207:112450:113486 [5] NCCL INFO Channel 02/0 : 5[d6000] -> 4[d1000] via P2P/IPC comm 0x146c6d344010 nRanks 08
nid005207:112446:113485 [1] NCCL INFO Channel 05/0 : 1[c6000] -> 0[c1000] via P2P/IPC comm 0x1532a4944010 nRanks 08
