nid005207:112448:113482 [3] NCCL INFO Channel 04/0 : 3[ce000] -> 2[c9000] via P2P/IPC comm 0x151fa284a010 nRanks 08
nid005207:112452:113488 [7] NCCL INFO Channel 04/0 : 7[de000] -> 6[d9000] via P2P/IPC comm 0x14d1dde28010 nRanks 08
nid005207:112450:113486 [5] NCCL INFO Channel 05/0 : 5[d6000] -> 4[d1000] via P2P/IPC comm 0x146c6d344010 nRanks 08
nid005207:112446:113485 [1] NCCL INFO Channel 07/0 : 1[c6000] -> 0[c1000] via P2P/IPC comm 0x1532a4944010 nRanks 08
nid005207:112448:113482 [3] NCCL INFO Channel 06/0 : 3[ce000] -> 2[c9000] via P2P/IPC comm 0x151fa284a010 nRanks 08
nid005207:112452:113488 [7] NCCL INFO Channel 07/0 : 7[de000] -> 6[d9000] via P2P/IPC comm 0x14d1dde28010 nRanks 08
nid005207:112450:113486 [5] NCCL INFO Channel 06/0 : 5[d6000] -> 4[d1000] via P2P/IPC comm 0x146c6d344010 nRanks 08
nid005207:112446:113485 [1] NCCL INFO Channel 09/0 : 1[c6000] -> 0[c1000] via P2P/IPC comm 0x1532a4944010 nRanks 08
nid005207:112448:113482 [3] NCCL INFO Channel 08/0 : 3[ce000] -> 2[c9000] via P2P/IPC comm 0x151fa284a010 nRanks 08
nid005207:112452:113488 [7] NCCL INFO Channel 08/0 : 7[de000] -> 6[d9000] via P2P/IPC comm 0x14d1dde28010 nRanks 08
nid005207:112446:113485 [1] NCCL INFO Channel 11/0 : 1[c6000] -> 0[c1000] via P2P/IPC comm 0x1532a4944010 nRanks 08
nid005207:112450:113486 [5] NCCL INFO Channel 09/0 : 5[d6000] -> 4[d1000] via P2P/IPC comm 0x146c6d344010 nRanks 08
nid005207:112448:113482 [3] NCCL INFO Channel 10/0 : 3[ce000] -> 2[c9000] via P2P/IPC comm 0x151fa284a010 nRanks 08
nid005207:112452:113488 [7] NCCL INFO Channel 11/0 : 7[de000] -> 6[d9000] via P2P/IPC comm 0x14d1dde28010 nRanks 08
nid005207:112446:113485 [1] NCCL INFO Channel 13/0 : 1[c6000] -> 0[c1000] via P2P/IPC comm 0x1532a4944010 nRanks 08
nid005207:112450:113486 [5] NCCL INFO Channel 10/0 : 5[d6000] -> 4[d1000] via P2P/IPC comm 0x146c6d344010 nRanks 08
nid005207:112448:113482 [3] NCCL INFO Channel 12/0 : 3[ce000] -> 2[c9000] via P2P/IPC comm 0x151fa284a010 nRanks 08
nid005207:112452:113488 [7] NCCL INFO Channel 12/0 : 7[de000] -> 6[d9000] via P2P/IPC comm 0x14d1dde28010 nRanks 08
nid005207:112446:113485 [1] NCCL INFO Channel 15/0 : 1[c6000] -> 0[c1000] via P2P/IPC comm 0x1532a4944010 nRanks 08
nid005207:112448:113482 [3] NCCL INFO Channel 14/0 : 3[ce000] -> 2[c9000] via P2P/IPC comm 0x151fa284a010 nRanks 08
nid005207:112450:113486 [5] NCCL INFO Channel 13/0 : 5[d6000] -> 4[d1000] via P2P/IPC comm 0x146c6d344010 nRanks 08
nid005207:112452:113488 [7] NCCL INFO Channel 15/0 : 7[de000] -> 6[d9000] via P2P/IPC comm 0x14d1dde28010 nRanks 08
nid005207:112450:113486 [5] NCCL INFO Channel 14/0 : 5[d6000] -> 4[d1000] via P2P/IPC comm 0x146c6d344010 nRanks 08
nid005207:112445:113481 [0] NCCL INFO Connected all rings
nid005207:112446:113485 [1] NCCL INFO Connected all rings
nid005207:112445:113481 [0] NCCL INFO Channel 01/0 : 0[c1000] -> 1[c6000] via P2P/IPC comm 0x14b07364a010 nRanks 08
nid005207:112448:113482 [3] NCCL INFO Connected all rings
nid005207:112450:113486 [5] NCCL INFO Connected all rings
nid005207:112452:113488 [7] NCCL INFO Connected all rings
nid005207:112447:113484 [2] NCCL INFO Connected all rings
nid005207:112449:113487 [4] NCCL INFO Connected all rings
nid005207:112447:113484 [2] NCCL INFO Channel 00/0 : 2[c9000] -> 3[ce000] via P2P/IPC comm 0x14be40a4a010 nRanks 08
nid005207:112451:113483 [6] NCCL INFO Connected all rings
nid005207:112449:113487 [4] NCCL INFO Channel 01/0 : 4[d1000] -> 5[d6000] via P2P/IPC comm 0x154072344010 nRanks 08
nid005207:112451:113483 [6] NCCL INFO Channel 00/0 : 6[d9000] -> 7[de000] via P2P/IPC comm 0x14e74dc4a010 nRanks 08
nid005207:112445:113481 [0] NCCL INFO Channel 03/0 : 0[c1000] -> 1[c6000] via P2P/IPC comm 0x14b07364a010 nRanks 08
nid005207:112447:113484 [2] NCCL INFO Channel 02/0 : 2[c9000] -> 3[ce000] via P2P/IPC comm 0x14be40a4a010 nRanks 08
nid005207:112449:113487 [4] NCCL INFO Channel 02/0 : 4[d1000] -> 5[d6000] via P2P/IPC comm 0x154072344010 nRanks 08
nid005207:112451:113483 [6] NCCL INFO Channel 03/0 : 6[d9000] -> 7[de000] via P2P/IPC comm 0x14e74dc4a010 nRanks 08
nid005207:112445:113481 [0] NCCL INFO Channel 05/0 : 0[c1000] -> 1[c6000] via P2P/IPC comm 0x14b07364a010 nRanks 08
nid005207:112447:113484 [2] NCCL INFO Channel 04/0 : 2[c9000] -> 3[ce000] via P2P/IPC comm 0x14be40a4a010 nRanks 08
nid005207:112451:113483 [6] NCCL INFO Channel 04/0 : 6[d9000] -> 7[de000] via P2P/IPC comm 0x14e74dc4a010 nRanks 08
nid005207:112449:113487 [4] NCCL INFO Channel 05/0 : 4[d1000] -> 5[d6000] via P2P/IPC comm 0x154072344010 nRanks 08
nid005207:112445:113481 [0] NCCL INFO Channel 07/0 : 0[c1000] -> 1[c6000] via P2P/IPC comm 0x14b07364a010 nRanks 08
nid005207:112447:113484 [2] NCCL INFO Channel 06/0 : 2[c9000] -> 3[ce000] via P2P/IPC comm 0x14be40a4a010 nRanks 08
nid005207:112449:113487 [4] NCCL INFO Channel 06/0 : 4[d1000] -> 5[d6000] via P2P/IPC comm 0x154072344010 nRanks 08
nid005207:112451:113483 [6] NCCL INFO Channel 07/0 : 6[d9000] -> 7[de000] via P2P/IPC comm 0x14e74dc4a010 nRanks 08
nid005207:112445:113481 [0] NCCL INFO Channel 09/0 : 0[c1000] -> 1[c6000] via P2P/IPC comm 0x14b07364a010 nRanks 08
nid005207:112447:113484 [2] NCCL INFO Channel 08/0 : 2[c9000] -> 3[ce000] via P2P/IPC comm 0x14be40a4a010 nRanks 08
nid005207:112449:113487 [4] NCCL INFO Channel 09/0 : 4[d1000] -> 5[d6000] via P2P/IPC comm 0x154072344010 nRanks 08
nid005207:112451:113483 [6] NCCL INFO Channel 08/0 : 6[d9000] -> 7[de000] via P2P/IPC comm 0x14e74dc4a010 nRanks 08
nid005207:112445:113481 [0] NCCL INFO Channel 11/0 : 0[c1000] -> 1[c6000] via P2P/IPC comm 0x14b07364a010 nRanks 08
nid005207:112447:113484 [2] NCCL INFO Channel 10/0 : 2[c9000] -> 3[ce000] via P2P/IPC comm 0x14be40a4a010 nRanks 08
nid005207:112449:113487 [4] NCCL INFO Channel 10/0 : 4[d1000] -> 5[d6000] via P2P/IPC comm 0x154072344010 nRanks 08
nid005207:112451:113483 [6] NCCL INFO Channel 11/0 : 6[d9000] -> 7[de000] via P2P/IPC comm 0x14e74dc4a010 nRanks 08
nid005207:112445:113481 [0] NCCL INFO Channel 13/0 : 0[c1000] -> 1[c6000] via P2P/IPC comm 0x14b07364a010 nRanks 08
nid005207:112447:113484 [2] NCCL INFO Channel 12/0 : 2[c9000] -> 3[ce000] via P2P/IPC comm 0x14be40a4a010 nRanks 08
nid005207:112449:113487 [4] NCCL INFO Channel 13/0 : 4[d1000] -> 5[d6000] via P2P/IPC comm 0x154072344010 nRanks 08
nid005207:112451:113483 [6] NCCL INFO Channel 12/0 : 6[d9000] -> 7[de000] via P2P/IPC comm 0x14e74dc4a010 nRanks 08
nid005207:112445:113481 [0] NCCL INFO Channel 15/0 : 0[c1000] -> 1[c6000] via P2P/IPC comm 0x14b07364a010 nRanks 08
nid005207:112447:113484 [2] NCCL INFO Channel 14/0 : 2[c9000] -> 3[ce000] via P2P/IPC comm 0x14be40a4a010 nRanks 08
nid005207:112449:113487 [4] NCCL INFO Channel 14/0 : 4[d1000] -> 5[d6000] via P2P/IPC comm 0x154072344010 nRanks 08
nid005207:112451:113483 [6] NCCL INFO Channel 15/0 : 6[d9000] -> 7[de000] via P2P/IPC comm 0x14e74dc4a010 nRanks 08
nid005207:112446:113485 [1] NCCL INFO Channel 01/0 : 1[c6000] -> 3[ce000] via P2P/IPC comm 0x1532a4944010 nRanks 08
nid005207:112447:113484 [2] NCCL INFO Channel 01/0 : 2[c9000] -> 4[d1000] via P2P/IPC comm 0x14be40a4a010 nRanks 08
nid005207:112446:113485 [1] NCCL INFO Channel 05/0 : 1[c6000] -> 3[ce000] via P2P/IPC comm 0x1532a4944010 nRanks 08
nid005207:112450:113486 [5] NCCL INFO Channel 01/0 : 5[d6000] -> 7[de000] via P2P/IPC comm 0x146c6d344010 nRanks 08
nid005207:112447:113484 [2] NCCL INFO Channel 05/0 : 2[c9000] -> 4[d1000] via P2P/IPC comm 0x14be40a4a010 nRanks 08
nid005207:112446:113485 [1] NCCL INFO Channel 09/0 : 1[c6000] -> 3[ce000] via P2P/IPC comm 0x1532a4944010 nRanks 08
nid005207:112450:113486 [5] NCCL INFO Channel 05/0 : 5[d6000] -> 7[de000] via P2P/IPC comm 0x146c6d344010 nRanks 08
nid005207:112447:113484 [2] NCCL INFO Channel 09/0 : 2[c9000] -> 4[d1000] via P2P/IPC comm 0x14be40a4a010 nRanks 08
nid005207:112446:113485 [1] NCCL INFO Channel 13/0 : 1[c6000] -> 3[ce000] via P2P/IPC comm 0x1532a4944010 nRanks 08
nid005207:112450:113486 [5] NCCL INFO Channel 09/0 : 5[d6000] -> 7[de000] via P2P/IPC comm 0x146c6d344010 nRanks 08
nid005207:112447:113484 [2] NCCL INFO Channel 13/0 : 2[c9000] -> 4[d1000] via P2P/IPC comm 0x14be40a4a010 nRanks 08
nid005207:112450:113486 [5] NCCL INFO Channel 13/0 : 5[d6000] -> 7[de000] via P2P/IPC comm 0x146c6d344010 nRanks 08
nid005207:112449:113487 [4] NCCL INFO Channel 03/0 : 4[d1000] -> 6[d9000] via P2P/IPC comm 0x154072344010 nRanks 08
nid005207:112449:113487 [4] NCCL INFO Channel 07/0 : 4[d1000] -> 6[d9000] via P2P/IPC comm 0x154072344010 nRanks 08
nid005207:112449:113487 [4] NCCL INFO Channel 11/0 : 4[d1000] -> 6[d9000] via P2P/IPC comm 0x154072344010 nRanks 08
nid005207:112446:113485 [1] NCCL INFO Channel 03/0 : 1[c6000] -> 5[d6000] via P2P/IPC comm 0x1532a4944010 nRanks 08
nid005207:112449:113487 [4] NCCL INFO Channel 15/0 : 4[d1000] -> 6[d9000] via P2P/IPC comm 0x154072344010 nRanks 08
nid005207:112448:113482 [3] NCCL INFO Channel 02/0 : 3[ce000] -> 7[de000] via P2P/IPC comm 0x151fa284a010 nRanks 08
nid005207:112452:113488 [7] NCCL INFO Channel 03/0 : 7[de000] -> 3[ce000] via P2P/IPC comm 0x14d1dde28010 nRanks 08
nid005207:112446:113485 [1] NCCL INFO Channel 07/0 : 1[c6000] -> 5[d6000] via P2P/IPC comm 0x1532a4944010 nRanks 08
nid005207:112448:113482 [3] NCCL INFO Channel 06/0 : 3[ce000] -> 7[de000] via P2P/IPC comm 0x151fa284a010 nRanks 08
nid005207:112450:113486 [5] NCCL INFO Channel 02/0 : 5[d6000] -> 1[c6000] via P2P/IPC comm 0x146c6d344010 nRanks 08
nid005207:112451:113483 [6] NCCL INFO Channel 02/0 : 6[d9000] -> 4[d1000] via P2P/IPC comm 0x14e74dc4a010 nRanks 08
nid005207:112446:113485 [1] NCCL INFO Channel 11/0 : 1[c6000] -> 5[d6000] via P2P/IPC comm 0x1532a4944010 nRanks 08
nid005207:112452:113488 [7] NCCL INFO Channel 07/0 : 7[de000] -> 3[ce000] via P2P/IPC comm 0x14d1dde28010 nRanks 08
nid005207:112448:113482 [3] NCCL INFO Channel 10/0 : 3[ce000] -> 7[de000] via P2P/IPC comm 0x151fa284a010 nRanks 08
nid005207:112450:113486 [5] NCCL INFO Channel 06/0 : 5[d6000] -> 1[c6000] via P2P/IPC comm 0x146c6d344010 nRanks 08
nid005207:112451:113483 [6] NCCL INFO Channel 06/0 : 6[d9000] -> 4[d1000] via P2P/IPC comm 0x14e74dc4a010 nRanks 08
nid005207:112446:113485 [1] NCCL INFO Channel 15/0 : 1[c6000] -> 5[d6000] via P2P/IPC comm 0x1532a4944010 nRanks 08
nid005207:112452:113488 [7] NCCL INFO Channel 11/0 : 7[de000] -> 3[ce000] via P2P/IPC comm 0x14d1dde28010 nRanks 08
nid005207:112448:113482 [3] NCCL INFO Channel 14/0 : 3[ce000] -> 7[de000] via P2P/IPC comm 0x151fa284a010 nRanks 08
nid005207:112450:113486 [5] NCCL INFO Channel 10/0 : 5[d6000] -> 1[c6000] via P2P/IPC comm 0x146c6d344010 nRanks 08
nid005207:112451:113483 [6] NCCL INFO Channel 10/0 : 6[d9000] -> 4[d1000] via P2P/IPC comm 0x14e74dc4a010 nRanks 08
nid005207:112452:113488 [7] NCCL INFO Channel 15/0 : 7[de000] -> 3[ce000] via P2P/IPC comm 0x14d1dde28010 nRanks 08
nid005207:112451:113483 [6] NCCL INFO Channel 14/0 : 6[d9000] -> 4[d1000] via P2P/IPC comm 0x14e74dc4a010 nRanks 08
nid005207:112450:113486 [5] NCCL INFO Channel 14/0 : 5[d6000] -> 1[c6000] via P2P/IPC comm 0x146c6d344010 nRanks 08
nid005207:112448:113482 [3] NCCL INFO Channel 00/0 : 3[ce000] -> 1[c6000] via P2P/IPC comm 0x151fa284a010 nRanks 08
nid005207:112452:113488 [7] NCCL INFO Channel 00/0 : 7[de000] -> 5[d6000] via P2P/IPC comm 0x14d1dde28010 nRanks 08
nid005207:112449:113487 [4] NCCL INFO Channel 00/0 : 4[d1000] -> 2[c9000] via P2P/IPC comm 0x154072344010 nRanks 08
nid005207:112448:113482 [3] NCCL INFO Channel 04/0 : 3[ce000] -> 1[c6000] via P2P/IPC comm 0x151fa284a010 nRanks 08
nid005207:112452:113488 [7] NCCL INFO Channel 04/0 : 7[de000] -> 5[d6000] via P2P/IPC comm 0x14d1dde28010 nRanks 08
nid005207:112449:113487 [4] NCCL INFO Channel 04/0 : 4[d1000] -> 2[c9000] via P2P/IPC comm 0x154072344010 nRanks 08
nid005207:112448:113482 [3] NCCL INFO Channel 08/0 : 3[ce000] -> 1[c6000] via P2P/IPC comm 0x151fa284a010 nRanks 08
nid005207:112452:113488 [7] NCCL INFO Channel 08/0 : 7[de000] -> 5[d6000] via P2P/IPC comm 0x14d1dde28010 nRanks 08
nid005207:112449:113487 [4] NCCL INFO Channel 08/0 : 4[d1000] -> 2[c9000] via P2P/IPC comm 0x154072344010 nRanks 08
nid005207:112452:113488 [7] NCCL INFO Channel 12/0 : 7[de000] -> 5[d6000] via P2P/IPC comm 0x14d1dde28010 nRanks 08
nid005207:112448:113482 [3] NCCL INFO Channel 12/0 : 3[ce000] -> 1[c6000] via P2P/IPC comm 0x151fa284a010 nRanks 08
nid005207:112449:113487 [4] NCCL INFO Channel 12/0 : 4[d1000] -> 2[c9000] via P2P/IPC comm 0x154072344010 nRanks 08
nid005207:112448:113482 [3] NCCL INFO Channel 01/0 : 3[ce000] -> 2[c9000] via P2P/IPC comm 0x151fa284a010 nRanks 08
nid005207:112446:113485 [1] NCCL INFO Channel 00/0 : 1[c6000] -> 0[c1000] via P2P/IPC comm 0x1532a4944010 nRanks 08
nid005207:112452:113488 [7] NCCL INFO Channel 01/0 : 7[de000] -> 6[d9000] via P2P/IPC comm 0x14d1dde28010 nRanks 08
nid005207:112450:113486 [5] NCCL INFO Channel 00/0 : 5[d6000] -> 4[d1000] via P2P/IPC comm 0x146c6d344010 nRanks 08
nid005207:112446:113485 [1] NCCL INFO Channel 02/0 : 1[c6000] -> 0[c1000] via P2P/IPC comm 0x1532a4944010 nRanks 08
nid005207:112448:113482 [3] NCCL INFO Channel 03/0 : 3[ce000] -> 2[c9000] via P2P/IPC comm 0x151fa284a010 nRanks 08
nid005207:112450:113486 [5] NCCL INFO Channel 03/0 : 5[d6000] -> 4[d1000] via P2P/IPC comm 0x146c6d344010 nRanks 08
nid005207:112452:113488 [7] NCCL INFO Channel 02/0 : 7[de000] -> 6[d9000] via P2P/IPC comm 0x14d1dde28010 nRanks 08
nid005207:112446:113485 [1] NCCL INFO Channel 04/0 : 1[c6000] -> 0[c1000] via P2P/IPC comm 0x1532a4944010 nRanks 08
nid005207:112448:113482 [3] NCCL INFO Channel 05/0 : 3[ce000] -> 2[c9000] via P2P/IPC comm 0x151fa284a010 nRanks 08
nid005207:112450:113486 [5] NCCL INFO Channel 04/0 : 5[d6000] -> 4[d1000] via P2P/IPC comm 0x146c6d344010 nRanks 08
nid005207:112452:113488 [7] NCCL INFO Channel 05/0 : 7[de000] -> 6[d9000] via P2P/IPC comm 0x14d1dde28010 nRanks 08
nid005207:112446:113485 [1] NCCL INFO Channel 06/0 : 1[c6000] -> 0[c1000] via P2P/IPC comm 0x1532a4944010 nRanks 08
nid005207:112448:113482 [3] NCCL INFO Channel 07/0 : 3[ce000] -> 2[c9000] via P2P/IPC comm 0x151fa284a010 nRanks 08
nid005207:112450:113486 [5] NCCL INFO Channel 07/0 : 5[d6000] -> 4[d1000] via P2P/IPC comm 0x146c6d344010 nRanks 08
nid005207:112452:113488 [7] NCCL INFO Channel 06/0 : 7[de000] -> 6[d9000] via P2P/IPC comm 0x14d1dde28010 nRanks 08
nid005207:112446:113485 [1] NCCL INFO Channel 08/0 : 1[c6000] -> 0[c1000] via P2P/IPC comm 0x1532a4944010 nRanks 08
nid005207:112448:113482 [3] NCCL INFO Channel 09/0 : 3[ce000] -> 2[c9000] via P2P/IPC comm 0x151fa284a010 nRanks 08
nid005207:112450:113486 [5] NCCL INFO Channel 08/0 : 5[d6000] -> 4[d1000] via P2P/IPC comm 0x146c6d344010 nRanks 08
nid005207:112452:113488 [7] NCCL INFO Channel 09/0 : 7[de000] -> 6[d9000] via P2P/IPC comm 0x14d1dde28010 nRanks 08
nid005207:112446:113485 [1] NCCL INFO Channel 10/0 : 1[c6000] -> 0[c1000] via P2P/IPC comm 0x1532a4944010 nRanks 08
nid005207:112448:113482 [3] NCCL INFO Channel 11/0 : 3[ce000] -> 2[c9000] via P2P/IPC comm 0x151fa284a010 nRanks 08
nid005207:112450:113486 [5] NCCL INFO Channel 11/0 : 5[d6000] -> 4[d1000] via P2P/IPC comm 0x146c6d344010 nRanks 08
nid005207:112452:113488 [7] NCCL INFO Channel 10/0 : 7[de000] -> 6[d9000] via P2P/IPC comm 0x14d1dde28010 nRanks 08
nid005207:112446:113485 [1] NCCL INFO Channel 12/0 : 1[c6000] -> 0[c1000] via P2P/IPC comm 0x1532a4944010 nRanks 08
nid005207:112448:113482 [3] NCCL INFO Channel 13/0 : 3[ce000] -> 2[c9000] via P2P/IPC comm 0x151fa284a010 nRanks 08
nid005207:112450:113486 [5] NCCL INFO Channel 12/0 : 5[d6000] -> 4[d1000] via P2P/IPC comm 0x146c6d344010 nRanks 08
nid005207:112452:113488 [7] NCCL INFO Channel 13/0 : 7[de000] -> 6[d9000] via P2P/IPC comm 0x14d1dde28010 nRanks 08
nid005207:112446:113485 [1] NCCL INFO Channel 14/0 : 1[c6000] -> 0[c1000] via P2P/IPC comm 0x1532a4944010 nRanks 08
nid005207:112448:113482 [3] NCCL INFO Channel 15/0 : 3[ce000] -> 2[c9000] via P2P/IPC comm 0x151fa284a010 nRanks 08
nid005207:112450:113486 [5] NCCL INFO Channel 15/0 : 5[d6000] -> 4[d1000] via P2P/IPC comm 0x146c6d344010 nRanks 08
nid005207:112452:113488 [7] NCCL INFO Channel 14/0 : 7[de000] -> 6[d9000] via P2P/IPC comm 0x14d1dde28010 nRanks 08
nid005207:112445:113481 [0] NCCL INFO Connected all trees
nid005207:112446:113485 [1] NCCL INFO Connected all trees
nid005207:112450:113486 [5] NCCL INFO Connected all trees
nid005207:112447:113484 [2] NCCL INFO Connected all trees
nid005207:112451:113483 [6] NCCL INFO Connected all trees
nid005207:112448:113482 [3] NCCL INFO Connected all trees
nid005207:112452:113488 [7] NCCL INFO Connected all trees
nid005207:112449:113487 [4] NCCL INFO Connected all trees
nid005207:112446:113485 [1] NCCL INFO threadThresholds 8/8/64 | 64/8/64 | 256 | 256
nid005207:112446:113485 [1] NCCL INFO 16 coll channels, 16 collnet channels, 0 nvls channels, 16 p2p channels, 2 p2p channels per peer
nid005207:112445:113481 [0] NCCL INFO threadThresholds 8/8/64 | 64/8/64 | 256 | 256
nid005207:112445:113481 [0] NCCL INFO 16 coll channels, 16 collnet channels, 0 nvls channels, 16 p2p channels, 2 p2p channels per peer
nid005207:112445:113481 [0] NCCL INFO CC Off, Multi-GPU CC Off, workFifoBytes 1048576
nid005207:112449:113487 [4] NCCL INFO threadThresholds 8/8/64 | 64/8/64 | 256 | 256
nid005207:112449:113487 [4] NCCL INFO 16 coll channels, 16 collnet channels, 0 nvls channels, 16 p2p channels, 2 p2p channels per peer
nid005207:112450:113486 [5] NCCL INFO threadThresholds 8/8/64 | 64/8/64 | 256 | 256
nid005207:112450:113486 [5] NCCL INFO 16 coll channels, 16 collnet channels, 0 nvls channels, 16 p2p channels, 2 p2p channels per peer
nid005207:112447:113484 [2] NCCL INFO threadThresholds 8/8/64 | 64/8/64 | 256 | 256
nid005207:112447:113484 [2] NCCL INFO 16 coll channels, 16 collnet channels, 0 nvls channels, 16 p2p channels, 2 p2p channels per peer
nid005207:112448:113482 [3] NCCL INFO threadThresholds 8/8/64 | 64/8/64 | 256 | 256
nid005207:112448:113482 [3] NCCL INFO 16 coll channels, 16 collnet channels, 0 nvls channels, 16 p2p channels, 2 p2p channels per peer
nid005207:112452:113488 [7] NCCL INFO threadThresholds 8/8/64 | 64/8/64 | 256 | 256
nid005207:112452:113488 [7] NCCL INFO 16 coll channels, 16 collnet channels, 0 nvls channels, 16 p2p channels, 2 p2p channels per peer
nid005207:112451:113483 [6] NCCL INFO threadThresholds 8/8/64 | 64/8/64 | 256 | 256
nid005207:112451:113483 [6] NCCL INFO 16 coll channels, 16 collnet channels, 0 nvls channels, 16 p2p channels, 2 p2p channels per peer
nid005207:112450:113486 [5] NCCL INFO ncclCommInitRank comm 0x146c6d344010 rank 5 nranks 8 cudaDev 5 nvmlDev 5 busId d6000 commId 0xba1a0de7397dc4fd localSize 272 used 873825728 bytes on core 66 - Init COMPLETE
nid005207:112450:113486 [5] NCCL INFO Init timings: rank 5 nranks 8 total 1.22 (kernels 0.00, bootstrap 0.04, allgathers 0.01, topo 0.91, graphs 0.01, connections 0.24, rest 0.00)
nid005207:112446:113485 [1] NCCL INFO ncclCommInitRank comm 0x1532a4944010 rank 1 nranks 8 cudaDev 1 nvmlDev 1 busId c6000 commId 0xba1a0de7397dc4fd localSize 272 used 873825728 bytes on core 50 - Init COMPLETE
nid005207:112446:113485 [1] NCCL INFO Init timings: rank 1 nranks 8 total 1.22 (kernels 0.00, bootstrap 0.04, allgathers 0.01, topo 0.92, graphs 0.01, connections 0.24, rest 0.00)
nid005207:112448:113482 [3] NCCL INFO ncclCommInitRank comm 0x151fa284a010 rank 3 nranks 8 cudaDev 3 nvmlDev 3 busId ce000 commId 0xba1a0de7397dc4fd localSize 272 used 873825728 bytes on core 18 - Init COMPLETE
nid005207:112448:113482 [3] NCCL INFO Init timings: rank 3 nranks 8 total 1.22 (kernels 0.00, bootstrap 0.04, allgathers 0.03, topo 0.90, graphs 0.01, connections 0.24, rest 0.00)
nid005207:112449:113487 [4] NCCL INFO ncclCommInitRank comm 0x154072344010 rank 4 nranks 8 cudaDev 4 nvmlDev 4 busId d1000 commId 0xba1a0de7397dc4fd localSize 272 used 873825728 bytes on core 65 - Init COMPLETE
nid005207:112449:113487 [4] NCCL INFO Init timings: rank 4 nranks 8 total 1.22 (kernels 0.00, bootstrap 0.04, allgathers 0.03, topo 0.90, graphs 0.01, connections 0.24, rest 0.00)
nid005207:112452:113488 [7] NCCL INFO ncclCommInitRank comm 0x14d1dde28010 rank 7 nranks 8 cudaDev 7 nvmlDev 7 busId de000 commId 0xba1a0de7397dc4fd localSize 272 used 873825728 bytes on core 34 - Init COMPLETE
nid005207:112452:113488 [7] NCCL INFO Init timings: rank 7 nranks 8 total 1.22 (kernels 0.00, bootstrap 0.04, allgathers 0.00, topo 0.93, graphs 0.01, connections 0.24, rest 0.00)
nid005207:112445:113481 [0] NCCL INFO ncclCommInitRank comm 0x14b07364a010 rank 0 nranks 8 cudaDev 0 nvmlDev 0 busId c1000 commId 0xba1a0de7397dc4fd localSize 272 used 739608000 bytes on core 49 - Init COMPLETE
nid005207:112445:113481 [0] NCCL INFO Init timings: rank 0 nranks 8 total 1.22 (kernels 0.00, bootstrap 0.04, allgathers 0.02, topo 0.91, graphs 0.01, connections 0.24, rest 0.00)
nid005207:112447:113484 [2] NCCL INFO ncclCommInitRank comm 0x14be40a4a010 rank 2 nranks 8 cudaDev 2 nvmlDev 2 busId c9000 commId 0xba1a0de7397dc4fd localSize 272 used 806716864 bytes on core 17 - Init COMPLETE
nid005207:112447:113484 [2] NCCL INFO Init timings: rank 2 nranks 8 total 1.22 (kernels 0.00, bootstrap 0.04, allgathers 0.02, topo 0.91, graphs 0.01, connections 0.24, rest 0.00)
nid005207:112451:113483 [6] NCCL INFO ncclCommInitRank comm 0x14e74dc4a010 rank 6 nranks 8 cudaDev 6 nvmlDev 6 busId d9000 commId 0xba1a0de7397dc4fd localSize 272 used 806716864 bytes on core 33 - Init COMPLETE
nid005207:112451:113483 [6] NCCL INFO Init timings: rank 6 nranks 8 total 1.21 (kernels 0.00, bootstrap 0.04, allgathers 0.01, topo 0.91, graphs 0.01, connections 0.24, rest 0.00)
Running with DeepSpeed MoE backend
nid005207:112445:112445 [0] NCCL INFO Kernel version: 6.4.0-150600.23.73_15.0.14-cray_shasta_c
nid005207:112445:112445 [0] NCCL INFO Kernel version: 6.4.0-150600.23.73_15.0.14-cray_shasta_c
nid005207:112445:112445 [0] NCCL INFO Comm config Blocking set to 1
nid005207:112445:113603 [0] NCCL INFO Using network Socket
nid005207:112445:113603 [0] NCCL INFO [node_id = 7; gpu_id = 3099; unique_id = 1056313863699812000; location_id = 52736; bdf = 52736; domain = 0; partition = 0], 
nid005207:112445:113603 [0] NCCL INFO [node_id = 10; gpu_id = 62036; unique_id = 2312097782356353938; location_id = 55552; bdf = 55552; domain = 0; partition = 0], 
nid005207:112445:113603 [0] NCCL INFO [node_id = 4; gpu_id = 63582; unique_id = 3931081491954347059; location_id = 49408; bdf = 49408; domain = 0; partition = 0], 
nid005207:112445:113603 [0] NCCL INFO [node_id = 11; gpu_id = 49174; unique_id = 5845443564552700405; location_id = 56832; bdf = 56832; domain = 0; partition = 0], 
nid005207:112445:113603 [0] NCCL INFO [node_id = 9; gpu_id = 1553; unique_id = 7110384647860282763; location_id = 54784; bdf = 54784; domain = 0; partition = 0], 
nid005207:112445:113603 [0] NCCL INFO [node_id = 6; gpu_id = 15961; unique_id = 8091508737000574017; location_id = 51456; bdf = 51456; domain = 0; partition = 0], 
nid005207:112445:113603 [0] NCCL INFO [node_id = 5; gpu_id = 51740; unique_id = 10167158931974585021; location_id = 50688; bdf = 50688; domain = 0; partition = 0], 
nid005207:112445:113603 [0] NCCL INFO [node_id = 8; gpu_id = 13395; unique_id = 10948500998201386095; location_id = 53504; bdf = 53504; domain = 0; partition = 0], 
nid005207:112445:113603 [0] NCCL INFO initialized internal alternative rsmi functionality
nid005207:112445:113603 [0] NCCL INFO ncclCommInitRank comm 0x1b3f60a0 rank 0 nranks 1 cudaDev 0 nvmlDev 0 busId c1000 commId 0x81d8efa73bd792fa - Init START
nid005207:112445:113603 [0] NCCL INFO initialized internal alternative rsmi functionality
nid005207:112450:112450 [5] NCCL INFO Kernel version: 6.4.0-150600.23.73_15.0.14-cray_shasta_c
nid005207:112450:112450 [5] NCCL INFO Kernel version: 6.4.0-150600.23.73_15.0.14-cray_shasta_c
nid005207:112450:112450 [5] NCCL INFO Comm config Blocking set to 1
nid005207:112450:113605 [5] NCCL INFO Using network Socket
nid005207:112450:113605 [5] NCCL INFO [node_id = 7; gpu_id = 3099; unique_id = 1056313863699812000; location_id = 52736; bdf = 52736; domain = 0; partition = 0], 
nid005207:112450:113605 [5] NCCL INFO [node_id = 10; gpu_id = 62036; unique_id = 2312097782356353938; location_id = 55552; bdf = 55552; domain = 0; partition = 0], 
nid005207:112450:113605 [5] NCCL INFO [node_id = 4; gpu_id = 63582; unique_id = 3931081491954347059; location_id = 49408; bdf = 49408; domain = 0; partition = 0], 
nid005207:112450:113605 [5] NCCL INFO [node_id = 11; gpu_id = 49174; unique_id = 5845443564552700405; location_id = 56832; bdf = 56832; domain = 0; partition = 0], 
nid005207:112450:113605 [5] NCCL INFO [node_id = 9; gpu_id = 1553; unique_id = 7110384647860282763; location_id = 54784; bdf = 54784; domain = 0; partition = 0], 
nid005207:112450:113605 [5] NCCL INFO [node_id = 6; gpu_id = 15961; unique_id = 8091508737000574017; location_id = 51456; bdf = 51456; domain = 0; partition = 0], 
nid005207:112450:113605 [5] NCCL INFO [node_id = 5; gpu_id = 51740; unique_id = 10167158931974585021; location_id = 50688; bdf = 50688; domain = 0; partition = 0], 
nid005207:112450:113605 [5] NCCL INFO [node_id = 8; gpu_id = 13395; unique_id = 10948500998201386095; location_id = 53504; bdf = 53504; domain = 0; partition = 0], 
nid005207:112450:113605 [5] NCCL INFO initialized internal alternative rsmi functionality
nid005207:112450:113605 [5] NCCL INFO ncclCommInitRank comm 0x1b4c10a0 rank 0 nranks 1 cudaDev 5 nvmlDev 5 busId d6000 commId 0x9eec43bc22fa4ce5 - Init START
nid005207:112450:113605 [5] NCCL INFO initialized internal alternative rsmi functionality
nid005207:112451:112451 [6] NCCL INFO Kernel version: 6.4.0-150600.23.73_15.0.14-cray_shasta_c
nid005207:112451:112451 [6] NCCL INFO Kernel version: 6.4.0-150600.23.73_15.0.14-cray_shasta_c
nid005207:112451:112451 [6] NCCL INFO Comm config Blocking set to 1
nid005207:112451:113607 [6] NCCL INFO Using network Socket
nid005207:112445:113603 [0] NCCL INFO Setting affinity for GPU 0 to fefe0000,00000000,fefe0000,00000000
nid005207:112445:113603 [0] NCCL INFO comm 0x1b3f60a0 rank 0 nRanks 1 nNodes 1 localRanks 1 localRank 0 MNNVL 0
nid005207:112445:113603 [0] NCCL INFO Channel 00/32 :    0
nid005207:112445:113603 [0] NCCL INFO Channel 01/32 :    0
nid005207:112445:113603 [0] NCCL INFO Channel 02/32 :    0
nid005207:112445:113603 [0] NCCL INFO Channel 03/32 :    0
nid005207:112445:113603 [0] NCCL INFO Channel 04/32 :    0
nid005207:112445:113603 [0] NCCL INFO Channel 05/32 :    0
nid005207:112445:113603 [0] NCCL INFO Channel 06/32 :    0
nid005207:112445:113603 [0] NCCL INFO Channel 07/32 :    0
nid005207:112445:113603 [0] NCCL INFO Channel 08/32 :    0
nid005207:112445:113603 [0] NCCL INFO Channel 09/32 :    0
nid005207:112445:113603 [0] NCCL INFO Channel 10/32 :    0
nid005207:112445:113603 [0] NCCL INFO Channel 11/32 :    0
nid005207:112445:113603 [0] NCCL INFO Channel 12/32 :    0
nid005207:112445:113603 [0] NCCL INFO Channel 13/32 :    0
nid005207:112445:113603 [0] NCCL INFO Channel 14/32 :    0
nid005207:112445:113603 [0] NCCL INFO Channel 15/32 :    0
nid005207:112445:113603 [0] NCCL INFO Channel 16/32 :    0
nid005207:112445:113603 [0] NCCL INFO Channel 17/32 :    0
nid005207:112445:113603 [0] NCCL INFO Channel 18/32 :    0
nid005207:112445:113603 [0] NCCL INFO Channel 19/32 :    0
nid005207:112445:113603 [0] NCCL INFO Channel 20/32 :    0
nid005207:112445:113603 [0] NCCL INFO Channel 21/32 :    0
nid005207:112445:113603 [0] NCCL INFO Channel 22/32 :    0
nid005207:112445:113603 [0] NCCL INFO Channel 23/32 :    0
nid005207:112445:113603 [0] NCCL INFO Channel 24/32 :    0
nid005207:112445:113603 [0] NCCL INFO Channel 25/32 :    0
nid005207:112445:113603 [0] NCCL INFO Channel 26/32 :    0
nid005207:112445:113603 [0] NCCL INFO Channel 27/32 :    0
nid005207:112445:113603 [0] NCCL INFO Channel 28/32 :    0
nid005207:112445:113603 [0] NCCL INFO Channel 29/32 :    0
nid005207:112445:113603 [0] NCCL INFO Channel 30/32 :    0
nid005207:112445:113603 [0] NCCL INFO Channel 31/32 :    0
nid005207:112445:113603 [0] NCCL INFO Trees [0] -1/-1/-1->0->-1 [1] -1/-1/-1->0->-1 [2] -1/-1/-1->0->-1 [3] -1/-1/-1->0->-1 [4] -1/-1/-1->0->-1 [5] -1/-1/-1->0->-1 [6] -1/-1/-1->0->-1 [7] -1/-1/-1->0->-1 [8] -1/-1/-1->0->-1 [9] -1/-1/-1->0->-1 [10] -1/-1/-1->0->-1 [11] -1/-1/-1->0->-1 [12] -1/-1/-1->0->-1 [13] -1/-1/-1->0->-1 [14] -1/-1/-1->0->-1 [15] -1/-1/-1->0->-1 [16] -1/-1/-1->0->-1 [17] -1/-1/-1->0->-1 [18] -1/-1/-1->0->-1 [19] -1/-1/-1->0->-1 [20] -1/-1/-1->0->-1 [21] -1/-1/-1->0->-1 [22] -1/-1/-1->0->-1 [23] -1/-1/-1->0->-1 [24] -1/-1/-1->0->-1 [25] -1/-1/-1->0->-1 [26] -1/-1/-1->0->-1 [27] -1/-1/-1->0->-1 [28] -1/-1/-1->0->-1 [29] -1/-1/-1->0->-1 [30] -1/-1/-1->0->-1 [31] -1/-1/-1->0->-1 comm 0x1b3f60a0 nRanks 01 busId c1000
nid005207:112445:113603 [0] NCCL INFO P2P Chunksize set to 131072
nid005207:112451:113607 [6] NCCL INFO [node_id = 7; gpu_id = 3099; unique_id = 1056313863699812000; location_id = 52736; bdf = 52736; domain = 0; partition = 0], 
nid005207:112451:113607 [6] NCCL INFO [node_id = 10; gpu_id = 62036; unique_id = 2312097782356353938; location_id = 55552; bdf = 55552; domain = 0; partition = 0], 
nid005207:112451:113607 [6] NCCL INFO [node_id = 4; gpu_id = 63582; unique_id = 3931081491954347059; location_id = 49408; bdf = 49408; domain = 0; partition = 0], 
nid005207:112451:113607 [6] NCCL INFO [node_id = 11; gpu_id = 49174; unique_id = 5845443564552700405; location_id = 56832; bdf = 56832; domain = 0; partition = 0], 
nid005207:112451:113607 [6] NCCL INFO [node_id = 9; gpu_id = 1553; unique_id = 7110384647860282763; location_id = 54784; bdf = 54784; domain = 0; partition = 0], 
nid005207:112451:113607 [6] NCCL INFO [node_id = 6; gpu_id = 15961; unique_id = 8091508737000574017; location_id = 51456; bdf = 51456; domain = 0; partition = 0], 
nid005207:112451:113607 [6] NCCL INFO [node_id = 5; gpu_id = 51740; unique_id = 10167158931974585021; location_id = 50688; bdf = 50688; domain = 0; partition = 0], 
nid005207:112451:113607 [6] NCCL INFO [node_id = 8; gpu_id = 13395; unique_id = 10948500998201386095; location_id = 53504; bdf = 53504; domain = 0; partition = 0], 
nid005207:112445:113603 [0] NCCL INFO 32 coll channels, 32 collnet channels, 0 nvls channels, 32 p2p channels, 32 p2p channels per peer
nid005207:112445:113603 [0] NCCL INFO CC Off, Multi-GPU CC Off, workFifoBytes 1048576
nid005207:112445:113603 [0] NCCL INFO ncclCommInitRank comm 0x1b3f60a0 rank 0 nranks 1 cudaDev 0 nvmlDev 0 busId c1000 commId 0x81d8efa73bd792fa localSize 272 used 840877984 bytes on core 113 - Init COMPLETE
nid005207:112445:113603 [0] NCCL INFO Init timings: rank 0 nranks 1 total 0.12 (kernels 0.00, bootstrap 0.02, allgathers 0.00, topo 0.09, graphs 0.00, connections 0.01, rest 0.00)
nid005207:112451:113607 [6] NCCL INFO initialized internal alternative rsmi functionality
nid005207:112451:113607 [6] NCCL INFO ncclCommInitRank comm 0x1b4148d0 rank 0 nranks 1 cudaDev 6 nvmlDev 6 busId d9000 commId 0xb29a06dff187c0f0 - Init START
nid005207:112451:113607 [6] NCCL INFO initialized internal alternative rsmi functionality
nid005207:112447:112447 [2] NCCL INFO Kernel version: 6.4.0-150600.23.73_15.0.14-cray_shasta_c
nid005207:112447:112447 [2] NCCL INFO Kernel version: 6.4.0-150600.23.73_15.0.14-cray_shasta_c
nid005207:112447:112447 [2] NCCL INFO Comm config Blocking set to 1
nid005207:112447:113612 [2] NCCL INFO Using network Socket
nid005207:112447:113612 [2] NCCL INFO [node_id = 7; gpu_id = 3099; unique_id = 1056313863699812000; location_id = 52736; bdf = 52736; domain = 0; partition = 0], 
nid005207:112447:113612 [2] NCCL INFO [node_id = 10; gpu_id = 62036; unique_id = 2312097782356353938; location_id = 55552; bdf = 55552; domain = 0; partition = 0], 
nid005207:112447:113612 [2] NCCL INFO [node_id = 4; gpu_id = 63582; unique_id = 3931081491954347059; location_id = 49408; bdf = 49408; domain = 0; partition = 0], 
nid005207:112447:113612 [2] NCCL INFO [node_id = 11; gpu_id = 49174; unique_id = 5845443564552700405; location_id = 56832; bdf = 56832; domain = 0; partition = 0], 
nid005207:112447:113612 [2] NCCL INFO [node_id = 9; gpu_id = 1553; unique_id = 7110384647860282763; location_id = 54784; bdf = 54784; domain = 0; partition = 0], 
nid005207:112447:113612 [2] NCCL INFO [node_id = 6; gpu_id = 15961; unique_id = 8091508737000574017; location_id = 51456; bdf = 51456; domain = 0; partition = 0], 
nid005207:112447:113612 [2] NCCL INFO [node_id = 5; gpu_id = 51740; unique_id = 10167158931974585021; location_id = 50688; bdf = 50688; domain = 0; partition = 0], 
nid005207:112447:113612 [2] NCCL INFO [node_id = 8; gpu_id = 13395; unique_id = 10948500998201386095; location_id = 53504; bdf = 53504; domain = 0; partition = 0], 
nid005207:112452:112452 [7] NCCL INFO Kernel version: 6.4.0-150600.23.73_15.0.14-cray_shasta_c
nid005207:112452:112452 [7] NCCL INFO Kernel version: 6.4.0-150600.23.73_15.0.14-cray_shasta_c
nid005207:112452:112452 [7] NCCL INFO Comm config Blocking set to 1
nid005207:112452:113614 [7] NCCL INFO Using network Socket
nid005207:112452:113614 [7] NCCL INFO [node_id = 7; gpu_id = 3099; unique_id = 1056313863699812000; location_id = 52736; bdf = 52736; domain = 0; partition = 0], 
nid005207:112452:113614 [7] NCCL INFO [node_id = 10; gpu_id = 62036; unique_id = 2312097782356353938; location_id = 55552; bdf = 55552; domain = 0; partition = 0], 
nid005207:112452:113614 [7] NCCL INFO [node_id = 4; gpu_id = 63582; unique_id = 3931081491954347059; location_id = 49408; bdf = 49408; domain = 0; partition = 0], 
nid005207:112452:113614 [7] NCCL INFO [node_id = 11; gpu_id = 49174; unique_id = 5845443564552700405; location_id = 56832; bdf = 56832; domain = 0; partition = 0], 
nid005207:112452:113614 [7] NCCL INFO [node_id = 9; gpu_id = 1553; unique_id = 7110384647860282763; location_id = 54784; bdf = 54784; domain = 0; partition = 0], 
nid005207:112452:113614 [7] NCCL INFO [node_id = 6; gpu_id = 15961; unique_id = 8091508737000574017; location_id = 51456; bdf = 51456; domain = 0; partition = 0], 
nid005207:112452:113614 [7] NCCL INFO [node_id = 5; gpu_id = 51740; unique_id = 10167158931974585021; location_id = 50688; bdf = 50688; domain = 0; partition = 0], 
nid005207:112452:113614 [7] NCCL INFO [node_id = 8; gpu_id = 13395; unique_id = 10948500998201386095; location_id = 53504; bdf = 53504; domain = 0; partition = 0], 
nid005207:112448:112448 [3] NCCL INFO Kernel version: 6.4.0-150600.23.73_15.0.14-cray_shasta_c
nid005207:112448:112448 [3] NCCL INFO Kernel version: 6.4.0-150600.23.73_15.0.14-cray_shasta_c
nid005207:112448:112448 [3] NCCL INFO Comm config Blocking set to 1
nid005207:112448:113616 [3] NCCL INFO Using network Socket
nid005207:112447:113612 [2] NCCL INFO initialized internal alternative rsmi functionality
nid005207:112448:113616 [3] NCCL INFO [node_id = 7; gpu_id = 3099; unique_id = 1056313863699812000; location_id = 52736; bdf = 52736; domain = 0; partition = 0], 
nid005207:112448:113616 [3] NCCL INFO [node_id = 10; gpu_id = 62036; unique_id = 2312097782356353938; location_id = 55552; bdf = 55552; domain = 0; partition = 0], 
nid005207:112448:113616 [3] NCCL INFO [node_id = 4; gpu_id = 63582; unique_id = 3931081491954347059; location_id = 49408; bdf = 49408; domain = 0; partition = 0], 
nid005207:112448:113616 [3] NCCL INFO [node_id = 11; gpu_id = 49174; unique_id = 5845443564552700405; location_id = 56832; bdf = 56832; domain = 0; partition = 0], 
nid005207:112448:113616 [3] NCCL INFO [node_id = 9; gpu_id = 1553; unique_id = 7110384647860282763; location_id = 54784; bdf = 54784; domain = 0; partition = 0], 
nid005207:112448:113616 [3] NCCL INFO [node_id = 6; gpu_id = 15961; unique_id = 8091508737000574017; location_id = 51456; bdf = 51456; domain = 0; partition = 0], 
nid005207:112448:113616 [3] NCCL INFO [node_id = 5; gpu_id = 51740; unique_id = 10167158931974585021; location_id = 50688; bdf = 50688; domain = 0; partition = 0], 
nid005207:112448:113616 [3] NCCL INFO [node_id = 8; gpu_id = 13395; unique_id = 10948500998201386095; location_id = 53504; bdf = 53504; domain = 0; partition = 0], 
nid005207:112452:113614 [7] NCCL INFO initialized internal alternative rsmi functionality
nid005207:112450:113605 [5] NCCL INFO Setting affinity for GPU 5 to fefe,00000000,0000fefe
nid005207:112450:113605 [5] NCCL INFO comm 0x1b4c10a0 rank 0 nRanks 1 nNodes 1 localRanks 1 localRank 0 MNNVL 0
nid005207:112450:113605 [5] NCCL INFO Channel 00/32 :    0
nid005207:112450:113605 [5] NCCL INFO Channel 01/32 :    0
nid005207:112450:113605 [5] NCCL INFO Channel 02/32 :    0
nid005207:112450:113605 [5] NCCL INFO Channel 03/32 :    0
nid005207:112450:113605 [5] NCCL INFO Channel 04/32 :    0
nid005207:112450:113605 [5] NCCL INFO Channel 05/32 :    0
nid005207:112450:113605 [5] NCCL INFO Channel 06/32 :    0
nid005207:112450:113605 [5] NCCL INFO Channel 07/32 :    0
nid005207:112450:113605 [5] NCCL INFO Channel 08/32 :    0
nid005207:112450:113605 [5] NCCL INFO Channel 09/32 :    0
nid005207:112450:113605 [5] NCCL INFO Channel 10/32 :    0
nid005207:112450:113605 [5] NCCL INFO Channel 11/32 :    0
nid005207:112450:113605 [5] NCCL INFO Channel 12/32 :    0
nid005207:112450:113605 [5] NCCL INFO Channel 13/32 :    0
nid005207:112450:113605 [5] NCCL INFO Channel 14/32 :    0
nid005207:112450:113605 [5] NCCL INFO Channel 15/32 :    0
nid005207:112450:113605 [5] NCCL INFO Channel 16/32 :    0
nid005207:112450:113605 [5] NCCL INFO Channel 17/32 :    0
nid005207:112450:113605 [5] NCCL INFO Channel 18/32 :    0
nid005207:112450:113605 [5] NCCL INFO Channel 19/32 :    0
nid005207:112450:113605 [5] NCCL INFO Channel 20/32 :    0
nid005207:112450:113605 [5] NCCL INFO Channel 21/32 :    0
nid005207:112450:113605 [5] NCCL INFO Channel 22/32 :    0
nid005207:112450:113605 [5] NCCL INFO Channel 23/32 :    0
nid005207:112450:113605 [5] NCCL INFO Channel 24/32 :    0
nid005207:112450:113605 [5] NCCL INFO Channel 25/32 :    0
nid005207:112450:113605 [5] NCCL INFO Channel 26/32 :    0
nid005207:112450:113605 [5] NCCL INFO Channel 27/32 :    0
nid005207:112450:113605 [5] NCCL INFO Channel 28/32 :    0
nid005207:112450:113605 [5] NCCL INFO Channel 29/32 :    0
nid005207:112450:113605 [5] NCCL INFO Channel 30/32 :    0
nid005207:112450:113605 [5] NCCL INFO Channel 31/32 :    0
nid005207:112450:113605 [5] NCCL INFO Trees [0] -1/-1/-1->0->-1 [1] -1/-1/-1->0->-1 [2] -1/-1/-1->0->-1 [3] -1/-1/-1->0->-1 [4] -1/-1/-1->0->-1 [5] -1/-1/-1->0->-1 [6] -1/-1/-1->0->-1 [7] -1/-1/-1->0->-1 [8] -1/-1/-1->0->-1 [9] -1/-1/-1->0->-1 [10] -1/-1/-1->0->-1 [11] -1/-1/-1->0->-1 [12] -1/-1/-1->0->-1 [13] -1/-1/-1->0->-1 [14] -1/-1/-1->0->-1 [15] -1/-1/-1->0->-1 [16] -1/-1/-1->0->-1 [17] -1/-1/-1->0->-1 [18] -1/-1/-1->0->-1 [19] -1/-1/-1->0->-1 [20] -1/-1/-1->0->-1 [21] -1/-1/-1->0->-1 [22] -1/-1/-1->0->-1 [23] -1/-1/-1->0->-1 [24] -1/-1/-1->0->-1 [25] -1/-1/-1->0->-1 [26] -1/-1/-1->0->-1 [27] -1/-1/-1->0->-1 [28] -1/-1/-1->0->-1 [29] -1/-1/-1->0->-1 [30] -1/-1/-1->0->-1 [31] -1/-1/-1->0->-1 comm 0x1b4c10a0 nRanks 01 busId d6000
nid005207:112450:113605 [5] NCCL INFO P2P Chunksize set to 131072
nid005207:112449:112449 [4] NCCL INFO Kernel version: 6.4.0-150600.23.73_15.0.14-cray_shasta_c
nid005207:112449:112449 [4] NCCL INFO Kernel version: 6.4.0-150600.23.73_15.0.14-cray_shasta_c
nid005207:112449:112449 [4] NCCL INFO Comm config Blocking set to 1
nid005207:112449:113620 [4] NCCL INFO Using network Socket
nid005207:112448:113616 [3] NCCL INFO initialized internal alternative rsmi functionality
nid005207:112449:113620 [4] NCCL INFO [node_id = 7; gpu_id = 3099; unique_id = 1056313863699812000; location_id = 52736; bdf = 52736; domain = 0; partition = 0], 
nid005207:112449:113620 [4] NCCL INFO [node_id = 10; gpu_id = 62036; unique_id = 2312097782356353938; location_id = 55552; bdf = 55552; domain = 0; partition = 0], 
nid005207:112449:113620 [4] NCCL INFO [node_id = 4; gpu_id = 63582; unique_id = 3931081491954347059; location_id = 49408; bdf = 49408; domain = 0; partition = 0], 
nid005207:112449:113620 [4] NCCL INFO [node_id = 11; gpu_id = 49174; unique_id = 5845443564552700405; location_id = 56832; bdf = 56832; domain = 0; partition = 0], 
nid005207:112449:113620 [4] NCCL INFO [node_id = 9; gpu_id = 1553; unique_id = 7110384647860282763; location_id = 54784; bdf = 54784; domain = 0; partition = 0], 
nid005207:112449:113620 [4] NCCL INFO [node_id = 6; gpu_id = 15961; unique_id = 8091508737000574017; location_id = 51456; bdf = 51456; domain = 0; partition = 0], 
nid005207:112449:113620 [4] NCCL INFO [node_id = 5; gpu_id = 51740; unique_id = 10167158931974585021; location_id = 50688; bdf = 50688; domain = 0; partition = 0], 
nid005207:112449:113620 [4] NCCL INFO [node_id = 8; gpu_id = 13395; unique_id = 10948500998201386095; location_id = 53504; bdf = 53504; domain = 0; partition = 0], 
nid005207:112446:112446 [1] NCCL INFO Kernel version: 6.4.0-150600.23.73_15.0.14-cray_shasta_c
nid005207:112446:112446 [1] NCCL INFO Kernel version: 6.4.0-150600.23.73_15.0.14-cray_shasta_c
nid005207:112446:112446 [1] NCCL INFO Comm config Blocking set to 1
nid005207:112450:113605 [5] NCCL INFO 32 coll channels, 32 collnet channels, 0 nvls channels, 32 p2p channels, 32 p2p channels per peer
nid005207:112450:113605 [5] NCCL INFO CC Off, Multi-GPU CC Off, workFifoBytes 1048576
nid005207:112446:113623 [1] NCCL INFO Using network Socket
nid005207:112450:113605 [5] NCCL INFO ncclCommInitRank comm 0x1b4c10a0 rank 0 nranks 1 cudaDev 5 nvmlDev 5 busId d6000 commId 0x9eec43bc22fa4ce5 localSize 272 used 975095712 bytes on core 1 - Init COMPLETE
nid005207:112450:113605 [5] NCCL INFO Init timings: rank 0 nranks 1 total 0.12 (kernels 0.00, bootstrap 0.02, allgathers 0.00, topo 0.09, graphs 0.00, connections 0.01, rest 0.00)
nid005207:112447:113612 [2] NCCL INFO ncclCommInitRank comm 0x1b4ac4b0 rank 0 nranks 1 cudaDev 2 nvmlDev 2 busId c9000 commId 0x11663360383563bf - Init START
nid005207:112447:113612 [2] NCCL INFO initialized internal alternative rsmi functionality
nid005207:112446:113623 [1] NCCL INFO [node_id = 7; gpu_id = 3099; unique_id = 1056313863699812000; location_id = 52736; bdf = 52736; domain = 0; partition = 0], 
nid005207:112446:113623 [1] NCCL INFO [node_id = 10; gpu_id = 62036; unique_id = 2312097782356353938; location_id = 55552; bdf = 55552; domain = 0; partition = 0], 
nid005207:112446:113623 [1] NCCL INFO [node_id = 4; gpu_id = 63582; unique_id = 3931081491954347059; location_id = 49408; bdf = 49408; domain = 0; partition = 0], 
nid005207:112446:113623 [1] NCCL INFO [node_id = 11; gpu_id = 49174; unique_id = 5845443564552700405; location_id = 56832; bdf = 56832; domain = 0; partition = 0], 
nid005207:112446:113623 [1] NCCL INFO [node_id = 9; gpu_id = 1553; unique_id = 7110384647860282763; location_id = 54784; bdf = 54784; domain = 0; partition = 0], 
nid005207:112446:113623 [1] NCCL INFO [node_id = 6; gpu_id = 15961; unique_id = 8091508737000574017; location_id = 51456; bdf = 51456; domain = 0; partition = 0], 
nid005207:112446:113623 [1] NCCL INFO [node_id = 5; gpu_id = 51740; unique_id = 10167158931974585021; location_id = 50688; bdf = 50688; domain = 0; partition = 0], 
nid005207:112446:113623 [1] NCCL INFO [node_id = 8; gpu_id = 13395; unique_id = 10948500998201386095; location_id = 53504; bdf = 53504; domain = 0; partition = 0], 
nid005207:112452:113614 [7] NCCL INFO ncclCommInitRank comm 0x1b4cbd70 rank 0 nranks 1 cudaDev 7 nvmlDev 7 busId de000 commId 0x96417b17293d6c90 - Init START
nid005207:112452:113614 [7] NCCL INFO initialized internal alternative rsmi functionality
nid005207:112449:113620 [4] NCCL INFO initialized internal alternative rsmi functionality
nid005207:112448:113616 [3] NCCL INFO ncclCommInitRank comm 0x1b471c00 rank 0 nranks 1 cudaDev 3 nvmlDev 3 busId ce000 commId 0xca35e04577957fc1 - Init START
nid005207:112448:113616 [3] NCCL INFO initialized internal alternative rsmi functionality
nid005207:112446:113623 [1] NCCL INFO initialized internal alternative rsmi functionality
nid005207:112449:113620 [4] NCCL INFO ncclCommInitRank comm 0x1b48acd0 rank 0 nranks 1 cudaDev 4 nvmlDev 4 busId d1000 commId 0x5bc6bd37d7426ef9 - Init START
nid005207:112449:113620 [4] NCCL INFO initialized internal alternative rsmi functionality
nid005207:112446:113623 [1] NCCL INFO ncclCommInitRank comm 0x1b3f4040 rank 0 nranks 1 cudaDev 1 nvmlDev 1 busId c6000 commId 0x898b78b56728866a - Init START
nid005207:112446:113623 [1] NCCL INFO initialized internal alternative rsmi functionality
nid005207:112451:113607 [6] NCCL INFO Setting affinity for GPU 6 to fefe,00000000,0000fefe,00000000
nid005207:112451:113607 [6] NCCL INFO comm 0x1b4148d0 rank 0 nRanks 1 nNodes 1 localRanks 1 localRank 0 MNNVL 0
nid005207:112451:113607 [6] NCCL INFO Channel 00/32 :    0
nid005207:112451:113607 [6] NCCL INFO Channel 01/32 :    0
nid005207:112451:113607 [6] NCCL INFO Channel 02/32 :    0
nid005207:112451:113607 [6] NCCL INFO Channel 03/32 :    0
nid005207:112451:113607 [6] NCCL INFO Channel 04/32 :    0
nid005207:112451:113607 [6] NCCL INFO Channel 05/32 :    0
nid005207:112451:113607 [6] NCCL INFO Channel 06/32 :    0
nid005207:112451:113607 [6] NCCL INFO Channel 07/32 :    0
nid005207:112451:113607 [6] NCCL INFO Channel 08/32 :    0
nid005207:112451:113607 [6] NCCL INFO Channel 09/32 :    0
nid005207:112451:113607 [6] NCCL INFO Channel 10/32 :    0
nid005207:112451:113607 [6] NCCL INFO Channel 11/32 :    0
nid005207:112451:113607 [6] NCCL INFO Channel 12/32 :    0
nid005207:112451:113607 [6] NCCL INFO Channel 13/32 :    0
nid005207:112451:113607 [6] NCCL INFO Channel 14/32 :    0
nid005207:112451:113607 [6] NCCL INFO Channel 15/32 :    0
nid005207:112451:113607 [6] NCCL INFO Channel 16/32 :    0
nid005207:112451:113607 [6] NCCL INFO Channel 17/32 :    0
nid005207:112451:113607 [6] NCCL INFO Channel 18/32 :    0
nid005207:112451:113607 [6] NCCL INFO Channel 19/32 :    0
nid005207:112451:113607 [6] NCCL INFO Channel 20/32 :    0
nid005207:112451:113607 [6] NCCL INFO Channel 21/32 :    0
nid005207:112451:113607 [6] NCCL INFO Channel 22/32 :    0
nid005207:112451:113607 [6] NCCL INFO Channel 23/32 :    0
nid005207:112451:113607 [6] NCCL INFO Channel 24/32 :    0
nid005207:112451:113607 [6] NCCL INFO Channel 25/32 :    0
nid005207:112451:113607 [6] NCCL INFO Channel 26/32 :    0
nid005207:112451:113607 [6] NCCL INFO Channel 27/32 :    0
nid005207:112451:113607 [6] NCCL INFO Channel 28/32 :    0
nid005207:112451:113607 [6] NCCL INFO Channel 29/32 :    0
nid005207:112451:113607 [6] NCCL INFO Channel 30/32 :    0
nid005207:112451:113607 [6] NCCL INFO Channel 31/32 :    0
nid005207:112451:113607 [6] NCCL INFO Trees [0] -1/-1/-1->0->-1 [1] -1/-1/-1->0->-1 [2] -1/-1/-1->0->-1 [3] -1/-1/-1->0->-1 [4] -1/-1/-1->0->-1 [5] -1/-1/-1->0->-1 [6] -1/-1/-1->0->-1 [7] -1/-1/-1->0->-1 [8] -1/-1/-1->0->-1 [9] -1/-1/-1->0->-1 [10] -1/-1/-1->0->-1 [11] -1/-1/-1->0->-1 [12] -1/-1/-1->0->-1 [13] -1/-1/-1->0->-1 [14] -1/-1/-1->0->-1 [15] -1/-1/-1->0->-1 [16] -1/-1/-1->0->-1 [17] -1/-1/-1->0->-1 [18] -1/-1/-1->0->-1 [19] -1/-1/-1->0->-1 [20] -1/-1/-1->0->-1 [21] -1/-1/-1->0->-1 [22] -1/-1/-1->0->-1 [23] -1/-1/-1->0->-1 [24] -1/-1/-1->0->-1 [25] -1/-1/-1->0->-1 [26] -1/-1/-1->0->-1 [27] -1/-1/-1->0->-1 [28] -1/-1/-1->0->-1 [29] -1/-1/-1->0->-1 [30] -1/-1/-1->0->-1 [31] -1/-1/-1->0->-1 comm 0x1b4148d0 nRanks 01 busId d9000
nid005207:112451:113607 [6] NCCL INFO P2P Chunksize set to 131072
nid005207:112451:113607 [6] NCCL INFO 32 coll channels, 32 collnet channels, 0 nvls channels, 32 p2p channels, 32 p2p channels per peer
nid005207:112451:113607 [6] NCCL INFO CC Off, Multi-GPU CC Off, workFifoBytes 1048576
nid005207:112451:113607 [6] NCCL INFO ncclCommInitRank comm 0x1b4148d0 rank 0 nranks 1 cudaDev 6 nvmlDev 6 busId d9000 commId 0xb29a06dff187c0f0 localSize 272 used 907986848 bytes on core 97 - Init COMPLETE
nid005207:112451:113607 [6] NCCL INFO Init timings: rank 0 nranks 1 total 0.12 (kernels 0.00, bootstrap 0.02, allgathers 0.00, topo 0.09, graphs 0.00, connections 0.01, rest 0.00)
nid005207:112447:113612 [2] NCCL INFO Setting affinity for GPU 2 to fefe0000,00000000,fefe0000
nid005207:112447:113612 [2] NCCL INFO comm 0x1b4ac4b0 rank 0 nRanks 1 nNodes 1 localRanks 1 localRank 0 MNNVL 0
nid005207:112447:113612 [2] NCCL INFO Channel 00/32 :    0
nid005207:112447:113612 [2] NCCL INFO Channel 01/32 :    0
nid005207:112447:113612 [2] NCCL INFO Channel 02/32 :    0
nid005207:112447:113612 [2] NCCL INFO Channel 03/32 :    0
nid005207:112447:113612 [2] NCCL INFO Channel 04/32 :    0
nid005207:112447:113612 [2] NCCL INFO Channel 05/32 :    0
nid005207:112447:113612 [2] NCCL INFO Channel 06/32 :    0
nid005207:112447:113612 [2] NCCL INFO Channel 07/32 :    0
nid005207:112447:113612 [2] NCCL INFO Channel 08/32 :    0
nid005207:112447:113612 [2] NCCL INFO Channel 09/32 :    0
nid005207:112447:113612 [2] NCCL INFO Channel 10/32 :    0
nid005207:112447:113612 [2] NCCL INFO Channel 11/32 :    0
nid005207:112447:113612 [2] NCCL INFO Channel 12/32 :    0
nid005207:112447:113612 [2] NCCL INFO Channel 13/32 :    0
nid005207:112447:113612 [2] NCCL INFO Channel 14/32 :    0
nid005207:112447:113612 [2] NCCL INFO Channel 15/32 :    0
nid005207:112447:113612 [2] NCCL INFO Channel 16/32 :    0
nid005207:112447:113612 [2] NCCL INFO Channel 17/32 :    0
nid005207:112447:113612 [2] NCCL INFO Channel 18/32 :    0
nid005207:112447:113612 [2] NCCL INFO Channel 19/32 :    0
nid005207:112447:113612 [2] NCCL INFO Channel 20/32 :    0
nid005207:112447:113612 [2] NCCL INFO Channel 21/32 :    0
nid005207:112447:113612 [2] NCCL INFO Channel 22/32 :    0
nid005207:112447:113612 [2] NCCL INFO Channel 23/32 :    0
nid005207:112447:113612 [2] NCCL INFO Channel 24/32 :    0
nid005207:112447:113612 [2] NCCL INFO Channel 25/32 :    0
nid005207:112447:113612 [2] NCCL INFO Channel 26/32 :    0
nid005207:112447:113612 [2] NCCL INFO Channel 27/32 :    0
nid005207:112447:113612 [2] NCCL INFO Channel 28/32 :    0
nid005207:112447:113612 [2] NCCL INFO Channel 29/32 :    0
nid005207:112447:113612 [2] NCCL INFO Channel 30/32 :    0
nid005207:112447:113612 [2] NCCL INFO Channel 31/32 :    0
