nid005738:80974:81406 [1] NCCL INFO Trees [0] 5/-1/-1->1->0 [1] 3/-1/-1->1->0 [2] 0/-1/-1->1->3 [3] 0/-1/-1->1->5 [4] 5/-1/-1->1->0 [5] 3/-1/-1->1->0 [6] 0/-1/-1->1->3 [7] 0/-1/-1->1->5 comm 0x4dacef70 nRanks 16 busId c6000
nid005739:99961:100872 [2] NCCL INFO Trees [0] 11/-1/-1->10->12 [1] -1/-1/-1->10->11 [2] 11/-1/-1->10->2 [3] 12/-1/-1->10->11 [4] 11/-1/-1->10->12 [5] -1/-1/-1->10->11 [6] 11/2/-1->10->-1 [7] 12/-1/-1->10->11 comm 0x4b58fb60 nRanks 16 busId c9000
nid005739:99959:100869 [0] NCCL INFO Trees [0] 9/-1/-1->8->0 [1] 9/-1/-1->8->14 [2] 14/-1/-1->8->9 [3] -1/-1/-1->8->9 [4] 9/0/-1->8->-1 [5] 9/-1/-1->8->14 [6] 14/-1/-1->8->9 [7] -1/-1/-1->8->9 comm 0x6cc36ae0 nRanks 16 busId c1000
nid005739:99960:100870 [1] NCCL INFO P2P Chunksize set to 131072
nid005739:99961:100872 [2] NCCL INFO P2P Chunksize set to 131072
nid005739:99959:100869 [0] NCCL INFO P2P Chunksize set to 131072
nid005738:80973:81403 [0] NCCL INFO Channel 01/08 :    0   1   5  12  10  11  15  14   8   9  13   4   2   3   7   6
nid005738:80974:81406 [1] NCCL INFO P2P Chunksize set to 131072
nid005738:80973:81403 [0] NCCL INFO Channel 02/08 :    0   1   3  10  12  13  15  14   8   9  11   2   4   5   7   6
nid005738:80973:81403 [0] NCCL INFO Channel 03/08 :    0   6  15  11  10  12  13   9   8  14   7   3   2   4   5   1
nid005738:80973:81403 [0] NCCL INFO Channel 04/08 :    0   6   7   5   4   2   3   1   8  14  15  13  12  10  11   9
nid005738:80973:81403 [0] NCCL INFO Channel 05/08 :    0   1   5  12  10  11  15  14   8   9  13   4   2   3   7   6
nid005738:80973:81403 [0] NCCL INFO Channel 06/08 :    0   1   3  10  12  13  15  14   8   9  11   2   4   5   7   6
nid005738:80973:81403 [0] NCCL INFO Channel 07/08 :    0   6  15  11  10  12  13   9   8  14   7   3   2   4   5   1
nid005738:80973:81403 [0] NCCL INFO Trees [0] 1/8/-1->0->-1 [1] 1/-1/-1->0->6 [2] 6/-1/-1->0->1 [3] -1/-1/-1->0->1 [4] 1/-1/-1->0->8 [5] 1/-1/-1->0->6 [6] 6/-1/-1->0->1 [7] -1/-1/-1->0->1 comm 0x495ae4d0 nRanks 16 busId c1000
nid005738:80973:81403 [0] NCCL INFO P2P Chunksize set to 131072
nid005739:99965:100873 [6] NCCL INFO Channel 00/0 : 14[d9000] -> 15[de000] via P2P/IPC comm 0x4ead2e80 nRanks 16
nid005739:99961:100872 [2] NCCL INFO Channel 00/0 : 10[c9000] -> 11[ce000] via P2P/IPC comm 0x4b58fb60 nRanks 16
nid005739:99963:100871 [4] NCCL INFO Channel 02/0 : 12[d1000] -> 13[d6000] via P2P/IPC comm 0x4cacc170 nRanks 16
nid005739:99959:100869 [0] NCCL INFO Channel 01/0 : 8[c1000] -> 9[c6000] via P2P/IPC comm 0x6cc36ae0 nRanks 16
nid005738:80977:81405 [4] NCCL INFO Channel 02/0 : 4[d1000] -> 5[d6000] via P2P/IPC comm 0x4c5764f0 nRanks 16
nid005738:80979:81408 [6] NCCL INFO Channel 00/0 : 6[d9000] -> 7[de000] via P2P/IPC comm 0x495a7080 nRanks 16
nid005738:80973:81403 [0] NCCL INFO Channel 01/0 : 0[c1000] -> 1[c6000] via P2P/IPC comm 0x495ae4d0 nRanks 16
nid005738:80975:81407 [2] NCCL INFO Channel 00/0 : 2[c9000] -> 3[ce000] via P2P/IPC comm 0x4a57c7d0 nRanks 16
nid005739:99959:100869 [0] NCCL INFO Channel 02/0 : 8[c1000] -> 9[c6000] via P2P/IPC comm 0x6cc36ae0 nRanks 16
nid005739:99963:100871 [4] NCCL INFO Channel 03/0 : 12[d1000] -> 13[d6000] via P2P/IPC comm 0x4cacc170 nRanks 16
nid005739:99961:100872 [2] NCCL INFO Channel 01/0 : 10[c9000] -> 11[ce000] via P2P/IPC comm 0x4b58fb60 nRanks 16
nid005739:99965:100873 [6] NCCL INFO Channel 04/0 : 14[d9000] -> 15[de000] via P2P/IPC comm 0x4ead2e80 nRanks 16
nid005738:80977:81405 [4] NCCL INFO Channel 03/0 : 4[d1000] -> 5[d6000] via P2P/IPC comm 0x4c5764f0 nRanks 16
nid005738:80975:81407 [2] NCCL INFO Channel 01/0 : 2[c9000] -> 3[ce000] via P2P/IPC comm 0x4a57c7d0 nRanks 16
nid005738:80973:81403 [0] NCCL INFO Channel 02/0 : 0[c1000] -> 1[c6000] via P2P/IPC comm 0x495ae4d0 nRanks 16
nid005738:80979:81408 [6] NCCL INFO Channel 04/0 : 6[d9000] -> 7[de000] via P2P/IPC comm 0x495a7080 nRanks 16
nid005739:99959:100869 [0] NCCL INFO Channel 05/0 : 8[c1000] -> 9[c6000] via P2P/IPC comm 0x6cc36ae0 nRanks 16
nid005739:99963:100871 [4] NCCL INFO Channel 06/0 : 12[d1000] -> 13[d6000] via P2P/IPC comm 0x4cacc170 nRanks 16
nid005738:80977:81405 [4] NCCL INFO Channel 06/0 : 4[d1000] -> 5[d6000] via P2P/IPC comm 0x4c5764f0 nRanks 16
nid005739:99961:100872 [2] NCCL INFO Channel 04/0 : 10[c9000] -> 11[ce000] via P2P/IPC comm 0x4b58fb60 nRanks 16
nid005738:80975:81407 [2] NCCL INFO Channel 04/0 : 2[c9000] -> 3[ce000] via P2P/IPC comm 0x4a57c7d0 nRanks 16
nid005738:80973:81403 [0] NCCL INFO Channel 05/0 : 0[c1000] -> 1[c6000] via P2P/IPC comm 0x495ae4d0 nRanks 16
nid005739:99959:100869 [0] NCCL INFO Channel 06/0 : 8[c1000] -> 9[c6000] via P2P/IPC comm 0x6cc36ae0 nRanks 16
nid005739:99963:100871 [4] NCCL INFO Channel 07/0 : 12[d1000] -> 13[d6000] via P2P/IPC comm 0x4cacc170 nRanks 16
nid005738:80977:81405 [4] NCCL INFO Channel 07/0 : 4[d1000] -> 5[d6000] via P2P/IPC comm 0x4c5764f0 nRanks 16
nid005739:99961:100872 [2] NCCL INFO Channel 05/0 : 10[c9000] -> 11[ce000] via P2P/IPC comm 0x4b58fb60 nRanks 16
nid005738:80975:81407 [2] NCCL INFO Channel 05/0 : 2[c9000] -> 3[ce000] via P2P/IPC comm 0x4a57c7d0 nRanks 16
nid005738:80973:81403 [0] NCCL INFO Channel 06/0 : 0[c1000] -> 1[c6000] via P2P/IPC comm 0x495ae4d0 nRanks 16
nid005739:99960:100870 [1] NCCL INFO Channel 02/0 : 9[c6000] -> 11[ce000] via P2P/IPC comm 0x4a5ba7f0 nRanks 16
nid005739:99959:100869 [0] NCCL INFO Channel 00/0 : 8[c1000] -> 14[d9000] via P2P/IPC comm 0x6cc36ae0 nRanks 16
nid005739:99964:100874 [5] NCCL INFO Channel 02/0 : 13[d6000] -> 15[de000] via P2P/IPC comm 0x4a58e960 nRanks 16
nid005738:80978:81410 [5] NCCL INFO Channel 02/0 : 5[d6000] -> 7[de000] via P2P/IPC comm 0x485b2350 nRanks 16
nid005739:99961:100872 [2] NCCL INFO Channel 02/0 : 10[c9000] -> 12[d1000] via P2P/IPC comm 0x4b58fb60 nRanks 16
nid005738:80975:81407 [2] NCCL INFO Channel 02/0 : 2[c9000] -> 4[d1000] via P2P/IPC comm 0x4a57c7d0 nRanks 16
nid005738:80973:81403 [0] NCCL INFO Channel 00/0 : 0[c1000] -> 6[d9000] via P2P/IPC comm 0x495ae4d0 nRanks 16
nid005738:80974:81406 [1] NCCL INFO Channel 02/0 : 1[c6000] -> 3[ce000] via P2P/IPC comm 0x4dacef70 nRanks 16
nid005739:99959:100869 [0] NCCL INFO Channel 03/0 : 8[c1000] -> 14[d9000] via P2P/IPC comm 0x6cc36ae0 nRanks 16
nid005739:99960:100870 [1] NCCL INFO Channel 06/0 : 9[c6000] -> 11[ce000] via P2P/IPC comm 0x4a5ba7f0 nRanks 16
nid005739:99964:100874 [5] NCCL INFO Channel 06/0 : 13[d6000] -> 15[de000] via P2P/IPC comm 0x4a58e960 nRanks 16
nid005738:80978:81410 [5] NCCL INFO Channel 06/0 : 5[d6000] -> 7[de000] via P2P/IPC comm 0x485b2350 nRanks 16
nid005739:99961:100872 [2] NCCL INFO Channel 03/0 : 10[c9000] -> 12[d1000] via P2P/IPC comm 0x4b58fb60 nRanks 16
nid005738:80975:81407 [2] NCCL INFO Channel 03/0 : 2[c9000] -> 4[d1000] via P2P/IPC comm 0x4a57c7d0 nRanks 16
nid005738:80973:81403 [0] NCCL INFO Channel 03/0 : 0[c1000] -> 6[d9000] via P2P/IPC comm 0x495ae4d0 nRanks 16
nid005739:99959:100869 [0] NCCL INFO Channel 04/0 : 8[c1000] -> 14[d9000] via P2P/IPC comm 0x6cc36ae0 nRanks 16
nid005738:80974:81406 [1] NCCL INFO Channel 06/0 : 1[c6000] -> 3[ce000] via P2P/IPC comm 0x4dacef70 nRanks 16
nid005739:99961:100872 [2] NCCL INFO Channel 06/0 : 10[c9000] -> 12[d1000] via P2P/IPC comm 0x4b58fb60 nRanks 16
nid005739:99960:100870 [1] NCCL INFO Channel 01/0 : 9[c6000] -> 13[d6000] via P2P/IPC comm 0x4a5ba7f0 nRanks 16
nid005739:99962:100875 [3] NCCL INFO Channel 01/0 : 11[ce000] -> 15[de000] via P2P/IPC comm 0x4a5b1900 nRanks 16
nid005738:80975:81407 [2] NCCL INFO Channel 06/0 : 2[c9000] -> 4[d1000] via P2P/IPC comm 0x4a57c7d0 nRanks 16
nid005739:99959:100869 [0] NCCL INFO Channel 07/0 : 8[c1000] -> 14[d9000] via P2P/IPC comm 0x6cc36ae0 nRanks 16
nid005738:80973:81403 [0] NCCL INFO Channel 04/0 : 0[c1000] -> 6[d9000] via P2P/IPC comm 0x495ae4d0 nRanks 16
nid005738:80976:81404 [3] NCCL INFO Channel 01/0 : 3[ce000] -> 7[de000] via P2P/IPC comm 0x4a599980 nRanks 16
nid005738:80974:81406 [1] NCCL INFO Channel 01/0 : 1[c6000] -> 5[d6000] via P2P/IPC comm 0x4dacef70 nRanks 16
nid005739:99961:100872 [2] NCCL INFO Channel 07/0 : 10[c9000] -> 12[d1000] via P2P/IPC comm 0x4b58fb60 nRanks 16
nid005739:99962:100875 [3] NCCL INFO Channel 05/0 : 11[ce000] -> 15[de000] via P2P/IPC comm 0x4a5b1900 nRanks 16
nid005739:99960:100870 [1] NCCL INFO Channel 05/0 : 9[c6000] -> 13[d6000] via P2P/IPC comm 0x4a5ba7f0 nRanks 16
nid005738:80975:81407 [2] NCCL INFO Channel 07/0 : 2[c9000] -> 4[d1000] via P2P/IPC comm 0x4a57c7d0 nRanks 16
nid005738:80973:81403 [0] NCCL INFO Channel 07/0 : 0[c1000] -> 6[d9000] via P2P/IPC comm 0x495ae4d0 nRanks 16
nid005738:80974:81406 [1] NCCL INFO Channel 05/0 : 1[c6000] -> 5[d6000] via P2P/IPC comm 0x4dacef70 nRanks 16
nid005738:80976:81404 [3] NCCL INFO Channel 05/0 : 3[ce000] -> 7[de000] via P2P/IPC comm 0x4a599980 nRanks 16
nid005739:99959:100869 [0] NCCL INFO Channel 00/0 : 1[c6000] -> 8[c1000] [receive] via NET/Socket/1 comm 0x6cc36ae0 nRanks 16
nid005739:99965:100873 [6] NCCL INFO Channel 03/0 : 14[d9000] -> 7[de000] [send] via NET/Socket/4 comm 0x4ead2e80 nRanks 16
nid005739:99965:100873 [6] NCCL INFO Channel 07/0 : 14[d9000] -> 7[de000] [send] via NET/Socket/4 comm 0x4ead2e80 nRanks 16
nid005739:99959:100869 [0] NCCL INFO Channel 04/0 : 1[c6000] -> 8[c1000] [receive] via NET/Socket/1 comm 0x6cc36ae0 nRanks 16
nid005739:99962:100875 [3] NCCL INFO Channel 02/0 : 11[ce000] -> 2[c9000] [send] via NET/Socket/2 comm 0x4a5b1900 nRanks 16
nid005739:99961:100872 [2] NCCL INFO Channel 02/0 : 3[ce000] -> 10[c9000] [receive] via NET/Socket/2 comm 0x4b58fb60 nRanks 16
nid005739:99962:100875 [3] NCCL INFO Channel 06/0 : 11[ce000] -> 2[c9000] [send] via NET/Socket/2 comm 0x4a5b1900 nRanks 16
nid005739:99966:100876 [7] NCCL INFO Channel 03/0 : 6[d9000] -> 15[de000] [receive] via NET/Socket/4 comm 0x4e8cc580 nRanks 16
nid005739:99961:100872 [2] NCCL INFO Channel 06/0 : 3[ce000] -> 10[c9000] [receive] via NET/Socket/2 comm 0x4b58fb60 nRanks 16
nid005739:99960:100870 [1] NCCL INFO Channel 00/0 : 9[c6000] -> 0[c1000] [send] via NET/Socket/1 comm 0x4a5ba7f0 nRanks 16
nid005739:99966:100876 [7] NCCL INFO Channel 07/0 : 6[d9000] -> 15[de000] [receive] via NET/Socket/4 comm 0x4e8cc580 nRanks 16
nid005739:99960:100870 [1] NCCL INFO Channel 04/0 : 9[c6000] -> 0[c1000] [send] via NET/Socket/1 comm 0x4a5ba7f0 nRanks 16
nid005739:99963:100871 [4] NCCL INFO Channel 01/0 : 5[d6000] -> 12[d1000] [receive] via NET/Socket/3 comm 0x4cacc170 nRanks 16
nid005739:99964:100874 [5] NCCL INFO Channel 01/0 : 13[d6000] -> 4[d1000] [send] via NET/Socket/3 comm 0x4a58e960 nRanks 16
nid005738:80975:81407 [2] NCCL INFO Channel 02/0 : 11[ce000] -> 2[c9000] [receive] via NET/Socket/2 comm 0x4a57c7d0 nRanks 16
nid005739:99964:100874 [5] NCCL INFO Channel 05/0 : 13[d6000] -> 4[d1000] [send] via NET/Socket/3 comm 0x4a58e960 nRanks 16
nid005739:99963:100871 [4] NCCL INFO Channel 05/0 : 5[d6000] -> 12[d1000] [receive] via NET/Socket/3 comm 0x4cacc170 nRanks 16
nid005738:80977:81405 [4] NCCL INFO Channel 01/0 : 13[d6000] -> 4[d1000] [receive] via NET/Socket/3 comm 0x4c5764f0 nRanks 16
nid005738:80975:81407 [2] NCCL INFO Channel 06/0 : 11[ce000] -> 2[c9000] [receive] via NET/Socket/2 comm 0x4a57c7d0 nRanks 16
nid005738:80977:81405 [4] NCCL INFO Channel 05/0 : 13[d6000] -> 4[d1000] [receive] via NET/Socket/3 comm 0x4c5764f0 nRanks 16
nid005738:80977:81405 [4] NCCL INFO Channel 00/0 : 4[d1000] -> 2[c9000] via P2P/IPC comm 0x4c5764f0 nRanks 16
nid005739:99964:100874 [5] NCCL INFO Channel 03/0 : 13[d6000] -> 9[c6000] via P2P/IPC comm 0x4a58e960 nRanks 16
nid005738:80976:81404 [3] NCCL INFO Channel 02/0 : 3[ce000] -> 10[c9000] [send] via NET/Socket/2 comm 0x4a599980 nRanks 16
nid005738:80973:81403 [0] NCCL INFO Channel 00/0 : 9[c6000] -> 0[c1000] [receive] via NET/Socket/1 comm 0x495ae4d0 nRanks 16
nid005738:80976:81404 [3] NCCL INFO Channel 06/0 : 3[ce000] -> 10[c9000] [send] via NET/Socket/2 comm 0x4a599980 nRanks 16
nid005738:80973:81403 [0] NCCL INFO Channel 04/0 : 9[c6000] -> 0[c1000] [receive] via NET/Socket/1 comm 0x495ae4d0 nRanks 16
nid005738:80979:81408 [6] NCCL INFO Channel 03/0 : 6[d9000] -> 15[de000] [send] via NET/Socket/4 comm 0x495a7080 nRanks 16
nid005738:80980:81409 [7] NCCL INFO Channel 03/0 : 14[d9000] -> 7[de000] [receive] via NET/Socket/4 comm 0x4a5575f0 nRanks 16
nid005738:80974:81406 [1] NCCL INFO Channel 00/0 : 1[c6000] -> 8[c1000] [send] via NET/Socket/1 comm 0x4dacef70 nRanks 16
nid005738:80979:81408 [6] NCCL INFO Channel 07/0 : 6[d9000] -> 15[de000] [send] via NET/Socket/4 comm 0x495a7080 nRanks 16
nid005738:80978:81410 [5] NCCL INFO Channel 01/0 : 5[d6000] -> 12[d1000] [send] via NET/Socket/3 comm 0x485b2350 nRanks 16
nid005738:80974:81406 [1] NCCL INFO Channel 04/0 : 1[c6000] -> 8[c1000] [send] via NET/Socket/1 comm 0x4dacef70 nRanks 16
nid005738:80978:81410 [5] NCCL INFO Channel 05/0 : 5[d6000] -> 12[d1000] [send] via NET/Socket/3 comm 0x485b2350 nRanks 16
nid005738:80979:81408 [6] NCCL INFO Channel 01/0 : 6[d9000] -> 0[c1000] via P2P/IPC comm 0x495a7080 nRanks 16
nid005738:80980:81409 [7] NCCL INFO Channel 07/0 : 14[d9000] -> 7[de000] [receive] via NET/Socket/4 comm 0x4a5575f0 nRanks 16
nid005738:80978:81410 [5] NCCL INFO Channel 03/0 : 5[d6000] -> 1[c6000] via P2P/IPC comm 0x485b2350 nRanks 16
nid005739:99966:100876 [7] NCCL INFO Channel 03/0 : 15[de000] -> 11[ce000] via P2P/IPC comm 0x4e8cc580 nRanks 16
nid005739:99963:100871 [4] NCCL INFO Channel 00/0 : 12[d1000] -> 10[c9000] via P2P/IPC comm 0x4cacc170 nRanks 16
nid005738:80980:81409 [7] NCCL INFO Channel 03/0 : 7[de000] -> 3[ce000] via P2P/IPC comm 0x4a5575f0 nRanks 16
nid005739:99965:100873 [6] NCCL INFO Channel 01/0 : 14[d9000] -> 8[c1000] via P2P/IPC comm 0x4ead2e80 nRanks 16
nid005739:99964:100874 [5] NCCL INFO Channel 07/0 : 13[d6000] -> 9[c6000] via P2P/IPC comm 0x4a58e960 nRanks 16
nid005738:80977:81405 [4] NCCL INFO Channel 01/0 : 4[d1000] -> 2[c9000] via P2P/IPC comm 0x4c5764f0 nRanks 16
nid005738:80978:81410 [5] NCCL INFO Channel 07/0 : 5[d6000] -> 1[c6000] via P2P/IPC comm 0x485b2350 nRanks 16
nid005739:99963:100871 [4] NCCL INFO Channel 01/0 : 12[d1000] -> 10[c9000] via P2P/IPC comm 0x4cacc170 nRanks 16
nid005738:80980:81409 [7] NCCL INFO Channel 07/0 : 7[de000] -> 3[ce000] via P2P/IPC comm 0x4a5575f0 nRanks 16
nid005738:80979:81408 [6] NCCL INFO Channel 02/0 : 6[d9000] -> 0[c1000] via P2P/IPC comm 0x495a7080 nRanks 16
nid005738:80977:81405 [4] NCCL INFO Channel 04/0 : 4[d1000] -> 2[c9000] via P2P/IPC comm 0x4c5764f0 nRanks 16
nid005739:99966:100876 [7] NCCL INFO Channel 07/0 : 15[de000] -> 11[ce000] via P2P/IPC comm 0x4e8cc580 nRanks 16
nid005739:99965:100873 [6] NCCL INFO Channel 02/0 : 14[d9000] -> 8[c1000] via P2P/IPC comm 0x4ead2e80 nRanks 16
nid005739:99963:100871 [4] NCCL INFO Channel 04/0 : 12[d1000] -> 10[c9000] via P2P/IPC comm 0x4cacc170 nRanks 16
nid005738:80977:81405 [4] NCCL INFO Channel 05/0 : 4[d1000] -> 2[c9000] via P2P/IPC comm 0x4c5764f0 nRanks 16
nid005738:80976:81404 [3] NCCL INFO Channel 00/0 : 3[ce000] -> 1[c6000] via P2P/IPC comm 0x4a599980 nRanks 16
nid005738:80980:81409 [7] NCCL INFO Channel 00/0 : 7[de000] -> 5[d6000] via P2P/IPC comm 0x4a5575f0 nRanks 16
nid005738:80979:81408 [6] NCCL INFO Channel 05/0 : 6[d9000] -> 0[c1000] via P2P/IPC comm 0x495a7080 nRanks 16
nid005739:99965:100873 [6] NCCL INFO Channel 05/0 : 14[d9000] -> 8[c1000] via P2P/IPC comm 0x4ead2e80 nRanks 16
nid005739:99962:100875 [3] NCCL INFO Channel 00/0 : 11[ce000] -> 9[c6000] via P2P/IPC comm 0x4a5b1900 nRanks 16
nid005739:99966:100876 [7] NCCL INFO Channel 00/0 : 15[de000] -> 13[d6000] via P2P/IPC comm 0x4e8cc580 nRanks 16
nid005739:99963:100871 [4] NCCL INFO Channel 05/0 : 12[d1000] -> 10[c9000] via P2P/IPC comm 0x4cacc170 nRanks 16
nid005738:80976:81404 [3] NCCL INFO Channel 04/0 : 3[ce000] -> 1[c6000] via P2P/IPC comm 0x4a599980 nRanks 16
nid005738:80980:81409 [7] NCCL INFO Channel 04/0 : 7[de000] -> 5[d6000] via P2P/IPC comm 0x4a5575f0 nRanks 16
nid005738:80979:81408 [6] NCCL INFO Channel 06/0 : 6[d9000] -> 0[c1000] via P2P/IPC comm 0x495a7080 nRanks 16
nid005739:99962:100875 [3] NCCL INFO Channel 04/0 : 11[ce000] -> 9[c6000] via P2P/IPC comm 0x4a5b1900 nRanks 16
nid005739:99965:100873 [6] NCCL INFO Channel 06/0 : 14[d9000] -> 8[c1000] via P2P/IPC comm 0x4ead2e80 nRanks 16
nid005739:99966:100876 [7] NCCL INFO Channel 04/0 : 15[de000] -> 13[d6000] via P2P/IPC comm 0x4e8cc580 nRanks 16
nid005738:80974:81406 [1] NCCL INFO Channel 03/0 : 1[c6000] -> 0[c1000] via P2P/IPC comm 0x4dacef70 nRanks 16
nid005738:80976:81404 [3] NCCL INFO Channel 03/0 : 3[ce000] -> 2[c9000] via P2P/IPC comm 0x4a599980 nRanks 16
nid005738:80978:81410 [5] NCCL INFO Channel 00/0 : 5[d6000] -> 4[d1000] via P2P/IPC comm 0x485b2350 nRanks 16
nid005738:80980:81409 [7] NCCL INFO Channel 01/0 : 7[de000] -> 6[d9000] via P2P/IPC comm 0x4a5575f0 nRanks 16
nid005739:99960:100870 [1] NCCL INFO Channel 03/0 : 9[c6000] -> 8[c1000] via P2P/IPC comm 0x4a5ba7f0 nRanks 16
nid005739:99962:100875 [3] NCCL INFO Channel 03/0 : 11[ce000] -> 10[c9000] via P2P/IPC comm 0x4a5b1900 nRanks 16
nid005738:80976:81404 [3] NCCL INFO Channel 07/0 : 3[ce000] -> 2[c9000] via P2P/IPC comm 0x4a599980 nRanks 16
nid005738:80974:81406 [1] NCCL INFO Channel 07/0 : 1[c6000] -> 0[c1000] via P2P/IPC comm 0x4dacef70 nRanks 16
nid005739:99964:100874 [5] NCCL INFO Channel 00/0 : 13[d6000] -> 12[d1000] via P2P/IPC comm 0x4a58e960 nRanks 16
nid005739:99966:100876 [7] NCCL INFO Channel 01/0 : 15[de000] -> 14[d9000] via P2P/IPC comm 0x4e8cc580 nRanks 16
nid005738:80978:81410 [5] NCCL INFO Channel 04/0 : 5[d6000] -> 4[d1000] via P2P/IPC comm 0x485b2350 nRanks 16
nid005738:80980:81409 [7] NCCL INFO Channel 02/0 : 7[de000] -> 6[d9000] via P2P/IPC comm 0x4a5575f0 nRanks 16
nid005739:99962:100875 [3] NCCL INFO Channel 07/0 : 11[ce000] -> 10[c9000] via P2P/IPC comm 0x4a5b1900 nRanks 16
nid005739:99960:100870 [1] NCCL INFO Channel 07/0 : 9[c6000] -> 8[c1000] via P2P/IPC comm 0x4a5ba7f0 nRanks 16
nid005739:99964:100874 [5] NCCL INFO Channel 04/0 : 13[d6000] -> 12[d1000] via P2P/IPC comm 0x4a58e960 nRanks 16
nid005738:80980:81409 [7] NCCL INFO Channel 05/0 : 7[de000] -> 6[d9000] via P2P/IPC comm 0x4a5575f0 nRanks 16
nid005739:99966:100876 [7] NCCL INFO Channel 02/0 : 15[de000] -> 14[d9000] via P2P/IPC comm 0x4e8cc580 nRanks 16
nid005738:80980:81409 [7] NCCL INFO Channel 06/0 : 7[de000] -> 6[d9000] via P2P/IPC comm 0x4a5575f0 nRanks 16
nid005739:99966:100876 [7] NCCL INFO Channel 05/0 : 15[de000] -> 14[d9000] via P2P/IPC comm 0x4e8cc580 nRanks 16
nid005739:99966:100876 [7] NCCL INFO Channel 06/0 : 15[de000] -> 14[d9000] via P2P/IPC comm 0x4e8cc580 nRanks 16
nid005738:80977:81405 [4] NCCL INFO Connected all rings
nid005738:80976:81404 [3] NCCL INFO Connected all rings
nid005738:80975:81407 [2] NCCL INFO Connected all rings
nid005738:80978:81410 [5] NCCL INFO Connected all rings
nid005738:80977:81405 [4] NCCL INFO Channel 00/0 : 4[d1000] -> 5[d6000] via P2P/IPC comm 0x4c5764f0 nRanks 16
nid005738:80975:81407 [2] NCCL INFO Channel 02/0 : 2[c9000] -> 3[ce000] via P2P/IPC comm 0x4a57c7d0 nRanks 16
nid005738:80974:81406 [1] NCCL INFO Connected all rings
nid005739:99959:100869 [0] NCCL INFO Connected all rings
nid005738:80973:81403 [0] NCCL INFO Connected all rings
nid005739:99960:100870 [1] NCCL INFO Connected all rings
nid005739:99959:100869 [0] NCCL INFO Channel 00/0 : 8[c1000] -> 9[c6000] via P2P/IPC comm 0x6cc36ae0 nRanks 16
nid005738:80980:81409 [7] NCCL INFO Connected all rings
nid005739:99961:100872 [2] NCCL INFO Connected all rings
nid005739:99962:100875 [3] NCCL INFO Connected all rings
nid005739:99963:100871 [4] NCCL INFO Connected all rings
nid005738:80973:81403 [0] NCCL INFO Channel 00/0 : 0[c1000] -> 1[c6000] via P2P/IPC comm 0x495ae4d0 nRanks 16
nid005739:99964:100874 [5] NCCL INFO Connected all rings
nid005739:99965:100873 [6] NCCL INFO Connected all rings
nid005738:80979:81408 [6] NCCL INFO Connected all rings
nid005739:99961:100872 [2] NCCL INFO Channel 02/0 : 10[c9000] -> 11[ce000] via P2P/IPC comm 0x4b58fb60 nRanks 16
nid005739:99963:100871 [4] NCCL INFO Channel 00/0 : 12[d1000] -> 13[d6000] via P2P/IPC comm 0x4cacc170 nRanks 16
nid005738:80979:81408 [6] NCCL INFO Channel 01/0 : 6[d9000] -> 7[de000] via P2P/IPC comm 0x495a7080 nRanks 16
nid005739:99966:100876 [7] NCCL INFO Connected all rings
nid005739:99965:100873 [6] NCCL INFO Channel 01/0 : 14[d9000] -> 15[de000] via P2P/IPC comm 0x4ead2e80 nRanks 16
nid005739:99963:100871 [4] NCCL INFO Channel 01/0 : 12[d1000] -> 13[d6000] via P2P/IPC comm 0x4cacc170 nRanks 16
nid005738:80975:81407 [2] NCCL INFO Channel 03/0 : 2[c9000] -> 3[ce000] via P2P/IPC comm 0x4a57c7d0 nRanks 16
nid005738:80977:81405 [4] NCCL INFO Channel 01/0 : 4[d1000] -> 5[d6000] via P2P/IPC comm 0x4c5764f0 nRanks 16
nid005739:99959:100869 [0] NCCL INFO Channel 03/0 : 8[c1000] -> 9[c6000] via P2P/IPC comm 0x6cc36ae0 nRanks 16
nid005739:99961:100872 [2] NCCL INFO Channel 03/0 : 10[c9000] -> 11[ce000] via P2P/IPC comm 0x4b58fb60 nRanks 16
nid005738:80979:81408 [6] NCCL INFO Channel 02/0 : 6[d9000] -> 7[de000] via P2P/IPC comm 0x495a7080 nRanks 16
nid005738:80973:81403 [0] NCCL INFO Channel 03/0 : 0[c1000] -> 1[c6000] via P2P/IPC comm 0x495ae4d0 nRanks 16
nid005739:99965:100873 [6] NCCL INFO Channel 02/0 : 14[d9000] -> 15[de000] via P2P/IPC comm 0x4ead2e80 nRanks 16
nid005739:99963:100871 [4] NCCL INFO Channel 04/0 : 12[d1000] -> 13[d6000] via P2P/IPC comm 0x4cacc170 nRanks 16
nid005738:80975:81407 [2] NCCL INFO Channel 06/0 : 2[c9000] -> 3[ce000] via P2P/IPC comm 0x4a57c7d0 nRanks 16
nid005739:99959:100869 [0] NCCL INFO Channel 04/0 : 8[c1000] -> 9[c6000] via P2P/IPC comm 0x6cc36ae0 nRanks 16
nid005738:80977:81405 [4] NCCL INFO Channel 04/0 : 4[d1000] -> 5[d6000] via P2P/IPC comm 0x4c5764f0 nRanks 16
nid005739:99961:100872 [2] NCCL INFO Channel 06/0 : 10[c9000] -> 11[ce000] via P2P/IPC comm 0x4b58fb60 nRanks 16
nid005738:80979:81408 [6] NCCL INFO Channel 03/0 : 6[d9000] -> 7[de000] via P2P/IPC comm 0x495a7080 nRanks 16
nid005738:80973:81403 [0] NCCL INFO Channel 04/0 : 0[c1000] -> 1[c6000] via P2P/IPC comm 0x495ae4d0 nRanks 16
nid005739:99965:100873 [6] NCCL INFO Channel 03/0 : 14[d9000] -> 15[de000] via P2P/IPC comm 0x4ead2e80 nRanks 16
nid005739:99963:100871 [4] NCCL INFO Channel 05/0 : 12[d1000] -> 13[d6000] via P2P/IPC comm 0x4cacc170 nRanks 16
nid005738:80975:81407 [2] NCCL INFO Channel 07/0 : 2[c9000] -> 3[ce000] via P2P/IPC comm 0x4a57c7d0 nRanks 16
nid005739:99959:100869 [0] NCCL INFO Channel 07/0 : 8[c1000] -> 9[c6000] via P2P/IPC comm 0x6cc36ae0 nRanks 16
nid005738:80977:81405 [4] NCCL INFO Channel 05/0 : 4[d1000] -> 5[d6000] via P2P/IPC comm 0x4c5764f0 nRanks 16
nid005739:99961:100872 [2] NCCL INFO Channel 07/0 : 10[c9000] -> 11[ce000] via P2P/IPC comm 0x4b58fb60 nRanks 16
nid005738:80973:81403 [0] NCCL INFO Channel 07/0 : 0[c1000] -> 1[c6000] via P2P/IPC comm 0x495ae4d0 nRanks 16
nid005738:80979:81408 [6] NCCL INFO Channel 05/0 : 6[d9000] -> 7[de000] via P2P/IPC comm 0x495a7080 nRanks 16
nid005739:99965:100873 [6] NCCL INFO Channel 05/0 : 14[d9000] -> 15[de000] via P2P/IPC comm 0x4ead2e80 nRanks 16
nid005739:99964:100874 [5] NCCL INFO Channel 01/0 : 13[d6000] -> 15[de000] via P2P/IPC comm 0x4a58e960 nRanks 16
nid005739:99960:100870 [1] NCCL INFO Channel 01/0 : 9[c6000] -> 11[ce000] via P2P/IPC comm 0x4a5ba7f0 nRanks 16
nid005739:99959:100869 [0] NCCL INFO Channel 01/0 : 8[c1000] -> 14[d9000] via P2P/IPC comm 0x6cc36ae0 nRanks 16
nid005738:80975:81407 [2] NCCL INFO Channel 00/0 : 2[c9000] -> 4[d1000] via P2P/IPC comm 0x4a57c7d0 nRanks 16
nid005738:80978:81410 [5] NCCL INFO Channel 01/0 : 5[d6000] -> 7[de000] via P2P/IPC comm 0x485b2350 nRanks 16
nid005739:99961:100872 [2] NCCL INFO Channel 00/0 : 10[c9000] -> 12[d1000] via P2P/IPC comm 0x4b58fb60 nRanks 16
nid005738:80973:81403 [0] NCCL INFO Channel 01/0 : 0[c1000] -> 6[d9000] via P2P/IPC comm 0x495ae4d0 nRanks 16
nid005738:80974:81406 [1] NCCL INFO Channel 01/0 : 1[c6000] -> 3[ce000] via P2P/IPC comm 0x4dacef70 nRanks 16
nid005738:80979:81408 [6] NCCL INFO Channel 06/0 : 6[d9000] -> 7[de000] via P2P/IPC comm 0x495a7080 nRanks 16
nid005739:99964:100874 [5] NCCL INFO Channel 05/0 : 13[d6000] -> 15[de000] via P2P/IPC comm 0x4a58e960 nRanks 16
nid005739:99965:100873 [6] NCCL INFO Channel 06/0 : 14[d9000] -> 15[de000] via P2P/IPC comm 0x4ead2e80 nRanks 16
nid005739:99959:100869 [0] NCCL INFO Channel 02/0 : 8[c1000] -> 14[d9000] via P2P/IPC comm 0x6cc36ae0 nRanks 16
nid005739:99960:100870 [1] NCCL INFO Channel 05/0 : 9[c6000] -> 11[ce000] via P2P/IPC comm 0x4a5ba7f0 nRanks 16
nid005738:80975:81407 [2] NCCL INFO Channel 04/0 : 2[c9000] -> 4[d1000] via P2P/IPC comm 0x4a57c7d0 nRanks 16
nid005738:80978:81410 [5] NCCL INFO Channel 05/0 : 5[d6000] -> 7[de000] via P2P/IPC comm 0x485b2350 nRanks 16
nid005739:99961:100872 [2] NCCL INFO Channel 04/0 : 10[c9000] -> 12[d1000] via P2P/IPC comm 0x4b58fb60 nRanks 16
nid005738:80973:81403 [0] NCCL INFO Channel 02/0 : 0[c1000] -> 6[d9000] via P2P/IPC comm 0x495ae4d0 nRanks 16
nid005738:80979:81408 [6] NCCL INFO Channel 07/0 : 6[d9000] -> 7[de000] via P2P/IPC comm 0x495a7080 nRanks 16
nid005738:80974:81406 [1] NCCL INFO Channel 05/0 : 1[c6000] -> 3[ce000] via P2P/IPC comm 0x4dacef70 nRanks 16
nid005739:99959:100869 [0] NCCL INFO Channel 05/0 : 8[c1000] -> 14[d9000] via P2P/IPC comm 0x6cc36ae0 nRanks 16
nid005739:99965:100873 [6] NCCL INFO Channel 07/0 : 14[d9000] -> 15[de000] via P2P/IPC comm 0x4ead2e80 nRanks 16
nid005739:99960:100870 [1] NCCL INFO Channel 00/0 : 9[c6000] -> 13[d6000] via P2P/IPC comm 0x4a5ba7f0 nRanks 16
nid005739:99962:100875 [3] NCCL INFO Channel 00/0 : 11[ce000] -> 15[de000] via P2P/IPC comm 0x4a5b1900 nRanks 16
nid005738:80977:81405 [4] NCCL INFO Channel 01/0 : 12[d1000] -> 4[d1000] [receive] via NET/Socket/3 comm 0x4c5764f0 nRanks 16
nid005738:80975:81407 [2] NCCL INFO Channel 02/0 : 10[c9000] -> 2[c9000] [receive] via NET/Socket/2 comm 0x4a57c7d0 nRanks 16
nid005739:99963:100871 [4] NCCL INFO Channel 01/0 : 4[d1000] -> 12[d1000] [receive] via NET/Socket/3 comm 0x4cacc170 nRanks 16
nid005739:99961:100872 [2] NCCL INFO Channel 02/0 : 2[c9000] -> 10[c9000] [receive] via NET/Socket/2 comm 0x4b58fb60 nRanks 16
nid005738:80977:81405 [4] NCCL INFO Channel 05/0 : 12[d1000] -> 4[d1000] [receive] via NET/Socket/3 comm 0x4c5764f0 nRanks 16
nid005738:80975:81407 [2] NCCL INFO Channel 06/0 : 10[c9000] -> 2[c9000] [receive] via NET/Socket/2 comm 0x4a57c7d0 nRanks 16
nid005739:99961:100872 [2] NCCL INFO Channel 06/0 : 2[c9000] -> 10[c9000] [receive] via NET/Socket/2 comm 0x4b58fb60 nRanks 16
nid005738:80977:81405 [4] NCCL INFO Channel 01/0 : 4[d1000] -> 12[d1000] [send] via NET/Socket/3 comm 0x4c5764f0 nRanks 16
nid005739:99963:100871 [4] NCCL INFO Channel 05/0 : 4[d1000] -> 12[d1000] [receive] via NET/Socket/3 comm 0x4cacc170 nRanks 16
nid005738:80975:81407 [2] NCCL INFO Channel 02/0 : 2[c9000] -> 10[c9000] [send] via NET/Socket/2 comm 0x4a57c7d0 nRanks 16
nid005739:99961:100872 [2] NCCL INFO Channel 02/0 : 10[c9000] -> 2[c9000] [send] via NET/Socket/2 comm 0x4b58fb60 nRanks 16
nid005738:80977:81405 [4] NCCL INFO Channel 05/0 : 4[d1000] -> 12[d1000] [send] via NET/Socket/3 comm 0x4c5764f0 nRanks 16
nid005738:80975:81407 [2] NCCL INFO Channel 06/0 : 2[c9000] -> 10[c9000] [send] via NET/Socket/2 comm 0x4a57c7d0 nRanks 16
nid005739:99963:100871 [4] NCCL INFO Channel 01/0 : 12[d1000] -> 4[d1000] [send] via NET/Socket/3 comm 0x4cacc170 nRanks 16
nid005739:99961:100872 [2] NCCL INFO Channel 06/0 : 10[c9000] -> 2[c9000] [send] via NET/Socket/2 comm 0x4b58fb60 nRanks 16
nid005739:99963:100871 [4] NCCL INFO Channel 05/0 : 12[d1000] -> 4[d1000] [send] via NET/Socket/3 comm 0x4cacc170 nRanks 16
nid005739:99963:100871 [4] NCCL INFO Channel 03/0 : 12[d1000] -> 10[c9000] via P2P/IPC comm 0x4cacc170 nRanks 16
nid005738:80977:81405 [4] NCCL INFO Channel 03/0 : 4[d1000] -> 2[c9000] via P2P/IPC comm 0x4c5764f0 nRanks 16
nid005738:80973:81403 [0] NCCL INFO Channel 05/0 : 0[c1000] -> 6[d9000] via P2P/IPC comm 0x495ae4d0 nRanks 16
nid005738:80976:81404 [3] NCCL INFO Channel 00/0 : 3[ce000] -> 7[de000] via P2P/IPC comm 0x4a599980 nRanks 16
nid005738:80974:81406 [1] NCCL INFO Channel 00/0 : 1[c6000] -> 5[d6000] via P2P/IPC comm 0x4dacef70 nRanks 16
nid005739:99959:100869 [0] NCCL INFO Channel 06/0 : 8[c1000] -> 14[d9000] via P2P/IPC comm 0x6cc36ae0 nRanks 16
nid005739:99962:100875 [3] NCCL INFO Channel 03/0 : 11[ce000] -> 15[de000] via P2P/IPC comm 0x4a5b1900 nRanks 16
nid005739:99960:100870 [1] NCCL INFO Channel 03/0 : 9[c6000] -> 13[d6000] via P2P/IPC comm 0x4a5ba7f0 nRanks 16
nid005739:99963:100871 [4] NCCL INFO Channel 07/0 : 12[d1000] -> 10[c9000] via P2P/IPC comm 0x4cacc170 nRanks 16
nid005738:80977:81405 [4] NCCL INFO Channel 07/0 : 4[d1000] -> 2[c9000] via P2P/IPC comm 0x4c5764f0 nRanks 16
nid005738:80973:81403 [0] NCCL INFO Channel 06/0 : 0[c1000] -> 6[d9000] via P2P/IPC comm 0x495ae4d0 nRanks 16
nid005738:80976:81404 [3] NCCL INFO Channel 03/0 : 3[ce000] -> 7[de000] via P2P/IPC comm 0x4a599980 nRanks 16
nid005738:80974:81406 [1] NCCL INFO Channel 03/0 : 1[c6000] -> 5[d6000] via P2P/IPC comm 0x4dacef70 nRanks 16
nid005739:99960:100870 [1] NCCL INFO Channel 04/0 : 9[c6000] -> 13[d6000] via P2P/IPC comm 0x4a5ba7f0 nRanks 16
nid005739:99962:100875 [3] NCCL INFO Channel 04/0 : 11[ce000] -> 15[de000] via P2P/IPC comm 0x4a5b1900 nRanks 16
nid005738:80976:81404 [3] NCCL INFO Channel 04/0 : 3[ce000] -> 7[de000] via P2P/IPC comm 0x4a599980 nRanks 16
nid005738:80974:81406 [1] NCCL INFO Channel 04/0 : 1[c6000] -> 5[d6000] via P2P/IPC comm 0x4dacef70 nRanks 16
nid005739:99960:100870 [1] NCCL INFO Channel 07/0 : 9[c6000] -> 13[d6000] via P2P/IPC comm 0x4a5ba7f0 nRanks 16
nid005739:99962:100875 [3] NCCL INFO Channel 07/0 : 11[ce000] -> 15[de000] via P2P/IPC comm 0x4a5b1900 nRanks 16
nid005738:80976:81404 [3] NCCL INFO Channel 07/0 : 3[ce000] -> 7[de000] via P2P/IPC comm 0x4a599980 nRanks 16
nid005738:80974:81406 [1] NCCL INFO Channel 07/0 : 1[c6000] -> 5[d6000] via P2P/IPC comm 0x4dacef70 nRanks 16
nid005739:99965:100873 [6] NCCL INFO Channel 03/0 : 6[d9000] -> 14[d9000] [receive] via NET/Socket/4 comm 0x4ead2e80 nRanks 16
nid005739:99959:100869 [0] NCCL INFO Channel 00/0 : 0[c1000] -> 8[c1000] [receive] via NET/Socket/1 comm 0x6cc36ae0 nRanks 16
nid005739:99965:100873 [6] NCCL INFO Channel 07/0 : 6[d9000] -> 14[d9000] [receive] via NET/Socket/4 comm 0x4ead2e80 nRanks 16
nid005739:99959:100869 [0] NCCL INFO Channel 04/0 : 0[c1000] -> 8[c1000] [receive] via NET/Socket/1 comm 0x6cc36ae0 nRanks 16
nid005739:99965:100873 [6] NCCL INFO Channel 03/0 : 14[d9000] -> 6[d9000] [send] via NET/Socket/4 comm 0x4ead2e80 nRanks 16
nid005739:99959:100869 [0] NCCL INFO Channel 00/0 : 8[c1000] -> 0[c1000] [send] via NET/Socket/1 comm 0x6cc36ae0 nRanks 16
nid005739:99965:100873 [6] NCCL INFO Channel 07/0 : 14[d9000] -> 6[d9000] [send] via NET/Socket/4 comm 0x4ead2e80 nRanks 16
nid005739:99959:100869 [0] NCCL INFO Channel 04/0 : 8[c1000] -> 0[c1000] [send] via NET/Socket/1 comm 0x6cc36ae0 nRanks 16
nid005738:80973:81403 [0] NCCL INFO Channel 00/0 : 8[c1000] -> 0[c1000] [receive] via NET/Socket/1 comm 0x495ae4d0 nRanks 16
nid005738:80979:81408 [6] NCCL INFO Channel 03/0 : 14[d9000] -> 6[d9000] [receive] via NET/Socket/4 comm 0x495a7080 nRanks 16
nid005738:80973:81403 [0] NCCL INFO Channel 04/0 : 8[c1000] -> 0[c1000] [receive] via NET/Socket/1 comm 0x495ae4d0 nRanks 16
nid005738:80979:81408 [6] NCCL INFO Channel 07/0 : 14[d9000] -> 6[d9000] [receive] via NET/Socket/4 comm 0x495a7080 nRanks 16
nid005738:80973:81403 [0] NCCL INFO Channel 00/0 : 0[c1000] -> 8[c1000] [send] via NET/Socket/1 comm 0x495ae4d0 nRanks 16
nid005738:80979:81408 [6] NCCL INFO Channel 03/0 : 6[d9000] -> 14[d9000] [send] via NET/Socket/4 comm 0x495a7080 nRanks 16
nid005738:80973:81403 [0] NCCL INFO Channel 04/0 : 0[c1000] -> 8[c1000] [send] via NET/Socket/1 comm 0x495ae4d0 nRanks 16
nid005738:80979:81408 [6] NCCL INFO Channel 07/0 : 6[d9000] -> 14[d9000] [send] via NET/Socket/4 comm 0x495a7080 nRanks 16
nid005739:99966:100876 [7] NCCL INFO Channel 00/0 : 15[de000] -> 11[ce000] via P2P/IPC comm 0x4e8cc580 nRanks 16
nid005739:99964:100874 [5] NCCL INFO Channel 00/0 : 13[d6000] -> 9[c6000] via P2P/IPC comm 0x4a58e960 nRanks 16
nid005738:80978:81410 [5] NCCL INFO Channel 00/0 : 5[d6000] -> 1[c6000] via P2P/IPC comm 0x485b2350 nRanks 16
nid005738:80980:81409 [7] NCCL INFO Channel 00/0 : 7[de000] -> 3[ce000] via P2P/IPC comm 0x4a5575f0 nRanks 16
nid005739:99966:100876 [7] NCCL INFO Channel 04/0 : 15[de000] -> 11[ce000] via P2P/IPC comm 0x4e8cc580 nRanks 16
nid005739:99964:100874 [5] NCCL INFO Channel 04/0 : 13[d6000] -> 9[c6000] via P2P/IPC comm 0x4a58e960 nRanks 16
nid005738:80978:81410 [5] NCCL INFO Channel 04/0 : 5[d6000] -> 1[c6000] via P2P/IPC comm 0x485b2350 nRanks 16
nid005738:80980:81409 [7] NCCL INFO Channel 04/0 : 7[de000] -> 3[ce000] via P2P/IPC comm 0x4a5575f0 nRanks 16
nid005739:99966:100876 [7] NCCL INFO Channel 01/0 : 15[de000] -> 13[d6000] via P2P/IPC comm 0x4e8cc580 nRanks 16
nid005739:99962:100875 [3] NCCL INFO Channel 01/0 : 11[ce000] -> 9[c6000] via P2P/IPC comm 0x4a5b1900 nRanks 16
nid005738:80976:81404 [3] NCCL INFO Channel 01/0 : 3[ce000] -> 1[c6000] via P2P/IPC comm 0x4a599980 nRanks 16
nid005738:80980:81409 [7] NCCL INFO Channel 01/0 : 7[de000] -> 5[d6000] via P2P/IPC comm 0x4a5575f0 nRanks 16
nid005739:99966:100876 [7] NCCL INFO Channel 02/0 : 15[de000] -> 13[d6000] via P2P/IPC comm 0x4e8cc580 nRanks 16
nid005739:99962:100875 [3] NCCL INFO Channel 02/0 : 11[ce000] -> 9[c6000] via P2P/IPC comm 0x4a5b1900 nRanks 16
nid005738:80976:81404 [3] NCCL INFO Channel 02/0 : 3[ce000] -> 1[c6000] via P2P/IPC comm 0x4a599980 nRanks 16
nid005738:80980:81409 [7] NCCL INFO Channel 02/0 : 7[de000] -> 5[d6000] via P2P/IPC comm 0x4a5575f0 nRanks 16
nid005739:99966:100876 [7] NCCL INFO Channel 05/0 : 15[de000] -> 13[d6000] via P2P/IPC comm 0x4e8cc580 nRanks 16
nid005739:99962:100875 [3] NCCL INFO Channel 05/0 : 11[ce000] -> 9[c6000] via P2P/IPC comm 0x4a5b1900 nRanks 16
nid005738:80976:81404 [3] NCCL INFO Channel 05/0 : 3[ce000] -> 1[c6000] via P2P/IPC comm 0x4a599980 nRanks 16
nid005738:80980:81409 [7] NCCL INFO Channel 05/0 : 7[de000] -> 5[d6000] via P2P/IPC comm 0x4a5575f0 nRanks 16
nid005739:99966:100876 [7] NCCL INFO Channel 06/0 : 15[de000] -> 13[d6000] via P2P/IPC comm 0x4e8cc580 nRanks 16
nid005739:99962:100875 [3] NCCL INFO Channel 06/0 : 11[ce000] -> 9[c6000] via P2P/IPC comm 0x4a5b1900 nRanks 16
nid005738:80976:81404 [3] NCCL INFO Channel 06/0 : 3[ce000] -> 1[c6000] via P2P/IPC comm 0x4a599980 nRanks 16
nid005738:80980:81409 [7] NCCL INFO Channel 06/0 : 7[de000] -> 5[d6000] via P2P/IPC comm 0x4a5575f0 nRanks 16
nid005739:99962:100875 [3] NCCL INFO Channel 00/0 : 11[ce000] -> 10[c9000] via P2P/IPC comm 0x4a5b1900 nRanks 16
nid005739:99960:100870 [1] NCCL INFO Channel 00/0 : 9[c6000] -> 8[c1000] via P2P/IPC comm 0x4a5ba7f0 nRanks 16
nid005739:99966:100876 [7] NCCL INFO Channel 00/0 : 15[de000] -> 14[d9000] via P2P/IPC comm 0x4e8cc580 nRanks 16
nid005739:99964:100874 [5] NCCL INFO Channel 01/0 : 13[d6000] -> 12[d1000] via P2P/IPC comm 0x4a58e960 nRanks 16
nid005738:80974:81406 [1] NCCL INFO Channel 00/0 : 1[c6000] -> 0[c1000] via P2P/IPC comm 0x4dacef70 nRanks 16
nid005738:80976:81404 [3] NCCL INFO Channel 00/0 : 3[ce000] -> 2[c9000] via P2P/IPC comm 0x4a599980 nRanks 16
nid005739:99962:100875 [3] NCCL INFO Channel 01/0 : 11[ce000] -> 10[c9000] via P2P/IPC comm 0x4a5b1900 nRanks 16
nid005739:99960:100870 [1] NCCL INFO Channel 01/0 : 9[c6000] -> 8[c1000] via P2P/IPC comm 0x4a5ba7f0 nRanks 16
nid005738:80980:81409 [7] NCCL INFO Channel 00/0 : 7[de000] -> 6[d9000] via P2P/IPC comm 0x4a5575f0 nRanks 16
nid005738:80978:81410 [5] NCCL INFO Channel 01/0 : 5[d6000] -> 4[d1000] via P2P/IPC comm 0x485b2350 nRanks 16
nid005739:99966:100876 [7] NCCL INFO Channel 03/0 : 15[de000] -> 14[d9000] via P2P/IPC comm 0x4e8cc580 nRanks 16
nid005739:99964:100874 [5] NCCL INFO Channel 02/0 : 13[d6000] -> 12[d1000] via P2P/IPC comm 0x4a58e960 nRanks 16
nid005738:80974:81406 [1] NCCL INFO Channel 01/0 : 1[c6000] -> 0[c1000] via P2P/IPC comm 0x4dacef70 nRanks 16
nid005738:80976:81404 [3] NCCL INFO Channel 01/0 : 3[ce000] -> 2[c9000] via P2P/IPC comm 0x4a599980 nRanks 16
nid005739:99962:100875 [3] NCCL INFO Channel 02/0 : 11[ce000] -> 10[c9000] via P2P/IPC comm 0x4a5b1900 nRanks 16
nid005739:99960:100870 [1] NCCL INFO Channel 02/0 : 9[c6000] -> 8[c1000] via P2P/IPC comm 0x4a5ba7f0 nRanks 16
nid005738:80980:81409 [7] NCCL INFO Channel 03/0 : 7[de000] -> 6[d9000] via P2P/IPC comm 0x4a5575f0 nRanks 16
nid005738:80978:81410 [5] NCCL INFO Channel 02/0 : 5[d6000] -> 4[d1000] via P2P/IPC comm 0x485b2350 nRanks 16
nid005739:99966:100876 [7] NCCL INFO Channel 04/0 : 15[de000] -> 14[d9000] via P2P/IPC comm 0x4e8cc580 nRanks 16
nid005739:99964:100874 [5] NCCL INFO Channel 03/0 : 13[d6000] -> 12[d1000] via P2P/IPC comm 0x4a58e960 nRanks 16
nid005738:80974:81406 [1] NCCL INFO Channel 02/0 : 1[c6000] -> 0[c1000] via P2P/IPC comm 0x4dacef70 nRanks 16
nid005738:80976:81404 [3] NCCL INFO Channel 02/0 : 3[ce000] -> 2[c9000] via P2P/IPC comm 0x4a599980 nRanks 16
nid005739:99962:100875 [3] NCCL INFO Channel 04/0 : 11[ce000] -> 10[c9000] via P2P/IPC comm 0x4a5b1900 nRanks 16
nid005739:99960:100870 [1] NCCL INFO Channel 04/0 : 9[c6000] -> 8[c1000] via P2P/IPC comm 0x4a5ba7f0 nRanks 16
nid005738:80980:81409 [7] NCCL INFO Channel 04/0 : 7[de000] -> 6[d9000] via P2P/IPC comm 0x4a5575f0 nRanks 16
nid005738:80978:81410 [5] NCCL INFO Channel 03/0 : 5[d6000] -> 4[d1000] via P2P/IPC comm 0x485b2350 nRanks 16
nid005739:99966:100876 [7] NCCL INFO Channel 07/0 : 15[de000] -> 14[d9000] via P2P/IPC comm 0x4e8cc580 nRanks 16
nid005739:99964:100874 [5] NCCL INFO Channel 05/0 : 13[d6000] -> 12[d1000] via P2P/IPC comm 0x4a58e960 nRanks 16
nid005738:80976:81404 [3] NCCL INFO Channel 04/0 : 3[ce000] -> 2[c9000] via P2P/IPC comm 0x4a599980 nRanks 16
nid005738:80974:81406 [1] NCCL INFO Channel 04/0 : 1[c6000] -> 0[c1000] via P2P/IPC comm 0x4dacef70 nRanks 16
nid005739:99962:100875 [3] NCCL INFO Channel 05/0 : 11[ce000] -> 10[c9000] via P2P/IPC comm 0x4a5b1900 nRanks 16
nid005738:80980:81409 [7] NCCL INFO Channel 07/0 : 7[de000] -> 6[d9000] via P2P/IPC comm 0x4a5575f0 nRanks 16
nid005739:99960:100870 [1] NCCL INFO Channel 05/0 : 9[c6000] -> 8[c1000] via P2P/IPC comm 0x4a5ba7f0 nRanks 16
nid005738:80978:81410 [5] NCCL INFO Channel 05/0 : 5[d6000] -> 4[d1000] via P2P/IPC comm 0x485b2350 nRanks 16
nid005739:99964:100874 [5] NCCL INFO Channel 06/0 : 13[d6000] -> 12[d1000] via P2P/IPC comm 0x4a58e960 nRanks 16
nid005738:80976:81404 [3] NCCL INFO Channel 05/0 : 3[ce000] -> 2[c9000] via P2P/IPC comm 0x4a599980 nRanks 16
nid005738:80974:81406 [1] NCCL INFO Channel 05/0 : 1[c6000] -> 0[c1000] via P2P/IPC comm 0x4dacef70 nRanks 16
nid005739:99962:100875 [3] NCCL INFO Channel 06/0 : 11[ce000] -> 10[c9000] via P2P/IPC comm 0x4a5b1900 nRanks 16
nid005739:99960:100870 [1] NCCL INFO Channel 06/0 : 9[c6000] -> 8[c1000] via P2P/IPC comm 0x4a5ba7f0 nRanks 16
nid005738:80978:81410 [5] NCCL INFO Channel 06/0 : 5[d6000] -> 4[d1000] via P2P/IPC comm 0x485b2350 nRanks 16
nid005739:99964:100874 [5] NCCL INFO Channel 07/0 : 13[d6000] -> 12[d1000] via P2P/IPC comm 0x4a58e960 nRanks 16
nid005738:80976:81404 [3] NCCL INFO Channel 06/0 : 3[ce000] -> 2[c9000] via P2P/IPC comm 0x4a599980 nRanks 16
nid005738:80974:81406 [1] NCCL INFO Channel 06/0 : 1[c6000] -> 0[c1000] via P2P/IPC comm 0x4dacef70 nRanks 16
nid005738:80978:81410 [5] NCCL INFO Channel 07/0 : 5[d6000] -> 4[d1000] via P2P/IPC comm 0x485b2350 nRanks 16
nid005739:99966:100876 [7] NCCL INFO Connected all trees
nid005739:99965:100873 [6] NCCL INFO Connected all trees
nid005739:99960:100870 [1] NCCL INFO Connected all trees
nid005739:99959:100869 [0] NCCL INFO Connected all trees
nid005738:80975:81407 [2] NCCL INFO Connected all trees
nid005738:80977:81405 [4] NCCL INFO Connected all trees
nid005738:80976:81404 [3] NCCL INFO Connected all trees
nid005739:99962:100875 [3] NCCL INFO Connected all trees
nid005739:99961:100872 [2] NCCL INFO Connected all trees
nid005739:99964:100874 [5] NCCL INFO Connected all trees
nid005738:80973:81403 [0] NCCL INFO Connected all trees
nid005738:80974:81406 [1] NCCL INFO Connected all trees
nid005738:80978:81410 [5] NCCL INFO Connected all trees
nid005738:80979:81408 [6] NCCL INFO Connected all trees
nid005739:99963:100871 [4] NCCL INFO Connected all trees
nid005738:80980:81409 [7] NCCL INFO Connected all trees
nid005739:99966:100876 [7] NCCL INFO threadThresholds 8/8/64 | 128/8/64 | 256 | 256
nid005739:99966:100876 [7] NCCL INFO 8 coll channels, 8 collnet channels, 0 nvls channels, 8 p2p channels, 2 p2p channels per peer
nid005739:99960:100870 [1] NCCL INFO threadThresholds 8/8/64 | 128/8/64 | 256 | 256
nid005739:99960:100870 [1] NCCL INFO 8 coll channels, 8 collnet channels, 0 nvls channels, 8 p2p channels, 2 p2p channels per peer
nid005739:99965:100873 [6] NCCL INFO threadThresholds 8/8/64 | 128/8/64 | 256 | 256
nid005739:99965:100873 [6] NCCL INFO 8 coll channels, 8 collnet channels, 0 nvls channels, 8 p2p channels, 2 p2p channels per peer
nid005739:99959:100869 [0] NCCL INFO threadThresholds 8/8/64 | 128/8/64 | 256 | 256
nid005739:99959:100869 [0] NCCL INFO 8 coll channels, 8 collnet channels, 0 nvls channels, 8 p2p channels, 2 p2p channels per peer
nid005738:80975:81407 [2] NCCL INFO threadThresholds 8/8/64 | 128/8/64 | 256 | 256
nid005738:80975:81407 [2] NCCL INFO 8 coll channels, 8 collnet channels, 0 nvls channels, 8 p2p channels, 2 p2p channels per peer
nid005738:80980:81409 [7] NCCL INFO threadThresholds 8/8/64 | 128/8/64 | 256 | 256
nid005738:80980:81409 [7] NCCL INFO 8 coll channels, 8 collnet channels, 0 nvls channels, 8 p2p channels, 2 p2p channels per peer
nid005739:99964:100874 [5] NCCL INFO threadThresholds 8/8/64 | 128/8/64 | 256 | 256
nid005739:99964:100874 [5] NCCL INFO 8 coll channels, 8 collnet channels, 0 nvls channels, 8 p2p channels, 2 p2p channels per peer
nid005738:80978:81410 [5] NCCL INFO threadThresholds 8/8/64 | 128/8/64 | 256 | 256
nid005738:80978:81410 [5] NCCL INFO 8 coll channels, 8 collnet channels, 0 nvls channels, 8 p2p channels, 2 p2p channels per peer
nid005738:80977:81405 [4] NCCL INFO threadThresholds 8/8/64 | 128/8/64 | 256 | 256
nid005738:80977:81405 [4] NCCL INFO 8 coll channels, 8 collnet channels, 0 nvls channels, 8 p2p channels, 2 p2p channels per peer
nid005738:80976:81404 [3] NCCL INFO threadThresholds 8/8/64 | 128/8/64 | 256 | 256
nid005738:80976:81404 [3] NCCL INFO 8 coll channels, 8 collnet channels, 0 nvls channels, 8 p2p channels, 2 p2p channels per peer
nid005739:99962:100875 [3] NCCL INFO threadThresholds 8/8/64 | 128/8/64 | 256 | 256
nid005739:99962:100875 [3] NCCL INFO 8 coll channels, 8 collnet channels, 0 nvls channels, 8 p2p channels, 2 p2p channels per peer
nid005739:99963:100871 [4] NCCL INFO threadThresholds 8/8/64 | 128/8/64 | 256 | 256
nid005739:99963:100871 [4] NCCL INFO 8 coll channels, 8 collnet channels, 0 nvls channels, 8 p2p channels, 2 p2p channels per peer
nid005738:80974:81406 [1] NCCL INFO threadThresholds 8/8/64 | 128/8/64 | 256 | 256
nid005738:80974:81406 [1] NCCL INFO 8 coll channels, 8 collnet channels, 0 nvls channels, 8 p2p channels, 2 p2p channels per peer
nid005739:99961:100872 [2] NCCL INFO threadThresholds 8/8/64 | 128/8/64 | 256 | 256
nid005739:99961:100872 [2] NCCL INFO 8 coll channels, 8 collnet channels, 0 nvls channels, 8 p2p channels, 2 p2p channels per peer
nid005738:80973:81403 [0] NCCL INFO threadThresholds 8/8/64 | 128/8/64 | 256 | 256
nid005738:80973:81403 [0] NCCL INFO 8 coll channels, 8 collnet channels, 0 nvls channels, 8 p2p channels, 2 p2p channels per peer
nid005738:80973:81403 [0] NCCL INFO CC Off, Multi-GPU CC Off, workFifoBytes 1048576
nid005738:80979:81408 [6] NCCL INFO threadThresholds 8/8/64 | 128/8/64 | 256 | 256
nid005738:80979:81408 [6] NCCL INFO 8 coll channels, 8 collnet channels, 0 nvls channels, 8 p2p channels, 2 p2p channels per peer
nid005739:99966:100876 [7] NCCL INFO ncclCommInitRank comm 0x4e8cc580 rank 15 nranks 16 cudaDev 7 nvmlDev 7 busId de000 commId 0xab7e663a603957c1 localSize 272 used 505332512 bytes on core 34 - Init COMPLETE
nid005739:99966:100876 [7] NCCL INFO Init timings: rank 15 nranks 16 total 1.37 (kernels 0.00, bootstrap 0.18, allgathers 0.06, topo 0.91, graphs 0.04, connections 0.18, rest 0.00)
nid005739:99960:100870 [1] NCCL INFO ncclCommInitRank comm 0x4a5ba7f0 rank 9 nranks 16 cudaDev 1 nvmlDev 1 busId c6000 commId 0xab7e663a603957c1 localSize 272 used 505332512 bytes on core 49 - Init COMPLETE
nid005739:99964:100874 [5] NCCL INFO ncclCommInitRank comm 0x4a58e960 rank 13 nranks 16 cudaDev 5 nvmlDev 5 busId d6000 commId 0xab7e663a603957c1 localSize 272 used 522109728 bytes on core 2 - Init COMPLETE
nid005739:99960:100870 [1] NCCL INFO Init timings: rank 9 nranks 16 total 1.39 (kernels 0.00, bootstrap 0.20, allgathers 0.07, topo 0.90, graphs 0.04, connections 0.18, rest 0.00)
nid005739:99964:100874 [5] NCCL INFO Init timings: rank 13 nranks 16 total 1.39 (kernels 0.00, bootstrap 0.20, allgathers 0.08, topo 0.90, graphs 0.04, connections 0.18, rest 0.00)
nid005739:99959:100869 [0] NCCL INFO ncclCommInitRank comm 0x6cc36ae0 rank 8 nranks 16 cudaDev 0 nvmlDev 0 busId c1000 commId 0xab7e663a603957c1 localSize 272 used 421446432 bytes on core 54 - Init COMPLETE
nid005739:99963:100871 [4] NCCL INFO ncclCommInitRank comm 0x4cacc170 rank 12 nranks 16 cudaDev 4 nvmlDev 4 busId d1000 commId 0xab7e663a603957c1 localSize 272 used 438223648 bytes on core 1 - Init COMPLETE
nid005739:99963:100871 [4] NCCL INFO Init timings: rank 12 nranks 16 total 1.39 (kernels 0.00, bootstrap 0.20, allgathers 0.08, topo 0.89, graphs 0.04, connections 0.18, rest 0.00)
nid005739:99959:100869 [0] NCCL INFO Init timings: rank 8 nranks 16 total 1.39 (kernels 0.00, bootstrap 0.20, allgathers 0.00, topo 0.94, graphs 0.07, connections 0.18, rest 0.00)
nid005738:80978:81410 [5] NCCL INFO ncclCommInitRank comm 0x485b2350 rank 5 nranks 16 cudaDev 5 nvmlDev 5 busId d6000 commId 0xab7e663a603957c1 localSize 272 used 522109728 bytes on core 65 - Init COMPLETE
nid005738:80978:81410 [5] NCCL INFO Init timings: rank 5 nranks 16 total 1.22 (kernels 0.00, bootstrap 0.02, allgathers 0.04, topo 0.93, graphs 0.04, connections 0.18, rest 0.00)
nid005738:80974:81406 [1] NCCL INFO ncclCommInitRank comm 0x4dacef70 rank 1 nranks 16 cudaDev 1 nvmlDev 1 busId c6000 commId 0xab7e663a603957c1 localSize 272 used 505332512 bytes on core 51 - Init COMPLETE
nid005738:80976:81404 [3] NCCL INFO ncclCommInitRank comm 0x4a599980 rank 3 nranks 16 cudaDev 3 nvmlDev 3 busId ce000 commId 0xab7e663a603957c1 localSize 272 used 488555296 bytes on core 82 - Init COMPLETE
nid005738:80974:81406 [1] NCCL INFO Init timings: rank 1 nranks 16 total 1.39 (kernels 0.00, bootstrap 0.20, allgathers 0.05, topo 0.93, graphs 0.04, connections 0.18, rest 0.00)
nid005738:80976:81404 [3] NCCL INFO Init timings: rank 3 nranks 16 total 1.39 (kernels 0.00, bootstrap 0.20, allgathers 0.05, topo 0.93, graphs 0.04, connections 0.18, rest 0.00)
nid005738:80980:81409 [7] NCCL INFO ncclCommInitRank comm 0x4a5575f0 rank 7 nranks 16 cudaDev 7 nvmlDev 7 busId de000 commId 0xab7e663a603957c1 localSize 272 used 505332512 bytes on core 46 - Init COMPLETE
nid005738:80977:81405 [4] NCCL INFO ncclCommInitRank comm 0x4c5764f0 rank 4 nranks 16 cudaDev 4 nvmlDev 4 busId d1000 commId 0xab7e663a603957c1 localSize 272 used 438223648 bytes on core 66 - Init COMPLETE
nid005738:80980:81409 [7] NCCL INFO Init timings: rank 7 nranks 16 total 1.30 (kernels 0.00, bootstrap 0.10, allgathers 0.04, topo 0.93, graphs 0.04, connections 0.18, rest 0.00)
nid005738:80977:81405 [4] NCCL INFO Init timings: rank 4 nranks 16 total 1.39 (kernels 0.00, bootstrap 0.20, allgathers 0.05, topo 0.92, graphs 0.04, connections 0.18, rest 0.00)
nid005738:80973:81403 [0] NCCL INFO ncclCommInitRank comm 0x495ae4d0 rank 0 nranks 16 cudaDev 0 nvmlDev 0 busId c1000 commId 0xab7e663a603957c1 localSize 272 used 421446432 bytes on core 49 - Init COMPLETE
nid005738:80973:81403 [0] NCCL INFO Init timings: rank 0 nranks 16 total 1.39 (kernels 0.00, bootstrap 0.20, allgathers 0.06, topo 0.92, graphs 0.04, connections 0.18, rest 0.00)
nid005738:80975:81407 [2] NCCL INFO ncclCommInitRank comm 0x4a57c7d0 rank 2 nranks 16 cudaDev 2 nvmlDev 2 busId c9000 commId 0xab7e663a603957c1 localSize 272 used 438223648 bytes on core 81 - Init COMPLETE
nid005738:80975:81407 [2] NCCL INFO Init timings: rank 2 nranks 16 total 1.32 (kernels 0.00, bootstrap 0.13, allgathers 0.05, topo 0.92, graphs 0.04, connections 0.18, rest 0.00)
nid005738:80979:81408 [6] NCCL INFO ncclCommInitRank comm 0x495a7080 rank 6 nranks 16 cudaDev 6 nvmlDev 6 busId d9000 commId 0xab7e663a603957c1 localSize 272 used 455000864 bytes on core 33 - Init COMPLETE
nid005738:80979:81408 [6] NCCL INFO Init timings: rank 6 nranks 16 total 1.30 (kernels 0.00, bootstrap 0.10, allgathers 0.05, topo 0.92, graphs 0.05, connections 0.18, rest 0.00)
nid005739:99959:100947 [0] NCCL INFO Channel 01/1 : 7[de000] -> 8[c1000] [receive] via NET/Socket/1/Shared comm 0x6cc36ae0 nRanks 16
nid005739:99959:100947 [0] NCCL INFO Channel 05/1 : 7[de000] -> 8[c1000] [receive] via NET/Socket/1/Shared comm 0x6cc36ae0 nRanks 16
nid005739:99959:100947 [0] NCCL INFO Channel 01/1 : 8[c1000] -> 9[c6000] via P2P/IPC comm 0x6cc36ae0 nRanks 16
nid005738:80973:81439 [0] NCCL INFO Channel 01/1 : 15[de000] -> 0[c1000] [receive] via NET/Socket/1/Shared comm 0x495ae4d0 nRanks 16
nid005739:99962:100875 [3] NCCL INFO ncclCommInitRank comm 0x4a5b1900 rank 11 nranks 16 cudaDev 3 nvmlDev 3 busId ce000 commId 0xab7e663a603957c1 localSize 272 used 488555296 bytes on core 95 - Init COMPLETE
nid005739:99962:100875 [3] NCCL INFO Init timings: rank 11 nranks 16 total 1.38 (kernels 0.00, bootstrap 0.18, allgathers 0.05, topo 0.92, graphs 0.04, connections 0.18, rest 0.00)
nid005738:80973:81439 [0] NCCL INFO Channel 05/1 : 15[de000] -> 0[c1000] [receive] via NET/Socket/1/Shared comm 0x495ae4d0 nRanks 16
