nid005739:99964:100730 [5] NCCL INFO Trees [0] 12/-1/-1->13->9 [1] 15/-1/-1->13->12 [2] 12/-1/-1->13->15 [3] 9/-1/-1->13->12 [4] 12/-1/-1->13->9 [5] 15/-1/-1->13->12 [6] 12/-1/-1->13->15 [7] 9/-1/-1->13->12 comm 0x74465a30 nRanks 16 busId d6000
nid005739:99964:100730 [5] NCCL INFO P2P Chunksize set to 131072
nid005738:80978:81330 [5] NCCL INFO comm 0x73ec39c0 rank 5 nRanks 16 nNodes 2 localRanks 8 localRank 5 MNNVL 0
nid005739:99963:100727 [4] NCCL INFO Trees [0] 10/-1/-1->12->13 [1] 13/-1/-1->12->4 [2] -1/-1/-1->12->13 [3] 13/-1/-1->12->10 [4] 10/-1/-1->12->13 [5] 13/4/-1->12->-1 [6] -1/-1/-1->12->13 [7] 13/-1/-1->12->10 comm 0x74468b30 nRanks 16 busId d1000
nid005739:99963:100727 [4] NCCL INFO P2P Chunksize set to 131072
nid005739:99962:100728 [3] NCCL INFO Trees [0] 15/-1/-1->11->10 [1] 10/-1/-1->11->9 [2] 9/-1/-1->11->10 [3] 10/-1/-1->11->15 [4] 15/-1/-1->11->10 [5] 10/-1/-1->11->9 [6] 9/-1/-1->11->10 [7] 10/-1/-1->11->15 comm 0x73eca680 nRanks 16 busId ce000
nid005739:99962:100728 [3] NCCL INFO P2P Chunksize set to 131072
nid005738:80977:81335 [4] NCCL INFO Trees [0] 2/-1/-1->4->5 [1] 5/12/-1->4->-1 [2] -1/-1/-1->4->5 [3] 5/-1/-1->4->2 [4] 2/-1/-1->4->5 [5] 5/-1/-1->4->12 [6] -1/-1/-1->4->5 [7] 5/-1/-1->4->2 comm 0x744435b0 nRanks 16 busId d1000
nid005738:80979:81334 [6] NCCL INFO Trees [0] -1/-1/-1->6->7 [1] 0/-1/-1->6->7 [2] 7/-1/-1->6->0 [3] 7/14/-1->6->-1 [4] -1/-1/-1->6->7 [5] 0/-1/-1->6->7 [6] 7/-1/-1->6->0 [7] 7/-1/-1->6->14 comm 0x74447de0 nRanks 16 busId d9000
nid005738:80977:81335 [4] NCCL INFO P2P Chunksize set to 131072
nid005738:80979:81334 [6] NCCL INFO P2P Chunksize set to 131072
nid005739:99961:100732 [2] NCCL INFO comm 0x74467b20 rank 10 nRanks 16 nNodes 2 localRanks 8 localRank 2 MNNVL 0
nid005739:99960:100725 [1] NCCL INFO comm 0x743c4b40 rank 9 nRanks 16 nNodes 2 localRanks 8 localRank 1 MNNVL 0
nid005739:99961:100732 [2] NCCL INFO Trees [0] 11/-1/-1->10->12 [1] -1/-1/-1->10->11 [2] 11/-1/-1->10->2 [3] 12/-1/-1->10->11 [4] 11/-1/-1->10->12 [5] -1/-1/-1->10->11 [6] 11/2/-1->10->-1 [7] 12/-1/-1->10->11 comm 0x74467b20 nRanks 16 busId c9000
nid005739:99960:100725 [1] NCCL INFO Trees [0] 13/-1/-1->9->8 [1] 11/-1/-1->9->8 [2] 8/-1/-1->9->11 [3] 8/-1/-1->9->13 [4] 13/-1/-1->9->8 [5] 11/-1/-1->9->8 [6] 8/-1/-1->9->11 [7] 8/-1/-1->9->13 comm 0x743c4b40 nRanks 16 busId c6000
nid005739:99961:100732 [2] NCCL INFO P2P Chunksize set to 131072
nid005739:99960:100725 [1] NCCL INFO P2P Chunksize set to 131072
nid005738:80978:81330 [5] NCCL INFO Trees [0] 4/-1/-1->5->1 [1] 7/-1/-1->5->4 [2] 4/-1/-1->5->7 [3] 1/-1/-1->5->4 [4] 4/-1/-1->5->1 [5] 7/-1/-1->5->4 [6] 4/-1/-1->5->7 [7] 1/-1/-1->5->4 comm 0x73ec39c0 nRanks 16 busId d6000
nid005738:80978:81330 [5] NCCL INFO P2P Chunksize set to 131072
nid005738:80976:81331 [3] NCCL INFO comm 0x744652d0 rank 3 nRanks 16 nNodes 2 localRanks 8 localRank 3 MNNVL 0
nid005738:80974:81329 [1] NCCL INFO comm 0x74468020 rank 1 nRanks 16 nNodes 2 localRanks 8 localRank 1 MNNVL 0
nid005738:80973:81328 [0] NCCL INFO comm 0x74b75410 rank 0 nRanks 16 nNodes 2 localRanks 8 localRank 0 MNNVL 0
nid005738:80975:81332 [2] NCCL INFO comm 0x7443ec50 rank 2 nRanks 16 nNodes 2 localRanks 8 localRank 2 MNNVL 0
nid005738:80973:81328 [0] NCCL INFO Channel 00/08 :    0   6   7   5   4   2   3   1   8  14  15  13  12  10  11   9
nid005738:80976:81331 [3] NCCL INFO Trees [0] 7/-1/-1->3->2 [1] 2/-1/-1->3->1 [2] 1/-1/-1->3->2 [3] 2/-1/-1->3->7 [4] 7/-1/-1->3->2 [5] 2/-1/-1->3->1 [6] 1/-1/-1->3->2 [7] 2/-1/-1->3->7 comm 0x744652d0 nRanks 16 busId ce000
nid005738:80974:81329 [1] NCCL INFO Trees [0] 5/-1/-1->1->0 [1] 3/-1/-1->1->0 [2] 0/-1/-1->1->3 [3] 0/-1/-1->1->5 [4] 5/-1/-1->1->0 [5] 3/-1/-1->1->0 [6] 0/-1/-1->1->3 [7] 0/-1/-1->1->5 comm 0x74468020 nRanks 16 busId c6000
nid005738:80973:81328 [0] NCCL INFO Channel 01/08 :    0   1   5  12  10  11  15  14   8   9  13   4   2   3   7   6
nid005738:80976:81331 [3] NCCL INFO P2P Chunksize set to 131072
nid005738:80974:81329 [1] NCCL INFO P2P Chunksize set to 131072
nid005738:80973:81328 [0] NCCL INFO Channel 02/08 :    0   1   3  10  12  13  15  14   8   9  11   2   4   5   7   6
nid005738:80975:81332 [2] NCCL INFO Trees [0] 3/-1/-1->2->4 [1] -1/-1/-1->2->3 [2] 3/10/-1->2->-1 [3] 4/-1/-1->2->3 [4] 3/-1/-1->2->4 [5] -1/-1/-1->2->3 [6] 3/-1/-1->2->10 [7] 4/-1/-1->2->3 comm 0x7443ec50 nRanks 16 busId c9000
nid005738:80973:81328 [0] NCCL INFO Channel 03/08 :    0   6  15  11  10  12  13   9   8  14   7   3   2   4   5   1
nid005738:80975:81332 [2] NCCL INFO P2P Chunksize set to 131072
nid005738:80973:81328 [0] NCCL INFO Channel 04/08 :    0   6   7   5   4   2   3   1   8  14  15  13  12  10  11   9
nid005739:99959:100726 [0] NCCL INFO comm 0x744852a0 rank 8 nRanks 16 nNodes 2 localRanks 8 localRank 0 MNNVL 0
nid005739:99959:100726 [0] NCCL INFO Trees [0] 9/-1/-1->8->0 [1] 9/-1/-1->8->14 [2] 14/-1/-1->8->9 [3] -1/-1/-1->8->9 [4] 9/0/-1->8->-1 [5] 9/-1/-1->8->14 [6] 14/-1/-1->8->9 [7] -1/-1/-1->8->9 comm 0x744852a0 nRanks 16 busId c1000
nid005739:99959:100726 [0] NCCL INFO P2P Chunksize set to 131072
nid005738:80973:81328 [0] NCCL INFO Channel 05/08 :    0   1   5  12  10  11  15  14   8   9  13   4   2   3   7   6
nid005738:80973:81328 [0] NCCL INFO Channel 06/08 :    0   1   3  10  12  13  15  14   8   9  11   2   4   5   7   6
nid005738:80973:81328 [0] NCCL INFO Channel 07/08 :    0   6  15  11  10  12  13   9   8  14   7   3   2   4   5   1
nid005738:80973:81328 [0] NCCL INFO Trees [0] 1/8/-1->0->-1 [1] 1/-1/-1->0->6 [2] 6/-1/-1->0->1 [3] -1/-1/-1->0->1 [4] 1/-1/-1->0->8 [5] 1/-1/-1->0->6 [6] 6/-1/-1->0->1 [7] -1/-1/-1->0->1 comm 0x74b75410 nRanks 16 busId c1000
nid005738:80973:81328 [0] NCCL INFO P2P Chunksize set to 131072
nid005739:99965:100731 [6] NCCL INFO Channel 00/0 : 14[d9000] -> 15[de000] via P2P/IPC comm 0x74b99b50 nRanks 16
nid005738:80977:81335 [4] NCCL INFO Channel 02/0 : 4[d1000] -> 5[d6000] via P2P/IPC comm 0x744435b0 nRanks 16
nid005738:80979:81334 [6] NCCL INFO Channel 00/0 : 6[d9000] -> 7[de000] via P2P/IPC comm 0x74447de0 nRanks 16
nid005738:80975:81332 [2] NCCL INFO Channel 00/0 : 2[c9000] -> 3[ce000] via P2P/IPC comm 0x7443ec50 nRanks 16
nid005738:80973:81328 [0] NCCL INFO Channel 01/0 : 0[c1000] -> 1[c6000] via P2P/IPC comm 0x74b75410 nRanks 16
nid005739:99963:100727 [4] NCCL INFO Channel 02/0 : 12[d1000] -> 13[d6000] via P2P/IPC comm 0x74468b30 nRanks 16
nid005739:99961:100732 [2] NCCL INFO Channel 00/0 : 10[c9000] -> 11[ce000] via P2P/IPC comm 0x74467b20 nRanks 16
nid005739:99959:100726 [0] NCCL INFO Channel 01/0 : 8[c1000] -> 9[c6000] via P2P/IPC comm 0x744852a0 nRanks 16
nid005739:99961:100732 [2] NCCL INFO Channel 01/0 : 10[c9000] -> 11[ce000] via P2P/IPC comm 0x74467b20 nRanks 16
nid005738:80979:81334 [6] NCCL INFO Channel 04/0 : 6[d9000] -> 7[de000] via P2P/IPC comm 0x74447de0 nRanks 16
nid005738:80975:81332 [2] NCCL INFO Channel 01/0 : 2[c9000] -> 3[ce000] via P2P/IPC comm 0x7443ec50 nRanks 16
nid005739:99963:100727 [4] NCCL INFO Channel 03/0 : 12[d1000] -> 13[d6000] via P2P/IPC comm 0x74468b30 nRanks 16
nid005738:80977:81335 [4] NCCL INFO Channel 03/0 : 4[d1000] -> 5[d6000] via P2P/IPC comm 0x744435b0 nRanks 16
nid005739:99959:100726 [0] NCCL INFO Channel 02/0 : 8[c1000] -> 9[c6000] via P2P/IPC comm 0x744852a0 nRanks 16
nid005738:80973:81328 [0] NCCL INFO Channel 02/0 : 0[c1000] -> 1[c6000] via P2P/IPC comm 0x74b75410 nRanks 16
nid005739:99965:100731 [6] NCCL INFO Channel 04/0 : 14[d9000] -> 15[de000] via P2P/IPC comm 0x74b99b50 nRanks 16
nid005739:99961:100732 [2] NCCL INFO Channel 04/0 : 10[c9000] -> 11[ce000] via P2P/IPC comm 0x74467b20 nRanks 16
nid005738:80975:81332 [2] NCCL INFO Channel 04/0 : 2[c9000] -> 3[ce000] via P2P/IPC comm 0x7443ec50 nRanks 16
nid005739:99963:100727 [4] NCCL INFO Channel 06/0 : 12[d1000] -> 13[d6000] via P2P/IPC comm 0x74468b30 nRanks 16
nid005739:99959:100726 [0] NCCL INFO Channel 05/0 : 8[c1000] -> 9[c6000] via P2P/IPC comm 0x744852a0 nRanks 16
nid005738:80977:81335 [4] NCCL INFO Channel 06/0 : 4[d1000] -> 5[d6000] via P2P/IPC comm 0x744435b0 nRanks 16
nid005738:80973:81328 [0] NCCL INFO Channel 05/0 : 0[c1000] -> 1[c6000] via P2P/IPC comm 0x74b75410 nRanks 16
nid005739:99961:100732 [2] NCCL INFO Channel 05/0 : 10[c9000] -> 11[ce000] via P2P/IPC comm 0x74467b20 nRanks 16
nid005738:80975:81332 [2] NCCL INFO Channel 05/0 : 2[c9000] -> 3[ce000] via P2P/IPC comm 0x7443ec50 nRanks 16
nid005739:99963:100727 [4] NCCL INFO Channel 07/0 : 12[d1000] -> 13[d6000] via P2P/IPC comm 0x74468b30 nRanks 16
nid005739:99959:100726 [0] NCCL INFO Channel 06/0 : 8[c1000] -> 9[c6000] via P2P/IPC comm 0x744852a0 nRanks 16
nid005738:80977:81335 [4] NCCL INFO Channel 07/0 : 4[d1000] -> 5[d6000] via P2P/IPC comm 0x744435b0 nRanks 16
nid005738:80973:81328 [0] NCCL INFO Channel 06/0 : 0[c1000] -> 1[c6000] via P2P/IPC comm 0x74b75410 nRanks 16
nid005739:99961:100732 [2] NCCL INFO Channel 02/0 : 10[c9000] -> 12[d1000] via P2P/IPC comm 0x74467b20 nRanks 16
nid005738:80975:81332 [2] NCCL INFO Channel 02/0 : 2[c9000] -> 4[d1000] via P2P/IPC comm 0x7443ec50 nRanks 16
nid005739:99964:100730 [5] NCCL INFO Channel 02/0 : 13[d6000] -> 15[de000] via P2P/IPC comm 0x74465a30 nRanks 16
nid005739:99959:100726 [0] NCCL INFO Channel 00/0 : 8[c1000] -> 14[d9000] via P2P/IPC comm 0x744852a0 nRanks 16
nid005739:99960:100725 [1] NCCL INFO Channel 02/0 : 9[c6000] -> 11[ce000] via P2P/IPC comm 0x743c4b40 nRanks 16
nid005738:80978:81330 [5] NCCL INFO Channel 02/0 : 5[d6000] -> 7[de000] via P2P/IPC comm 0x73ec39c0 nRanks 16
nid005739:99961:100732 [2] NCCL INFO Channel 03/0 : 10[c9000] -> 12[d1000] via P2P/IPC comm 0x74467b20 nRanks 16
nid005738:80973:81328 [0] NCCL INFO Channel 00/0 : 0[c1000] -> 6[d9000] via P2P/IPC comm 0x74b75410 nRanks 16
nid005738:80974:81329 [1] NCCL INFO Channel 02/0 : 1[c6000] -> 3[ce000] via P2P/IPC comm 0x74468020 nRanks 16
nid005738:80975:81332 [2] NCCL INFO Channel 03/0 : 2[c9000] -> 4[d1000] via P2P/IPC comm 0x7443ec50 nRanks 16
nid005739:99959:100726 [0] NCCL INFO Channel 03/0 : 8[c1000] -> 14[d9000] via P2P/IPC comm 0x744852a0 nRanks 16
nid005739:99964:100730 [5] NCCL INFO Channel 06/0 : 13[d6000] -> 15[de000] via P2P/IPC comm 0x74465a30 nRanks 16
nid005739:99960:100725 [1] NCCL INFO Channel 06/0 : 9[c6000] -> 11[ce000] via P2P/IPC comm 0x743c4b40 nRanks 16
nid005738:80978:81330 [5] NCCL INFO Channel 06/0 : 5[d6000] -> 7[de000] via P2P/IPC comm 0x73ec39c0 nRanks 16
nid005739:99961:100732 [2] NCCL INFO Channel 06/0 : 10[c9000] -> 12[d1000] via P2P/IPC comm 0x74467b20 nRanks 16
nid005738:80973:81328 [0] NCCL INFO Channel 03/0 : 0[c1000] -> 6[d9000] via P2P/IPC comm 0x74b75410 nRanks 16
nid005738:80974:81329 [1] NCCL INFO Channel 06/0 : 1[c6000] -> 3[ce000] via P2P/IPC comm 0x74468020 nRanks 16
nid005738:80975:81332 [2] NCCL INFO Channel 06/0 : 2[c9000] -> 4[d1000] via P2P/IPC comm 0x7443ec50 nRanks 16
nid005739:99959:100726 [0] NCCL INFO Channel 04/0 : 8[c1000] -> 14[d9000] via P2P/IPC comm 0x744852a0 nRanks 16
nid005739:99962:100728 [3] NCCL INFO Channel 01/0 : 11[ce000] -> 15[de000] via P2P/IPC comm 0x73eca680 nRanks 16
nid005739:99960:100725 [1] NCCL INFO Channel 01/0 : 9[c6000] -> 13[d6000] via P2P/IPC comm 0x743c4b40 nRanks 16
nid005739:99961:100732 [2] NCCL INFO Channel 07/0 : 10[c9000] -> 12[d1000] via P2P/IPC comm 0x74467b20 nRanks 16
nid005738:80973:81328 [0] NCCL INFO Channel 04/0 : 0[c1000] -> 6[d9000] via P2P/IPC comm 0x74b75410 nRanks 16
nid005738:80976:81331 [3] NCCL INFO Channel 01/0 : 3[ce000] -> 7[de000] via P2P/IPC comm 0x744652d0 nRanks 16
nid005738:80974:81329 [1] NCCL INFO Channel 01/0 : 1[c6000] -> 5[d6000] via P2P/IPC comm 0x74468020 nRanks 16
nid005738:80975:81332 [2] NCCL INFO Channel 07/0 : 2[c9000] -> 4[d1000] via P2P/IPC comm 0x7443ec50 nRanks 16
nid005739:99959:100726 [0] NCCL INFO Channel 07/0 : 8[c1000] -> 14[d9000] via P2P/IPC comm 0x744852a0 nRanks 16
nid005739:99960:100725 [1] NCCL INFO Channel 05/0 : 9[c6000] -> 13[d6000] via P2P/IPC comm 0x743c4b40 nRanks 16
nid005739:99962:100728 [3] NCCL INFO Channel 05/0 : 11[ce000] -> 15[de000] via P2P/IPC comm 0x73eca680 nRanks 16
nid005738:80973:81328 [0] NCCL INFO Channel 07/0 : 0[c1000] -> 6[d9000] via P2P/IPC comm 0x74b75410 nRanks 16
nid005738:80976:81331 [3] NCCL INFO Channel 05/0 : 3[ce000] -> 7[de000] via P2P/IPC comm 0x744652d0 nRanks 16
nid005738:80974:81329 [1] NCCL INFO Channel 05/0 : 1[c6000] -> 5[d6000] via P2P/IPC comm 0x74468020 nRanks 16
nid005739:99963:100727 [4] NCCL INFO Channel 01/0 : 5[d6000] -> 12[d1000] [receive] via NET/Socket/3 comm 0x74468b30 nRanks 16
nid005739:99961:100732 [2] NCCL INFO Channel 02/0 : 3[ce000] -> 10[c9000] [receive] via NET/Socket/2 comm 0x74467b20 nRanks 16
nid005739:99963:100727 [4] NCCL INFO Channel 05/0 : 5[d6000] -> 12[d1000] [receive] via NET/Socket/3 comm 0x74468b30 nRanks 16
nid005739:99961:100732 [2] NCCL INFO Channel 06/0 : 3[ce000] -> 10[c9000] [receive] via NET/Socket/2 comm 0x74467b20 nRanks 16
nid005739:99964:100730 [5] NCCL INFO Channel 01/0 : 13[d6000] -> 4[d1000] [send] via NET/Socket/3 comm 0x74465a30 nRanks 16
nid005739:99960:100725 [1] NCCL INFO Channel 00/0 : 9[c6000] -> 0[c1000] [send] via NET/Socket/1 comm 0x743c4b40 nRanks 16
nid005739:99959:100726 [0] NCCL INFO Channel 00/0 : 1[c6000] -> 8[c1000] [receive] via NET/Socket/1 comm 0x744852a0 nRanks 16
nid005739:99964:100730 [5] NCCL INFO Channel 05/0 : 13[d6000] -> 4[d1000] [send] via NET/Socket/3 comm 0x74465a30 nRanks 16
nid005739:99960:100725 [1] NCCL INFO Channel 04/0 : 9[c6000] -> 0[c1000] [send] via NET/Socket/1 comm 0x743c4b40 nRanks 16
nid005739:99959:100726 [0] NCCL INFO Channel 04/0 : 1[c6000] -> 8[c1000] [receive] via NET/Socket/1 comm 0x744852a0 nRanks 16
nid005739:99965:100731 [6] NCCL INFO Channel 03/0 : 14[d9000] -> 7[de000] [send] via NET/Socket/4 comm 0x74b99b50 nRanks 16
nid005739:99965:100731 [6] NCCL INFO Channel 07/0 : 14[d9000] -> 7[de000] [send] via NET/Socket/4 comm 0x74b99b50 nRanks 16
nid005739:99962:100728 [3] NCCL INFO Channel 02/0 : 11[ce000] -> 2[c9000] [send] via NET/Socket/2 comm 0x73eca680 nRanks 16
nid005739:99966:100729 [7] NCCL INFO Channel 03/0 : 6[d9000] -> 15[de000] [receive] via NET/Socket/4 comm 0x744649a0 nRanks 16
nid005739:99962:100728 [3] NCCL INFO Channel 06/0 : 11[ce000] -> 2[c9000] [send] via NET/Socket/2 comm 0x73eca680 nRanks 16
nid005739:99966:100729 [7] NCCL INFO Channel 07/0 : 6[d9000] -> 15[de000] [receive] via NET/Socket/4 comm 0x744649a0 nRanks 16
nid005738:80977:81335 [4] NCCL INFO Channel 01/0 : 13[d6000] -> 4[d1000] [receive] via NET/Socket/3 comm 0x744435b0 nRanks 16
nid005738:80975:81332 [2] NCCL INFO Channel 02/0 : 11[ce000] -> 2[c9000] [receive] via NET/Socket/2 comm 0x7443ec50 nRanks 16
nid005738:80977:81335 [4] NCCL INFO Channel 05/0 : 13[d6000] -> 4[d1000] [receive] via NET/Socket/3 comm 0x744435b0 nRanks 16
nid005738:80975:81332 [2] NCCL INFO Channel 06/0 : 11[ce000] -> 2[c9000] [receive] via NET/Socket/2 comm 0x7443ec50 nRanks 16
nid005738:80977:81335 [4] NCCL INFO Channel 00/0 : 4[d1000] -> 2[c9000] via P2P/IPC comm 0x744435b0 nRanks 16
nid005739:99964:100730 [5] NCCL INFO Channel 03/0 : 13[d6000] -> 9[c6000] via P2P/IPC comm 0x74465a30 nRanks 16
nid005738:80973:81328 [0] NCCL INFO Channel 00/0 : 9[c6000] -> 0[c1000] [receive] via NET/Socket/1 comm 0x74b75410 nRanks 16
nid005738:80979:81334 [6] NCCL INFO Channel 03/0 : 6[d9000] -> 15[de000] [send] via NET/Socket/4 comm 0x74447de0 nRanks 16
nid005738:80973:81328 [0] NCCL INFO Channel 04/0 : 9[c6000] -> 0[c1000] [receive] via NET/Socket/1 comm 0x74b75410 nRanks 16
nid005738:80979:81334 [6] NCCL INFO Channel 07/0 : 6[d9000] -> 15[de000] [send] via NET/Socket/4 comm 0x74447de0 nRanks 16
nid005738:80976:81331 [3] NCCL INFO Channel 02/0 : 3[ce000] -> 10[c9000] [send] via NET/Socket/2 comm 0x744652d0 nRanks 16
nid005738:80979:81334 [6] NCCL INFO Channel 01/0 : 6[d9000] -> 0[c1000] via P2P/IPC comm 0x74447de0 nRanks 16
nid005738:80976:81331 [3] NCCL INFO Channel 06/0 : 3[ce000] -> 10[c9000] [send] via NET/Socket/2 comm 0x744652d0 nRanks 16
nid005738:80980:81333 [7] NCCL INFO Channel 03/0 : 14[d9000] -> 7[de000] [receive] via NET/Socket/4 comm 0x73ea9480 nRanks 16
nid005739:99966:100729 [7] NCCL INFO Channel 03/0 : 15[de000] -> 11[ce000] via P2P/IPC comm 0x744649a0 nRanks 16
nid005738:80980:81333 [7] NCCL INFO Channel 07/0 : 14[d9000] -> 7[de000] [receive] via NET/Socket/4 comm 0x73ea9480 nRanks 16
nid005738:80974:81329 [1] NCCL INFO Channel 00/0 : 1[c6000] -> 8[c1000] [send] via NET/Socket/1 comm 0x74468020 nRanks 16
nid005738:80978:81330 [5] NCCL INFO Channel 01/0 : 5[d6000] -> 12[d1000] [send] via NET/Socket/3 comm 0x73ec39c0 nRanks 16
nid005738:80980:81333 [7] NCCL INFO Channel 03/0 : 7[de000] -> 3[ce000] via P2P/IPC comm 0x73ea9480 nRanks 16
nid005738:80974:81329 [1] NCCL INFO Channel 04/0 : 1[c6000] -> 8[c1000] [send] via NET/Socket/1 comm 0x74468020 nRanks 16
nid005738:80978:81330 [5] NCCL INFO Channel 05/0 : 5[d6000] -> 12[d1000] [send] via NET/Socket/3 comm 0x73ec39c0 nRanks 16
nid005739:99965:100731 [6] NCCL INFO Channel 01/0 : 14[d9000] -> 8[c1000] via P2P/IPC comm 0x74b99b50 nRanks 16
nid005738:80978:81330 [5] NCCL INFO Channel 03/0 : 5[d6000] -> 1[c6000] via P2P/IPC comm 0x73ec39c0 nRanks 16
nid005739:99963:100727 [4] NCCL INFO Channel 00/0 : 12[d1000] -> 10[c9000] via P2P/IPC comm 0x74468b30 nRanks 16
nid005739:99964:100730 [5] NCCL INFO Channel 07/0 : 13[d6000] -> 9[c6000] via P2P/IPC comm 0x74465a30 nRanks 16
nid005738:80977:81335 [4] NCCL INFO Channel 01/0 : 4[d1000] -> 2[c9000] via P2P/IPC comm 0x744435b0 nRanks 16
nid005738:80979:81334 [6] NCCL INFO Channel 02/0 : 6[d9000] -> 0[c1000] via P2P/IPC comm 0x74447de0 nRanks 16
nid005738:80980:81333 [7] NCCL INFO Channel 07/0 : 7[de000] -> 3[ce000] via P2P/IPC comm 0x73ea9480 nRanks 16
nid005739:99963:100727 [4] NCCL INFO Channel 01/0 : 12[d1000] -> 10[c9000] via P2P/IPC comm 0x74468b30 nRanks 16
nid005738:80978:81330 [5] NCCL INFO Channel 07/0 : 5[d6000] -> 1[c6000] via P2P/IPC comm 0x73ec39c0 nRanks 16
nid005739:99966:100729 [7] NCCL INFO Channel 07/0 : 15[de000] -> 11[ce000] via P2P/IPC comm 0x744649a0 nRanks 16
nid005739:99965:100731 [6] NCCL INFO Channel 02/0 : 14[d9000] -> 8[c1000] via P2P/IPC comm 0x74b99b50 nRanks 16
nid005738:80977:81335 [4] NCCL INFO Channel 04/0 : 4[d1000] -> 2[c9000] via P2P/IPC comm 0x744435b0 nRanks 16
nid005738:80979:81334 [6] NCCL INFO Channel 05/0 : 6[d9000] -> 0[c1000] via P2P/IPC comm 0x74447de0 nRanks 16
nid005738:80976:81331 [3] NCCL INFO Channel 00/0 : 3[ce000] -> 1[c6000] via P2P/IPC comm 0x744652d0 nRanks 16
nid005738:80980:81333 [7] NCCL INFO Channel 00/0 : 7[de000] -> 5[d6000] via P2P/IPC comm 0x73ea9480 nRanks 16
nid005739:99963:100727 [4] NCCL INFO Channel 04/0 : 12[d1000] -> 10[c9000] via P2P/IPC comm 0x74468b30 nRanks 16
nid005739:99965:100731 [6] NCCL INFO Channel 05/0 : 14[d9000] -> 8[c1000] via P2P/IPC comm 0x74b99b50 nRanks 16
nid005739:99962:100728 [3] NCCL INFO Channel 00/0 : 11[ce000] -> 9[c6000] via P2P/IPC comm 0x73eca680 nRanks 16
nid005739:99966:100729 [7] NCCL INFO Channel 00/0 : 15[de000] -> 13[d6000] via P2P/IPC comm 0x744649a0 nRanks 16
nid005738:80977:81335 [4] NCCL INFO Channel 05/0 : 4[d1000] -> 2[c9000] via P2P/IPC comm 0x744435b0 nRanks 16
nid005738:80976:81331 [3] NCCL INFO Channel 04/0 : 3[ce000] -> 1[c6000] via P2P/IPC comm 0x744652d0 nRanks 16
nid005738:80980:81333 [7] NCCL INFO Channel 04/0 : 7[de000] -> 5[d6000] via P2P/IPC comm 0x73ea9480 nRanks 16
nid005738:80979:81334 [6] NCCL INFO Channel 06/0 : 6[d9000] -> 0[c1000] via P2P/IPC comm 0x74447de0 nRanks 16
nid005739:99963:100727 [4] NCCL INFO Channel 05/0 : 12[d1000] -> 10[c9000] via P2P/IPC comm 0x74468b30 nRanks 16
nid005739:99962:100728 [3] NCCL INFO Channel 04/0 : 11[ce000] -> 9[c6000] via P2P/IPC comm 0x73eca680 nRanks 16
nid005739:99965:100731 [6] NCCL INFO Channel 06/0 : 14[d9000] -> 8[c1000] via P2P/IPC comm 0x74b99b50 nRanks 16
nid005739:99966:100729 [7] NCCL INFO Channel 04/0 : 15[de000] -> 13[d6000] via P2P/IPC comm 0x744649a0 nRanks 16
nid005738:80980:81333 [7] NCCL INFO Channel 01/0 : 7[de000] -> 6[d9000] via P2P/IPC comm 0x73ea9480 nRanks 16
nid005738:80978:81330 [5] NCCL INFO Channel 00/0 : 5[d6000] -> 4[d1000] via P2P/IPC comm 0x73ec39c0 nRanks 16
nid005739:99960:100725 [1] NCCL INFO Channel 03/0 : 9[c6000] -> 8[c1000] via P2P/IPC comm 0x743c4b40 nRanks 16
nid005739:99962:100728 [3] NCCL INFO Channel 03/0 : 11[ce000] -> 10[c9000] via P2P/IPC comm 0x73eca680 nRanks 16
nid005738:80976:81331 [3] NCCL INFO Channel 03/0 : 3[ce000] -> 2[c9000] via P2P/IPC comm 0x744652d0 nRanks 16
nid005738:80974:81329 [1] NCCL INFO Channel 03/0 : 1[c6000] -> 0[c1000] via P2P/IPC comm 0x74468020 nRanks 16
nid005739:99964:100730 [5] NCCL INFO Channel 00/0 : 13[d6000] -> 12[d1000] via P2P/IPC comm 0x74465a30 nRanks 16
nid005739:99966:100729 [7] NCCL INFO Channel 01/0 : 15[de000] -> 14[d9000] via P2P/IPC comm 0x744649a0 nRanks 16
nid005738:80980:81333 [7] NCCL INFO Channel 02/0 : 7[de000] -> 6[d9000] via P2P/IPC comm 0x73ea9480 nRanks 16
nid005739:99962:100728 [3] NCCL INFO Channel 07/0 : 11[ce000] -> 10[c9000] via P2P/IPC comm 0x73eca680 nRanks 16
nid005738:80978:81330 [5] NCCL INFO Channel 04/0 : 5[d6000] -> 4[d1000] via P2P/IPC comm 0x73ec39c0 nRanks 16
nid005739:99960:100725 [1] NCCL INFO Channel 07/0 : 9[c6000] -> 8[c1000] via P2P/IPC comm 0x743c4b40 nRanks 16
nid005738:80976:81331 [3] NCCL INFO Channel 07/0 : 3[ce000] -> 2[c9000] via P2P/IPC comm 0x744652d0 nRanks 16
nid005738:80974:81329 [1] NCCL INFO Channel 07/0 : 1[c6000] -> 0[c1000] via P2P/IPC comm 0x74468020 nRanks 16
nid005739:99964:100730 [5] NCCL INFO Channel 04/0 : 13[d6000] -> 12[d1000] via P2P/IPC comm 0x74465a30 nRanks 16
nid005739:99966:100729 [7] NCCL INFO Channel 02/0 : 15[de000] -> 14[d9000] via P2P/IPC comm 0x744649a0 nRanks 16
nid005738:80980:81333 [7] NCCL INFO Channel 05/0 : 7[de000] -> 6[d9000] via P2P/IPC comm 0x73ea9480 nRanks 16
nid005738:80980:81333 [7] NCCL INFO Channel 06/0 : 7[de000] -> 6[d9000] via P2P/IPC comm 0x73ea9480 nRanks 16
nid005739:99966:100729 [7] NCCL INFO Channel 05/0 : 15[de000] -> 14[d9000] via P2P/IPC comm 0x744649a0 nRanks 16
nid005739:99966:100729 [7] NCCL INFO Channel 06/0 : 15[de000] -> 14[d9000] via P2P/IPC comm 0x744649a0 nRanks 16
nid005739:99960:100725 [1] NCCL INFO Connected all rings
nid005739:99961:100732 [2] NCCL INFO Connected all rings
nid005739:99964:100730 [5] NCCL INFO Connected all rings
nid005739:99959:100726 [0] NCCL INFO Connected all rings
nid005739:99961:100732 [2] NCCL INFO Channel 02/0 : 10[c9000] -> 11[ce000] via P2P/IPC comm 0x74467b20 nRanks 16
nid005739:99962:100728 [3] NCCL INFO Connected all rings
nid005739:99959:100726 [0] NCCL INFO Channel 00/0 : 8[c1000] -> 9[c6000] via P2P/IPC comm 0x744852a0 nRanks 16
nid005739:99966:100729 [7] NCCL INFO Connected all rings
nid005739:99965:100731 [6] NCCL INFO Connected all rings
nid005739:99963:100727 [4] NCCL INFO Connected all rings
nid005738:80973:81328 [0] NCCL INFO Connected all rings
nid005738:80974:81329 [1] NCCL INFO Connected all rings
nid005738:80973:81328 [0] NCCL INFO Channel 00/0 : 0[c1000] -> 1[c6000] via P2P/IPC comm 0x74b75410 nRanks 16
nid005738:80975:81332 [2] NCCL INFO Connected all rings
nid005738:80977:81335 [4] NCCL INFO Connected all rings
nid005739:99963:100727 [4] NCCL INFO Channel 00/0 : 12[d1000] -> 13[d6000] via P2P/IPC comm 0x74468b30 nRanks 16
nid005739:99965:100731 [6] NCCL INFO Channel 01/0 : 14[d9000] -> 15[de000] via P2P/IPC comm 0x74b99b50 nRanks 16
nid005738:80976:81331 [3] NCCL INFO Connected all rings
nid005738:80975:81332 [2] NCCL INFO Channel 02/0 : 2[c9000] -> 3[ce000] via P2P/IPC comm 0x7443ec50 nRanks 16
nid005738:80977:81335 [4] NCCL INFO Channel 00/0 : 4[d1000] -> 5[d6000] via P2P/IPC comm 0x744435b0 nRanks 16
nid005738:80979:81334 [6] NCCL INFO Connected all rings
nid005738:80980:81333 [7] NCCL INFO Connected all rings
nid005738:80978:81330 [5] NCCL INFO Connected all rings
nid005738:80979:81334 [6] NCCL INFO Channel 01/0 : 6[d9000] -> 7[de000] via P2P/IPC comm 0x74447de0 nRanks 16
nid005739:99961:100732 [2] NCCL INFO Channel 03/0 : 10[c9000] -> 11[ce000] via P2P/IPC comm 0x74467b20 nRanks 16
nid005739:99963:100727 [4] NCCL INFO Channel 01/0 : 12[d1000] -> 13[d6000] via P2P/IPC comm 0x74468b30 nRanks 16
nid005739:99959:100726 [0] NCCL INFO Channel 03/0 : 8[c1000] -> 9[c6000] via P2P/IPC comm 0x744852a0 nRanks 16
nid005738:80979:81334 [6] NCCL INFO Channel 02/0 : 6[d9000] -> 7[de000] via P2P/IPC comm 0x74447de0 nRanks 16
nid005738:80975:81332 [2] NCCL INFO Channel 03/0 : 2[c9000] -> 3[ce000] via P2P/IPC comm 0x7443ec50 nRanks 16
nid005738:80977:81335 [4] NCCL INFO Channel 01/0 : 4[d1000] -> 5[d6000] via P2P/IPC comm 0x744435b0 nRanks 16
nid005739:99965:100731 [6] NCCL INFO Channel 02/0 : 14[d9000] -> 15[de000] via P2P/IPC comm 0x74b99b50 nRanks 16
nid005738:80973:81328 [0] NCCL INFO Channel 03/0 : 0[c1000] -> 1[c6000] via P2P/IPC comm 0x74b75410 nRanks 16
nid005739:99961:100732 [2] NCCL INFO Channel 06/0 : 10[c9000] -> 11[ce000] via P2P/IPC comm 0x74467b20 nRanks 16
nid005739:99963:100727 [4] NCCL INFO Channel 04/0 : 12[d1000] -> 13[d6000] via P2P/IPC comm 0x74468b30 nRanks 16
nid005739:99959:100726 [0] NCCL INFO Channel 04/0 : 8[c1000] -> 9[c6000] via P2P/IPC comm 0x744852a0 nRanks 16
nid005738:80975:81332 [2] NCCL INFO Channel 06/0 : 2[c9000] -> 3[ce000] via P2P/IPC comm 0x7443ec50 nRanks 16
nid005738:80979:81334 [6] NCCL INFO Channel 03/0 : 6[d9000] -> 7[de000] via P2P/IPC comm 0x74447de0 nRanks 16
nid005738:80977:81335 [4] NCCL INFO Channel 04/0 : 4[d1000] -> 5[d6000] via P2P/IPC comm 0x744435b0 nRanks 16
nid005738:80973:81328 [0] NCCL INFO Channel 04/0 : 0[c1000] -> 1[c6000] via P2P/IPC comm 0x74b75410 nRanks 16
nid005739:99965:100731 [6] NCCL INFO Channel 03/0 : 14[d9000] -> 15[de000] via P2P/IPC comm 0x74b99b50 nRanks 16
nid005739:99961:100732 [2] NCCL INFO Channel 07/0 : 10[c9000] -> 11[ce000] via P2P/IPC comm 0x74467b20 nRanks 16
nid005739:99959:100726 [0] NCCL INFO Channel 07/0 : 8[c1000] -> 9[c6000] via P2P/IPC comm 0x744852a0 nRanks 16
nid005739:99963:100727 [4] NCCL INFO Channel 05/0 : 12[d1000] -> 13[d6000] via P2P/IPC comm 0x74468b30 nRanks 16
nid005738:80975:81332 [2] NCCL INFO Channel 07/0 : 2[c9000] -> 3[ce000] via P2P/IPC comm 0x7443ec50 nRanks 16
nid005738:80977:81335 [4] NCCL INFO Channel 05/0 : 4[d1000] -> 5[d6000] via P2P/IPC comm 0x744435b0 nRanks 16
nid005738:80979:81334 [6] NCCL INFO Channel 05/0 : 6[d9000] -> 7[de000] via P2P/IPC comm 0x74447de0 nRanks 16
nid005738:80973:81328 [0] NCCL INFO Channel 07/0 : 0[c1000] -> 1[c6000] via P2P/IPC comm 0x74b75410 nRanks 16
nid005739:99965:100731 [6] NCCL INFO Channel 05/0 : 14[d9000] -> 15[de000] via P2P/IPC comm 0x74b99b50 nRanks 16
nid005739:99959:100726 [0] NCCL INFO Channel 01/0 : 8[c1000] -> 14[d9000] via P2P/IPC comm 0x744852a0 nRanks 16
nid005739:99960:100725 [1] NCCL INFO Channel 01/0 : 9[c6000] -> 11[ce000] via P2P/IPC comm 0x743c4b40 nRanks 16
nid005739:99961:100732 [2] NCCL INFO Channel 00/0 : 10[c9000] -> 12[d1000] via P2P/IPC comm 0x74467b20 nRanks 16
nid005739:99964:100730 [5] NCCL INFO Channel 01/0 : 13[d6000] -> 15[de000] via P2P/IPC comm 0x74465a30 nRanks 16
nid005738:80975:81332 [2] NCCL INFO Channel 00/0 : 2[c9000] -> 4[d1000] via P2P/IPC comm 0x7443ec50 nRanks 16
nid005738:80978:81330 [5] NCCL INFO Channel 01/0 : 5[d6000] -> 7[de000] via P2P/IPC comm 0x73ec39c0 nRanks 16
nid005738:80979:81334 [6] NCCL INFO Channel 06/0 : 6[d9000] -> 7[de000] via P2P/IPC comm 0x74447de0 nRanks 16
nid005738:80974:81329 [1] NCCL INFO Channel 01/0 : 1[c6000] -> 3[ce000] via P2P/IPC comm 0x74468020 nRanks 16
nid005738:80973:81328 [0] NCCL INFO Channel 01/0 : 0[c1000] -> 6[d9000] via P2P/IPC comm 0x74b75410 nRanks 16
nid005739:99965:100731 [6] NCCL INFO Channel 06/0 : 14[d9000] -> 15[de000] via P2P/IPC comm 0x74b99b50 nRanks 16
nid005739:99959:100726 [0] NCCL INFO Channel 02/0 : 8[c1000] -> 14[d9000] via P2P/IPC comm 0x744852a0 nRanks 16
nid005739:99960:100725 [1] NCCL INFO Channel 05/0 : 9[c6000] -> 11[ce000] via P2P/IPC comm 0x743c4b40 nRanks 16
nid005739:99961:100732 [2] NCCL INFO Channel 04/0 : 10[c9000] -> 12[d1000] via P2P/IPC comm 0x74467b20 nRanks 16
nid005739:99964:100730 [5] NCCL INFO Channel 05/0 : 13[d6000] -> 15[de000] via P2P/IPC comm 0x74465a30 nRanks 16
nid005738:80978:81330 [5] NCCL INFO Channel 05/0 : 5[d6000] -> 7[de000] via P2P/IPC comm 0x73ec39c0 nRanks 16
nid005738:80979:81334 [6] NCCL INFO Channel 07/0 : 6[d9000] -> 7[de000] via P2P/IPC comm 0x74447de0 nRanks 16
nid005738:80975:81332 [2] NCCL INFO Channel 04/0 : 2[c9000] -> 4[d1000] via P2P/IPC comm 0x7443ec50 nRanks 16
nid005738:80974:81329 [1] NCCL INFO Channel 05/0 : 1[c6000] -> 3[ce000] via P2P/IPC comm 0x74468020 nRanks 16
nid005738:80973:81328 [0] NCCL INFO Channel 02/0 : 0[c1000] -> 6[d9000] via P2P/IPC comm 0x74b75410 nRanks 16
nid005739:99959:100726 [0] NCCL INFO Channel 05/0 : 8[c1000] -> 14[d9000] via P2P/IPC comm 0x744852a0 nRanks 16
nid005739:99965:100731 [6] NCCL INFO Channel 07/0 : 14[d9000] -> 15[de000] via P2P/IPC comm 0x74b99b50 nRanks 16
nid005739:99960:100725 [1] NCCL INFO Channel 00/0 : 9[c6000] -> 13[d6000] via P2P/IPC comm 0x743c4b40 nRanks 16
nid005739:99962:100728 [3] NCCL INFO Channel 00/0 : 11[ce000] -> 15[de000] via P2P/IPC comm 0x73eca680 nRanks 16
nid005739:99963:100727 [4] NCCL INFO Channel 01/0 : 4[d1000] -> 12[d1000] [receive] via NET/Socket/3 comm 0x74468b30 nRanks 16
nid005739:99961:100732 [2] NCCL INFO Channel 02/0 : 2[c9000] -> 10[c9000] [receive] via NET/Socket/2 comm 0x74467b20 nRanks 16
nid005739:99963:100727 [4] NCCL INFO Channel 05/0 : 4[d1000] -> 12[d1000] [receive] via NET/Socket/3 comm 0x74468b30 nRanks 16
nid005739:99961:100732 [2] NCCL INFO Channel 06/0 : 2[c9000] -> 10[c9000] [receive] via NET/Socket/2 comm 0x74467b20 nRanks 16
nid005739:99963:100727 [4] NCCL INFO Channel 01/0 : 12[d1000] -> 4[d1000] [send] via NET/Socket/3 comm 0x74468b30 nRanks 16
nid005739:99961:100732 [2] NCCL INFO Channel 02/0 : 10[c9000] -> 2[c9000] [send] via NET/Socket/2 comm 0x74467b20 nRanks 16
nid005739:99963:100727 [4] NCCL INFO Channel 05/0 : 12[d1000] -> 4[d1000] [send] via NET/Socket/3 comm 0x74468b30 nRanks 16
nid005739:99961:100732 [2] NCCL INFO Channel 06/0 : 10[c9000] -> 2[c9000] [send] via NET/Socket/2 comm 0x74467b20 nRanks 16
nid005738:80975:81332 [2] NCCL INFO Channel 02/0 : 10[c9000] -> 2[c9000] [receive] via NET/Socket/2 comm 0x7443ec50 nRanks 16
nid005738:80977:81335 [4] NCCL INFO Channel 01/0 : 12[d1000] -> 4[d1000] [receive] via NET/Socket/3 comm 0x744435b0 nRanks 16
nid005738:80977:81335 [4] NCCL INFO Channel 05/0 : 12[d1000] -> 4[d1000] [receive] via NET/Socket/3 comm 0x744435b0 nRanks 16
nid005738:80975:81332 [2] NCCL INFO Channel 06/0 : 10[c9000] -> 2[c9000] [receive] via NET/Socket/2 comm 0x7443ec50 nRanks 16
nid005738:80977:81335 [4] NCCL INFO Channel 01/0 : 4[d1000] -> 12[d1000] [send] via NET/Socket/3 comm 0x744435b0 nRanks 16
nid005738:80975:81332 [2] NCCL INFO Channel 02/0 : 2[c9000] -> 10[c9000] [send] via NET/Socket/2 comm 0x7443ec50 nRanks 16
nid005738:80977:81335 [4] NCCL INFO Channel 05/0 : 4[d1000] -> 12[d1000] [send] via NET/Socket/3 comm 0x744435b0 nRanks 16
nid005738:80975:81332 [2] NCCL INFO Channel 06/0 : 2[c9000] -> 10[c9000] [send] via NET/Socket/2 comm 0x7443ec50 nRanks 16
nid005738:80977:81335 [4] NCCL INFO Channel 03/0 : 4[d1000] -> 2[c9000] via P2P/IPC comm 0x744435b0 nRanks 16
nid005739:99963:100727 [4] NCCL INFO Channel 03/0 : 12[d1000] -> 10[c9000] via P2P/IPC comm 0x74468b30 nRanks 16
nid005738:80976:81331 [3] NCCL INFO Channel 00/0 : 3[ce000] -> 7[de000] via P2P/IPC comm 0x744652d0 nRanks 16
nid005738:80974:81329 [1] NCCL INFO Channel 00/0 : 1[c6000] -> 5[d6000] via P2P/IPC comm 0x74468020 nRanks 16
nid005738:80973:81328 [0] NCCL INFO Channel 05/0 : 0[c1000] -> 6[d9000] via P2P/IPC comm 0x74b75410 nRanks 16
nid005739:99959:100726 [0] NCCL INFO Channel 06/0 : 8[c1000] -> 14[d9000] via P2P/IPC comm 0x744852a0 nRanks 16
nid005739:99960:100725 [1] NCCL INFO Channel 03/0 : 9[c6000] -> 13[d6000] via P2P/IPC comm 0x743c4b40 nRanks 16
nid005739:99962:100728 [3] NCCL INFO Channel 03/0 : 11[ce000] -> 15[de000] via P2P/IPC comm 0x73eca680 nRanks 16
nid005738:80977:81335 [4] NCCL INFO Channel 07/0 : 4[d1000] -> 2[c9000] via P2P/IPC comm 0x744435b0 nRanks 16
nid005739:99963:100727 [4] NCCL INFO Channel 07/0 : 12[d1000] -> 10[c9000] via P2P/IPC comm 0x74468b30 nRanks 16
nid005738:80976:81331 [3] NCCL INFO Channel 03/0 : 3[ce000] -> 7[de000] via P2P/IPC comm 0x744652d0 nRanks 16
nid005739:99960:100725 [1] NCCL INFO Channel 04/0 : 9[c6000] -> 13[d6000] via P2P/IPC comm 0x743c4b40 nRanks 16
nid005738:80973:81328 [0] NCCL INFO Channel 06/0 : 0[c1000] -> 6[d9000] via P2P/IPC comm 0x74b75410 nRanks 16
nid005738:80974:81329 [1] NCCL INFO Channel 03/0 : 1[c6000] -> 5[d6000] via P2P/IPC comm 0x74468020 nRanks 16
nid005739:99962:100728 [3] NCCL INFO Channel 04/0 : 11[ce000] -> 15[de000] via P2P/IPC comm 0x73eca680 nRanks 16
nid005738:80976:81331 [3] NCCL INFO Channel 04/0 : 3[ce000] -> 7[de000] via P2P/IPC comm 0x744652d0 nRanks 16
nid005739:99960:100725 [1] NCCL INFO Channel 07/0 : 9[c6000] -> 13[d6000] via P2P/IPC comm 0x743c4b40 nRanks 16
nid005739:99962:100728 [3] NCCL INFO Channel 07/0 : 11[ce000] -> 15[de000] via P2P/IPC comm 0x73eca680 nRanks 16
nid005738:80974:81329 [1] NCCL INFO Channel 04/0 : 1[c6000] -> 5[d6000] via P2P/IPC comm 0x74468020 nRanks 16
nid005738:80976:81331 [3] NCCL INFO Channel 07/0 : 3[ce000] -> 7[de000] via P2P/IPC comm 0x744652d0 nRanks 16
nid005738:80974:81329 [1] NCCL INFO Channel 07/0 : 1[c6000] -> 5[d6000] via P2P/IPC comm 0x74468020 nRanks 16
nid005738:80973:81328 [0] NCCL INFO Channel 00/0 : 8[c1000] -> 0[c1000] [receive] via NET/Socket/1 comm 0x74b75410 nRanks 16
nid005738:80979:81334 [6] NCCL INFO Channel 03/0 : 14[d9000] -> 6[d9000] [receive] via NET/Socket/4 comm 0x74447de0 nRanks 16
nid005738:80973:81328 [0] NCCL INFO Channel 04/0 : 8[c1000] -> 0[c1000] [receive] via NET/Socket/1 comm 0x74b75410 nRanks 16
nid005738:80979:81334 [6] NCCL INFO Channel 07/0 : 14[d9000] -> 6[d9000] [receive] via NET/Socket/4 comm 0x74447de0 nRanks 16
nid005738:80973:81328 [0] NCCL INFO Channel 00/0 : 0[c1000] -> 8[c1000] [send] via NET/Socket/1 comm 0x74b75410 nRanks 16
nid005738:80979:81334 [6] NCCL INFO Channel 03/0 : 6[d9000] -> 14[d9000] [send] via NET/Socket/4 comm 0x74447de0 nRanks 16
nid005738:80973:81328 [0] NCCL INFO Channel 04/0 : 0[c1000] -> 8[c1000] [send] via NET/Socket/1 comm 0x74b75410 nRanks 16
nid005738:80979:81334 [6] NCCL INFO Channel 07/0 : 6[d9000] -> 14[d9000] [send] via NET/Socket/4 comm 0x74447de0 nRanks 16
nid005739:99959:100726 [0] NCCL INFO Channel 00/0 : 0[c1000] -> 8[c1000] [receive] via NET/Socket/1 comm 0x744852a0 nRanks 16
nid005739:99965:100731 [6] NCCL INFO Channel 03/0 : 6[d9000] -> 14[d9000] [receive] via NET/Socket/4 comm 0x74b99b50 nRanks 16
nid005739:99959:100726 [0] NCCL INFO Channel 04/0 : 0[c1000] -> 8[c1000] [receive] via NET/Socket/1 comm 0x744852a0 nRanks 16
nid005739:99965:100731 [6] NCCL INFO Channel 07/0 : 6[d9000] -> 14[d9000] [receive] via NET/Socket/4 comm 0x74b99b50 nRanks 16
nid005739:99959:100726 [0] NCCL INFO Channel 00/0 : 8[c1000] -> 0[c1000] [send] via NET/Socket/1 comm 0x744852a0 nRanks 16
nid005739:99965:100731 [6] NCCL INFO Channel 03/0 : 14[d9000] -> 6[d9000] [send] via NET/Socket/4 comm 0x74b99b50 nRanks 16
nid005739:99959:100726 [0] NCCL INFO Channel 04/0 : 8[c1000] -> 0[c1000] [send] via NET/Socket/1 comm 0x744852a0 nRanks 16
nid005739:99965:100731 [6] NCCL INFO Channel 07/0 : 14[d9000] -> 6[d9000] [send] via NET/Socket/4 comm 0x74b99b50 nRanks 16
nid005738:80980:81333 [7] NCCL INFO Channel 00/0 : 7[de000] -> 3[ce000] via P2P/IPC comm 0x73ea9480 nRanks 16
nid005738:80978:81330 [5] NCCL INFO Channel 00/0 : 5[d6000] -> 1[c6000] via P2P/IPC comm 0x73ec39c0 nRanks 16
nid005739:99964:100730 [5] NCCL INFO Channel 00/0 : 13[d6000] -> 9[c6000] via P2P/IPC comm 0x74465a30 nRanks 16
nid005738:80980:81333 [7] NCCL INFO Channel 04/0 : 7[de000] -> 3[ce000] via P2P/IPC comm 0x73ea9480 nRanks 16
nid005738:80978:81330 [5] NCCL INFO Channel 04/0 : 5[d6000] -> 1[c6000] via P2P/IPC comm 0x73ec39c0 nRanks 16
nid005739:99966:100729 [7] NCCL INFO Channel 00/0 : 15[de000] -> 11[ce000] via P2P/IPC comm 0x744649a0 nRanks 16
nid005739:99964:100730 [5] NCCL INFO Channel 04/0 : 13[d6000] -> 9[c6000] via P2P/IPC comm 0x74465a30 nRanks 16
nid005738:80980:81333 [7] NCCL INFO Channel 01/0 : 7[de000] -> 5[d6000] via P2P/IPC comm 0x73ea9480 nRanks 16
nid005738:80976:81331 [3] NCCL INFO Channel 01/0 : 3[ce000] -> 1[c6000] via P2P/IPC comm 0x744652d0 nRanks 16
nid005739:99966:100729 [7] NCCL INFO Channel 04/0 : 15[de000] -> 11[ce000] via P2P/IPC comm 0x744649a0 nRanks 16
nid005738:80976:81331 [3] NCCL INFO Channel 02/0 : 3[ce000] -> 1[c6000] via P2P/IPC comm 0x744652d0 nRanks 16
nid005738:80980:81333 [7] NCCL INFO Channel 02/0 : 7[de000] -> 5[d6000] via P2P/IPC comm 0x73ea9480 nRanks 16
nid005739:99962:100728 [3] NCCL INFO Channel 01/0 : 11[ce000] -> 9[c6000] via P2P/IPC comm 0x73eca680 nRanks 16
nid005739:99966:100729 [7] NCCL INFO Channel 01/0 : 15[de000] -> 13[d6000] via P2P/IPC comm 0x744649a0 nRanks 16
nid005738:80976:81331 [3] NCCL INFO Channel 05/0 : 3[ce000] -> 1[c6000] via P2P/IPC comm 0x744652d0 nRanks 16
nid005738:80980:81333 [7] NCCL INFO Channel 05/0 : 7[de000] -> 5[d6000] via P2P/IPC comm 0x73ea9480 nRanks 16
nid005739:99962:100728 [3] NCCL INFO Channel 02/0 : 11[ce000] -> 9[c6000] via P2P/IPC comm 0x73eca680 nRanks 16
nid005738:80976:81331 [3] NCCL INFO Channel 06/0 : 3[ce000] -> 1[c6000] via P2P/IPC comm 0x744652d0 nRanks 16
nid005739:99966:100729 [7] NCCL INFO Channel 02/0 : 15[de000] -> 13[d6000] via P2P/IPC comm 0x744649a0 nRanks 16
nid005738:80980:81333 [7] NCCL INFO Channel 06/0 : 7[de000] -> 5[d6000] via P2P/IPC comm 0x73ea9480 nRanks 16
nid005739:99962:100728 [3] NCCL INFO Channel 05/0 : 11[ce000] -> 9[c6000] via P2P/IPC comm 0x73eca680 nRanks 16
nid005739:99966:100729 [7] NCCL INFO Channel 05/0 : 15[de000] -> 13[d6000] via P2P/IPC comm 0x744649a0 nRanks 16
nid005738:80978:81330 [5] NCCL INFO Channel 01/0 : 5[d6000] -> 4[d1000] via P2P/IPC comm 0x73ec39c0 nRanks 16
nid005738:80980:81333 [7] NCCL INFO Channel 00/0 : 7[de000] -> 6[d9000] via P2P/IPC comm 0x73ea9480 nRanks 16
nid005738:80976:81331 [3] NCCL INFO Channel 00/0 : 3[ce000] -> 2[c9000] via P2P/IPC comm 0x744652d0 nRanks 16
nid005738:80974:81329 [1] NCCL INFO Channel 00/0 : 1[c6000] -> 0[c1000] via P2P/IPC comm 0x74468020 nRanks 16
nid005739:99962:100728 [3] NCCL INFO Channel 06/0 : 11[ce000] -> 9[c6000] via P2P/IPC comm 0x73eca680 nRanks 16
nid005738:80978:81330 [5] NCCL INFO Channel 02/0 : 5[d6000] -> 4[d1000] via P2P/IPC comm 0x73ec39c0 nRanks 16
nid005739:99966:100729 [7] NCCL INFO Channel 06/0 : 15[de000] -> 13[d6000] via P2P/IPC comm 0x744649a0 nRanks 16
nid005738:80976:81331 [3] NCCL INFO Channel 01/0 : 3[ce000] -> 2[c9000] via P2P/IPC comm 0x744652d0 nRanks 16
nid005738:80980:81333 [7] NCCL INFO Channel 03/0 : 7[de000] -> 6[d9000] via P2P/IPC comm 0x73ea9480 nRanks 16
nid005738:80974:81329 [1] NCCL INFO Channel 01/0 : 1[c6000] -> 0[c1000] via P2P/IPC comm 0x74468020 nRanks 16
nid005739:99962:100728 [3] NCCL INFO Channel 00/0 : 11[ce000] -> 10[c9000] via P2P/IPC comm 0x73eca680 nRanks 16
nid005739:99960:100725 [1] NCCL INFO Channel 00/0 : 9[c6000] -> 8[c1000] via P2P/IPC comm 0x743c4b40 nRanks 16
nid005738:80978:81330 [5] NCCL INFO Channel 03/0 : 5[d6000] -> 4[d1000] via P2P/IPC comm 0x73ec39c0 nRanks 16
nid005738:80976:81331 [3] NCCL INFO Channel 02/0 : 3[ce000] -> 2[c9000] via P2P/IPC comm 0x744652d0 nRanks 16
nid005738:80980:81333 [7] NCCL INFO Channel 04/0 : 7[de000] -> 6[d9000] via P2P/IPC comm 0x73ea9480 nRanks 16
nid005739:99964:100730 [5] NCCL INFO Channel 01/0 : 13[d6000] -> 12[d1000] via P2P/IPC comm 0x74465a30 nRanks 16
nid005739:99966:100729 [7] NCCL INFO Channel 00/0 : 15[de000] -> 14[d9000] via P2P/IPC comm 0x744649a0 nRanks 16
nid005738:80974:81329 [1] NCCL INFO Channel 02/0 : 1[c6000] -> 0[c1000] via P2P/IPC comm 0x74468020 nRanks 16
nid005739:99962:100728 [3] NCCL INFO Channel 01/0 : 11[ce000] -> 10[c9000] via P2P/IPC comm 0x73eca680 nRanks 16
nid005739:99960:100725 [1] NCCL INFO Channel 01/0 : 9[c6000] -> 8[c1000] via P2P/IPC comm 0x743c4b40 nRanks 16
nid005738:80978:81330 [5] NCCL INFO Channel 05/0 : 5[d6000] -> 4[d1000] via P2P/IPC comm 0x73ec39c0 nRanks 16
nid005738:80976:81331 [3] NCCL INFO Channel 04/0 : 3[ce000] -> 2[c9000] via P2P/IPC comm 0x744652d0 nRanks 16
nid005739:99964:100730 [5] NCCL INFO Channel 02/0 : 13[d6000] -> 12[d1000] via P2P/IPC comm 0x74465a30 nRanks 16
nid005738:80980:81333 [7] NCCL INFO Channel 07/0 : 7[de000] -> 6[d9000] via P2P/IPC comm 0x73ea9480 nRanks 16
nid005738:80974:81329 [1] NCCL INFO Channel 04/0 : 1[c6000] -> 0[c1000] via P2P/IPC comm 0x74468020 nRanks 16
nid005739:99966:100729 [7] NCCL INFO Channel 03/0 : 15[de000] -> 14[d9000] via P2P/IPC comm 0x744649a0 nRanks 16
nid005739:99962:100728 [3] NCCL INFO Channel 02/0 : 11[ce000] -> 10[c9000] via P2P/IPC comm 0x73eca680 nRanks 16
nid005739:99960:100725 [1] NCCL INFO Channel 02/0 : 9[c6000] -> 8[c1000] via P2P/IPC comm 0x743c4b40 nRanks 16
nid005738:80978:81330 [5] NCCL INFO Channel 06/0 : 5[d6000] -> 4[d1000] via P2P/IPC comm 0x73ec39c0 nRanks 16
nid005738:80976:81331 [3] NCCL INFO Channel 05/0 : 3[ce000] -> 2[c9000] via P2P/IPC comm 0x744652d0 nRanks 16
nid005739:99964:100730 [5] NCCL INFO Channel 03/0 : 13[d6000] -> 12[d1000] via P2P/IPC comm 0x74465a30 nRanks 16
nid005739:99962:100728 [3] NCCL INFO Channel 04/0 : 11[ce000] -> 10[c9000] via P2P/IPC comm 0x73eca680 nRanks 16
nid005738:80974:81329 [1] NCCL INFO Channel 05/0 : 1[c6000] -> 0[c1000] via P2P/IPC comm 0x74468020 nRanks 16
nid005739:99966:100729 [7] NCCL INFO Channel 04/0 : 15[de000] -> 14[d9000] via P2P/IPC comm 0x744649a0 nRanks 16
nid005739:99960:100725 [1] NCCL INFO Channel 04/0 : 9[c6000] -> 8[c1000] via P2P/IPC comm 0x743c4b40 nRanks 16
nid005738:80978:81330 [5] NCCL INFO Channel 07/0 : 5[d6000] -> 4[d1000] via P2P/IPC comm 0x73ec39c0 nRanks 16
nid005738:80976:81331 [3] NCCL INFO Channel 06/0 : 3[ce000] -> 2[c9000] via P2P/IPC comm 0x744652d0 nRanks 16
nid005739:99964:100730 [5] NCCL INFO Channel 05/0 : 13[d6000] -> 12[d1000] via P2P/IPC comm 0x74465a30 nRanks 16
nid005739:99962:100728 [3] NCCL INFO Channel 05/0 : 11[ce000] -> 10[c9000] via P2P/IPC comm 0x73eca680 nRanks 16
nid005738:80974:81329 [1] NCCL INFO Channel 06/0 : 1[c6000] -> 0[c1000] via P2P/IPC comm 0x74468020 nRanks 16
nid005739:99966:100729 [7] NCCL INFO Channel 07/0 : 15[de000] -> 14[d9000] via P2P/IPC comm 0x744649a0 nRanks 16
nid005739:99960:100725 [1] NCCL INFO Channel 05/0 : 9[c6000] -> 8[c1000] via P2P/IPC comm 0x743c4b40 nRanks 16
nid005739:99964:100730 [5] NCCL INFO Channel 06/0 : 13[d6000] -> 12[d1000] via P2P/IPC comm 0x74465a30 nRanks 16
nid005739:99962:100728 [3] NCCL INFO Channel 06/0 : 11[ce000] -> 10[c9000] via P2P/IPC comm 0x73eca680 nRanks 16
nid005739:99960:100725 [1] NCCL INFO Channel 06/0 : 9[c6000] -> 8[c1000] via P2P/IPC comm 0x743c4b40 nRanks 16
nid005739:99964:100730 [5] NCCL INFO Channel 07/0 : 13[d6000] -> 12[d1000] via P2P/IPC comm 0x74465a30 nRanks 16
nid005738:80980:81333 [7] NCCL INFO Connected all trees
nid005738:80979:81334 [6] NCCL INFO Connected all trees
nid005738:80974:81329 [1] NCCL INFO Connected all trees
nid005738:80973:81328 [0] NCCL INFO Connected all trees
nid005738:80976:81331 [3] NCCL INFO Connected all trees
nid005738:80978:81330 [5] NCCL INFO Connected all trees
nid005738:80975:81332 [2] NCCL INFO Connected all trees
nid005738:80977:81335 [4] NCCL INFO Connected all trees
nid005739:99961:100732 [2] NCCL INFO Connected all trees
nid005739:99959:100726 [0] NCCL INFO Connected all trees
nid005739:99960:100725 [1] NCCL INFO Connected all trees
nid005739:99963:100727 [4] NCCL INFO Connected all trees
nid005739:99965:100731 [6] NCCL INFO Connected all trees
nid005739:99962:100728 [3] NCCL INFO Connected all trees
nid005739:99964:100730 [5] NCCL INFO Connected all trees
nid005739:99966:100729 [7] NCCL INFO Connected all trees
nid005738:80979:81334 [6] NCCL INFO threadThresholds 8/8/64 | 128/8/64 | 256 | 256
nid005738:80979:81334 [6] NCCL INFO 8 coll channels, 8 collnet channels, 0 nvls channels, 8 p2p channels, 2 p2p channels per peer
nid005738:80980:81333 [7] NCCL INFO threadThresholds 8/8/64 | 128/8/64 | 256 | 256
nid005738:80980:81333 [7] NCCL INFO 8 coll channels, 8 collnet channels, 0 nvls channels, 8 p2p channels, 2 p2p channels per peer
nid005739:99959:100726 [0] NCCL INFO threadThresholds 8/8/64 | 128/8/64 | 256 | 256
nid005739:99959:100726 [0] NCCL INFO 8 coll channels, 8 collnet channels, 0 nvls channels, 8 p2p channels, 2 p2p channels per peer
nid005738:80974:81329 [1] NCCL INFO threadThresholds 8/8/64 | 128/8/64 | 256 | 256
nid005738:80974:81329 [1] NCCL INFO 8 coll channels, 8 collnet channels, 0 nvls channels, 8 p2p channels, 2 p2p channels per peer
nid005739:99962:100728 [3] NCCL INFO threadThresholds 8/8/64 | 128/8/64 | 256 | 256
nid005739:99962:100728 [3] NCCL INFO 8 coll channels, 8 collnet channels, 0 nvls channels, 8 p2p channels, 2 p2p channels per peer
nid005739:99963:100727 [4] NCCL INFO threadThresholds 8/8/64 | 128/8/64 | 256 | 256
nid005739:99963:100727 [4] NCCL INFO 8 coll channels, 8 collnet channels, 0 nvls channels, 8 p2p channels, 2 p2p channels per peer
nid005739:99960:100725 [1] NCCL INFO threadThresholds 8/8/64 | 128/8/64 | 256 | 256
nid005739:99960:100725 [1] NCCL INFO 8 coll channels, 8 collnet channels, 0 nvls channels, 8 p2p channels, 2 p2p channels per peer
nid005739:99961:100732 [2] NCCL INFO threadThresholds 8/8/64 | 128/8/64 | 256 | 256
nid005739:99961:100732 [2] NCCL INFO 8 coll channels, 8 collnet channels, 0 nvls channels, 8 p2p channels, 2 p2p channels per peer
nid005738:80973:81328 [0] NCCL INFO threadThresholds 8/8/64 | 128/8/64 | 256 | 256
nid005738:80973:81328 [0] NCCL INFO 8 coll channels, 8 collnet channels, 0 nvls channels, 8 p2p channels, 2 p2p channels per peer
nid005738:80973:81328 [0] NCCL INFO CC Off, Multi-GPU CC Off, workFifoBytes 1048576
nid005738:80975:81332 [2] NCCL INFO threadThresholds 8/8/64 | 128/8/64 | 256 | 256
nid005738:80975:81332 [2] NCCL INFO 8 coll channels, 8 collnet channels, 0 nvls channels, 8 p2p channels, 2 p2p channels per peer
nid005738:80977:81335 [4] NCCL INFO threadThresholds 8/8/64 | 128/8/64 | 256 | 256
nid005738:80977:81335 [4] NCCL INFO 8 coll channels, 8 collnet channels, 0 nvls channels, 8 p2p channels, 2 p2p channels per peer
nid005738:80978:81330 [5] NCCL INFO threadThresholds 8/8/64 | 128/8/64 | 256 | 256
nid005739:99964:100730 [5] NCCL INFO threadThresholds 8/8/64 | 128/8/64 | 256 | 256
nid005739:99964:100730 [5] NCCL INFO 8 coll channels, 8 collnet channels, 0 nvls channels, 8 p2p channels, 2 p2p channels per peer
nid005738:80976:81331 [3] NCCL INFO threadThresholds 8/8/64 | 128/8/64 | 256 | 256
nid005738:80978:81330 [5] NCCL INFO 8 coll channels, 8 collnet channels, 0 nvls channels, 8 p2p channels, 2 p2p channels per peer
nid005738:80976:81331 [3] NCCL INFO 8 coll channels, 8 collnet channels, 0 nvls channels, 8 p2p channels, 2 p2p channels per peer
nid005739:99966:100729 [7] NCCL INFO threadThresholds 8/8/64 | 128/8/64 | 256 | 256
nid005739:99966:100729 [7] NCCL INFO 8 coll channels, 8 collnet channels, 0 nvls channels, 8 p2p channels, 2 p2p channels per peer
nid005739:99965:100731 [6] NCCL INFO threadThresholds 8/8/64 | 128/8/64 | 256 | 256
nid005739:99965:100731 [6] NCCL INFO 8 coll channels, 8 collnet channels, 0 nvls channels, 8 p2p channels, 2 p2p channels per peer
nid005738:80977:81335 [4] NCCL INFO TUNER/Plugin: /lib/x86_64-linux-gnu/libfabric.so.1: version `FABRIC_1.8' not found (required by /lib/librccl-net.so)
nid005738:80977:81335 [4] NCCL INFO TUNER/Plugin: Could not find: librccl-tuner.so. Using internal tuner plugin.
nid005738:80977:81335 [4] NCCL INFO ncclCommInitRank comm 0x744435b0 rank 4 nranks 16 cudaDev 4 nvmlDev 4 busId d1000 commId 0xbca5349e907b306f localSize 272 used 168476832 bytes on core 2 - Init COMPLETE
nid005738:80978:81330 [5] NCCL INFO TUNER/Plugin: /lib/x86_64-linux-gnu/libfabric.so.1: version `FABRIC_1.8' not found (required by /lib/librccl-net.so)
nid005738:80978:81330 [5] NCCL INFO TUNER/Plugin: Could not find: librccl-tuner.so. Using internal tuner plugin.
nid005738:80977:81335 [4] NCCL INFO Init timings: rank 4 nranks 16 total 2.93 (kernels 1.68, bootstrap 0.05, allgathers 0.02, topo 0.96, graphs 0.04, connections 0.18, rest 0.00)
nid005738:80978:81330 [5] NCCL INFO ncclCommInitRank comm 0x73ec39c0 rank 5 nranks 16 cudaDev 5 nvmlDev 5 busId d6000 commId 0xbca5349e907b306f localSize 272 used 210419872 bytes on core 1 - Init COMPLETE
nid005738:80978:81330 [5] NCCL INFO Init timings: rank 5 nranks 16 total 2.93 (kernels 1.55, bootstrap 0.18, allgathers 0.01, topo 0.97, graphs 0.04, connections 0.18, rest 0.00)
nid005738:80976:81331 [3] NCCL INFO TUNER/Plugin: /lib/x86_64-linux-gnu/libfabric.so.1: version `FABRIC_1.8' not found (required by /lib/librccl-net.so)
nid005738:80976:81331 [3] NCCL INFO TUNER/Plugin: Could not find: librccl-tuner.so. Using internal tuner plugin.
nid005738:80976:81331 [3] NCCL INFO ncclCommInitRank comm 0x744652d0 rank 3 nranks 16 cudaDev 3 nvmlDev 3 busId ce000 commId 0xbca5349e907b306f localSize 272 used 193642656 bytes on core 26 - Init COMPLETE
nid005738:80976:81331 [3] NCCL INFO Init timings: rank 3 nranks 16 total 2.93 (kernels 1.51, bootstrap 0.21, allgathers 0.06, topo 0.92, graphs 0.04, connections 0.18, rest 0.00)
nid005738:80973:81328 [0] NCCL INFO TUNER/Plugin: /lib/x86_64-linux-gnu/libfabric.so.1: version `FABRIC_1.8' not found (required by /lib/librccl-net.so)
nid005738:80974:81329 [1] NCCL INFO TUNER/Plugin: /lib/x86_64-linux-gnu/libfabric.so.1: version `FABRIC_1.8' not found (required by /lib/librccl-net.so)
nid005738:80973:81328 [0] NCCL INFO TUNER/Plugin: Could not find: librccl-tuner.so. Using internal tuner plugin.
nid005738:80974:81329 [1] NCCL INFO TUNER/Plugin: Could not find: librccl-tuner.so. Using internal tuner plugin.
