nid005158:48263:48783 [3] NCCL INFO comm 0x20f53ad0 rank 3 nRanks 8 nNodes 1 localRanks 8 localRank 3 MNNVL 0
nid005158:48262:48781 [2] NCCL INFO comm 0x20f54460 rank 2 nRanks 8 nNodes 1 localRanks 8 localRank 2 MNNVL 0
nid005158:48261:48786 [1] NCCL INFO comm 0x20f755f0 rank 1 nRanks 8 nNodes 1 localRanks 8 localRank 1 MNNVL 0
nid005158:48260:48780 [0] NCCL INFO comm 0x20f73b50 rank 0 nRanks 8 nNodes 1 localRanks 8 localRank 0 MNNVL 0
nid005158:48267:48784 [7] NCCL INFO comm 0x20f37ca0 rank 7 nRanks 8 nNodes 1 localRanks 8 localRank 7 MNNVL 0
nid005158:48262:48781 [2] NCCL INFO Trees [0] 4/-1/-1->2->3 [1] 3/-1/-1->2->4 [2] -1/-1/-1->2->3 [3] 3/-1/-1->2->-1 [4] 4/-1/-1->2->3 [5] 3/-1/-1->2->4 [6] -1/-1/-1->2->3 [7] 3/-1/-1->2->-1 [8] 4/-1/-1->2->3 [9] 3/-1/-1->2->4 [10] -1/-1/-1->2->3 [11] 3/-1/-1->2->-1 [12] 4/-1/-1->2->3 [13] 3/-1/-1->2->4 [14] -1/-1/-1->2->3 [15] 3/-1/-1->2->-1 comm 0x20f54460 nRanks 08 busId c9000
nid005158:48263:48783 [3] NCCL INFO Trees [0] 2/-1/-1->3->1 [1] 1/-1/-1->3->2 [2] 2/-1/-1->3->7 [3] 7/-1/-1->3->2 [4] 2/-1/-1->3->1 [5] 1/-1/-1->3->2 [6] 2/-1/-1->3->7 [7] 7/-1/-1->3->2 [8] 2/-1/-1->3->1 [9] 1/-1/-1->3->2 [10] 2/-1/-1->3->7 [11] 7/-1/-1->3->2 [12] 2/-1/-1->3->1 [13] 1/-1/-1->3->2 [14] 2/-1/-1->3->7 [15] 7/-1/-1->3->2 comm 0x20f53ad0 nRanks 08 busId ce000
nid005158:48264:48785 [4] NCCL INFO comm 0x20fb48f0 rank 4 nRanks 8 nNodes 1 localRanks 8 localRank 4 MNNVL 0
nid005158:48261:48786 [1] NCCL INFO Trees [0] 3/-1/-1->1->0 [1] 0/-1/-1->1->3 [2] 5/-1/-1->1->0 [3] 0/-1/-1->1->5 [4] 3/-1/-1->1->0 [5] 0/-1/-1->1->3 [6] 5/-1/-1->1->0 [7] 0/-1/-1->1->5 [8] 3/-1/-1->1->0 [9] 0/-1/-1->1->3 [10] 5/-1/-1->1->0 [11] 0/-1/-1->1->5 [12] 3/-1/-1->1->0 [13] 0/-1/-1->1->3 [14] 5/-1/-1->1->0 [15] 0/-1/-1->1->5 comm 0x20f755f0 nRanks 08 busId c6000
nid005158:48262:48781 [2] NCCL INFO P2P Chunksize set to 524288
nid005158:48266:48782 [6] NCCL INFO comm 0x2102d570 rank 6 nRanks 8 nNodes 1 localRanks 8 localRank 6 MNNVL 0
nid005158:48260:48780 [0] NCCL INFO Channel 00/16 :    0   1   3   2   4   5   7   6
nid005158:48263:48783 [3] NCCL INFO P2P Chunksize set to 524288
nid005158:48261:48786 [1] NCCL INFO P2P Chunksize set to 524288
nid005158:48265:48787 [5] NCCL INFO comm 0x20f757a0 rank 5 nRanks 8 nNodes 1 localRanks 8 localRank 5 MNNVL 0
nid005158:48260:48780 [0] NCCL INFO Channel 01/16 :    0   6   7   5   4   2   3   1
nid005158:48260:48780 [0] NCCL INFO Channel 02/16 :    0   1   5   4   6   7   3   2
nid005158:48260:48780 [0] NCCL INFO Channel 03/16 :    0   2   3   7   6   4   5   1
nid005158:48260:48780 [0] NCCL INFO Channel 04/16 :    0   1   3   2   4   5   7   6
nid005158:48267:48784 [7] NCCL INFO Trees [0] 6/-1/-1->7->5 [1] 5/-1/-1->7->6 [2] 3/-1/-1->7->6 [3] 6/-1/-1->7->3 [4] 6/-1/-1->7->5 [5] 5/-1/-1->7->6 [6] 3/-1/-1->7->6 [7] 6/-1/-1->7->3 [8] 6/-1/-1->7->5 [9] 5/-1/-1->7->6 [10] 3/-1/-1->7->6 [11] 6/-1/-1->7->3 [12] 6/-1/-1->7->5 [13] 5/-1/-1->7->6 [14] 3/-1/-1->7->6 [15] 6/-1/-1->7->3 comm 0x20f37ca0 nRanks 08 busId de000
nid005158:48260:48780 [0] NCCL INFO Channel 05/16 :    0   6   7   5   4   2   3   1
nid005158:48267:48784 [7] NCCL INFO P2P Chunksize set to 524288
nid005158:48260:48780 [0] NCCL INFO Channel 06/16 :    0   1   5   4   6   7   3   2
nid005158:48266:48782 [6] NCCL INFO Trees [0] -1/-1/-1->6->7 [1] 7/-1/-1->6->-1 [2] 7/-1/-1->6->4 [3] 4/-1/-1->6->7 [4] -1/-1/-1->6->7 [5] 7/-1/-1->6->-1 [6] 7/-1/-1->6->4 [7] 4/-1/-1->6->7 [8] -1/-1/-1->6->7 [9] 7/-1/-1->6->-1 [10] 7/-1/-1->6->4 [11] 4/-1/-1->6->7 [12] -1/-1/-1->6->7 [13] 7/-1/-1->6->-1 [14] 7/-1/-1->6->4 [15] 4/-1/-1->6->7 comm 0x2102d570 nRanks 08 busId d9000
nid005158:48260:48780 [0] NCCL INFO Channel 07/16 :    0   2   3   7   6   4   5   1
nid005158:48266:48782 [6] NCCL INFO P2P Chunksize set to 524288
nid005158:48260:48780 [0] NCCL INFO Channel 08/16 :    0   1   3   2   4   5   7   6
nid005158:48260:48780 [0] NCCL INFO Channel 09/16 :    0   6   7   5   4   2   3   1
nid005158:48264:48785 [4] NCCL INFO Trees [0] 5/-1/-1->4->2 [1] 2/-1/-1->4->5 [2] 6/-1/-1->4->5 [3] 5/-1/-1->4->6 [4] 5/-1/-1->4->2 [5] 2/-1/-1->4->5 [6] 6/-1/-1->4->5 [7] 5/-1/-1->4->6 [8] 5/-1/-1->4->2 [9] 2/-1/-1->4->5 [10] 6/-1/-1->4->5 [11] 5/-1/-1->4->6 [12] 5/-1/-1->4->2 [13] 2/-1/-1->4->5 [14] 6/-1/-1->4->5 [15] 5/-1/-1->4->6 comm 0x20fb48f0 nRanks 08 busId d1000
nid005158:48260:48780 [0] NCCL INFO Channel 10/16 :    0   1   5   4   6   7   3   2
nid005158:48264:48785 [4] NCCL INFO P2P Chunksize set to 524288
nid005158:48260:48780 [0] NCCL INFO Channel 11/16 :    0   2   3   7   6   4   5   1
nid005158:48265:48787 [5] NCCL INFO Trees [0] 7/-1/-1->5->4 [1] 4/-1/-1->5->7 [2] 4/-1/-1->5->1 [3] 1/-1/-1->5->4 [4] 7/-1/-1->5->4 [5] 4/-1/-1->5->7 [6] 4/-1/-1->5->1 [7] 1/-1/-1->5->4 [8] 7/-1/-1->5->4 [9] 4/-1/-1->5->7 [10] 4/-1/-1->5->1 [11] 1/-1/-1->5->4 [12] 7/-1/-1->5->4 [13] 4/-1/-1->5->7 [14] 4/-1/-1->5->1 [15] 1/-1/-1->5->4 comm 0x20f757a0 nRanks 08 busId d6000
nid005158:48260:48780 [0] NCCL INFO Channel 12/16 :    0   1   3   2   4   5   7   6
nid005158:48265:48787 [5] NCCL INFO P2P Chunksize set to 524288
nid005158:48260:48780 [0] NCCL INFO Channel 13/16 :    0   6   7   5   4   2   3   1
nid005158:48260:48780 [0] NCCL INFO Channel 14/16 :    0   1   5   4   6   7   3   2
nid005158:48260:48780 [0] NCCL INFO Channel 15/16 :    0   2   3   7   6   4   5   1
nid005158:48260:48780 [0] NCCL INFO Trees [0] 1/-1/-1->0->-1 [1] -1/-1/-1->0->1 [2] 1/-1/-1->0->-1 [3] -1/-1/-1->0->1 [4] 1/-1/-1->0->-1 [5] -1/-1/-1->0->1 [6] 1/-1/-1->0->-1 [7] -1/-1/-1->0->1 [8] 1/-1/-1->0->-1 [9] -1/-1/-1->0->1 [10] 1/-1/-1->0->-1 [11] -1/-1/-1->0->1 [12] 1/-1/-1->0->-1 [13] -1/-1/-1->0->1 [14] 1/-1/-1->0->-1 [15] -1/-1/-1->0->1 comm 0x20f73b50 nRanks 08 busId c1000
nid005158:48260:48780 [0] NCCL INFO P2P Chunksize set to 524288
nid005158:48260:48780 [0] NCCL INFO Channel 00/0 : 0[c1000] -> 1[c6000] via P2P/IPC comm 0x20f73b50 nRanks 08
nid005158:48266:48782 [6] NCCL INFO Channel 01/0 : 6[d9000] -> 7[de000] via P2P/IPC comm 0x2102d570 nRanks 08
nid005158:48262:48781 [2] NCCL INFO Channel 01/0 : 2[c9000] -> 3[ce000] via P2P/IPC comm 0x20f54460 nRanks 08
nid005158:48264:48785 [4] NCCL INFO Channel 00/0 : 4[d1000] -> 5[d6000] via P2P/IPC comm 0x20fb48f0 nRanks 08
nid005158:48260:48780 [0] NCCL INFO Channel 02/0 : 0[c1000] -> 1[c6000] via P2P/IPC comm 0x20f73b50 nRanks 08
nid005158:48262:48781 [2] NCCL INFO Channel 03/0 : 2[c9000] -> 3[ce000] via P2P/IPC comm 0x20f54460 nRanks 08
nid005158:48266:48782 [6] NCCL INFO Channel 02/0 : 6[d9000] -> 7[de000] via P2P/IPC comm 0x2102d570 nRanks 08
nid005158:48264:48785 [4] NCCL INFO Channel 03/0 : 4[d1000] -> 5[d6000] via P2P/IPC comm 0x20fb48f0 nRanks 08
nid005158:48260:48780 [0] NCCL INFO Channel 04/0 : 0[c1000] -> 1[c6000] via P2P/IPC comm 0x20f73b50 nRanks 08
nid005158:48266:48782 [6] NCCL INFO Channel 05/0 : 6[d9000] -> 7[de000] via P2P/IPC comm 0x2102d570 nRanks 08
nid005158:48262:48781 [2] NCCL INFO Channel 05/0 : 2[c9000] -> 3[ce000] via P2P/IPC comm 0x20f54460 nRanks 08
nid005158:48264:48785 [4] NCCL INFO Channel 04/0 : 4[d1000] -> 5[d6000] via P2P/IPC comm 0x20fb48f0 nRanks 08
nid005158:48260:48780 [0] NCCL INFO Channel 06/0 : 0[c1000] -> 1[c6000] via P2P/IPC comm 0x20f73b50 nRanks 08
nid005158:48262:48781 [2] NCCL INFO Channel 07/0 : 2[c9000] -> 3[ce000] via P2P/IPC comm 0x20f54460 nRanks 08
nid005158:48266:48782 [6] NCCL INFO Channel 06/0 : 6[d9000] -> 7[de000] via P2P/IPC comm 0x2102d570 nRanks 08
nid005158:48264:48785 [4] NCCL INFO Channel 07/0 : 4[d1000] -> 5[d6000] via P2P/IPC comm 0x20fb48f0 nRanks 08
nid005158:48260:48780 [0] NCCL INFO Channel 08/0 : 0[c1000] -> 1[c6000] via P2P/IPC comm 0x20f73b50 nRanks 08
nid005158:48262:48781 [2] NCCL INFO Channel 09/0 : 2[c9000] -> 3[ce000] via P2P/IPC comm 0x20f54460 nRanks 08
nid005158:48266:48782 [6] NCCL INFO Channel 09/0 : 6[d9000] -> 7[de000] via P2P/IPC comm 0x2102d570 nRanks 08
nid005158:48264:48785 [4] NCCL INFO Channel 08/0 : 4[d1000] -> 5[d6000] via P2P/IPC comm 0x20fb48f0 nRanks 08
nid005158:48260:48780 [0] NCCL INFO Channel 10/0 : 0[c1000] -> 1[c6000] via P2P/IPC comm 0x20f73b50 nRanks 08
nid005158:48262:48781 [2] NCCL INFO Channel 11/0 : 2[c9000] -> 3[ce000] via P2P/IPC comm 0x20f54460 nRanks 08
nid005158:48264:48785 [4] NCCL INFO Channel 11/0 : 4[d1000] -> 5[d6000] via P2P/IPC comm 0x20fb48f0 nRanks 08
nid005158:48266:48782 [6] NCCL INFO Channel 10/0 : 6[d9000] -> 7[de000] via P2P/IPC comm 0x2102d570 nRanks 08
nid005158:48260:48780 [0] NCCL INFO Channel 12/0 : 0[c1000] -> 1[c6000] via P2P/IPC comm 0x20f73b50 nRanks 08
nid005158:48262:48781 [2] NCCL INFO Channel 13/0 : 2[c9000] -> 3[ce000] via P2P/IPC comm 0x20f54460 nRanks 08
nid005158:48264:48785 [4] NCCL INFO Channel 12/0 : 4[d1000] -> 5[d6000] via P2P/IPC comm 0x20fb48f0 nRanks 08
nid005158:48266:48782 [6] NCCL INFO Channel 13/0 : 6[d9000] -> 7[de000] via P2P/IPC comm 0x2102d570 nRanks 08
nid005158:48260:48780 [0] NCCL INFO Channel 14/0 : 0[c1000] -> 1[c6000] via P2P/IPC comm 0x20f73b50 nRanks 08
nid005158:48262:48781 [2] NCCL INFO Channel 15/0 : 2[c9000] -> 3[ce000] via P2P/IPC comm 0x20f54460 nRanks 08
nid005158:48264:48785 [4] NCCL INFO Channel 15/0 : 4[d1000] -> 5[d6000] via P2P/IPC comm 0x20fb48f0 nRanks 08
nid005158:48266:48782 [6] NCCL INFO Channel 14/0 : 6[d9000] -> 7[de000] via P2P/IPC comm 0x2102d570 nRanks 08
nid005158:48261:48786 [1] NCCL INFO Channel 00/0 : 1[c6000] -> 3[ce000] via P2P/IPC comm 0x20f755f0 nRanks 08
nid005158:48265:48787 [5] NCCL INFO Channel 00/0 : 5[d6000] -> 7[de000] via P2P/IPC comm 0x20f757a0 nRanks 08
nid005158:48261:48786 [1] NCCL INFO Channel 04/0 : 1[c6000] -> 3[ce000] via P2P/IPC comm 0x20f755f0 nRanks 08
nid005158:48265:48787 [5] NCCL INFO Channel 04/0 : 5[d6000] -> 7[de000] via P2P/IPC comm 0x20f757a0 nRanks 08
nid005158:48261:48786 [1] NCCL INFO Channel 08/0 : 1[c6000] -> 3[ce000] via P2P/IPC comm 0x20f755f0 nRanks 08
nid005158:48265:48787 [5] NCCL INFO Channel 08/0 : 5[d6000] -> 7[de000] via P2P/IPC comm 0x20f757a0 nRanks 08
nid005158:48261:48786 [1] NCCL INFO Channel 12/0 : 1[c6000] -> 3[ce000] via P2P/IPC comm 0x20f755f0 nRanks 08
nid005158:48265:48787 [5] NCCL INFO Channel 12/0 : 5[d6000] -> 7[de000] via P2P/IPC comm 0x20f757a0 nRanks 08
nid005158:48260:48780 [0] NCCL INFO Channel 03/0 : 0[c1000] -> 2[c9000] via P2P/IPC comm 0x20f73b50 nRanks 08
nid005158:48262:48781 [2] NCCL INFO Channel 00/0 : 2[c9000] -> 4[d1000] via P2P/IPC comm 0x20f54460 nRanks 08
nid005158:48264:48785 [4] NCCL INFO Channel 02/0 : 4[d1000] -> 6[d9000] via P2P/IPC comm 0x20fb48f0 nRanks 08
nid005158:48266:48782 [6] NCCL INFO Channel 00/0 : 6[d9000] -> 0[c1000] via P2P/IPC comm 0x2102d570 nRanks 08
nid005158:48260:48780 [0] NCCL INFO Channel 07/0 : 0[c1000] -> 2[c9000] via P2P/IPC comm 0x20f73b50 nRanks 08
nid005158:48262:48781 [2] NCCL INFO Channel 04/0 : 2[c9000] -> 4[d1000] via P2P/IPC comm 0x20f54460 nRanks 08
nid005158:48264:48785 [4] NCCL INFO Channel 06/0 : 4[d1000] -> 6[d9000] via P2P/IPC comm 0x20fb48f0 nRanks 08
nid005158:48266:48782 [6] NCCL INFO Channel 04/0 : 6[d9000] -> 0[c1000] via P2P/IPC comm 0x2102d570 nRanks 08
nid005158:48260:48780 [0] NCCL INFO Channel 11/0 : 0[c1000] -> 2[c9000] via P2P/IPC comm 0x20f73b50 nRanks 08
nid005158:48262:48781 [2] NCCL INFO Channel 08/0 : 2[c9000] -> 4[d1000] via P2P/IPC comm 0x20f54460 nRanks 08
nid005158:48264:48785 [4] NCCL INFO Channel 10/0 : 4[d1000] -> 6[d9000] via P2P/IPC comm 0x20fb48f0 nRanks 08
nid005158:48266:48782 [6] NCCL INFO Channel 08/0 : 6[d9000] -> 0[c1000] via P2P/IPC comm 0x2102d570 nRanks 08
nid005158:48260:48780 [0] NCCL INFO Channel 15/0 : 0[c1000] -> 2[c9000] via P2P/IPC comm 0x20f73b50 nRanks 08
nid005158:48264:48785 [4] NCCL INFO Channel 14/0 : 4[d1000] -> 6[d9000] via P2P/IPC comm 0x20fb48f0 nRanks 08
nid005158:48262:48781 [2] NCCL INFO Channel 12/0 : 2[c9000] -> 4[d1000] via P2P/IPC comm 0x20f54460 nRanks 08
nid005158:48266:48782 [6] NCCL INFO Channel 12/0 : 6[d9000] -> 0[c1000] via P2P/IPC comm 0x2102d570 nRanks 08
nid005158:48261:48786 [1] NCCL INFO Channel 02/0 : 1[c6000] -> 5[d6000] via P2P/IPC comm 0x20f755f0 nRanks 08
nid005158:48263:48783 [3] NCCL INFO Channel 03/0 : 3[ce000] -> 7[de000] via P2P/IPC comm 0x20f53ad0 nRanks 08
nid005158:48265:48787 [5] NCCL INFO Channel 03/0 : 5[d6000] -> 1[c6000] via P2P/IPC comm 0x20f757a0 nRanks 08
nid005158:48267:48784 [7] NCCL INFO Channel 02/0 : 7[de000] -> 3[ce000] via P2P/IPC comm 0x20f37ca0 nRanks 08
nid005158:48261:48786 [1] NCCL INFO Channel 06/0 : 1[c6000] -> 5[d6000] via P2P/IPC comm 0x20f755f0 nRanks 08
nid005158:48263:48783 [3] NCCL INFO Channel 07/0 : 3[ce000] -> 7[de000] via P2P/IPC comm 0x20f53ad0 nRanks 08
nid005158:48265:48787 [5] NCCL INFO Channel 07/0 : 5[d6000] -> 1[c6000] via P2P/IPC comm 0x20f757a0 nRanks 08
nid005158:48267:48784 [7] NCCL INFO Channel 06/0 : 7[de000] -> 3[ce000] via P2P/IPC comm 0x20f37ca0 nRanks 08
nid005158:48261:48786 [1] NCCL INFO Channel 10/0 : 1[c6000] -> 5[d6000] via P2P/IPC comm 0x20f755f0 nRanks 08
nid005158:48263:48783 [3] NCCL INFO Channel 11/0 : 3[ce000] -> 7[de000] via P2P/IPC comm 0x20f53ad0 nRanks 08
nid005158:48265:48787 [5] NCCL INFO Channel 11/0 : 5[d6000] -> 1[c6000] via P2P/IPC comm 0x20f757a0 nRanks 08
nid005158:48267:48784 [7] NCCL INFO Channel 10/0 : 7[de000] -> 3[ce000] via P2P/IPC comm 0x20f37ca0 nRanks 08
nid005158:48261:48786 [1] NCCL INFO Channel 14/0 : 1[c6000] -> 5[d6000] via P2P/IPC comm 0x20f755f0 nRanks 08
nid005158:48263:48783 [3] NCCL INFO Channel 15/0 : 3[ce000] -> 7[de000] via P2P/IPC comm 0x20f53ad0 nRanks 08
nid005158:48265:48787 [5] NCCL INFO Channel 15/0 : 5[d6000] -> 1[c6000] via P2P/IPC comm 0x20f757a0 nRanks 08
nid005158:48267:48784 [7] NCCL INFO Channel 14/0 : 7[de000] -> 3[ce000] via P2P/IPC comm 0x20f37ca0 nRanks 08
nid005158:48262:48781 [2] NCCL INFO Channel 02/0 : 2[c9000] -> 0[c1000] via P2P/IPC comm 0x20f54460 nRanks 08
nid005158:48264:48785 [4] NCCL INFO Channel 01/0 : 4[d1000] -> 2[c9000] via P2P/IPC comm 0x20fb48f0 nRanks 08
nid005158:48260:48780 [0] NCCL INFO Channel 01/0 : 0[c1000] -> 6[d9000] via P2P/IPC comm 0x20f73b50 nRanks 08
nid005158:48266:48782 [6] NCCL INFO Channel 03/0 : 6[d9000] -> 4[d1000] via P2P/IPC comm 0x2102d570 nRanks 08
nid005158:48263:48783 [3] NCCL INFO Channel 01/0 : 3[ce000] -> 1[c6000] via P2P/IPC comm 0x20f53ad0 nRanks 08
nid005158:48262:48781 [2] NCCL INFO Channel 06/0 : 2[c9000] -> 0[c1000] via P2P/IPC comm 0x20f54460 nRanks 08
nid005158:48267:48784 [7] NCCL INFO Channel 01/0 : 7[de000] -> 5[d6000] via P2P/IPC comm 0x20f37ca0 nRanks 08
nid005158:48264:48785 [4] NCCL INFO Channel 05/0 : 4[d1000] -> 2[c9000] via P2P/IPC comm 0x20fb48f0 nRanks 08
nid005158:48260:48780 [0] NCCL INFO Channel 05/0 : 0[c1000] -> 6[d9000] via P2P/IPC comm 0x20f73b50 nRanks 08
nid005158:48263:48783 [3] NCCL INFO Channel 05/0 : 3[ce000] -> 1[c6000] via P2P/IPC comm 0x20f53ad0 nRanks 08
nid005158:48262:48781 [2] NCCL INFO Channel 10/0 : 2[c9000] -> 0[c1000] via P2P/IPC comm 0x20f54460 nRanks 08
nid005158:48267:48784 [7] NCCL INFO Channel 05/0 : 7[de000] -> 5[d6000] via P2P/IPC comm 0x20f37ca0 nRanks 08
nid005158:48266:48782 [6] NCCL INFO Channel 07/0 : 6[d9000] -> 4[d1000] via P2P/IPC comm 0x2102d570 nRanks 08
nid005158:48264:48785 [4] NCCL INFO Channel 09/0 : 4[d1000] -> 2[c9000] via P2P/IPC comm 0x20fb48f0 nRanks 08
nid005158:48260:48780 [0] NCCL INFO Channel 09/0 : 0[c1000] -> 6[d9000] via P2P/IPC comm 0x20f73b50 nRanks 08
nid005158:48263:48783 [3] NCCL INFO Channel 09/0 : 3[ce000] -> 1[c6000] via P2P/IPC comm 0x20f53ad0 nRanks 08
nid005158:48262:48781 [2] NCCL INFO Channel 14/0 : 2[c9000] -> 0[c1000] via P2P/IPC comm 0x20f54460 nRanks 08
nid005158:48267:48784 [7] NCCL INFO Channel 09/0 : 7[de000] -> 5[d6000] via P2P/IPC comm 0x20f37ca0 nRanks 08
nid005158:48266:48782 [6] NCCL INFO Channel 11/0 : 6[d9000] -> 4[d1000] via P2P/IPC comm 0x2102d570 nRanks 08
nid005158:48264:48785 [4] NCCL INFO Channel 13/0 : 4[d1000] -> 2[c9000] via P2P/IPC comm 0x20fb48f0 nRanks 08
nid005158:48260:48780 [0] NCCL INFO Channel 13/0 : 0[c1000] -> 6[d9000] via P2P/IPC comm 0x20f73b50 nRanks 08
nid005158:48263:48783 [3] NCCL INFO Channel 13/0 : 3[ce000] -> 1[c6000] via P2P/IPC comm 0x20f53ad0 nRanks 08
nid005158:48267:48784 [7] NCCL INFO Channel 13/0 : 7[de000] -> 5[d6000] via P2P/IPC comm 0x20f37ca0 nRanks 08
nid005158:48266:48782 [6] NCCL INFO Channel 15/0 : 6[d9000] -> 4[d1000] via P2P/IPC comm 0x2102d570 nRanks 08
nid005158:48261:48786 [1] NCCL INFO Channel 01/0 : 1[c6000] -> 0[c1000] via P2P/IPC comm 0x20f755f0 nRanks 08
nid005158:48263:48783 [3] NCCL INFO Channel 00/0 : 3[ce000] -> 2[c9000] via P2P/IPC comm 0x20f53ad0 nRanks 08
nid005158:48265:48787 [5] NCCL INFO Channel 01/0 : 5[d6000] -> 4[d1000] via P2P/IPC comm 0x20f757a0 nRanks 08
nid005158:48267:48784 [7] NCCL INFO Channel 00/0 : 7[de000] -> 6[d9000] via P2P/IPC comm 0x20f37ca0 nRanks 08
nid005158:48263:48783 [3] NCCL INFO Channel 02/0 : 3[ce000] -> 2[c9000] via P2P/IPC comm 0x20f53ad0 nRanks 08
nid005158:48261:48786 [1] NCCL INFO Channel 03/0 : 1[c6000] -> 0[c1000] via P2P/IPC comm 0x20f755f0 nRanks 08
nid005158:48265:48787 [5] NCCL INFO Channel 02/0 : 5[d6000] -> 4[d1000] via P2P/IPC comm 0x20f757a0 nRanks 08
nid005158:48267:48784 [7] NCCL INFO Channel 03/0 : 7[de000] -> 6[d9000] via P2P/IPC comm 0x20f37ca0 nRanks 08
nid005158:48261:48786 [1] NCCL INFO Channel 05/0 : 1[c6000] -> 0[c1000] via P2P/IPC comm 0x20f755f0 nRanks 08
nid005158:48263:48783 [3] NCCL INFO Channel 04/0 : 3[ce000] -> 2[c9000] via P2P/IPC comm 0x20f53ad0 nRanks 08
nid005158:48265:48787 [5] NCCL INFO Channel 05/0 : 5[d6000] -> 4[d1000] via P2P/IPC comm 0x20f757a0 nRanks 08
nid005158:48267:48784 [7] NCCL INFO Channel 04/0 : 7[de000] -> 6[d9000] via P2P/IPC comm 0x20f37ca0 nRanks 08
nid005158:48261:48786 [1] NCCL INFO Channel 07/0 : 1[c6000] -> 0[c1000] via P2P/IPC comm 0x20f755f0 nRanks 08
nid005158:48263:48783 [3] NCCL INFO Channel 06/0 : 3[ce000] -> 2[c9000] via P2P/IPC comm 0x20f53ad0 nRanks 08
nid005158:48265:48787 [5] NCCL INFO Channel 06/0 : 5[d6000] -> 4[d1000] via P2P/IPC comm 0x20f757a0 nRanks 08
nid005158:48267:48784 [7] NCCL INFO Channel 07/0 : 7[de000] -> 6[d9000] via P2P/IPC comm 0x20f37ca0 nRanks 08
nid005158:48261:48786 [1] NCCL INFO Channel 09/0 : 1[c6000] -> 0[c1000] via P2P/IPC comm 0x20f755f0 nRanks 08
nid005158:48263:48783 [3] NCCL INFO Channel 08/0 : 3[ce000] -> 2[c9000] via P2P/IPC comm 0x20f53ad0 nRanks 08
nid005158:48265:48787 [5] NCCL INFO Channel 09/0 : 5[d6000] -> 4[d1000] via P2P/IPC comm 0x20f757a0 nRanks 08
nid005158:48267:48784 [7] NCCL INFO Channel 08/0 : 7[de000] -> 6[d9000] via P2P/IPC comm 0x20f37ca0 nRanks 08
nid005158:48261:48786 [1] NCCL INFO Channel 11/0 : 1[c6000] -> 0[c1000] via P2P/IPC comm 0x20f755f0 nRanks 08
nid005158:48263:48783 [3] NCCL INFO Channel 10/0 : 3[ce000] -> 2[c9000] via P2P/IPC comm 0x20f53ad0 nRanks 08
nid005158:48265:48787 [5] NCCL INFO Channel 10/0 : 5[d6000] -> 4[d1000] via P2P/IPC comm 0x20f757a0 nRanks 08
nid005158:48267:48784 [7] NCCL INFO Channel 11/0 : 7[de000] -> 6[d9000] via P2P/IPC comm 0x20f37ca0 nRanks 08
nid005158:48261:48786 [1] NCCL INFO Channel 13/0 : 1[c6000] -> 0[c1000] via P2P/IPC comm 0x20f755f0 nRanks 08
nid005158:48265:48787 [5] NCCL INFO Channel 13/0 : 5[d6000] -> 4[d1000] via P2P/IPC comm 0x20f757a0 nRanks 08
nid005158:48263:48783 [3] NCCL INFO Channel 12/0 : 3[ce000] -> 2[c9000] via P2P/IPC comm 0x20f53ad0 nRanks 08
nid005158:48267:48784 [7] NCCL INFO Channel 12/0 : 7[de000] -> 6[d9000] via P2P/IPC comm 0x20f37ca0 nRanks 08
nid005158:48265:48787 [5] NCCL INFO Channel 14/0 : 5[d6000] -> 4[d1000] via P2P/IPC comm 0x20f757a0 nRanks 08
nid005158:48261:48786 [1] NCCL INFO Channel 15/0 : 1[c6000] -> 0[c1000] via P2P/IPC comm 0x20f755f0 nRanks 08
nid005158:48263:48783 [3] NCCL INFO Channel 14/0 : 3[ce000] -> 2[c9000] via P2P/IPC comm 0x20f53ad0 nRanks 08
nid005158:48267:48784 [7] NCCL INFO Channel 15/0 : 7[de000] -> 6[d9000] via P2P/IPC comm 0x20f37ca0 nRanks 08
nid005158:48262:48781 [2] NCCL INFO Connected all rings
nid005158:48261:48786 [1] NCCL INFO Connected all rings
nid005158:48265:48787 [5] NCCL INFO Connected all rings
nid005158:48262:48781 [2] NCCL INFO Channel 00/0 : 2[c9000] -> 3[ce000] via P2P/IPC comm 0x20f54460 nRanks 08
nid005158:48263:48783 [3] NCCL INFO Connected all rings
nid005158:48267:48784 [7] NCCL INFO Connected all rings
nid005158:48260:48780 [0] NCCL INFO Connected all rings
nid005158:48264:48785 [4] NCCL INFO Connected all rings
nid005158:48260:48780 [0] NCCL INFO Channel 01/0 : 0[c1000] -> 1[c6000] via P2P/IPC comm 0x20f73b50 nRanks 08
nid005158:48264:48785 [4] NCCL INFO Channel 01/0 : 4[d1000] -> 5[d6000] via P2P/IPC comm 0x20fb48f0 nRanks 08
nid005158:48266:48782 [6] NCCL INFO Connected all rings
nid005158:48266:48782 [6] NCCL INFO Channel 00/0 : 6[d9000] -> 7[de000] via P2P/IPC comm 0x2102d570 nRanks 08
nid005158:48260:48780 [0] NCCL INFO Channel 03/0 : 0[c1000] -> 1[c6000] via P2P/IPC comm 0x20f73b50 nRanks 08
nid005158:48264:48785 [4] NCCL INFO Channel 02/0 : 4[d1000] -> 5[d6000] via P2P/IPC comm 0x20fb48f0 nRanks 08
nid005158:48262:48781 [2] NCCL INFO Channel 02/0 : 2[c9000] -> 3[ce000] via P2P/IPC comm 0x20f54460 nRanks 08
nid005158:48266:48782 [6] NCCL INFO Channel 03/0 : 6[d9000] -> 7[de000] via P2P/IPC comm 0x2102d570 nRanks 08
nid005158:48260:48780 [0] NCCL INFO Channel 05/0 : 0[c1000] -> 1[c6000] via P2P/IPC comm 0x20f73b50 nRanks 08
nid005158:48264:48785 [4] NCCL INFO Channel 05/0 : 4[d1000] -> 5[d6000] via P2P/IPC comm 0x20fb48f0 nRanks 08
nid005158:48262:48781 [2] NCCL INFO Channel 04/0 : 2[c9000] -> 3[ce000] via P2P/IPC comm 0x20f54460 nRanks 08
nid005158:48266:48782 [6] NCCL INFO Channel 04/0 : 6[d9000] -> 7[de000] via P2P/IPC comm 0x2102d570 nRanks 08
nid005158:48260:48780 [0] NCCL INFO Channel 07/0 : 0[c1000] -> 1[c6000] via P2P/IPC comm 0x20f73b50 nRanks 08
nid005158:48264:48785 [4] NCCL INFO Channel 06/0 : 4[d1000] -> 5[d6000] via P2P/IPC comm 0x20fb48f0 nRanks 08
nid005158:48262:48781 [2] NCCL INFO Channel 06/0 : 2[c9000] -> 3[ce000] via P2P/IPC comm 0x20f54460 nRanks 08
nid005158:48266:48782 [6] NCCL INFO Channel 07/0 : 6[d9000] -> 7[de000] via P2P/IPC comm 0x2102d570 nRanks 08
nid005158:48260:48780 [0] NCCL INFO Channel 09/0 : 0[c1000] -> 1[c6000] via P2P/IPC comm 0x20f73b50 nRanks 08
nid005158:48264:48785 [4] NCCL INFO Channel 09/0 : 4[d1000] -> 5[d6000] via P2P/IPC comm 0x20fb48f0 nRanks 08
nid005158:48262:48781 [2] NCCL INFO Channel 08/0 : 2[c9000] -> 3[ce000] via P2P/IPC comm 0x20f54460 nRanks 08
nid005158:48266:48782 [6] NCCL INFO Channel 08/0 : 6[d9000] -> 7[de000] via P2P/IPC comm 0x2102d570 nRanks 08
nid005158:48264:48785 [4] NCCL INFO Channel 10/0 : 4[d1000] -> 5[d6000] via P2P/IPC comm 0x20fb48f0 nRanks 08
nid005158:48260:48780 [0] NCCL INFO Channel 11/0 : 0[c1000] -> 1[c6000] via P2P/IPC comm 0x20f73b50 nRanks 08
nid005158:48262:48781 [2] NCCL INFO Channel 10/0 : 2[c9000] -> 3[ce000] via P2P/IPC comm 0x20f54460 nRanks 08
nid005158:48266:48782 [6] NCCL INFO Channel 11/0 : 6[d9000] -> 7[de000] via P2P/IPC comm 0x2102d570 nRanks 08
nid005158:48264:48785 [4] NCCL INFO Channel 13/0 : 4[d1000] -> 5[d6000] via P2P/IPC comm 0x20fb48f0 nRanks 08
nid005158:48260:48780 [0] NCCL INFO Channel 13/0 : 0[c1000] -> 1[c6000] via P2P/IPC comm 0x20f73b50 nRanks 08
nid005158:48262:48781 [2] NCCL INFO Channel 12/0 : 2[c9000] -> 3[ce000] via P2P/IPC comm 0x20f54460 nRanks 08
nid005158:48266:48782 [6] NCCL INFO Channel 12/0 : 6[d9000] -> 7[de000] via P2P/IPC comm 0x2102d570 nRanks 08
nid005158:48264:48785 [4] NCCL INFO Channel 14/0 : 4[d1000] -> 5[d6000] via P2P/IPC comm 0x20fb48f0 nRanks 08
nid005158:48260:48780 [0] NCCL INFO Channel 15/0 : 0[c1000] -> 1[c6000] via P2P/IPC comm 0x20f73b50 nRanks 08
nid005158:48262:48781 [2] NCCL INFO Channel 14/0 : 2[c9000] -> 3[ce000] via P2P/IPC comm 0x20f54460 nRanks 08
nid005158:48266:48782 [6] NCCL INFO Channel 15/0 : 6[d9000] -> 7[de000] via P2P/IPC comm 0x2102d570 nRanks 08
nid005158:48265:48787 [5] NCCL INFO Channel 01/0 : 5[d6000] -> 7[de000] via P2P/IPC comm 0x20f757a0 nRanks 08
nid005158:48261:48786 [1] NCCL INFO Channel 01/0 : 1[c6000] -> 3[ce000] via P2P/IPC comm 0x20f755f0 nRanks 08
nid005158:48262:48781 [2] NCCL INFO Channel 01/0 : 2[c9000] -> 4[d1000] via P2P/IPC comm 0x20f54460 nRanks 08
nid005158:48265:48787 [5] NCCL INFO Channel 05/0 : 5[d6000] -> 7[de000] via P2P/IPC comm 0x20f757a0 nRanks 08
nid005158:48261:48786 [1] NCCL INFO Channel 05/0 : 1[c6000] -> 3[ce000] via P2P/IPC comm 0x20f755f0 nRanks 08
nid005158:48262:48781 [2] NCCL INFO Channel 05/0 : 2[c9000] -> 4[d1000] via P2P/IPC comm 0x20f54460 nRanks 08
nid005158:48265:48787 [5] NCCL INFO Channel 09/0 : 5[d6000] -> 7[de000] via P2P/IPC comm 0x20f757a0 nRanks 08
nid005158:48261:48786 [1] NCCL INFO Channel 09/0 : 1[c6000] -> 3[ce000] via P2P/IPC comm 0x20f755f0 nRanks 08
nid005158:48262:48781 [2] NCCL INFO Channel 09/0 : 2[c9000] -> 4[d1000] via P2P/IPC comm 0x20f54460 nRanks 08
nid005158:48265:48787 [5] NCCL INFO Channel 13/0 : 5[d6000] -> 7[de000] via P2P/IPC comm 0x20f757a0 nRanks 08
nid005158:48261:48786 [1] NCCL INFO Channel 13/0 : 1[c6000] -> 3[ce000] via P2P/IPC comm 0x20f755f0 nRanks 08
nid005158:48262:48781 [2] NCCL INFO Channel 13/0 : 2[c9000] -> 4[d1000] via P2P/IPC comm 0x20f54460 nRanks 08
nid005158:48264:48785 [4] NCCL INFO Channel 03/0 : 4[d1000] -> 6[d9000] via P2P/IPC comm 0x20fb48f0 nRanks 08
nid005158:48264:48785 [4] NCCL INFO Channel 07/0 : 4[d1000] -> 6[d9000] via P2P/IPC comm 0x20fb48f0 nRanks 08
nid005158:48264:48785 [4] NCCL INFO Channel 11/0 : 4[d1000] -> 6[d9000] via P2P/IPC comm 0x20fb48f0 nRanks 08
nid005158:48264:48785 [4] NCCL INFO Channel 15/0 : 4[d1000] -> 6[d9000] via P2P/IPC comm 0x20fb48f0 nRanks 08
nid005158:48266:48782 [6] NCCL INFO Channel 02/0 : 6[d9000] -> 4[d1000] via P2P/IPC comm 0x2102d570 nRanks 08
nid005158:48263:48783 [3] NCCL INFO Channel 02/0 : 3[ce000] -> 7[de000] via P2P/IPC comm 0x20f53ad0 nRanks 08
nid005158:48261:48786 [1] NCCL INFO Channel 03/0 : 1[c6000] -> 5[d6000] via P2P/IPC comm 0x20f755f0 nRanks 08
nid005158:48265:48787 [5] NCCL INFO Channel 02/0 : 5[d6000] -> 1[c6000] via P2P/IPC comm 0x20f757a0 nRanks 08
nid005158:48267:48784 [7] NCCL INFO Channel 03/0 : 7[de000] -> 3[ce000] via P2P/IPC comm 0x20f37ca0 nRanks 08
nid005158:48266:48782 [6] NCCL INFO Channel 06/0 : 6[d9000] -> 4[d1000] via P2P/IPC comm 0x2102d570 nRanks 08
nid005158:48263:48783 [3] NCCL INFO Channel 06/0 : 3[ce000] -> 7[de000] via P2P/IPC comm 0x20f53ad0 nRanks 08
nid005158:48261:48786 [1] NCCL INFO Channel 07/0 : 1[c6000] -> 5[d6000] via P2P/IPC comm 0x20f755f0 nRanks 08
nid005158:48265:48787 [5] NCCL INFO Channel 06/0 : 5[d6000] -> 1[c6000] via P2P/IPC comm 0x20f757a0 nRanks 08
nid005158:48263:48783 [3] NCCL INFO Channel 10/0 : 3[ce000] -> 7[de000] via P2P/IPC comm 0x20f53ad0 nRanks 08
nid005158:48267:48784 [7] NCCL INFO Channel 07/0 : 7[de000] -> 3[ce000] via P2P/IPC comm 0x20f37ca0 nRanks 08
nid005158:48266:48782 [6] NCCL INFO Channel 10/0 : 6[d9000] -> 4[d1000] via P2P/IPC comm 0x2102d570 nRanks 08
nid005158:48261:48786 [1] NCCL INFO Channel 11/0 : 1[c6000] -> 5[d6000] via P2P/IPC comm 0x20f755f0 nRanks 08
nid005158:48265:48787 [5] NCCL INFO Channel 10/0 : 5[d6000] -> 1[c6000] via P2P/IPC comm 0x20f757a0 nRanks 08
nid005158:48263:48783 [3] NCCL INFO Channel 14/0 : 3[ce000] -> 7[de000] via P2P/IPC comm 0x20f53ad0 nRanks 08
nid005158:48267:48784 [7] NCCL INFO Channel 11/0 : 7[de000] -> 3[ce000] via P2P/IPC comm 0x20f37ca0 nRanks 08
nid005158:48266:48782 [6] NCCL INFO Channel 14/0 : 6[d9000] -> 4[d1000] via P2P/IPC comm 0x2102d570 nRanks 08
nid005158:48261:48786 [1] NCCL INFO Channel 15/0 : 1[c6000] -> 5[d6000] via P2P/IPC comm 0x20f755f0 nRanks 08
nid005158:48264:48785 [4] NCCL INFO Channel 00/0 : 4[d1000] -> 2[c9000] via P2P/IPC comm 0x20fb48f0 nRanks 08
nid005158:48265:48787 [5] NCCL INFO Channel 14/0 : 5[d6000] -> 1[c6000] via P2P/IPC comm 0x20f757a0 nRanks 08
nid005158:48267:48784 [7] NCCL INFO Channel 15/0 : 7[de000] -> 3[ce000] via P2P/IPC comm 0x20f37ca0 nRanks 08
nid005158:48264:48785 [4] NCCL INFO Channel 04/0 : 4[d1000] -> 2[c9000] via P2P/IPC comm 0x20fb48f0 nRanks 08
nid005158:48263:48783 [3] NCCL INFO Channel 00/0 : 3[ce000] -> 1[c6000] via P2P/IPC comm 0x20f53ad0 nRanks 08
nid005158:48267:48784 [7] NCCL INFO Channel 00/0 : 7[de000] -> 5[d6000] via P2P/IPC comm 0x20f37ca0 nRanks 08
nid005158:48264:48785 [4] NCCL INFO Channel 08/0 : 4[d1000] -> 2[c9000] via P2P/IPC comm 0x20fb48f0 nRanks 08
nid005158:48263:48783 [3] NCCL INFO Channel 04/0 : 3[ce000] -> 1[c6000] via P2P/IPC comm 0x20f53ad0 nRanks 08
nid005158:48267:48784 [7] NCCL INFO Channel 04/0 : 7[de000] -> 5[d6000] via P2P/IPC comm 0x20f37ca0 nRanks 08
nid005158:48264:48785 [4] NCCL INFO Channel 12/0 : 4[d1000] -> 2[c9000] via P2P/IPC comm 0x20fb48f0 nRanks 08
nid005158:48263:48783 [3] NCCL INFO Channel 08/0 : 3[ce000] -> 1[c6000] via P2P/IPC comm 0x20f53ad0 nRanks 08
nid005158:48267:48784 [7] NCCL INFO Channel 08/0 : 7[de000] -> 5[d6000] via P2P/IPC comm 0x20f37ca0 nRanks 08
nid005158:48263:48783 [3] NCCL INFO Channel 12/0 : 3[ce000] -> 1[c6000] via P2P/IPC comm 0x20f53ad0 nRanks 08
nid005158:48267:48784 [7] NCCL INFO Channel 12/0 : 7[de000] -> 5[d6000] via P2P/IPC comm 0x20f37ca0 nRanks 08
nid005158:48261:48786 [1] NCCL INFO Channel 00/0 : 1[c6000] -> 0[c1000] via P2P/IPC comm 0x20f755f0 nRanks 08
nid005158:48263:48783 [3] NCCL INFO Channel 01/0 : 3[ce000] -> 2[c9000] via P2P/IPC comm 0x20f53ad0 nRanks 08
nid005158:48265:48787 [5] NCCL INFO Channel 00/0 : 5[d6000] -> 4[d1000] via P2P/IPC comm 0x20f757a0 nRanks 08
nid005158:48267:48784 [7] NCCL INFO Channel 01/0 : 7[de000] -> 6[d9000] via P2P/IPC comm 0x20f37ca0 nRanks 08
nid005158:48263:48783 [3] NCCL INFO Channel 03/0 : 3[ce000] -> 2[c9000] via P2P/IPC comm 0x20f53ad0 nRanks 08
nid005158:48261:48786 [1] NCCL INFO Channel 02/0 : 1[c6000] -> 0[c1000] via P2P/IPC comm 0x20f755f0 nRanks 08
nid005158:48267:48784 [7] NCCL INFO Channel 02/0 : 7[de000] -> 6[d9000] via P2P/IPC comm 0x20f37ca0 nRanks 08
nid005158:48265:48787 [5] NCCL INFO Channel 03/0 : 5[d6000] -> 4[d1000] via P2P/IPC comm 0x20f757a0 nRanks 08
nid005158:48263:48783 [3] NCCL INFO Channel 05/0 : 3[ce000] -> 2[c9000] via P2P/IPC comm 0x20f53ad0 nRanks 08
nid005158:48261:48786 [1] NCCL INFO Channel 04/0 : 1[c6000] -> 0[c1000] via P2P/IPC comm 0x20f755f0 nRanks 08
nid005158:48267:48784 [7] NCCL INFO Channel 05/0 : 7[de000] -> 6[d9000] via P2P/IPC comm 0x20f37ca0 nRanks 08
nid005158:48265:48787 [5] NCCL INFO Channel 04/0 : 5[d6000] -> 4[d1000] via P2P/IPC comm 0x20f757a0 nRanks 08
nid005158:48263:48783 [3] NCCL INFO Channel 07/0 : 3[ce000] -> 2[c9000] via P2P/IPC comm 0x20f53ad0 nRanks 08
nid005158:48261:48786 [1] NCCL INFO Channel 06/0 : 1[c6000] -> 0[c1000] via P2P/IPC comm 0x20f755f0 nRanks 08
nid005158:48265:48787 [5] NCCL INFO Channel 07/0 : 5[d6000] -> 4[d1000] via P2P/IPC comm 0x20f757a0 nRanks 08
nid005158:48267:48784 [7] NCCL INFO Channel 06/0 : 7[de000] -> 6[d9000] via P2P/IPC comm 0x20f37ca0 nRanks 08
nid005158:48263:48783 [3] NCCL INFO Channel 09/0 : 3[ce000] -> 2[c9000] via P2P/IPC comm 0x20f53ad0 nRanks 08
nid005158:48261:48786 [1] NCCL INFO Channel 08/0 : 1[c6000] -> 0[c1000] via P2P/IPC comm 0x20f755f0 nRanks 08
nid005158:48265:48787 [5] NCCL INFO Channel 08/0 : 5[d6000] -> 4[d1000] via P2P/IPC comm 0x20f757a0 nRanks 08
nid005158:48267:48784 [7] NCCL INFO Channel 09/0 : 7[de000] -> 6[d9000] via P2P/IPC comm 0x20f37ca0 nRanks 08
nid005158:48263:48783 [3] NCCL INFO Channel 11/0 : 3[ce000] -> 2[c9000] via P2P/IPC comm 0x20f53ad0 nRanks 08
nid005158:48261:48786 [1] NCCL INFO Channel 10/0 : 1[c6000] -> 0[c1000] via P2P/IPC comm 0x20f755f0 nRanks 08
nid005158:48265:48787 [5] NCCL INFO Channel 11/0 : 5[d6000] -> 4[d1000] via P2P/IPC comm 0x20f757a0 nRanks 08
nid005158:48267:48784 [7] NCCL INFO Channel 10/0 : 7[de000] -> 6[d9000] via P2P/IPC comm 0x20f37ca0 nRanks 08
nid005158:48263:48783 [3] NCCL INFO Channel 13/0 : 3[ce000] -> 2[c9000] via P2P/IPC comm 0x20f53ad0 nRanks 08
nid005158:48261:48786 [1] NCCL INFO Channel 12/0 : 1[c6000] -> 0[c1000] via P2P/IPC comm 0x20f755f0 nRanks 08
nid005158:48265:48787 [5] NCCL INFO Channel 12/0 : 5[d6000] -> 4[d1000] via P2P/IPC comm 0x20f757a0 nRanks 08
nid005158:48267:48784 [7] NCCL INFO Channel 13/0 : 7[de000] -> 6[d9000] via P2P/IPC comm 0x20f37ca0 nRanks 08
nid005158:48263:48783 [3] NCCL INFO Channel 15/0 : 3[ce000] -> 2[c9000] via P2P/IPC comm 0x20f53ad0 nRanks 08
nid005158:48261:48786 [1] NCCL INFO Channel 14/0 : 1[c6000] -> 0[c1000] via P2P/IPC comm 0x20f755f0 nRanks 08
nid005158:48265:48787 [5] NCCL INFO Channel 15/0 : 5[d6000] -> 4[d1000] via P2P/IPC comm 0x20f757a0 nRanks 08
nid005158:48267:48784 [7] NCCL INFO Channel 14/0 : 7[de000] -> 6[d9000] via P2P/IPC comm 0x20f37ca0 nRanks 08
nid005158:48260:48780 [0] NCCL INFO Connected all trees
nid005158:48261:48786 [1] NCCL INFO Connected all trees
nid005158:48263:48783 [3] NCCL INFO Connected all trees
nid005158:48262:48781 [2] NCCL INFO Connected all trees
nid005158:48267:48784 [7] NCCL INFO Connected all trees
nid005158:48266:48782 [6] NCCL INFO Connected all trees
nid005158:48265:48787 [5] NCCL INFO Connected all trees
nid005158:48264:48785 [4] NCCL INFO Connected all trees
nid005158:48261:48786 [1] NCCL INFO threadThresholds 8/8/64 | 64/8/64 | 256 | 256
nid005158:48261:48786 [1] NCCL INFO 16 coll channels, 16 collnet channels, 0 nvls channels, 16 p2p channels, 2 p2p channels per peer
nid005158:48260:48780 [0] NCCL INFO threadThresholds 8/8/64 | 64/8/64 | 256 | 256
nid005158:48260:48780 [0] NCCL INFO 16 coll channels, 16 collnet channels, 0 nvls channels, 16 p2p channels, 2 p2p channels per peer
nid005158:48263:48783 [3] NCCL INFO threadThresholds 8/8/64 | 64/8/64 | 256 | 256
nid005158:48263:48783 [3] NCCL INFO 16 coll channels, 16 collnet channels, 0 nvls channels, 16 p2p channels, 2 p2p channels per peer
nid005158:48260:48780 [0] NCCL INFO CC Off, Multi-GPU CC Off, workFifoBytes 1048576
nid005158:48262:48781 [2] NCCL INFO threadThresholds 8/8/64 | 64/8/64 | 256 | 256
nid005158:48262:48781 [2] NCCL INFO 16 coll channels, 16 collnet channels, 0 nvls channels, 16 p2p channels, 2 p2p channels per peer
nid005158:48267:48784 [7] NCCL INFO threadThresholds 8/8/64 | 64/8/64 | 256 | 256
nid005158:48267:48784 [7] NCCL INFO 16 coll channels, 16 collnet channels, 0 nvls channels, 16 p2p channels, 2 p2p channels per peer
nid005158:48265:48787 [5] NCCL INFO threadThresholds 8/8/64 | 64/8/64 | 256 | 256
nid005158:48265:48787 [5] NCCL INFO 16 coll channels, 16 collnet channels, 0 nvls channels, 16 p2p channels, 2 p2p channels per peer
nid005158:48264:48785 [4] NCCL INFO threadThresholds 8/8/64 | 64/8/64 | 256 | 256
nid005158:48264:48785 [4] NCCL INFO 16 coll channels, 16 collnet channels, 0 nvls channels, 16 p2p channels, 2 p2p channels per peer
nid005158:48266:48782 [6] NCCL INFO threadThresholds 8/8/64 | 64/8/64 | 256 | 256
nid005158:48266:48782 [6] NCCL INFO 16 coll channels, 16 collnet channels, 0 nvls channels, 16 p2p channels, 2 p2p channels per peer
nid005158:48265:48787 [5] NCCL INFO ncclCommInitRank comm 0x20f757a0 rank 5 nranks 8 cudaDev 5 nvmlDev 5 busId d6000 commId 0xf597f0fcbb2afb99 localSize 272 used 1529449088 bytes on core 1 - Init COMPLETE
nid005158:48265:48787 [5] NCCL INFO Init timings: rank 5 nranks 8 total 1.26 (kernels 0.00, bootstrap 0.03, allgathers 0.02, topo 0.96, graphs 0.01, connections 0.24, rest 0.00)
nid005158:48264:48785 [4] NCCL INFO ncclCommInitRank comm 0x20fb48f0 rank 4 nranks 8 cudaDev 4 nvmlDev 4 busId d1000 commId 0xf597f0fcbb2afb99 localSize 272 used 1529449088 bytes on core 5 - Init COMPLETE
nid005158:48264:48785 [4] NCCL INFO Init timings: rank 4 nranks 8 total 1.26 (kernels 0.00, bootstrap 0.03, allgathers 0.00, topo 0.98, graphs 0.01, connections 0.24, rest 0.00)
nid005158:48261:48786 [1] NCCL INFO ncclCommInitRank comm 0x20f755f0 rank 1 nranks 8 cudaDev 1 nvmlDev 1 busId c6000 commId 0xf597f0fcbb2afb99 localSize 272 used 1529449088 bytes on core 50 - Init COMPLETE
nid005158:48261:48786 [1] NCCL INFO Init timings: rank 1 nranks 8 total 1.26 (kernels 0.00, bootstrap 0.03, allgathers 0.04, topo 0.95, graphs 0.01, connections 0.24, rest 0.00)
nid005158:48263:48783 [3] NCCL INFO ncclCommInitRank comm 0x20f53ad0 rank 3 nranks 8 cudaDev 3 nvmlDev 3 busId ce000 commId 0xf597f0fcbb2afb99 localSize 272 used 1529449088 bytes on core 18 - Init COMPLETE
nid005158:48260:48780 [0] NCCL INFO ncclCommInitRank comm 0x20f73b50 rank 0 nranks 8 cudaDev 0 nvmlDev 0 busId c1000 commId 0xf597f0fcbb2afb99 localSize 272 used 1328122496 bytes on core 49 - Init COMPLETE
nid005158:48262:48781 [2] NCCL INFO ncclCommInitRank comm 0x20f54460 rank 2 nranks 8 cudaDev 2 nvmlDev 2 busId c9000 commId 0xf597f0fcbb2afb99 localSize 272 used 1428785792 bytes on core 28 - Init COMPLETE
nid005158:48263:48783 [3] NCCL INFO Init timings: rank 3 nranks 8 total 1.26 (kernels 0.00, bootstrap 0.03, allgathers 0.02, topo 0.97, graphs 0.01, connections 0.24, rest 0.00)
nid005158:48267:48784 [7] NCCL INFO ncclCommInitRank comm 0x20f37ca0 rank 7 nranks 8 cudaDev 7 nvmlDev 7 busId de000 commId 0xf597f0fcbb2afb99 localSize 272 used 1529449088 bytes on core 33 - Init COMPLETE
nid005158:48260:48780 [0] NCCL INFO Init timings: rank 0 nranks 8 total 1.30 (kernels 0.00, bootstrap 0.07, allgathers 0.04, topo 0.94, graphs 0.01, connections 0.24, rest 0.00)
nid005158:48266:48782 [6] NCCL INFO ncclCommInitRank comm 0x2102d570 rank 6 nranks 8 cudaDev 6 nvmlDev 6 busId d9000 commId 0xf597f0fcbb2afb99 localSize 272 used 1428785792 bytes on core 107 - Init COMPLETE
nid005158:48262:48781 [2] NCCL INFO Init timings: rank 2 nranks 8 total 1.30 (kernels 0.00, bootstrap 0.07, allgathers 0.07, topo 0.91, graphs 0.01, connections 0.24, rest 0.00)
nid005158:48267:48784 [7] NCCL INFO Init timings: rank 7 nranks 8 total 1.26 (kernels 0.00, bootstrap 0.03, allgathers 0.05, topo 0.93, graphs 0.01, connections 0.24, rest 0.00)
nid005158:48266:48782 [6] NCCL INFO Init timings: rank 6 nranks 8 total 1.27 (kernels 0.00, bootstrap 0.04, allgathers 0.01, topo 0.97, graphs 0.01, connections 0.24, rest 0.00)
[Rank 0] time (ms) | fwd_microstep: 43.50 | bwd_microstep: 45.89 | bwd_inner_microstep: 36.20 | bwd_allreduce_microstep: 9.66 | step_microstep: 79.34
[Rank 0] time (ms) | fwd: 43.49 | bwd: 45.89 | bwd_inner: 36.20 | bwd_allreduce: 9.66 | step: 79.33
[Rank 0] time (ms) | fwd_microstep: 40.51 | bwd_microstep: 45.86 | bwd_inner_microstep: 36.13 | bwd_allreduce_microstep: 9.70 | step_microstep: 78.76
[Rank 0] time (ms) | fwd: 40.50 | bwd: 45.86 | bwd_inner: 36.13 | bwd_allreduce: 9.70 | step: 78.77
[Rank 0] time (ms) | fwd_microstep: 40.46 | bwd_microstep: 45.70 | bwd_inner_microstep: 36.01 | bwd_allreduce_microstep: 9.66 | step_microstep: 77.42
[Rank 0] time (ms) | fwd: 40.45 | bwd: 45.70 | bwd_inner: 36.01 | bwd_allreduce: 9.66 | step: 77.38
[Rank 0] time (ms) | fwd_microstep: 40.53 | bwd_microstep: 45.82 | bwd_inner_microstep: 36.08 | bwd_allreduce_microstep: 9.71 | step_microstep: 78.36
[Rank 0] time (ms) | fwd: 40.52 | bwd: 45.82 | bwd_inner: 36.08 | bwd_allreduce: 9.71 | step: 78.38
[Rank 0] time (ms) | fwd_microstep: 40.56 | bwd_microstep: 45.75 | bwd_inner_microstep: 36.05 | bwd_allreduce_microstep: 9.67 | step_microstep: 77.57
[Rank 0] time (ms) | fwd: 40.55 | bwd: 45.75 | bwd_inner: 36.05 | bwd_allreduce: 9.67 | step: 77.58
[Rank 0] time (ms) | fwd_microstep: 40.53 | bwd_microstep: 45.88 | bwd_inner_microstep: 36.16 | bwd_allreduce_microstep: 9.69 | step_microstep: 78.73
[Rank 0] time (ms) | fwd: 40.52 | bwd: 45.88 | bwd_inner: 36.16 | bwd_allreduce: 9.69 | step: 78.74
[Rank 0] time (ms) | fwd_microstep: 40.75 | bwd_microstep: 45.80 | bwd_inner_microstep: 36.11 | bwd_allreduce_microstep: 9.66 | step_microstep: 77.40
[Rank 0] time (ms) | fwd: 40.75 | bwd: 45.80 | bwd_inner: 36.11 | bwd_allreduce: 9.66 | step: 77.41
[Rank 0] time (ms) | fwd_microstep: 40.63 | bwd_microstep: 45.78 | bwd_inner_microstep: 36.07 | bwd_allreduce_microstep: 9.68 | step_microstep: 78.49
[Rank 0] time (ms) | fwd: 40.62 | bwd: 45.78 | bwd_inner: 36.07 | bwd_allreduce: 9.68 | step: 78.50
[Rank 0] time (ms) | fwd_microstep: 40.57 | bwd_microstep: 45.78 | bwd_inner_microstep: 36.11 | bwd_allreduce_microstep: 9.64 | step_microstep: 77.95
[Rank 0] time (ms) | fwd: 40.57 | bwd: 45.78 | bwd_inner: 36.11 | bwd_allreduce: 9.64 | step: 77.95
[Rank 0] time (ms) | fwd_microstep: 40.54 | bwd_microstep: 45.89 | bwd_inner_microstep: 36.14 | bwd_allreduce_microstep: 9.72 | step_microstep: 78.58
[Rank 0] time (ms) | fwd: 40.53 | bwd: 45.89 | bwd_inner: 36.14 | bwd_allreduce: 9.72 | step: 78.59
[Rank 0] time (ms) | fwd_microstep: 40.77 | bwd_microstep: 45.77 | bwd_inner_microstep: 36.10 | bwd_allreduce_microstep: 9.64 | step_microstep: 77.65
[Rank 0] time (ms) | fwd: 40.77 | bwd: 45.77 | bwd_inner: 36.10 | bwd_allreduce: 9.64 | step: 77.67
[Rank 0] time (ms) | fwd_microstep: 40.71 | bwd_microstep: 45.92 | bwd_inner_microstep: 36.18 | bwd_allreduce_microstep: 9.70 | step_microstep: 78.43
[Rank 0] time (ms) | fwd: 40.70 | bwd: 45.92 | bwd_inner: 36.18 | bwd_allreduce: 9.70 | step: 78.44
[Rank 0] time (ms) | fwd_microstep: 40.41 | bwd_microstep: 45.90 | bwd_inner_microstep: 36.21 | bwd_allreduce_microstep: 9.67 | step_microstep: 77.56
[Rank 0] time (ms) | fwd: 40.40 | bwd: 45.90 | bwd_inner: 36.21 | bwd_allreduce: 9.67 | step: 77.57
[Rank 0] time (ms) | fwd_microstep: 40.67 | bwd_microstep: 45.87 | bwd_inner_microstep: 36.15 | bwd_allreduce_microstep: 9.69 | step_microstep: 78.49
[Rank 0] time (ms) | fwd: 40.66 | bwd: 45.87 | bwd_inner: 36.15 | bwd_allreduce: 9.69 | step: 78.50
[Rank 0] time (ms) | fwd_microstep: 40.89 | bwd_microstep: 45.89 | bwd_inner_microstep: 36.20 | bwd_allreduce_microstep: 9.66 | step_microstep: 77.35
[Rank 0] time (ms) | fwd: 40.89 | bwd: 45.89 | bwd_inner: 36.20 | bwd_allreduce: 9.66 | step: 77.36
[Rank 0] time (ms) | fwd_microstep: 40.65 | bwd_microstep: 45.91 | bwd_inner_microstep: 36.20 | bwd_allreduce_microstep: 9.69 | step_microstep: 78.75
[Rank 0] time (ms) | fwd: 40.65 | bwd: 45.91 | bwd_inner: 36.20 | bwd_allreduce: 9.69 | step: 78.76
[Rank 0] time (ms) | fwd_microstep: 40.73 | bwd_microstep: 45.81 | bwd_inner_microstep: 36.11 | bwd_allreduce_microstep: 9.67 | step_microstep: 77.50
[Rank 0] time (ms) | fwd: 40.72 | bwd: 45.81 | bwd_inner: 36.11 | bwd_allreduce: 9.67 | step: 77.51
[Rank 0] time (ms) | fwd_microstep: 40.99 | bwd_microstep: 45.89 | bwd_inner_microstep: 36.15 | bwd_allreduce_microstep: 9.71 | step_microstep: 78.45
[Rank 0] time (ms) | fwd: 40.98 | bwd: 45.89 | bwd_inner: 36.15 | bwd_allreduce: 9.71 | step: 78.46
[Rank 0] time (ms) | fwd_microstep: 41.32 | bwd_microstep: 45.94 | bwd_inner_microstep: 36.25 | bwd_allreduce_microstep: 9.66 | step_microstep: 77.98
[Rank 0] time (ms) | fwd: 41.31 | bwd: 45.94 | bwd_inner: 36.25 | bwd_allreduce: 9.66 | step: 77.99
step=20 step_time=0.1674s tok/s=97888.92 mem_alloc=9937516032
[Rank 0] time (ms) | fwd_microstep: 40.34 | bwd_microstep: 45.96 | bwd_inner_microstep: 36.23 | bwd_allreduce_microstep: 9.70 | step_microstep: 78.62
[Rank 0] time (ms) | fwd: 40.33 | bwd: 45.96 | bwd_inner: 36.23 | bwd_allreduce: 9.70 | step: 78.63
[Rank 0] time (ms) | fwd_microstep: 41.35 | bwd_microstep: 45.87 | bwd_inner_microstep: 36.17 | bwd_allreduce_microstep: 9.68 | step_microstep: 77.39
[Rank 0] time (ms) | fwd: 41.34 | bwd: 45.87 | bwd_inner: 36.17 | bwd_allreduce: 9.68 | step: 77.40
[Rank 0] time (ms) | fwd_microstep: 41.73 | bwd_microstep: 45.95 | bwd_inner_microstep: 36.18 | bwd_allreduce_microstep: 9.75 | step_microstep: 78.38
[Rank 0] time (ms) | fwd: 41.72 | bwd: 45.95 | bwd_inner: 36.18 | bwd_allreduce: 9.75 | step: 78.40
[Rank 0] time (ms) | fwd_microstep: 41.44 | bwd_microstep: 45.95 | bwd_inner_microstep: 36.26 | bwd_allreduce_microstep: 9.66 | step_microstep: 77.59
[Rank 0] time (ms) | fwd: 41.43 | bwd: 45.95 | bwd_inner: 36.26 | bwd_allreduce: 9.66 | step: 77.61
[Rank 0] time (ms) | fwd_microstep: 41.63 | bwd_microstep: 45.98 | bwd_inner_microstep: 36.25 | bwd_allreduce_microstep: 9.70 | step_microstep: 78.34
[Rank 0] time (ms) | fwd: 41.62 | bwd: 45.98 | bwd_inner: 36.25 | bwd_allreduce: 9.70 | step: 78.34
[Rank 0] time (ms) | fwd_microstep: 42.00 | bwd_microstep: 45.98 | bwd_inner_microstep: 36.30 | bwd_allreduce_microstep: 9.65 | step_microstep: 77.58
[Rank 0] time (ms) | fwd: 41.99 | bwd: 45.98 | bwd_inner: 36.30 | bwd_allreduce: 9.65 | step: 77.59
[Rank 0] time (ms) | fwd_microstep: 42.02 | bwd_microstep: 46.00 | bwd_inner_microstep: 36.27 | bwd_allreduce_microstep: 9.70 | step_microstep: 78.82
[Rank 0] time (ms) | fwd: 42.02 | bwd: 46.00 | bwd_inner: 36.27 | bwd_allreduce: 9.70 | step: 78.82
[Rank 0] time (ms) | fwd_microstep: 42.11 | bwd_microstep: 45.93 | bwd_inner_microstep: 36.22 | bwd_allreduce_microstep: 9.68 | step_microstep: 77.65
[Rank 0] time (ms) | fwd: 42.11 | bwd: 45.93 | bwd_inner: 36.22 | bwd_allreduce: 9.68 | step: 77.66
[Rank 0] time (ms) | fwd_microstep: 42.21 | bwd_microstep: 46.06 | bwd_inner_microstep: 36.32 | bwd_allreduce_microstep: 9.72 | step_microstep: 78.21
[Rank 0] time (ms) | fwd: 42.20 | bwd: 46.06 | bwd_inner: 36.32 | bwd_allreduce: 9.72 | step: 78.22
[Rank 0] time (ms) | fwd_microstep: 42.48 | bwd_microstep: 45.94 | bwd_inner_microstep: 36.23 | bwd_allreduce_microstep: 9.68 | step_microstep: 78.14
[Rank 0] time (ms) | fwd: 42.48 | bwd: 45.94 | bwd_inner: 36.23 | bwd_allreduce: 9.68 | step: 78.15
[Rank 0] time (ms) | fwd_microstep: 42.64 | bwd_microstep: 46.06 | bwd_inner_microstep: 36.32 | bwd_allreduce_microstep: 9.71 | step_microstep: 78.50
[Rank 0] time (ms) | fwd: 42.64 | bwd: 46.06 | bwd_inner: 36.32 | bwd_allreduce: 9.71 | step: 78.50
[Rank 0] time (ms) | fwd_microstep: 42.69 | bwd_microstep: 45.99 | bwd_inner_microstep: 36.26 | bwd_allreduce_microstep: 9.69 | step_microstep: 77.64
[Rank 0] time (ms) | fwd: 42.68 | bwd: 45.99 | bwd_inner: 36.26 | bwd_allreduce: 9.69 | step: 77.65
[Rank 0] time (ms) | fwd_microstep: 42.94 | bwd_microstep: 46.13 | bwd_inner_microstep: 36.37 | bwd_allreduce_microstep: 9.73 | step_microstep: 78.75
[Rank 0] time (ms) | fwd: 42.93 | bwd: 46.13 | bwd_inner: 36.37 | bwd_allreduce: 9.73 | step: 78.77
[Rank 0] time (ms) | fwd_microstep: 43.97 | bwd_microstep: 46.00 | bwd_inner_microstep: 36.31 | bwd_allreduce_microstep: 9.66 | step_microstep: 77.66
[Rank 0] time (ms) | fwd: 43.96 | bwd: 46.00 | bwd_inner: 36.31 | bwd_allreduce: 9.66 | step: 77.67
[Rank 0] time (ms) | fwd_microstep: 43.31 | bwd_microstep: 45.93 | bwd_inner_microstep: 36.21 | bwd_allreduce_microstep: 9.69 | step_microstep: 78.30
[Rank 0] time (ms) | fwd: 43.30 | bwd: 45.93 | bwd_inner: 36.21 | bwd_allreduce: 9.69 | step: 78.32
[Rank 0] time (ms) | fwd_microstep: 43.28 | bwd_microstep: 46.03 | bwd_inner_microstep: 36.34 | bwd_allreduce_microstep: 9.66 | step_microstep: 77.47
[Rank 0] time (ms) | fwd: 43.28 | bwd: 46.03 | bwd_inner: 36.34 | bwd_allreduce: 9.66 | step: 77.49
[Rank 0] time (ms) | fwd_microstep: 43.51 | bwd_microstep: 46.06 | bwd_inner_microstep: 36.32 | bwd_allreduce_microstep: 9.71 | step_microstep: 78.26
[Rank 0] time (ms) | fwd: 43.51 | bwd: 46.06 | bwd_inner: 36.32 | bwd_allreduce: 9.71 | step: 78.28
[Rank 0] time (ms) | fwd_microstep: 43.66 | bwd_microstep: 46.00 | bwd_inner_microstep: 36.33 | bwd_allreduce_microstep: 9.64 | step_microstep: 77.75
[Rank 0] time (ms) | fwd: 43.65 | bwd: 46.00 | bwd_inner: 36.33 | bwd_allreduce: 9.64 | step: 77.77
[Rank 0] time (ms) | fwd_microstep: 43.82 | bwd_microstep: 46.10 | bwd_inner_microstep: 36.38 | bwd_allreduce_microstep: 9.69 | step_microstep: 78.63
[Rank 0] time (ms) | fwd: 43.81 | bwd: 46.10 | bwd_inner: 36.38 | bwd_allreduce: 9.69 | step: 78.64
[Rank 0] time (ms) | fwd_microstep: 43.95 | bwd_microstep: 46.10 | bwd_inner_microstep: 36.43 | bwd_allreduce_microstep: 9.64 | step_microstep: 77.98
[Rank 0] time (ms) | fwd: 43.94 | bwd: 46.10 | bwd_inner: 36.43 | bwd_allreduce: 9.64 | step: 77.98
step=40 step_time=0.1702s tok/s=96266.50 mem_alloc=9937516032
[Rank 0] time (ms) | fwd_microstep: 43.33 | bwd_microstep: 46.10 | bwd_inner_microstep: 36.37 | bwd_allreduce_microstep: 9.70 | step_microstep: 78.45
[Rank 0] time (ms) | fwd: 43.32 | bwd: 46.10 | bwd_inner: 36.37 | bwd_allreduce: 9.70 | step: 78.46
[Rank 0] time (ms) | fwd_microstep: 44.48 | bwd_microstep: 46.20 | bwd_inner_microstep: 36.52 | bwd_allreduce_microstep: 9.65 | step_microstep: 77.35
[Rank 0] time (ms) | fwd: 44.47 | bwd: 46.20 | bwd_inner: 36.52 | bwd_allreduce: 9.65 | step: 77.36
[Rank 0] time (ms) | fwd_microstep: 44.64 | bwd_microstep: 46.09 | bwd_inner_microstep: 36.34 | bwd_allreduce_microstep: 9.73 | step_microstep: 78.74
[Rank 0] time (ms) | fwd: 44.64 | bwd: 46.09 | bwd_inner: 36.34 | bwd_allreduce: 9.73 | step: 78.75
[Rank 0] time (ms) | fwd_microstep: 44.90 | bwd_microstep: 46.06 | bwd_inner_microstep: 36.35 | bwd_allreduce_microstep: 9.68 | step_microstep: 77.39
[Rank 0] time (ms) | fwd: 44.89 | bwd: 46.06 | bwd_inner: 36.35 | bwd_allreduce: 9.68 | step: 77.40
[Rank 0] time (ms) | fwd_microstep: 45.14 | bwd_microstep: 46.14 | bwd_inner_microstep: 36.41 | bwd_allreduce_microstep: 9.70 | step_microstep: 78.82
[Rank 0] time (ms) | fwd: 45.13 | bwd: 46.14 | bwd_inner: 36.42 | bwd_allreduce: 9.70 | step: 78.83
[Rank 0] time (ms) | fwd_microstep: 45.43 | bwd_microstep: 46.16 | bwd_inner_microstep: 36.49 | bwd_allreduce_microstep: 9.64 | step_microstep: 77.57
[Rank 0] time (ms) | fwd: 45.43 | bwd: 46.16 | bwd_inner: 36.49 | bwd_allreduce: 9.64 | step: 77.58
[Rank 0] time (ms) | fwd_microstep: 45.34 | bwd_microstep: 46.21 | bwd_inner_microstep: 36.46 | bwd_allreduce_microstep: 9.71 | step_microstep: 78.67
[Rank 0] time (ms) | fwd: 45.33 | bwd: 46.21 | bwd_inner: 36.46 | bwd_allreduce: 9.71 | step: 78.68
[Rank 0] time (ms) | fwd_microstep: 45.54 | bwd_microstep: 46.22 | bwd_inner_microstep: 36.52 | bwd_allreduce_microstep: 9.68 | step_microstep: 77.68
[Rank 0] time (ms) | fwd: 45.54 | bwd: 46.22 | bwd_inner: 36.52 | bwd_allreduce: 9.68 | step: 77.70
[Rank 0] time (ms) | fwd_microstep: 45.96 | bwd_microstep: 46.12 | bwd_inner_microstep: 36.36 | bwd_allreduce_microstep: 9.73 | step_microstep: 78.53
