nid005197:36459:37028 [7] NCCL INFO Trees [0] 6/-1/-1->7->5 [1] 5/-1/-1->7->6 [2] 3/-1/-1->7->6 [3] 6/-1/-1->7->3 [4] 6/-1/-1->7->5 [5] 5/-1/-1->7->6 [6] 3/-1/-1->7->6 [7] 6/-1/-1->7->3 [8] 6/-1/-1->7->5 [9] 5/-1/-1->7->6 [10] 3/-1/-1->7->6 [11] 6/-1/-1->7->3 [12] 6/-1/-1->7->5 [13] 5/-1/-1->7->6 [14] 3/-1/-1->7->6 [15] 6/-1/-1->7->3 comm 0x20f56280 nRanks 08 busId de000
nid005197:36453:37026 [1] NCCL INFO comm 0x20f6dd00 rank 1 nRanks 8 nNodes 1 localRanks 8 localRank 1 MNNVL 0
nid005197:36458:37029 [6] NCCL INFO Trees [0] -1/-1/-1->6->7 [1] 7/-1/-1->6->-1 [2] 7/-1/-1->6->4 [3] 4/-1/-1->6->7 [4] -1/-1/-1->6->7 [5] 7/-1/-1->6->-1 [6] 7/-1/-1->6->4 [7] 4/-1/-1->6->7 [8] -1/-1/-1->6->7 [9] 7/-1/-1->6->-1 [10] 7/-1/-1->6->4 [11] 4/-1/-1->6->7 [12] -1/-1/-1->6->7 [13] 7/-1/-1->6->-1 [14] 7/-1/-1->6->4 [15] 4/-1/-1->6->7 comm 0x2100ddc0 nRanks 08 busId d9000
nid005197:36459:37028 [7] NCCL INFO P2P Chunksize set to 524288
nid005197:36454:37030 [2] NCCL INFO comm 0x20f73c30 rank 2 nRanks 8 nNodes 1 localRanks 8 localRank 2 MNNVL 0
nid005197:36458:37029 [6] NCCL INFO P2P Chunksize set to 524288
nid005197:36452:37024 [0] NCCL INFO Channel 00/16 :    0   1   3   2   4   5   7   6
nid005197:36456:37027 [4] NCCL INFO Trees [0] 5/-1/-1->4->2 [1] 2/-1/-1->4->5 [2] 6/-1/-1->4->5 [3] 5/-1/-1->4->6 [4] 5/-1/-1->4->2 [5] 2/-1/-1->4->5 [6] 6/-1/-1->4->5 [7] 5/-1/-1->4->6 [8] 5/-1/-1->4->2 [9] 2/-1/-1->4->5 [10] 6/-1/-1->4->5 [11] 5/-1/-1->4->6 [12] 5/-1/-1->4->2 [13] 2/-1/-1->4->5 [14] 6/-1/-1->4->5 [15] 5/-1/-1->4->6 comm 0x2102da10 nRanks 08 busId d1000
nid005197:36452:37024 [0] NCCL INFO Channel 01/16 :    0   6   7   5   4   2   3   1
nid005197:36455:37031 [3] NCCL INFO Trees [0] 2/-1/-1->3->1 [1] 1/-1/-1->3->2 [2] 2/-1/-1->3->7 [3] 7/-1/-1->3->2 [4] 2/-1/-1->3->1 [5] 1/-1/-1->3->2 [6] 2/-1/-1->3->7 [7] 7/-1/-1->3->2 [8] 2/-1/-1->3->1 [9] 1/-1/-1->3->2 [10] 2/-1/-1->3->7 [11] 7/-1/-1->3->2 [12] 2/-1/-1->3->1 [13] 1/-1/-1->3->2 [14] 2/-1/-1->3->7 [15] 7/-1/-1->3->2 comm 0x20f33d70 nRanks 08 busId ce000
nid005197:36456:37027 [4] NCCL INFO P2P Chunksize set to 524288
nid005197:36457:37025 [5] NCCL INFO Trees [0] 7/-1/-1->5->4 [1] 4/-1/-1->5->7 [2] 4/-1/-1->5->1 [3] 1/-1/-1->5->4 [4] 7/-1/-1->5->4 [5] 4/-1/-1->5->7 [6] 4/-1/-1->5->1 [7] 1/-1/-1->5->4 [8] 7/-1/-1->5->4 [9] 4/-1/-1->5->7 [10] 4/-1/-1->5->1 [11] 1/-1/-1->5->4 [12] 7/-1/-1->5->4 [13] 4/-1/-1->5->7 [14] 4/-1/-1->5->1 [15] 1/-1/-1->5->4 comm 0x20f6e720 nRanks 08 busId d6000
nid005197:36455:37031 [3] NCCL INFO P2P Chunksize set to 524288
nid005197:36452:37024 [0] NCCL INFO Channel 02/16 :    0   1   5   4   6   7   3   2
nid005197:36457:37025 [5] NCCL INFO P2P Chunksize set to 524288
nid005197:36452:37024 [0] NCCL INFO Channel 03/16 :    0   2   3   7   6   4   5   1
nid005197:36454:37030 [2] NCCL INFO Trees [0] 4/-1/-1->2->3 [1] 3/-1/-1->2->4 [2] -1/-1/-1->2->3 [3] 3/-1/-1->2->-1 [4] 4/-1/-1->2->3 [5] 3/-1/-1->2->4 [6] -1/-1/-1->2->3 [7] 3/-1/-1->2->-1 [8] 4/-1/-1->2->3 [9] 3/-1/-1->2->4 [10] -1/-1/-1->2->3 [11] 3/-1/-1->2->-1 [12] 4/-1/-1->2->3 [13] 3/-1/-1->2->4 [14] -1/-1/-1->2->3 [15] 3/-1/-1->2->-1 comm 0x20f73c30 nRanks 08 busId c9000
nid005197:36452:37024 [0] NCCL INFO Channel 04/16 :    0   1   3   2   4   5   7   6
nid005197:36453:37026 [1] NCCL INFO Trees [0] 3/-1/-1->1->0 [1] 0/-1/-1->1->3 [2] 5/-1/-1->1->0 [3] 0/-1/-1->1->5 [4] 3/-1/-1->1->0 [5] 0/-1/-1->1->3 [6] 5/-1/-1->1->0 [7] 0/-1/-1->1->5 [8] 3/-1/-1->1->0 [9] 0/-1/-1->1->3 [10] 5/-1/-1->1->0 [11] 0/-1/-1->1->5 [12] 3/-1/-1->1->0 [13] 0/-1/-1->1->3 [14] 5/-1/-1->1->0 [15] 0/-1/-1->1->5 comm 0x20f6dd00 nRanks 08 busId c6000
nid005197:36454:37030 [2] NCCL INFO P2P Chunksize set to 524288
nid005197:36453:37026 [1] NCCL INFO P2P Chunksize set to 524288
nid005197:36452:37024 [0] NCCL INFO Channel 05/16 :    0   6   7   5   4   2   3   1
nid005197:36452:37024 [0] NCCL INFO Channel 06/16 :    0   1   5   4   6   7   3   2
nid005197:36452:37024 [0] NCCL INFO Channel 07/16 :    0   2   3   7   6   4   5   1
nid005197:36452:37024 [0] NCCL INFO Channel 08/16 :    0   1   3   2   4   5   7   6
nid005197:36452:37024 [0] NCCL INFO Channel 09/16 :    0   6   7   5   4   2   3   1
nid005197:36452:37024 [0] NCCL INFO Channel 10/16 :    0   1   5   4   6   7   3   2
nid005197:36452:37024 [0] NCCL INFO Channel 11/16 :    0   2   3   7   6   4   5   1
nid005197:36452:37024 [0] NCCL INFO Channel 12/16 :    0   1   3   2   4   5   7   6
nid005197:36452:37024 [0] NCCL INFO Channel 13/16 :    0   6   7   5   4   2   3   1
nid005197:36452:37024 [0] NCCL INFO Channel 14/16 :    0   1   5   4   6   7   3   2
nid005197:36452:37024 [0] NCCL INFO Channel 15/16 :    0   2   3   7   6   4   5   1
nid005197:36452:37024 [0] NCCL INFO Trees [0] 1/-1/-1->0->-1 [1] -1/-1/-1->0->1 [2] 1/-1/-1->0->-1 [3] -1/-1/-1->0->1 [4] 1/-1/-1->0->-1 [5] -1/-1/-1->0->1 [6] 1/-1/-1->0->-1 [7] -1/-1/-1->0->1 [8] 1/-1/-1->0->-1 [9] -1/-1/-1->0->1 [10] 1/-1/-1->0->-1 [11] -1/-1/-1->0->1 [12] 1/-1/-1->0->-1 [13] -1/-1/-1->0->1 [14] 1/-1/-1->0->-1 [15] -1/-1/-1->0->1 comm 0x2100f540 nRanks 08 busId c1000
nid005197:36452:37024 [0] NCCL INFO P2P Chunksize set to 524288
nid005197:36456:37027 [4] NCCL INFO Channel 00/0 : 4[d1000] -> 5[d6000] via P2P/IPC comm 0x2102da10 nRanks 08
nid005197:36458:37029 [6] NCCL INFO Channel 01/0 : 6[d9000] -> 7[de000] via P2P/IPC comm 0x2100ddc0 nRanks 08
nid005197:36452:37024 [0] NCCL INFO Channel 00/0 : 0[c1000] -> 1[c6000] via P2P/IPC comm 0x2100f540 nRanks 08
nid005197:36454:37030 [2] NCCL INFO Channel 01/0 : 2[c9000] -> 3[ce000] via P2P/IPC comm 0x20f73c30 nRanks 08
nid005197:36456:37027 [4] NCCL INFO Channel 03/0 : 4[d1000] -> 5[d6000] via P2P/IPC comm 0x2102da10 nRanks 08
nid005197:36458:37029 [6] NCCL INFO Channel 02/0 : 6[d9000] -> 7[de000] via P2P/IPC comm 0x2100ddc0 nRanks 08
nid005197:36452:37024 [0] NCCL INFO Channel 02/0 : 0[c1000] -> 1[c6000] via P2P/IPC comm 0x2100f540 nRanks 08
nid005197:36454:37030 [2] NCCL INFO Channel 03/0 : 2[c9000] -> 3[ce000] via P2P/IPC comm 0x20f73c30 nRanks 08
nid005197:36456:37027 [4] NCCL INFO Channel 04/0 : 4[d1000] -> 5[d6000] via P2P/IPC comm 0x2102da10 nRanks 08
nid005197:36458:37029 [6] NCCL INFO Channel 05/0 : 6[d9000] -> 7[de000] via P2P/IPC comm 0x2100ddc0 nRanks 08
nid005197:36452:37024 [0] NCCL INFO Channel 04/0 : 0[c1000] -> 1[c6000] via P2P/IPC comm 0x2100f540 nRanks 08
nid005197:36454:37030 [2] NCCL INFO Channel 05/0 : 2[c9000] -> 3[ce000] via P2P/IPC comm 0x20f73c30 nRanks 08
nid005197:36456:37027 [4] NCCL INFO Channel 07/0 : 4[d1000] -> 5[d6000] via P2P/IPC comm 0x2102da10 nRanks 08
nid005197:36458:37029 [6] NCCL INFO Channel 06/0 : 6[d9000] -> 7[de000] via P2P/IPC comm 0x2100ddc0 nRanks 08
nid005197:36452:37024 [0] NCCL INFO Channel 06/0 : 0[c1000] -> 1[c6000] via P2P/IPC comm 0x2100f540 nRanks 08
nid005197:36454:37030 [2] NCCL INFO Channel 07/0 : 2[c9000] -> 3[ce000] via P2P/IPC comm 0x20f73c30 nRanks 08
nid005197:36456:37027 [4] NCCL INFO Channel 08/0 : 4[d1000] -> 5[d6000] via P2P/IPC comm 0x2102da10 nRanks 08
nid005197:36452:37024 [0] NCCL INFO Channel 08/0 : 0[c1000] -> 1[c6000] via P2P/IPC comm 0x2100f540 nRanks 08
nid005197:36458:37029 [6] NCCL INFO Channel 09/0 : 6[d9000] -> 7[de000] via P2P/IPC comm 0x2100ddc0 nRanks 08
nid005197:36454:37030 [2] NCCL INFO Channel 09/0 : 2[c9000] -> 3[ce000] via P2P/IPC comm 0x20f73c30 nRanks 08
nid005197:36456:37027 [4] NCCL INFO Channel 11/0 : 4[d1000] -> 5[d6000] via P2P/IPC comm 0x2102da10 nRanks 08
nid005197:36452:37024 [0] NCCL INFO Channel 10/0 : 0[c1000] -> 1[c6000] via P2P/IPC comm 0x2100f540 nRanks 08
nid005197:36458:37029 [6] NCCL INFO Channel 10/0 : 6[d9000] -> 7[de000] via P2P/IPC comm 0x2100ddc0 nRanks 08
nid005197:36454:37030 [2] NCCL INFO Channel 11/0 : 2[c9000] -> 3[ce000] via P2P/IPC comm 0x20f73c30 nRanks 08
nid005197:36456:37027 [4] NCCL INFO Channel 12/0 : 4[d1000] -> 5[d6000] via P2P/IPC comm 0x2102da10 nRanks 08
nid005197:36452:37024 [0] NCCL INFO Channel 12/0 : 0[c1000] -> 1[c6000] via P2P/IPC comm 0x2100f540 nRanks 08
nid005197:36458:37029 [6] NCCL INFO Channel 13/0 : 6[d9000] -> 7[de000] via P2P/IPC comm 0x2100ddc0 nRanks 08
nid005197:36454:37030 [2] NCCL INFO Channel 13/0 : 2[c9000] -> 3[ce000] via P2P/IPC comm 0x20f73c30 nRanks 08
nid005197:36456:37027 [4] NCCL INFO Channel 15/0 : 4[d1000] -> 5[d6000] via P2P/IPC comm 0x2102da10 nRanks 08
nid005197:36452:37024 [0] NCCL INFO Channel 14/0 : 0[c1000] -> 1[c6000] via P2P/IPC comm 0x2100f540 nRanks 08
nid005197:36458:37029 [6] NCCL INFO Channel 14/0 : 6[d9000] -> 7[de000] via P2P/IPC comm 0x2100ddc0 nRanks 08
nid005197:36454:37030 [2] NCCL INFO Channel 15/0 : 2[c9000] -> 3[ce000] via P2P/IPC comm 0x20f73c30 nRanks 08
nid005197:36453:37026 [1] NCCL INFO Channel 00/0 : 1[c6000] -> 3[ce000] via P2P/IPC comm 0x20f6dd00 nRanks 08
nid005197:36457:37025 [5] NCCL INFO Channel 00/0 : 5[d6000] -> 7[de000] via P2P/IPC comm 0x20f6e720 nRanks 08
nid005197:36453:37026 [1] NCCL INFO Channel 04/0 : 1[c6000] -> 3[ce000] via P2P/IPC comm 0x20f6dd00 nRanks 08
nid005197:36457:37025 [5] NCCL INFO Channel 04/0 : 5[d6000] -> 7[de000] via P2P/IPC comm 0x20f6e720 nRanks 08
nid005197:36453:37026 [1] NCCL INFO Channel 08/0 : 1[c6000] -> 3[ce000] via P2P/IPC comm 0x20f6dd00 nRanks 08
nid005197:36457:37025 [5] NCCL INFO Channel 08/0 : 5[d6000] -> 7[de000] via P2P/IPC comm 0x20f6e720 nRanks 08
nid005197:36453:37026 [1] NCCL INFO Channel 12/0 : 1[c6000] -> 3[ce000] via P2P/IPC comm 0x20f6dd00 nRanks 08
nid005197:36457:37025 [5] NCCL INFO Channel 12/0 : 5[d6000] -> 7[de000] via P2P/IPC comm 0x20f6e720 nRanks 08
nid005197:36452:37024 [0] NCCL INFO Channel 03/0 : 0[c1000] -> 2[c9000] via P2P/IPC comm 0x2100f540 nRanks 08
nid005197:36456:37027 [4] NCCL INFO Channel 02/0 : 4[d1000] -> 6[d9000] via P2P/IPC comm 0x2102da10 nRanks 08
nid005197:36458:37029 [6] NCCL INFO Channel 00/0 : 6[d9000] -> 0[c1000] via P2P/IPC comm 0x2100ddc0 nRanks 08
nid005197:36452:37024 [0] NCCL INFO Channel 07/0 : 0[c1000] -> 2[c9000] via P2P/IPC comm 0x2100f540 nRanks 08
nid005197:36456:37027 [4] NCCL INFO Channel 06/0 : 4[d1000] -> 6[d9000] via P2P/IPC comm 0x2102da10 nRanks 08
nid005197:36454:37030 [2] NCCL INFO Channel 00/0 : 2[c9000] -> 4[d1000] via P2P/IPC comm 0x20f73c30 nRanks 08
nid005197:36458:37029 [6] NCCL INFO Channel 04/0 : 6[d9000] -> 0[c1000] via P2P/IPC comm 0x2100ddc0 nRanks 08
nid005197:36452:37024 [0] NCCL INFO Channel 11/0 : 0[c1000] -> 2[c9000] via P2P/IPC comm 0x2100f540 nRanks 08
nid005197:36456:37027 [4] NCCL INFO Channel 10/0 : 4[d1000] -> 6[d9000] via P2P/IPC comm 0x2102da10 nRanks 08
nid005197:36454:37030 [2] NCCL INFO Channel 04/0 : 2[c9000] -> 4[d1000] via P2P/IPC comm 0x20f73c30 nRanks 08
nid005197:36458:37029 [6] NCCL INFO Channel 08/0 : 6[d9000] -> 0[c1000] via P2P/IPC comm 0x2100ddc0 nRanks 08
nid005197:36452:37024 [0] NCCL INFO Channel 15/0 : 0[c1000] -> 2[c9000] via P2P/IPC comm 0x2100f540 nRanks 08
nid005197:36456:37027 [4] NCCL INFO Channel 14/0 : 4[d1000] -> 6[d9000] via P2P/IPC comm 0x2102da10 nRanks 08
nid005197:36458:37029 [6] NCCL INFO Channel 12/0 : 6[d9000] -> 0[c1000] via P2P/IPC comm 0x2100ddc0 nRanks 08
nid005197:36454:37030 [2] NCCL INFO Channel 08/0 : 2[c9000] -> 4[d1000] via P2P/IPC comm 0x20f73c30 nRanks 08
nid005197:36457:37025 [5] NCCL INFO Channel 03/0 : 5[d6000] -> 1[c6000] via P2P/IPC comm 0x20f6e720 nRanks 08
nid005197:36459:37028 [7] NCCL INFO Channel 02/0 : 7[de000] -> 3[ce000] via P2P/IPC comm 0x20f56280 nRanks 08
nid005197:36454:37030 [2] NCCL INFO Channel 12/0 : 2[c9000] -> 4[d1000] via P2P/IPC comm 0x20f73c30 nRanks 08
nid005197:36453:37026 [1] NCCL INFO Channel 02/0 : 1[c6000] -> 5[d6000] via P2P/IPC comm 0x20f6dd00 nRanks 08
nid005197:36457:37025 [5] NCCL INFO Channel 07/0 : 5[d6000] -> 1[c6000] via P2P/IPC comm 0x20f6e720 nRanks 08
nid005197:36459:37028 [7] NCCL INFO Channel 06/0 : 7[de000] -> 3[ce000] via P2P/IPC comm 0x20f56280 nRanks 08
nid005197:36455:37031 [3] NCCL INFO Channel 03/0 : 3[ce000] -> 7[de000] via P2P/IPC comm 0x20f33d70 nRanks 08
nid005197:36453:37026 [1] NCCL INFO Channel 06/0 : 1[c6000] -> 5[d6000] via P2P/IPC comm 0x20f6dd00 nRanks 08
nid005197:36457:37025 [5] NCCL INFO Channel 11/0 : 5[d6000] -> 1[c6000] via P2P/IPC comm 0x20f6e720 nRanks 08
nid005197:36459:37028 [7] NCCL INFO Channel 10/0 : 7[de000] -> 3[ce000] via P2P/IPC comm 0x20f56280 nRanks 08
nid005197:36455:37031 [3] NCCL INFO Channel 07/0 : 3[ce000] -> 7[de000] via P2P/IPC comm 0x20f33d70 nRanks 08
nid005197:36453:37026 [1] NCCL INFO Channel 10/0 : 1[c6000] -> 5[d6000] via P2P/IPC comm 0x20f6dd00 nRanks 08
nid005197:36457:37025 [5] NCCL INFO Channel 15/0 : 5[d6000] -> 1[c6000] via P2P/IPC comm 0x20f6e720 nRanks 08
nid005197:36459:37028 [7] NCCL INFO Channel 14/0 : 7[de000] -> 3[ce000] via P2P/IPC comm 0x20f56280 nRanks 08
nid005197:36455:37031 [3] NCCL INFO Channel 11/0 : 3[ce000] -> 7[de000] via P2P/IPC comm 0x20f33d70 nRanks 08
nid005197:36453:37026 [1] NCCL INFO Channel 14/0 : 1[c6000] -> 5[d6000] via P2P/IPC comm 0x20f6dd00 nRanks 08
nid005197:36458:37029 [6] NCCL INFO Channel 03/0 : 6[d9000] -> 4[d1000] via P2P/IPC comm 0x2100ddc0 nRanks 08
nid005197:36455:37031 [3] NCCL INFO Channel 15/0 : 3[ce000] -> 7[de000] via P2P/IPC comm 0x20f33d70 nRanks 08
nid005197:36452:37024 [0] NCCL INFO Channel 01/0 : 0[c1000] -> 6[d9000] via P2P/IPC comm 0x2100f540 nRanks 08
nid005197:36458:37029 [6] NCCL INFO Channel 07/0 : 6[d9000] -> 4[d1000] via P2P/IPC comm 0x2100ddc0 nRanks 08
nid005197:36456:37027 [4] NCCL INFO Channel 01/0 : 4[d1000] -> 2[c9000] via P2P/IPC comm 0x2102da10 nRanks 08
nid005197:36454:37030 [2] NCCL INFO Channel 02/0 : 2[c9000] -> 0[c1000] via P2P/IPC comm 0x20f73c30 nRanks 08
nid005197:36459:37028 [7] NCCL INFO Channel 01/0 : 7[de000] -> 5[d6000] via P2P/IPC comm 0x20f56280 nRanks 08
nid005197:36455:37031 [3] NCCL INFO Channel 01/0 : 3[ce000] -> 1[c6000] via P2P/IPC comm 0x20f33d70 nRanks 08
nid005197:36452:37024 [0] NCCL INFO Channel 05/0 : 0[c1000] -> 6[d9000] via P2P/IPC comm 0x2100f540 nRanks 08
nid005197:36458:37029 [6] NCCL INFO Channel 11/0 : 6[d9000] -> 4[d1000] via P2P/IPC comm 0x2100ddc0 nRanks 08
nid005197:36456:37027 [4] NCCL INFO Channel 05/0 : 4[d1000] -> 2[c9000] via P2P/IPC comm 0x2102da10 nRanks 08
nid005197:36459:37028 [7] NCCL INFO Channel 05/0 : 7[de000] -> 5[d6000] via P2P/IPC comm 0x20f56280 nRanks 08
nid005197:36455:37031 [3] NCCL INFO Channel 05/0 : 3[ce000] -> 1[c6000] via P2P/IPC comm 0x20f33d70 nRanks 08
nid005197:36454:37030 [2] NCCL INFO Channel 06/0 : 2[c9000] -> 0[c1000] via P2P/IPC comm 0x20f73c30 nRanks 08
nid005197:36452:37024 [0] NCCL INFO Channel 09/0 : 0[c1000] -> 6[d9000] via P2P/IPC comm 0x2100f540 nRanks 08
nid005197:36458:37029 [6] NCCL INFO Channel 15/0 : 6[d9000] -> 4[d1000] via P2P/IPC comm 0x2100ddc0 nRanks 08
nid005197:36456:37027 [4] NCCL INFO Channel 09/0 : 4[d1000] -> 2[c9000] via P2P/IPC comm 0x2102da10 nRanks 08
nid005197:36459:37028 [7] NCCL INFO Channel 09/0 : 7[de000] -> 5[d6000] via P2P/IPC comm 0x20f56280 nRanks 08
nid005197:36455:37031 [3] NCCL INFO Channel 09/0 : 3[ce000] -> 1[c6000] via P2P/IPC comm 0x20f33d70 nRanks 08
nid005197:36452:37024 [0] NCCL INFO Channel 13/0 : 0[c1000] -> 6[d9000] via P2P/IPC comm 0x2100f540 nRanks 08
nid005197:36454:37030 [2] NCCL INFO Channel 10/0 : 2[c9000] -> 0[c1000] via P2P/IPC comm 0x20f73c30 nRanks 08
nid005197:36459:37028 [7] NCCL INFO Channel 13/0 : 7[de000] -> 5[d6000] via P2P/IPC comm 0x20f56280 nRanks 08
nid005197:36456:37027 [4] NCCL INFO Channel 13/0 : 4[d1000] -> 2[c9000] via P2P/IPC comm 0x2102da10 nRanks 08
nid005197:36455:37031 [3] NCCL INFO Channel 13/0 : 3[ce000] -> 1[c6000] via P2P/IPC comm 0x20f33d70 nRanks 08
nid005197:36454:37030 [2] NCCL INFO Channel 14/0 : 2[c9000] -> 0[c1000] via P2P/IPC comm 0x20f73c30 nRanks 08
nid005197:36457:37025 [5] NCCL INFO Channel 01/0 : 5[d6000] -> 4[d1000] via P2P/IPC comm 0x20f6e720 nRanks 08
nid005197:36459:37028 [7] NCCL INFO Channel 00/0 : 7[de000] -> 6[d9000] via P2P/IPC comm 0x20f56280 nRanks 08
nid005197:36453:37026 [1] NCCL INFO Channel 01/0 : 1[c6000] -> 0[c1000] via P2P/IPC comm 0x20f6dd00 nRanks 08
nid005197:36455:37031 [3] NCCL INFO Channel 00/0 : 3[ce000] -> 2[c9000] via P2P/IPC comm 0x20f33d70 nRanks 08
nid005197:36459:37028 [7] NCCL INFO Channel 03/0 : 7[de000] -> 6[d9000] via P2P/IPC comm 0x20f56280 nRanks 08
nid005197:36457:37025 [5] NCCL INFO Channel 02/0 : 5[d6000] -> 4[d1000] via P2P/IPC comm 0x20f6e720 nRanks 08
nid005197:36453:37026 [1] NCCL INFO Channel 03/0 : 1[c6000] -> 0[c1000] via P2P/IPC comm 0x20f6dd00 nRanks 08
nid005197:36455:37031 [3] NCCL INFO Channel 02/0 : 3[ce000] -> 2[c9000] via P2P/IPC comm 0x20f33d70 nRanks 08
nid005197:36459:37028 [7] NCCL INFO Channel 04/0 : 7[de000] -> 6[d9000] via P2P/IPC comm 0x20f56280 nRanks 08
nid005197:36457:37025 [5] NCCL INFO Channel 05/0 : 5[d6000] -> 4[d1000] via P2P/IPC comm 0x20f6e720 nRanks 08
nid005197:36453:37026 [1] NCCL INFO Channel 05/0 : 1[c6000] -> 0[c1000] via P2P/IPC comm 0x20f6dd00 nRanks 08
nid005197:36455:37031 [3] NCCL INFO Channel 04/0 : 3[ce000] -> 2[c9000] via P2P/IPC comm 0x20f33d70 nRanks 08
nid005197:36459:37028 [7] NCCL INFO Channel 07/0 : 7[de000] -> 6[d9000] via P2P/IPC comm 0x20f56280 nRanks 08
nid005197:36457:37025 [5] NCCL INFO Channel 06/0 : 5[d6000] -> 4[d1000] via P2P/IPC comm 0x20f6e720 nRanks 08
nid005197:36453:37026 [1] NCCL INFO Channel 07/0 : 1[c6000] -> 0[c1000] via P2P/IPC comm 0x20f6dd00 nRanks 08
nid005197:36455:37031 [3] NCCL INFO Channel 06/0 : 3[ce000] -> 2[c9000] via P2P/IPC comm 0x20f33d70 nRanks 08
nid005197:36459:37028 [7] NCCL INFO Channel 08/0 : 7[de000] -> 6[d9000] via P2P/IPC comm 0x20f56280 nRanks 08
nid005197:36457:37025 [5] NCCL INFO Channel 09/0 : 5[d6000] -> 4[d1000] via P2P/IPC comm 0x20f6e720 nRanks 08
nid005197:36453:37026 [1] NCCL INFO Channel 09/0 : 1[c6000] -> 0[c1000] via P2P/IPC comm 0x20f6dd00 nRanks 08
nid005197:36455:37031 [3] NCCL INFO Channel 08/0 : 3[ce000] -> 2[c9000] via P2P/IPC comm 0x20f33d70 nRanks 08
nid005197:36457:37025 [5] NCCL INFO Channel 10/0 : 5[d6000] -> 4[d1000] via P2P/IPC comm 0x20f6e720 nRanks 08
nid005197:36459:37028 [7] NCCL INFO Channel 11/0 : 7[de000] -> 6[d9000] via P2P/IPC comm 0x20f56280 nRanks 08
nid005197:36453:37026 [1] NCCL INFO Channel 11/0 : 1[c6000] -> 0[c1000] via P2P/IPC comm 0x20f6dd00 nRanks 08
nid005197:36455:37031 [3] NCCL INFO Channel 10/0 : 3[ce000] -> 2[c9000] via P2P/IPC comm 0x20f33d70 nRanks 08
nid005197:36457:37025 [5] NCCL INFO Channel 13/0 : 5[d6000] -> 4[d1000] via P2P/IPC comm 0x20f6e720 nRanks 08
nid005197:36459:37028 [7] NCCL INFO Channel 12/0 : 7[de000] -> 6[d9000] via P2P/IPC comm 0x20f56280 nRanks 08
nid005197:36453:37026 [1] NCCL INFO Channel 13/0 : 1[c6000] -> 0[c1000] via P2P/IPC comm 0x20f6dd00 nRanks 08
nid005197:36455:37031 [3] NCCL INFO Channel 12/0 : 3[ce000] -> 2[c9000] via P2P/IPC comm 0x20f33d70 nRanks 08
nid005197:36457:37025 [5] NCCL INFO Channel 14/0 : 5[d6000] -> 4[d1000] via P2P/IPC comm 0x20f6e720 nRanks 08
nid005197:36459:37028 [7] NCCL INFO Channel 15/0 : 7[de000] -> 6[d9000] via P2P/IPC comm 0x20f56280 nRanks 08
nid005197:36453:37026 [1] NCCL INFO Channel 15/0 : 1[c6000] -> 0[c1000] via P2P/IPC comm 0x20f6dd00 nRanks 08
nid005197:36455:37031 [3] NCCL INFO Channel 14/0 : 3[ce000] -> 2[c9000] via P2P/IPC comm 0x20f33d70 nRanks 08
nid005197:36459:37028 [7] NCCL INFO Connected all rings
nid005197:36458:37029 [6] NCCL INFO Connected all rings
nid005197:36458:37029 [6] NCCL INFO Channel 00/0 : 6[d9000] -> 7[de000] via P2P/IPC comm 0x2100ddc0 nRanks 08
nid005197:36453:37026 [1] NCCL INFO Connected all rings
nid005197:36452:37024 [0] NCCL INFO Connected all rings
nid005197:36457:37025 [5] NCCL INFO Connected all rings
nid005197:36455:37031 [3] NCCL INFO Connected all rings
nid005197:36456:37027 [4] NCCL INFO Connected all rings
nid005197:36452:37024 [0] NCCL INFO Channel 01/0 : 0[c1000] -> 1[c6000] via P2P/IPC comm 0x2100f540 nRanks 08
nid005197:36456:37027 [4] NCCL INFO Channel 01/0 : 4[d1000] -> 5[d6000] via P2P/IPC comm 0x2102da10 nRanks 08
nid005197:36454:37030 [2] NCCL INFO Connected all rings
nid005197:36454:37030 [2] NCCL INFO Channel 00/0 : 2[c9000] -> 3[ce000] via P2P/IPC comm 0x20f73c30 nRanks 08
nid005197:36456:37027 [4] NCCL INFO Channel 02/0 : 4[d1000] -> 5[d6000] via P2P/IPC comm 0x2102da10 nRanks 08
nid005197:36452:37024 [0] NCCL INFO Channel 03/0 : 0[c1000] -> 1[c6000] via P2P/IPC comm 0x2100f540 nRanks 08
nid005197:36458:37029 [6] NCCL INFO Channel 03/0 : 6[d9000] -> 7[de000] via P2P/IPC comm 0x2100ddc0 nRanks 08
nid005197:36454:37030 [2] NCCL INFO Channel 02/0 : 2[c9000] -> 3[ce000] via P2P/IPC comm 0x20f73c30 nRanks 08
nid005197:36452:37024 [0] NCCL INFO Channel 05/0 : 0[c1000] -> 1[c6000] via P2P/IPC comm 0x2100f540 nRanks 08
nid005197:36456:37027 [4] NCCL INFO Channel 05/0 : 4[d1000] -> 5[d6000] via P2P/IPC comm 0x2102da10 nRanks 08
nid005197:36458:37029 [6] NCCL INFO Channel 04/0 : 6[d9000] -> 7[de000] via P2P/IPC comm 0x2100ddc0 nRanks 08
nid005197:36454:37030 [2] NCCL INFO Channel 04/0 : 2[c9000] -> 3[ce000] via P2P/IPC comm 0x20f73c30 nRanks 08
nid005197:36452:37024 [0] NCCL INFO Channel 07/0 : 0[c1000] -> 1[c6000] via P2P/IPC comm 0x2100f540 nRanks 08
nid005197:36456:37027 [4] NCCL INFO Channel 06/0 : 4[d1000] -> 5[d6000] via P2P/IPC comm 0x2102da10 nRanks 08
nid005197:36458:37029 [6] NCCL INFO Channel 07/0 : 6[d9000] -> 7[de000] via P2P/IPC comm 0x2100ddc0 nRanks 08
nid005197:36452:37024 [0] NCCL INFO Channel 09/0 : 0[c1000] -> 1[c6000] via P2P/IPC comm 0x2100f540 nRanks 08
nid005197:36456:37027 [4] NCCL INFO Channel 09/0 : 4[d1000] -> 5[d6000] via P2P/IPC comm 0x2102da10 nRanks 08
nid005197:36458:37029 [6] NCCL INFO Channel 08/0 : 6[d9000] -> 7[de000] via P2P/IPC comm 0x2100ddc0 nRanks 08
nid005197:36454:37030 [2] NCCL INFO Channel 06/0 : 2[c9000] -> 3[ce000] via P2P/IPC comm 0x20f73c30 nRanks 08
nid005197:36452:37024 [0] NCCL INFO Channel 11/0 : 0[c1000] -> 1[c6000] via P2P/IPC comm 0x2100f540 nRanks 08
nid005197:36456:37027 [4] NCCL INFO Channel 10/0 : 4[d1000] -> 5[d6000] via P2P/IPC comm 0x2102da10 nRanks 08
nid005197:36458:37029 [6] NCCL INFO Channel 11/0 : 6[d9000] -> 7[de000] via P2P/IPC comm 0x2100ddc0 nRanks 08
nid005197:36454:37030 [2] NCCL INFO Channel 08/0 : 2[c9000] -> 3[ce000] via P2P/IPC comm 0x20f73c30 nRanks 08
nid005197:36452:37024 [0] NCCL INFO Channel 13/0 : 0[c1000] -> 1[c6000] via P2P/IPC comm 0x2100f540 nRanks 08
nid005197:36456:37027 [4] NCCL INFO Channel 13/0 : 4[d1000] -> 5[d6000] via P2P/IPC comm 0x2102da10 nRanks 08
nid005197:36458:37029 [6] NCCL INFO Channel 12/0 : 6[d9000] -> 7[de000] via P2P/IPC comm 0x2100ddc0 nRanks 08
nid005197:36452:37024 [0] NCCL INFO Channel 15/0 : 0[c1000] -> 1[c6000] via P2P/IPC comm 0x2100f540 nRanks 08
nid005197:36456:37027 [4] NCCL INFO Channel 14/0 : 4[d1000] -> 5[d6000] via P2P/IPC comm 0x2102da10 nRanks 08
nid005197:36454:37030 [2] NCCL INFO Channel 10/0 : 2[c9000] -> 3[ce000] via P2P/IPC comm 0x20f73c30 nRanks 08
nid005197:36458:37029 [6] NCCL INFO Channel 15/0 : 6[d9000] -> 7[de000] via P2P/IPC comm 0x2100ddc0 nRanks 08
nid005197:36453:37026 [1] NCCL INFO Channel 01/0 : 1[c6000] -> 3[ce000] via P2P/IPC comm 0x20f6dd00 nRanks 08
nid005197:36457:37025 [5] NCCL INFO Channel 01/0 : 5[d6000] -> 7[de000] via P2P/IPC comm 0x20f6e720 nRanks 08
nid005197:36454:37030 [2] NCCL INFO Channel 12/0 : 2[c9000] -> 3[ce000] via P2P/IPC comm 0x20f73c30 nRanks 08
nid005197:36453:37026 [1] NCCL INFO Channel 05/0 : 1[c6000] -> 3[ce000] via P2P/IPC comm 0x20f6dd00 nRanks 08
nid005197:36457:37025 [5] NCCL INFO Channel 05/0 : 5[d6000] -> 7[de000] via P2P/IPC comm 0x20f6e720 nRanks 08
nid005197:36453:37026 [1] NCCL INFO Channel 09/0 : 1[c6000] -> 3[ce000] via P2P/IPC comm 0x20f6dd00 nRanks 08
nid005197:36454:37030 [2] NCCL INFO Channel 14/0 : 2[c9000] -> 3[ce000] via P2P/IPC comm 0x20f73c30 nRanks 08
nid005197:36457:37025 [5] NCCL INFO Channel 09/0 : 5[d6000] -> 7[de000] via P2P/IPC comm 0x20f6e720 nRanks 08
nid005197:36453:37026 [1] NCCL INFO Channel 13/0 : 1[c6000] -> 3[ce000] via P2P/IPC comm 0x20f6dd00 nRanks 08
nid005197:36454:37030 [2] NCCL INFO Channel 01/0 : 2[c9000] -> 4[d1000] via P2P/IPC comm 0x20f73c30 nRanks 08
nid005197:36457:37025 [5] NCCL INFO Channel 13/0 : 5[d6000] -> 7[de000] via P2P/IPC comm 0x20f6e720 nRanks 08
nid005197:36456:37027 [4] NCCL INFO Channel 03/0 : 4[d1000] -> 6[d9000] via P2P/IPC comm 0x2102da10 nRanks 08
nid005197:36454:37030 [2] NCCL INFO Channel 05/0 : 2[c9000] -> 4[d1000] via P2P/IPC comm 0x20f73c30 nRanks 08
nid005197:36456:37027 [4] NCCL INFO Channel 07/0 : 4[d1000] -> 6[d9000] via P2P/IPC comm 0x2102da10 nRanks 08
nid005197:36454:37030 [2] NCCL INFO Channel 09/0 : 2[c9000] -> 4[d1000] via P2P/IPC comm 0x20f73c30 nRanks 08
nid005197:36456:37027 [4] NCCL INFO Channel 11/0 : 4[d1000] -> 6[d9000] via P2P/IPC comm 0x2102da10 nRanks 08
nid005197:36454:37030 [2] NCCL INFO Channel 13/0 : 2[c9000] -> 4[d1000] via P2P/IPC comm 0x20f73c30 nRanks 08
nid005197:36456:37027 [4] NCCL INFO Channel 15/0 : 4[d1000] -> 6[d9000] via P2P/IPC comm 0x2102da10 nRanks 08
nid005197:36459:37028 [7] NCCL INFO Channel 03/0 : 7[de000] -> 3[ce000] via P2P/IPC comm 0x20f56280 nRanks 08
nid005197:36458:37029 [6] NCCL INFO Channel 02/0 : 6[d9000] -> 4[d1000] via P2P/IPC comm 0x2100ddc0 nRanks 08
nid005197:36457:37025 [5] NCCL INFO Channel 02/0 : 5[d6000] -> 1[c6000] via P2P/IPC comm 0x20f6e720 nRanks 08
nid005197:36459:37028 [7] NCCL INFO Channel 07/0 : 7[de000] -> 3[ce000] via P2P/IPC comm 0x20f56280 nRanks 08
nid005197:36457:37025 [5] NCCL INFO Channel 06/0 : 5[d6000] -> 1[c6000] via P2P/IPC comm 0x20f6e720 nRanks 08
nid005197:36458:37029 [6] NCCL INFO Channel 06/0 : 6[d9000] -> 4[d1000] via P2P/IPC comm 0x2100ddc0 nRanks 08
nid005197:36459:37028 [7] NCCL INFO Channel 11/0 : 7[de000] -> 3[ce000] via P2P/IPC comm 0x20f56280 nRanks 08
nid005197:36457:37025 [5] NCCL INFO Channel 10/0 : 5[d6000] -> 1[c6000] via P2P/IPC comm 0x20f6e720 nRanks 08
nid005197:36458:37029 [6] NCCL INFO Channel 10/0 : 6[d9000] -> 4[d1000] via P2P/IPC comm 0x2100ddc0 nRanks 08
nid005197:36459:37028 [7] NCCL INFO Channel 15/0 : 7[de000] -> 3[ce000] via P2P/IPC comm 0x20f56280 nRanks 08
nid005197:36453:37026 [1] NCCL INFO Channel 03/0 : 1[c6000] -> 5[d6000] via P2P/IPC comm 0x20f6dd00 nRanks 08
nid005197:36455:37031 [3] NCCL INFO Channel 02/0 : 3[ce000] -> 7[de000] via P2P/IPC comm 0x20f33d70 nRanks 08
nid005197:36458:37029 [6] NCCL INFO Channel 14/0 : 6[d9000] -> 4[d1000] via P2P/IPC comm 0x2100ddc0 nRanks 08
nid005197:36457:37025 [5] NCCL INFO Channel 14/0 : 5[d6000] -> 1[c6000] via P2P/IPC comm 0x20f6e720 nRanks 08
nid005197:36453:37026 [1] NCCL INFO Channel 07/0 : 1[c6000] -> 5[d6000] via P2P/IPC comm 0x20f6dd00 nRanks 08
nid005197:36456:37027 [4] NCCL INFO Channel 00/0 : 4[d1000] -> 2[c9000] via P2P/IPC comm 0x2102da10 nRanks 08
nid005197:36455:37031 [3] NCCL INFO Channel 06/0 : 3[ce000] -> 7[de000] via P2P/IPC comm 0x20f33d70 nRanks 08
nid005197:36456:37027 [4] NCCL INFO Channel 04/0 : 4[d1000] -> 2[c9000] via P2P/IPC comm 0x2102da10 nRanks 08
nid005197:36453:37026 [1] NCCL INFO Channel 11/0 : 1[c6000] -> 5[d6000] via P2P/IPC comm 0x20f6dd00 nRanks 08
nid005197:36455:37031 [3] NCCL INFO Channel 10/0 : 3[ce000] -> 7[de000] via P2P/IPC comm 0x20f33d70 nRanks 08
nid005197:36456:37027 [4] NCCL INFO Channel 08/0 : 4[d1000] -> 2[c9000] via P2P/IPC comm 0x2102da10 nRanks 08
nid005197:36453:37026 [1] NCCL INFO Channel 15/0 : 1[c6000] -> 5[d6000] via P2P/IPC comm 0x20f6dd00 nRanks 08
nid005197:36455:37031 [3] NCCL INFO Channel 14/0 : 3[ce000] -> 7[de000] via P2P/IPC comm 0x20f33d70 nRanks 08
nid005197:36456:37027 [4] NCCL INFO Channel 12/0 : 4[d1000] -> 2[c9000] via P2P/IPC comm 0x2102da10 nRanks 08
nid005197:36459:37028 [7] NCCL INFO Channel 00/0 : 7[de000] -> 5[d6000] via P2P/IPC comm 0x20f56280 nRanks 08
nid005197:36455:37031 [3] NCCL INFO Channel 00/0 : 3[ce000] -> 1[c6000] via P2P/IPC comm 0x20f33d70 nRanks 08
nid005197:36455:37031 [3] NCCL INFO Channel 04/0 : 3[ce000] -> 1[c6000] via P2P/IPC comm 0x20f33d70 nRanks 08
nid005197:36459:37028 [7] NCCL INFO Channel 04/0 : 7[de000] -> 5[d6000] via P2P/IPC comm 0x20f56280 nRanks 08
nid005197:36459:37028 [7] NCCL INFO Channel 08/0 : 7[de000] -> 5[d6000] via P2P/IPC comm 0x20f56280 nRanks 08
nid005197:36455:37031 [3] NCCL INFO Channel 08/0 : 3[ce000] -> 1[c6000] via P2P/IPC comm 0x20f33d70 nRanks 08
nid005197:36459:37028 [7] NCCL INFO Channel 12/0 : 7[de000] -> 5[d6000] via P2P/IPC comm 0x20f56280 nRanks 08
nid005197:36455:37031 [3] NCCL INFO Channel 12/0 : 3[ce000] -> 1[c6000] via P2P/IPC comm 0x20f33d70 nRanks 08
nid005197:36457:37025 [5] NCCL INFO Channel 00/0 : 5[d6000] -> 4[d1000] via P2P/IPC comm 0x20f6e720 nRanks 08
nid005197:36459:37028 [7] NCCL INFO Channel 01/0 : 7[de000] -> 6[d9000] via P2P/IPC comm 0x20f56280 nRanks 08
nid005197:36453:37026 [1] NCCL INFO Channel 00/0 : 1[c6000] -> 0[c1000] via P2P/IPC comm 0x20f6dd00 nRanks 08
nid005197:36455:37031 [3] NCCL INFO Channel 01/0 : 3[ce000] -> 2[c9000] via P2P/IPC comm 0x20f33d70 nRanks 08
nid005197:36457:37025 [5] NCCL INFO Channel 03/0 : 5[d6000] -> 4[d1000] via P2P/IPC comm 0x20f6e720 nRanks 08
nid005197:36459:37028 [7] NCCL INFO Channel 02/0 : 7[de000] -> 6[d9000] via P2P/IPC comm 0x20f56280 nRanks 08
nid005197:36453:37026 [1] NCCL INFO Channel 02/0 : 1[c6000] -> 0[c1000] via P2P/IPC comm 0x20f6dd00 nRanks 08
nid005197:36455:37031 [3] NCCL INFO Channel 03/0 : 3[ce000] -> 2[c9000] via P2P/IPC comm 0x20f33d70 nRanks 08
nid005197:36457:37025 [5] NCCL INFO Channel 04/0 : 5[d6000] -> 4[d1000] via P2P/IPC comm 0x20f6e720 nRanks 08
nid005197:36459:37028 [7] NCCL INFO Channel 05/0 : 7[de000] -> 6[d9000] via P2P/IPC comm 0x20f56280 nRanks 08
nid005197:36453:37026 [1] NCCL INFO Channel 04/0 : 1[c6000] -> 0[c1000] via P2P/IPC comm 0x20f6dd00 nRanks 08
nid005197:36455:37031 [3] NCCL INFO Channel 05/0 : 3[ce000] -> 2[c9000] via P2P/IPC comm 0x20f33d70 nRanks 08
nid005197:36457:37025 [5] NCCL INFO Channel 07/0 : 5[d6000] -> 4[d1000] via P2P/IPC comm 0x20f6e720 nRanks 08
nid005197:36459:37028 [7] NCCL INFO Channel 06/0 : 7[de000] -> 6[d9000] via P2P/IPC comm 0x20f56280 nRanks 08
nid005197:36453:37026 [1] NCCL INFO Channel 06/0 : 1[c6000] -> 0[c1000] via P2P/IPC comm 0x20f6dd00 nRanks 08
nid005197:36455:37031 [3] NCCL INFO Channel 07/0 : 3[ce000] -> 2[c9000] via P2P/IPC comm 0x20f33d70 nRanks 08
nid005197:36457:37025 [5] NCCL INFO Channel 08/0 : 5[d6000] -> 4[d1000] via P2P/IPC comm 0x20f6e720 nRanks 08
nid005197:36453:37026 [1] NCCL INFO Channel 08/0 : 1[c6000] -> 0[c1000] via P2P/IPC comm 0x20f6dd00 nRanks 08
nid005197:36459:37028 [7] NCCL INFO Channel 09/0 : 7[de000] -> 6[d9000] via P2P/IPC comm 0x20f56280 nRanks 08
nid005197:36455:37031 [3] NCCL INFO Channel 09/0 : 3[ce000] -> 2[c9000] via P2P/IPC comm 0x20f33d70 nRanks 08
nid005197:36457:37025 [5] NCCL INFO Channel 11/0 : 5[d6000] -> 4[d1000] via P2P/IPC comm 0x20f6e720 nRanks 08
nid005197:36455:37031 [3] NCCL INFO Channel 11/0 : 3[ce000] -> 2[c9000] via P2P/IPC comm 0x20f33d70 nRanks 08
nid005197:36453:37026 [1] NCCL INFO Channel 10/0 : 1[c6000] -> 0[c1000] via P2P/IPC comm 0x20f6dd00 nRanks 08
nid005197:36459:37028 [7] NCCL INFO Channel 10/0 : 7[de000] -> 6[d9000] via P2P/IPC comm 0x20f56280 nRanks 08
nid005197:36457:37025 [5] NCCL INFO Channel 12/0 : 5[d6000] -> 4[d1000] via P2P/IPC comm 0x20f6e720 nRanks 08
nid005197:36455:37031 [3] NCCL INFO Channel 13/0 : 3[ce000] -> 2[c9000] via P2P/IPC comm 0x20f33d70 nRanks 08
nid005197:36453:37026 [1] NCCL INFO Channel 12/0 : 1[c6000] -> 0[c1000] via P2P/IPC comm 0x20f6dd00 nRanks 08
nid005197:36459:37028 [7] NCCL INFO Channel 13/0 : 7[de000] -> 6[d9000] via P2P/IPC comm 0x20f56280 nRanks 08
nid005197:36457:37025 [5] NCCL INFO Channel 15/0 : 5[d6000] -> 4[d1000] via P2P/IPC comm 0x20f6e720 nRanks 08
nid005197:36455:37031 [3] NCCL INFO Channel 15/0 : 3[ce000] -> 2[c9000] via P2P/IPC comm 0x20f33d70 nRanks 08
nid005197:36453:37026 [1] NCCL INFO Channel 14/0 : 1[c6000] -> 0[c1000] via P2P/IPC comm 0x20f6dd00 nRanks 08
nid005197:36459:37028 [7] NCCL INFO Channel 14/0 : 7[de000] -> 6[d9000] via P2P/IPC comm 0x20f56280 nRanks 08
nid005197:36452:37024 [0] NCCL INFO Connected all trees
nid005197:36453:37026 [1] NCCL INFO Connected all trees
nid005197:36458:37029 [6] NCCL INFO Connected all trees
nid005197:36454:37030 [2] NCCL INFO Connected all trees
nid005197:36459:37028 [7] NCCL INFO Connected all trees
nid005197:36455:37031 [3] NCCL INFO Connected all trees
nid005197:36457:37025 [5] NCCL INFO Connected all trees
nid005197:36456:37027 [4] NCCL INFO Connected all trees
nid005197:36453:37026 [1] NCCL INFO threadThresholds 8/8/64 | 64/8/64 | 256 | 256
nid005197:36453:37026 [1] NCCL INFO 16 coll channels, 16 collnet channels, 0 nvls channels, 16 p2p channels, 2 p2p channels per peer
nid005197:36455:37031 [3] NCCL INFO threadThresholds 8/8/64 | 64/8/64 | 256 | 256
nid005197:36455:37031 [3] NCCL INFO 16 coll channels, 16 collnet channels, 0 nvls channels, 16 p2p channels, 2 p2p channels per peer
nid005197:36456:37027 [4] NCCL INFO threadThresholds 8/8/64 | 64/8/64 | 256 | 256
nid005197:36456:37027 [4] NCCL INFO 16 coll channels, 16 collnet channels, 0 nvls channels, 16 p2p channels, 2 p2p channels per peer
nid005197:36457:37025 [5] NCCL INFO threadThresholds 8/8/64 | 64/8/64 | 256 | 256
nid005197:36457:37025 [5] NCCL INFO 16 coll channels, 16 collnet channels, 0 nvls channels, 16 p2p channels, 2 p2p channels per peer
nid005197:36454:37030 [2] NCCL INFO threadThresholds 8/8/64 | 64/8/64 | 256 | 256
nid005197:36454:37030 [2] NCCL INFO 16 coll channels, 16 collnet channels, 0 nvls channels, 16 p2p channels, 2 p2p channels per peer
nid005197:36459:37028 [7] NCCL INFO threadThresholds 8/8/64 | 64/8/64 | 256 | 256
nid005197:36459:37028 [7] NCCL INFO 16 coll channels, 16 collnet channels, 0 nvls channels, 16 p2p channels, 2 p2p channels per peer
nid005197:36458:37029 [6] NCCL INFO threadThresholds 8/8/64 | 64/8/64 | 256 | 256
nid005197:36458:37029 [6] NCCL INFO 16 coll channels, 16 collnet channels, 0 nvls channels, 16 p2p channels, 2 p2p channels per peer
nid005197:36452:37024 [0] NCCL INFO threadThresholds 8/8/64 | 64/8/64 | 256 | 256
nid005197:36452:37024 [0] NCCL INFO 16 coll channels, 16 collnet channels, 0 nvls channels, 16 p2p channels, 2 p2p channels per peer
nid005197:36452:37024 [0] NCCL INFO CC Off, Multi-GPU CC Off, workFifoBytes 1048576
nid005197:36453:37026 [1] NCCL INFO ncclCommInitRank comm 0x20f6dd00 rank 1 nranks 8 cudaDev 1 nvmlDev 1 busId c6000 commId 0xcd88e0f651b43f2c localSize 272 used 1529449088 bytes on core 49 - Init COMPLETE
nid005197:36453:37026 [1] NCCL INFO Init timings: rank 1 nranks 8 total 1.27 (kernels 0.00, bootstrap 0.03, allgathers 0.00, topo 0.97, graphs 0.01, connections 0.25, rest 0.00)
nid005197:36459:37028 [7] NCCL INFO ncclCommInitRank comm 0x20f56280 rank 7 nranks 8 cudaDev 7 nvmlDev 7 busId de000 commId 0xcd88e0f651b43f2c localSize 272 used 1529449088 bytes on core 35 - Init COMPLETE
nid005197:36457:37025 [5] NCCL INFO ncclCommInitRank comm 0x20f6e720 rank 5 nranks 8 cudaDev 5 nvmlDev 5 busId d6000 commId 0xcd88e0f651b43f2c localSize 272 used 1529449088 bytes on core 7 - Init COMPLETE
nid005197:36459:37028 [7] NCCL INFO Init timings: rank 7 nranks 8 total 1.27 (kernels 0.00, bootstrap 0.03, allgathers 0.02, topo 0.96, graphs 0.01, connections 0.25, rest 0.00)
nid005197:36457:37025 [5] NCCL INFO Init timings: rank 5 nranks 8 total 1.27 (kernels 0.00, bootstrap 0.03, allgathers 0.06, topo 0.91, graphs 0.01, connections 0.25, rest 0.00)
nid005197:36458:37029 [6] NCCL INFO ncclCommInitRank comm 0x2100ddc0 rank 6 nranks 8 cudaDev 6 nvmlDev 6 busId d9000 commId 0xcd88e0f651b43f2c localSize 272 used 1428785792 bytes on core 33 - Init COMPLETE
nid005197:36456:37027 [4] NCCL INFO ncclCommInitRank comm 0x2102da10 rank 4 nranks 8 cudaDev 4 nvmlDev 4 busId d1000 commId 0xcd88e0f651b43f2c localSize 272 used 1529449088 bytes on core 1 - Init COMPLETE
nid005197:36458:37029 [6] NCCL INFO Init timings: rank 6 nranks 8 total 1.27 (kernels 0.00, bootstrap 0.03, allgathers 0.04, topo 0.94, graphs 0.01, connections 0.25, rest 0.00)
nid005197:36456:37027 [4] NCCL INFO Init timings: rank 4 nranks 8 total 1.27 (kernels 0.00, bootstrap 0.03, allgathers 0.09, topo 0.89, graphs 0.01, connections 0.25, rest 0.00)
nid005197:36455:37031 [3] NCCL INFO ncclCommInitRank comm 0x20f33d70 rank 3 nranks 8 cudaDev 3 nvmlDev 3 busId ce000 commId 0xcd88e0f651b43f2c localSize 272 used 1529449088 bytes on core 29 - Init COMPLETE
nid005197:36452:37024 [0] NCCL INFO ncclCommInitRank comm 0x2100f540 rank 0 nranks 8 cudaDev 0 nvmlDev 0 busId c1000 commId 0xcd88e0f651b43f2c localSize 272 used 1328122496 bytes on core 54 - Init COMPLETE
nid005197:36454:37030 [2] NCCL INFO ncclCommInitRank comm 0x20f73c30 rank 2 nranks 8 cudaDev 2 nvmlDev 2 busId c9000 commId 0xcd88e0f651b43f2c localSize 272 used 1428785792 bytes on core 17 - Init COMPLETE
nid005197:36452:37024 [0] NCCL INFO Init timings: rank 0 nranks 8 total 1.30 (kernels 0.00, bootstrap 0.07, allgathers 0.01, topo 0.97, graphs 0.01, connections 0.25, rest 0.00)
nid005197:36455:37031 [3] NCCL INFO Init timings: rank 3 nranks 8 total 1.27 (kernels 0.00, bootstrap 0.03, allgathers 0.09, topo 0.89, graphs 0.01, connections 0.25, rest 0.00)
nid005197:36454:37030 [2] NCCL INFO Init timings: rank 2 nranks 8 total 1.27 (kernels 0.00, bootstrap 0.03, allgathers 0.09, topo 0.88, graphs 0.01, connections 0.25, rest 0.00)
[Rank 0] time (ms) | fwd_microstep: 44.25 | bwd_microstep: 45.76 | bwd_inner_microstep: 36.12 | bwd_allreduce_microstep: 9.61 | step_microstep: 81.05
[Rank 0] time (ms) | fwd: 44.23 | bwd: 45.76 | bwd_inner: 36.12 | bwd_allreduce: 9.61 | step: 81.05
[Rank 0] time (ms) | fwd_microstep: 43.82 | bwd_microstep: 45.72 | bwd_inner_microstep: 36.05 | bwd_allreduce_microstep: 9.64 | step_microstep: 81.04
[Rank 0] time (ms) | fwd: 43.81 | bwd: 45.72 | bwd_inner: 36.05 | bwd_allreduce: 9.64 | step: 81.04
[Rank 0] time (ms) | fwd_microstep: 43.59 | bwd_microstep: 45.66 | bwd_inner_microstep: 36.02 | bwd_allreduce_microstep: 9.61 | step_microstep: 81.15
[Rank 0] time (ms) | fwd: 43.58 | bwd: 45.66 | bwd_inner: 36.02 | bwd_allreduce: 9.61 | step: 81.16
[Rank 0] time (ms) | fwd_microstep: 43.69 | bwd_microstep: 45.75 | bwd_inner_microstep: 36.06 | bwd_allreduce_microstep: 9.65 | step_microstep: 80.92
[Rank 0] time (ms) | fwd: 43.68 | bwd: 45.75 | bwd_inner: 36.06 | bwd_allreduce: 9.65 | step: 80.93
[Rank 0] time (ms) | fwd_microstep: 44.16 | bwd_microstep: 45.68 | bwd_inner_microstep: 36.03 | bwd_allreduce_microstep: 9.62 | step_microstep: 81.42
[Rank 0] time (ms) | fwd: 44.15 | bwd: 45.68 | bwd_inner: 36.03 | bwd_allreduce: 9.62 | step: 81.43
[Rank 0] time (ms) | fwd_microstep: 44.06 | bwd_microstep: 45.75 | bwd_inner_microstep: 36.06 | bwd_allreduce_microstep: 9.66 | step_microstep: 80.53
[Rank 0] time (ms) | fwd: 44.05 | bwd: 45.75 | bwd_inner: 36.06 | bwd_allreduce: 9.66 | step: 80.54
[Rank 0] time (ms) | fwd_microstep: 44.88 | bwd_microstep: 45.71 | bwd_inner_microstep: 36.07 | bwd_allreduce_microstep: 9.60 | step_microstep: 81.27
[Rank 0] time (ms) | fwd: 44.86 | bwd: 45.71 | bwd_inner: 36.07 | bwd_allreduce: 9.60 | step: 81.28
[Rank 0] time (ms) | fwd_microstep: 44.89 | bwd_microstep: 45.82 | bwd_inner_microstep: 36.15 | bwd_allreduce_microstep: 9.63 | step_microstep: 80.76
[Rank 0] time (ms) | fwd: 44.88 | bwd: 45.82 | bwd_inner: 36.15 | bwd_allreduce: 9.63 | step: 80.76
[Rank 0] time (ms) | fwd_microstep: 45.36 | bwd_microstep: 45.86 | bwd_inner_microstep: 36.20 | bwd_allreduce_microstep: 9.64 | step_microstep: 81.05
[Rank 0] time (ms) | fwd: 45.36 | bwd: 45.86 | bwd_inner: 36.20 | bwd_allreduce: 9.64 | step: 81.06
[Rank 0] time (ms) | fwd_microstep: 45.62 | bwd_microstep: 45.91 | bwd_inner_microstep: 36.20 | bwd_allreduce_microstep: 9.68 | step_microstep: 80.86
[Rank 0] time (ms) | fwd: 45.61 | bwd: 45.91 | bwd_inner: 36.20 | bwd_allreduce: 9.68 | step: 80.86
[Rank 0] time (ms) | fwd_microstep: 46.17 | bwd_microstep: 45.92 | bwd_inner_microstep: 36.28 | bwd_allreduce_microstep: 9.62 | step_microstep: 81.32
[Rank 0] time (ms) | fwd: 46.17 | bwd: 45.92 | bwd_inner: 36.28 | bwd_allreduce: 9.62 | step: 81.33
[Rank 0] time (ms) | fwd_microstep: 46.51 | bwd_microstep: 45.83 | bwd_inner_microstep: 36.14 | bwd_allreduce_microstep: 9.66 | step_microstep: 81.02
[Rank 0] time (ms) | fwd: 46.50 | bwd: 45.83 | bwd_inner: 36.14 | bwd_allreduce: 9.66 | step: 81.03
[Rank 0] time (ms) | fwd_microstep: 49.41 | bwd_microstep: 45.99 | bwd_inner_microstep: 36.33 | bwd_allreduce_microstep: 9.63 | step_microstep: 81.12
[Rank 0] time (ms) | fwd: 49.40 | bwd: 45.99 | bwd_inner: 36.33 | bwd_allreduce: 9.63 | step: 81.12
[Rank 0] time (ms) | fwd_microstep: 47.31 | bwd_microstep: 45.98 | bwd_inner_microstep: 36.32 | bwd_allreduce_microstep: 9.62 | step_microstep: 80.82
[Rank 0] time (ms) | fwd: 47.30 | bwd: 45.98 | bwd_inner: 36.32 | bwd_allreduce: 9.62 | step: 80.83
[Rank 0] time (ms) | fwd_microstep: 47.60 | bwd_microstep: 45.97 | bwd_inner_microstep: 36.30 | bwd_allreduce_microstep: 9.64 | step_microstep: 80.81
[Rank 0] time (ms) | fwd: 47.59 | bwd: 45.97 | bwd_inner: 36.30 | bwd_allreduce: 9.64 | step: 80.84
[Rank 0] time (ms) | fwd_microstep: 48.17 | bwd_microstep: 46.01 | bwd_inner_microstep: 36.34 | bwd_allreduce_microstep: 9.64 | step_microstep: 80.71
[Rank 0] time (ms) | fwd: 48.16 | bwd: 46.01 | bwd_inner: 36.34 | bwd_allreduce: 9.64 | step: 80.71
[Rank 0] time (ms) | fwd_microstep: 48.44 | bwd_microstep: 46.07 | bwd_inner_microstep: 36.42 | bwd_allreduce_microstep: 9.62 | step_microstep: 81.47
[Rank 0] time (ms) | fwd: 48.43 | bwd: 46.07 | bwd_inner: 36.42 | bwd_allreduce: 9.62 | step: 81.47
[Rank 0] time (ms) | fwd_microstep: 49.11 | bwd_microstep: 46.13 | bwd_inner_microstep: 36.41 | bwd_allreduce_microstep: 9.69 | step_microstep: 81.03
[Rank 0] time (ms) | fwd: 49.10 | bwd: 46.13 | bwd_inner: 36.41 | bwd_allreduce: 9.69 | step: 81.04
[Rank 0] time (ms) | fwd_microstep: 50.16 | bwd_microstep: 46.12 | bwd_inner_microstep: 36.45 | bwd_allreduce_microstep: 9.64 | step_microstep: 81.54
[Rank 0] time (ms) | fwd: 50.16 | bwd: 46.12 | bwd_inner: 36.45 | bwd_allreduce: 9.64 | step: 81.55
step=20 step_time=0.1804s tok/s=90842.93 mem_alloc=9937516032
[Rank 0] time (ms) | fwd_microstep: 49.10 | bwd_microstep: 46.09 | bwd_inner_microstep: 36.42 | bwd_allreduce_microstep: 9.65 | step_microstep: 81.05
[Rank 0] time (ms) | fwd: 49.09 | bwd: 46.09 | bwd_inner: 36.42 | bwd_allreduce: 9.65 | step: 81.07
[Rank 0] time (ms) | fwd_microstep: 50.54 | bwd_microstep: 46.13 | bwd_inner_microstep: 36.49 | bwd_allreduce_microstep: 9.61 | step_microstep: 81.17
[Rank 0] time (ms) | fwd: 50.53 | bwd: 46.13 | bwd_inner: 36.49 | bwd_allreduce: 9.61 | step: 81.20
[Rank 0] time (ms) | fwd_microstep: 50.86 | bwd_microstep: 46.25 | bwd_inner_microstep: 36.55 | bwd_allreduce_microstep: 9.67 | step_microstep: 81.03
[Rank 0] time (ms) | fwd: 50.86 | bwd: 46.25 | bwd_inner: 36.55 | bwd_allreduce: 9.67 | step: 81.02
[Rank 0] time (ms) | fwd_microstep: 51.50 | bwd_microstep: 46.14 | bwd_inner_microstep: 36.49 | bwd_allreduce_microstep: 9.62 | step_microstep: 80.61
[Rank 0] time (ms) | fwd: 51.50 | bwd: 46.14 | bwd_inner: 36.49 | bwd_allreduce: 9.62 | step: 80.63
[Rank 0] time (ms) | fwd_microstep: 51.95 | bwd_microstep: 46.33 | bwd_inner_microstep: 36.66 | bwd_allreduce_microstep: 9.64 | step_microstep: 81.34
[Rank 0] time (ms) | fwd: 51.94 | bwd: 46.33 | bwd_inner: 36.66 | bwd_allreduce: 9.64 | step: 81.36
[Rank 0] time (ms) | fwd_microstep: 52.73 | bwd_microstep: 46.18 | bwd_inner_microstep: 36.53 | bwd_allreduce_microstep: 9.62 | step_microstep: 80.85
[Rank 0] time (ms) | fwd: 52.72 | bwd: 46.18 | bwd_inner: 36.53 | bwd_allreduce: 9.62 | step: 80.86
[Rank 0] time (ms) | fwd_microstep: 52.92 | bwd_microstep: 46.31 | bwd_inner_microstep: 36.64 | bwd_allreduce_microstep: 9.65 | step_microstep: 80.70
[Rank 0] time (ms) | fwd: 52.92 | bwd: 46.31 | bwd_inner: 36.64 | bwd_allreduce: 9.65 | step: 80.70
[Rank 0] time (ms) | fwd_microstep: 53.16 | bwd_microstep: 46.31 | bwd_inner_microstep: 36.65 | bwd_allreduce_microstep: 9.63 | step_microstep: 80.81
[Rank 0] time (ms) | fwd: 53.15 | bwd: 46.31 | bwd_inner: 36.65 | bwd_allreduce: 9.63 | step: 80.84
[Rank 0] time (ms) | fwd_microstep: 54.19 | bwd_microstep: 46.34 | bwd_inner_microstep: 36.69 | bwd_allreduce_microstep: 9.62 | step_microstep: 80.93
[Rank 0] time (ms) | fwd: 54.18 | bwd: 46.34 | bwd_inner: 36.69 | bwd_allreduce: 9.62 | step: 80.93
[Rank 0] time (ms) | fwd_microstep: 54.18 | bwd_microstep: 46.31 | bwd_inner_microstep: 36.63 | bwd_allreduce_microstep: 9.65 | step_microstep: 81.74
[Rank 0] time (ms) | fwd: 54.18 | bwd: 46.31 | bwd_inner: 36.63 | bwd_allreduce: 9.65 | step: 81.73
[Rank 0] time (ms) | fwd_microstep: 55.00 | bwd_microstep: 46.52 | bwd_inner_microstep: 36.85 | bwd_allreduce_microstep: 9.65 | step_microstep: 81.06
[Rank 0] time (ms) | fwd: 54.99 | bwd: 46.52 | bwd_inner: 36.85 | bwd_allreduce: 9.65 | step: 81.07
[Rank 0] time (ms) | fwd_microstep: 55.05 | bwd_microstep: 46.36 | bwd_inner_microstep: 36.70 | bwd_allreduce_microstep: 9.63 | step_microstep: 81.54
[Rank 0] time (ms) | fwd: 55.04 | bwd: 46.36 | bwd_inner: 36.70 | bwd_allreduce: 9.63 | step: 81.54
[Rank 0] time (ms) | fwd_microstep: 55.75 | bwd_microstep: 46.38 | bwd_inner_microstep: 36.70 | bwd_allreduce_microstep: 9.65 | step_microstep: 80.78
[Rank 0] time (ms) | fwd: 55.74 | bwd: 46.38 | bwd_inner: 36.70 | bwd_allreduce: 9.65 | step: 80.81
[Rank 0] time (ms) | fwd_microstep: 56.74 | bwd_microstep: 46.36 | bwd_inner_microstep: 36.71 | bwd_allreduce_microstep: 9.62 | step_microstep: 80.60
[Rank 0] time (ms) | fwd: 56.73 | bwd: 46.36 | bwd_inner: 36.71 | bwd_allreduce: 9.62 | step: 80.60
[Rank 0] time (ms) | fwd_microstep: 56.75 | bwd_microstep: 46.48 | bwd_inner_microstep: 36.81 | bwd_allreduce_microstep: 9.64 | step_microstep: 81.04
[Rank 0] time (ms) | fwd: 56.74 | bwd: 46.48 | bwd_inner: 36.81 | bwd_allreduce: 9.64 | step: 81.05
[Rank 0] time (ms) | fwd_microstep: 57.16 | bwd_microstep: 46.39 | bwd_inner_microstep: 36.75 | bwd_allreduce_microstep: 9.61 | step_microstep: 81.07
[Rank 0] time (ms) | fwd: 57.15 | bwd: 46.39 | bwd_inner: 36.75 | bwd_allreduce: 9.61 | step: 81.08
[Rank 0] time (ms) | fwd_microstep: 57.42 | bwd_microstep: 46.51 | bwd_inner_microstep: 36.81 | bwd_allreduce_microstep: 9.66 | step_microstep: 80.58
[Rank 0] time (ms) | fwd: 57.42 | bwd: 46.51 | bwd_inner: 36.81 | bwd_allreduce: 9.66 | step: 80.61
[Rank 0] time (ms) | fwd_microstep: 58.22 | bwd_microstep: 46.48 | bwd_inner_microstep: 36.81 | bwd_allreduce_microstep: 9.64 | step_microstep: 80.53
[Rank 0] time (ms) | fwd: 58.21 | bwd: 46.48 | bwd_inner: 36.81 | bwd_allreduce: 9.64 | step: 80.54
[Rank 0] time (ms) | fwd_microstep: 58.44 | bwd_microstep: 46.55 | bwd_inner_microstep: 36.85 | bwd_allreduce_microstep: 9.67 | step_microstep: 80.68
[Rank 0] time (ms) | fwd: 58.43 | bwd: 46.55 | bwd_inner: 36.85 | bwd_allreduce: 9.67 | step: 80.70
[Rank 0] time (ms) | fwd_microstep: 59.06 | bwd_microstep: 46.35 | bwd_inner_microstep: 36.71 | bwd_allreduce_microstep: 9.61 | step_microstep: 81.93
[Rank 0] time (ms) | fwd: 59.06 | bwd: 46.35 | bwd_inner: 36.71 | bwd_allreduce: 9.61 | step: 81.93
step=40 step_time=0.1899s tok/s=86259.48 mem_alloc=9937516032
[Rank 0] time (ms) | fwd_microstep: 60.66 | bwd_microstep: 46.53 | bwd_inner_microstep: 36.85 | bwd_allreduce_microstep: 9.66 | step_microstep: 80.71
[Rank 0] time (ms) | fwd: 60.65 | bwd: 46.53 | bwd_inner: 36.85 | bwd_allreduce: 9.66 | step: 80.72
[Rank 0] time (ms) | fwd_microstep: 59.82 | bwd_microstep: 46.66 | bwd_inner_microstep: 36.99 | bwd_allreduce_microstep: 9.64 | step_microstep: 81.25
[Rank 0] time (ms) | fwd: 59.81 | bwd: 46.66 | bwd_inner: 36.99 | bwd_allreduce: 9.64 | step: 81.26
[Rank 0] time (ms) | fwd_microstep: 60.44 | bwd_microstep: 46.67 | bwd_inner_microstep: 36.99 | bwd_allreduce_microstep: 9.65 | step_microstep: 80.64
[Rank 0] time (ms) | fwd: 60.43 | bwd: 46.67 | bwd_inner: 36.99 | bwd_allreduce: 9.65 | step: 80.65
[Rank 0] time (ms) | fwd_microstep: 60.83 | bwd_microstep: 46.65 | bwd_inner_microstep: 36.96 | bwd_allreduce_microstep: 9.65 | step_microstep: 80.95
[Rank 0] time (ms) | fwd: 60.83 | bwd: 46.65 | bwd_inner: 36.96 | bwd_allreduce: 9.65 | step: 80.96
[Rank 0] time (ms) | fwd_microstep: 61.37 | bwd_microstep: 46.76 | bwd_inner_microstep: 37.09 | bwd_allreduce_microstep: 9.64 | step_microstep: 80.87
[Rank 0] time (ms) | fwd: 61.36 | bwd: 46.76 | bwd_inner: 37.09 | bwd_allreduce: 9.64 | step: 80.87
[Rank 0] time (ms) | fwd_microstep: 65.06 | bwd_microstep: 46.71 | bwd_inner_microstep: 37.03 | bwd_allreduce_microstep: 9.64 | step_microstep: 81.34
[Rank 0] time (ms) | fwd: 65.05 | bwd: 46.71 | bwd_inner: 37.03 | bwd_allreduce: 9.64 | step: 81.36
[Rank 0] time (ms) | fwd_microstep: 62.54 | bwd_microstep: 46.77 | bwd_inner_microstep: 37.08 | bwd_allreduce_microstep: 9.67 | step_microstep: 80.46
[Rank 0] time (ms) | fwd: 62.53 | bwd: 46.78 | bwd_inner: 37.08 | bwd_allreduce: 9.67 | step: 80.47
[Rank 0] time (ms) | fwd_microstep: 62.69 | bwd_microstep: 46.73 | bwd_inner_microstep: 37.09 | bwd_allreduce_microstep: 9.61 | step_microstep: 81.46
[Rank 0] time (ms) | fwd: 62.68 | bwd: 46.73 | bwd_inner: 37.09 | bwd_allreduce: 9.61 | step: 81.47
[Rank 0] time (ms) | fwd_microstep: 63.26 | bwd_microstep: 46.74 | bwd_inner_microstep: 37.05 | bwd_allreduce_microstep: 9.66 | step_microstep: 80.95
[Rank 0] time (ms) | fwd: 63.25 | bwd: 46.74 | bwd_inner: 37.05 | bwd_allreduce: 9.66 | step: 80.96
[Rank 0] time (ms) | fwd_microstep: 64.04 | bwd_microstep: 46.83 | bwd_inner_microstep: 37.18 | bwd_allreduce_microstep: 9.61 | step_microstep: 81.57
[Rank 0] time (ms) | fwd: 64.03 | bwd: 46.83 | bwd_inner: 37.18 | bwd_allreduce: 9.61 | step: 81.58
[Rank 0] time (ms) | fwd_microstep: 67.40 | bwd_microstep: 46.85 | bwd_inner_microstep: 37.16 | bwd_allreduce_microstep: 9.66 | step_microstep: 80.92
[Rank 0] time (ms) | fwd: 67.40 | bwd: 46.85 | bwd_inner: 37.16 | bwd_allreduce: 9.66 | step: 80.92
