nid005128:77476:78006 [2] NCCL INFO Setting affinity for GPU 2 to fefe0000,00000000,fefe0000
nid005128:77478:78004 [4] NCCL INFO Setting affinity for GPU 4 to fefe,00000000,0000fefe
nid005128:77475:78009 [1] NCCL INFO Setting affinity for GPU 1 to fefe0000,00000000,fefe0000,00000000
nid005128:77479:78003 [5] NCCL INFO Setting affinity for GPU 5 to fefe,00000000,0000fefe
nid005128:77480:78007 [6] NCCL INFO Setting affinity for GPU 6 to fefe,00000000,0000fefe,00000000
nid005128:77481:78005 [7] NCCL INFO Setting affinity for GPU 7 to fefe,00000000,0000fefe,00000000
nid005128:77474:78002 [0] NCCL INFO Setting affinity for GPU 0 to fefe0000,00000000,fefe0000,00000000
nid005128:77480:78007 [6] NCCL INFO comm 0x210a7840 rank 6 nRanks 8 nNodes 1 localRanks 8 localRank 6 MNNVL 0
nid005128:77481:78005 [7] NCCL INFO comm 0x20f73e90 rank 7 nRanks 8 nNodes 1 localRanks 8 localRank 7 MNNVL 0
nid005128:77479:78003 [5] NCCL INFO comm 0x2100c3b0 rank 5 nRanks 8 nNodes 1 localRanks 8 localRank 5 MNNVL 0
nid005128:77478:78004 [4] NCCL INFO comm 0x20f710b0 rank 4 nRanks 8 nNodes 1 localRanks 8 localRank 4 MNNVL 0
nid005128:77474:78002 [0] NCCL INFO comm 0x20f89200 rank 0 nRanks 8 nNodes 1 localRanks 8 localRank 0 MNNVL 0
nid005128:77477:78008 [3] NCCL INFO comm 0x20f6cdc0 rank 3 nRanks 8 nNodes 1 localRanks 8 localRank 3 MNNVL 0
nid005128:77476:78006 [2] NCCL INFO comm 0x20f7a770 rank 2 nRanks 8 nNodes 1 localRanks 8 localRank 2 MNNVL 0
nid005128:77475:78009 [1] NCCL INFO comm 0x20f6b6d0 rank 1 nRanks 8 nNodes 1 localRanks 8 localRank 1 MNNVL 0
nid005128:77480:78007 [6] NCCL INFO Trees [0] -1/-1/-1->6->7 [1] 7/-1/-1->6->-1 [2] 7/-1/-1->6->4 [3] 4/-1/-1->6->7 [4] -1/-1/-1->6->7 [5] 7/-1/-1->6->-1 [6] 7/-1/-1->6->4 [7] 4/-1/-1->6->7 [8] -1/-1/-1->6->7 [9] 7/-1/-1->6->-1 [10] 7/-1/-1->6->4 [11] 4/-1/-1->6->7 [12] -1/-1/-1->6->7 [13] 7/-1/-1->6->-1 [14] 7/-1/-1->6->4 [15] 4/-1/-1->6->7 comm 0x210a7840 nRanks 08 busId d9000
nid005128:77474:78002 [0] NCCL INFO Channel 00/16 :    0   1   3   2   4   5   7   6
nid005128:77479:78003 [5] NCCL INFO Trees [0] 7/-1/-1->5->4 [1] 4/-1/-1->5->7 [2] 4/-1/-1->5->1 [3] 1/-1/-1->5->4 [4] 7/-1/-1->5->4 [5] 4/-1/-1->5->7 [6] 4/-1/-1->5->1 [7] 1/-1/-1->5->4 [8] 7/-1/-1->5->4 [9] 4/-1/-1->5->7 [10] 4/-1/-1->5->1 [11] 1/-1/-1->5->4 [12] 7/-1/-1->5->4 [13] 4/-1/-1->5->7 [14] 4/-1/-1->5->1 [15] 1/-1/-1->5->4 comm 0x2100c3b0 nRanks 08 busId d6000
nid005128:77480:78007 [6] NCCL INFO P2P Chunksize set to 524288
nid005128:77481:78005 [7] NCCL INFO Trees [0] 6/-1/-1->7->5 [1] 5/-1/-1->7->6 [2] 3/-1/-1->7->6 [3] 6/-1/-1->7->3 [4] 6/-1/-1->7->5 [5] 5/-1/-1->7->6 [6] 3/-1/-1->7->6 [7] 6/-1/-1->7->3 [8] 6/-1/-1->7->5 [9] 5/-1/-1->7->6 [10] 3/-1/-1->7->6 [11] 6/-1/-1->7->3 [12] 6/-1/-1->7->5 [13] 5/-1/-1->7->6 [14] 3/-1/-1->7->6 [15] 6/-1/-1->7->3 comm 0x20f73e90 nRanks 08 busId de000
nid005128:77474:78002 [0] NCCL INFO Channel 01/16 :    0   6   7   5   4   2   3   1
nid005128:77479:78003 [5] NCCL INFO P2P Chunksize set to 524288
nid005128:77478:78004 [4] NCCL INFO Trees [0] 5/-1/-1->4->2 [1] 2/-1/-1->4->5 [2] 6/-1/-1->4->5 [3] 5/-1/-1->4->6 [4] 5/-1/-1->4->2 [5] 2/-1/-1->4->5 [6] 6/-1/-1->4->5 [7] 5/-1/-1->4->6 [8] 5/-1/-1->4->2 [9] 2/-1/-1->4->5 [10] 6/-1/-1->4->5 [11] 5/-1/-1->4->6 [12] 5/-1/-1->4->2 [13] 2/-1/-1->4->5 [14] 6/-1/-1->4->5 [15] 5/-1/-1->4->6 comm 0x20f710b0 nRanks 08 busId d1000
nid005128:77481:78005 [7] NCCL INFO P2P Chunksize set to 524288
nid005128:77474:78002 [0] NCCL INFO Channel 02/16 :    0   1   5   4   6   7   3   2
nid005128:77477:78008 [3] NCCL INFO Trees [0] 2/-1/-1->3->1 [1] 1/-1/-1->3->2 [2] 2/-1/-1->3->7 [3] 7/-1/-1->3->2 [4] 2/-1/-1->3->1 [5] 1/-1/-1->3->2 [6] 2/-1/-1->3->7 [7] 7/-1/-1->3->2 [8] 2/-1/-1->3->1 [9] 1/-1/-1->3->2 [10] 2/-1/-1->3->7 [11] 7/-1/-1->3->2 [12] 2/-1/-1->3->1 [13] 1/-1/-1->3->2 [14] 2/-1/-1->3->7 [15] 7/-1/-1->3->2 comm 0x20f6cdc0 nRanks 08 busId ce000
nid005128:77478:78004 [4] NCCL INFO P2P Chunksize set to 524288
nid005128:77474:78002 [0] NCCL INFO Channel 03/16 :    0   2   3   7   6   4   5   1
nid005128:77477:78008 [3] NCCL INFO P2P Chunksize set to 524288
nid005128:77474:78002 [0] NCCL INFO Channel 04/16 :    0   1   3   2   4   5   7   6
nid005128:77476:78006 [2] NCCL INFO Trees [0] 4/-1/-1->2->3 [1] 3/-1/-1->2->4 [2] -1/-1/-1->2->3 [3] 3/-1/-1->2->-1 [4] 4/-1/-1->2->3 [5] 3/-1/-1->2->4 [6] -1/-1/-1->2->3 [7] 3/-1/-1->2->-1 [8] 4/-1/-1->2->3 [9] 3/-1/-1->2->4 [10] -1/-1/-1->2->3 [11] 3/-1/-1->2->-1 [12] 4/-1/-1->2->3 [13] 3/-1/-1->2->4 [14] -1/-1/-1->2->3 [15] 3/-1/-1->2->-1 comm 0x20f7a770 nRanks 08 busId c9000
nid005128:77475:78009 [1] NCCL INFO Trees [0] 3/-1/-1->1->0 [1] 0/-1/-1->1->3 [2] 5/-1/-1->1->0 [3] 0/-1/-1->1->5 [4] 3/-1/-1->1->0 [5] 0/-1/-1->1->3 [6] 5/-1/-1->1->0 [7] 0/-1/-1->1->5 [8] 3/-1/-1->1->0 [9] 0/-1/-1->1->3 [10] 5/-1/-1->1->0 [11] 0/-1/-1->1->5 [12] 3/-1/-1->1->0 [13] 0/-1/-1->1->3 [14] 5/-1/-1->1->0 [15] 0/-1/-1->1->5 comm 0x20f6b6d0 nRanks 08 busId c6000
nid005128:77474:78002 [0] NCCL INFO Channel 05/16 :    0   6   7   5   4   2   3   1
nid005128:77475:78009 [1] NCCL INFO P2P Chunksize set to 524288
nid005128:77476:78006 [2] NCCL INFO P2P Chunksize set to 524288
nid005128:77474:78002 [0] NCCL INFO Channel 06/16 :    0   1   5   4   6   7   3   2
nid005128:77474:78002 [0] NCCL INFO Channel 07/16 :    0   2   3   7   6   4   5   1
nid005128:77474:78002 [0] NCCL INFO Channel 08/16 :    0   1   3   2   4   5   7   6
nid005128:77474:78002 [0] NCCL INFO Channel 09/16 :    0   6   7   5   4   2   3   1
nid005128:77474:78002 [0] NCCL INFO Channel 10/16 :    0   1   5   4   6   7   3   2
nid005128:77474:78002 [0] NCCL INFO Channel 11/16 :    0   2   3   7   6   4   5   1
nid005128:77474:78002 [0] NCCL INFO Channel 12/16 :    0   1   3   2   4   5   7   6
nid005128:77474:78002 [0] NCCL INFO Channel 13/16 :    0   6   7   5   4   2   3   1
nid005128:77474:78002 [0] NCCL INFO Channel 14/16 :    0   1   5   4   6   7   3   2
nid005128:77474:78002 [0] NCCL INFO Channel 15/16 :    0   2   3   7   6   4   5   1
nid005128:77474:78002 [0] NCCL INFO Trees [0] 1/-1/-1->0->-1 [1] -1/-1/-1->0->1 [2] 1/-1/-1->0->-1 [3] -1/-1/-1->0->1 [4] 1/-1/-1->0->-1 [5] -1/-1/-1->0->1 [6] 1/-1/-1->0->-1 [7] -1/-1/-1->0->1 [8] 1/-1/-1->0->-1 [9] -1/-1/-1->0->1 [10] 1/-1/-1->0->-1 [11] -1/-1/-1->0->1 [12] 1/-1/-1->0->-1 [13] -1/-1/-1->0->1 [14] 1/-1/-1->0->-1 [15] -1/-1/-1->0->1 comm 0x20f89200 nRanks 08 busId c1000
nid005128:77474:78002 [0] NCCL INFO P2P Chunksize set to 524288
nid005128:77478:78004 [4] NCCL INFO Channel 00/0 : 4[d1000] -> 5[d6000] via P2P/IPC comm 0x20f710b0 nRanks 08
nid005128:77474:78002 [0] NCCL INFO Channel 00/0 : 0[c1000] -> 1[c6000] via P2P/IPC comm 0x20f89200 nRanks 08
nid005128:77476:78006 [2] NCCL INFO Channel 01/0 : 2[c9000] -> 3[ce000] via P2P/IPC comm 0x20f7a770 nRanks 08
nid005128:77480:78007 [6] NCCL INFO Channel 01/0 : 6[d9000] -> 7[de000] via P2P/IPC comm 0x210a7840 nRanks 08
nid005128:77478:78004 [4] NCCL INFO Channel 03/0 : 4[d1000] -> 5[d6000] via P2P/IPC comm 0x20f710b0 nRanks 08
nid005128:77474:78002 [0] NCCL INFO Channel 02/0 : 0[c1000] -> 1[c6000] via P2P/IPC comm 0x20f89200 nRanks 08
nid005128:77476:78006 [2] NCCL INFO Channel 03/0 : 2[c9000] -> 3[ce000] via P2P/IPC comm 0x20f7a770 nRanks 08
nid005128:77480:78007 [6] NCCL INFO Channel 02/0 : 6[d9000] -> 7[de000] via P2P/IPC comm 0x210a7840 nRanks 08
nid005128:77474:78002 [0] NCCL INFO Channel 04/0 : 0[c1000] -> 1[c6000] via P2P/IPC comm 0x20f89200 nRanks 08
nid005128:77476:78006 [2] NCCL INFO Channel 05/0 : 2[c9000] -> 3[ce000] via P2P/IPC comm 0x20f7a770 nRanks 08
nid005128:77478:78004 [4] NCCL INFO Channel 04/0 : 4[d1000] -> 5[d6000] via P2P/IPC comm 0x20f710b0 nRanks 08
nid005128:77480:78007 [6] NCCL INFO Channel 05/0 : 6[d9000] -> 7[de000] via P2P/IPC comm 0x210a7840 nRanks 08
nid005128:77476:78006 [2] NCCL INFO Channel 07/0 : 2[c9000] -> 3[ce000] via P2P/IPC comm 0x20f7a770 nRanks 08
nid005128:77474:78002 [0] NCCL INFO Channel 06/0 : 0[c1000] -> 1[c6000] via P2P/IPC comm 0x20f89200 nRanks 08
nid005128:77478:78004 [4] NCCL INFO Channel 07/0 : 4[d1000] -> 5[d6000] via P2P/IPC comm 0x20f710b0 nRanks 08
nid005128:77480:78007 [6] NCCL INFO Channel 06/0 : 6[d9000] -> 7[de000] via P2P/IPC comm 0x210a7840 nRanks 08
nid005128:77476:78006 [2] NCCL INFO Channel 09/0 : 2[c9000] -> 3[ce000] via P2P/IPC comm 0x20f7a770 nRanks 08
nid005128:77474:78002 [0] NCCL INFO Channel 08/0 : 0[c1000] -> 1[c6000] via P2P/IPC comm 0x20f89200 nRanks 08
nid005128:77478:78004 [4] NCCL INFO Channel 08/0 : 4[d1000] -> 5[d6000] via P2P/IPC comm 0x20f710b0 nRanks 08
nid005128:77480:78007 [6] NCCL INFO Channel 09/0 : 6[d9000] -> 7[de000] via P2P/IPC comm 0x210a7840 nRanks 08
nid005128:77476:78006 [2] NCCL INFO Channel 11/0 : 2[c9000] -> 3[ce000] via P2P/IPC comm 0x20f7a770 nRanks 08
nid005128:77474:78002 [0] NCCL INFO Channel 10/0 : 0[c1000] -> 1[c6000] via P2P/IPC comm 0x20f89200 nRanks 08
nid005128:77480:78007 [6] NCCL INFO Channel 10/0 : 6[d9000] -> 7[de000] via P2P/IPC comm 0x210a7840 nRanks 08
nid005128:77478:78004 [4] NCCL INFO Channel 11/0 : 4[d1000] -> 5[d6000] via P2P/IPC comm 0x20f710b0 nRanks 08
nid005128:77476:78006 [2] NCCL INFO Channel 13/0 : 2[c9000] -> 3[ce000] via P2P/IPC comm 0x20f7a770 nRanks 08
nid005128:77474:78002 [0] NCCL INFO Channel 12/0 : 0[c1000] -> 1[c6000] via P2P/IPC comm 0x20f89200 nRanks 08
nid005128:77480:78007 [6] NCCL INFO Channel 13/0 : 6[d9000] -> 7[de000] via P2P/IPC comm 0x210a7840 nRanks 08
nid005128:77478:78004 [4] NCCL INFO Channel 12/0 : 4[d1000] -> 5[d6000] via P2P/IPC comm 0x20f710b0 nRanks 08
nid005128:77476:78006 [2] NCCL INFO Channel 15/0 : 2[c9000] -> 3[ce000] via P2P/IPC comm 0x20f7a770 nRanks 08
nid005128:77474:78002 [0] NCCL INFO Channel 14/0 : 0[c1000] -> 1[c6000] via P2P/IPC comm 0x20f89200 nRanks 08
nid005128:77480:78007 [6] NCCL INFO Channel 14/0 : 6[d9000] -> 7[de000] via P2P/IPC comm 0x210a7840 nRanks 08
nid005128:77478:78004 [4] NCCL INFO Channel 15/0 : 4[d1000] -> 5[d6000] via P2P/IPC comm 0x20f710b0 nRanks 08
nid005128:77475:78009 [1] NCCL INFO Channel 00/0 : 1[c6000] -> 3[ce000] via P2P/IPC comm 0x20f6b6d0 nRanks 08
nid005128:77479:78003 [5] NCCL INFO Channel 00/0 : 5[d6000] -> 7[de000] via P2P/IPC comm 0x2100c3b0 nRanks 08
nid005128:77475:78009 [1] NCCL INFO Channel 04/0 : 1[c6000] -> 3[ce000] via P2P/IPC comm 0x20f6b6d0 nRanks 08
nid005128:77479:78003 [5] NCCL INFO Channel 04/0 : 5[d6000] -> 7[de000] via P2P/IPC comm 0x2100c3b0 nRanks 08
nid005128:77475:78009 [1] NCCL INFO Channel 08/0 : 1[c6000] -> 3[ce000] via P2P/IPC comm 0x20f6b6d0 nRanks 08
nid005128:77479:78003 [5] NCCL INFO Channel 08/0 : 5[d6000] -> 7[de000] via P2P/IPC comm 0x2100c3b0 nRanks 08
nid005128:77475:78009 [1] NCCL INFO Channel 12/0 : 1[c6000] -> 3[ce000] via P2P/IPC comm 0x20f6b6d0 nRanks 08
nid005128:77479:78003 [5] NCCL INFO Channel 12/0 : 5[d6000] -> 7[de000] via P2P/IPC comm 0x2100c3b0 nRanks 08
nid005128:77476:78006 [2] NCCL INFO Channel 00/0 : 2[c9000] -> 4[d1000] via P2P/IPC comm 0x20f7a770 nRanks 08
nid005128:77474:78002 [0] NCCL INFO Channel 03/0 : 0[c1000] -> 2[c9000] via P2P/IPC comm 0x20f89200 nRanks 08
nid005128:77480:78007 [6] NCCL INFO Channel 00/0 : 6[d9000] -> 0[c1000] via P2P/IPC comm 0x210a7840 nRanks 08
nid005128:77478:78004 [4] NCCL INFO Channel 02/0 : 4[d1000] -> 6[d9000] via P2P/IPC comm 0x20f710b0 nRanks 08
nid005128:77476:78006 [2] NCCL INFO Channel 04/0 : 2[c9000] -> 4[d1000] via P2P/IPC comm 0x20f7a770 nRanks 08
nid005128:77474:78002 [0] NCCL INFO Channel 07/0 : 0[c1000] -> 2[c9000] via P2P/IPC comm 0x20f89200 nRanks 08
nid005128:77480:78007 [6] NCCL INFO Channel 04/0 : 6[d9000] -> 0[c1000] via P2P/IPC comm 0x210a7840 nRanks 08
nid005128:77476:78006 [2] NCCL INFO Channel 08/0 : 2[c9000] -> 4[d1000] via P2P/IPC comm 0x20f7a770 nRanks 08
nid005128:77478:78004 [4] NCCL INFO Channel 06/0 : 4[d1000] -> 6[d9000] via P2P/IPC comm 0x20f710b0 nRanks 08
nid005128:77474:78002 [0] NCCL INFO Channel 11/0 : 0[c1000] -> 2[c9000] via P2P/IPC comm 0x20f89200 nRanks 08
nid005128:77480:78007 [6] NCCL INFO Channel 08/0 : 6[d9000] -> 0[c1000] via P2P/IPC comm 0x210a7840 nRanks 08
nid005128:77476:78006 [2] NCCL INFO Channel 12/0 : 2[c9000] -> 4[d1000] via P2P/IPC comm 0x20f7a770 nRanks 08
nid005128:77474:78002 [0] NCCL INFO Channel 15/0 : 0[c1000] -> 2[c9000] via P2P/IPC comm 0x20f89200 nRanks 08
nid005128:77478:78004 [4] NCCL INFO Channel 10/0 : 4[d1000] -> 6[d9000] via P2P/IPC comm 0x20f710b0 nRanks 08
nid005128:77480:78007 [6] NCCL INFO Channel 12/0 : 6[d9000] -> 0[c1000] via P2P/IPC comm 0x210a7840 nRanks 08
nid005128:77477:78008 [3] NCCL INFO Channel 03/0 : 3[ce000] -> 7[de000] via P2P/IPC comm 0x20f6cdc0 nRanks 08
nid005128:77475:78009 [1] NCCL INFO Channel 02/0 : 1[c6000] -> 5[d6000] via P2P/IPC comm 0x20f6b6d0 nRanks 08
nid005128:77478:78004 [4] NCCL INFO Channel 14/0 : 4[d1000] -> 6[d9000] via P2P/IPC comm 0x20f710b0 nRanks 08
nid005128:77477:78008 [3] NCCL INFO Channel 07/0 : 3[ce000] -> 7[de000] via P2P/IPC comm 0x20f6cdc0 nRanks 08
nid005128:77475:78009 [1] NCCL INFO Channel 06/0 : 1[c6000] -> 5[d6000] via P2P/IPC comm 0x20f6b6d0 nRanks 08
nid005128:77481:78005 [7] NCCL INFO Channel 02/0 : 7[de000] -> 3[ce000] via P2P/IPC comm 0x20f73e90 nRanks 08
nid005128:77479:78003 [5] NCCL INFO Channel 03/0 : 5[d6000] -> 1[c6000] via P2P/IPC comm 0x2100c3b0 nRanks 08
nid005128:77477:78008 [3] NCCL INFO Channel 11/0 : 3[ce000] -> 7[de000] via P2P/IPC comm 0x20f6cdc0 nRanks 08
nid005128:77475:78009 [1] NCCL INFO Channel 10/0 : 1[c6000] -> 5[d6000] via P2P/IPC comm 0x20f6b6d0 nRanks 08
nid005128:77481:78005 [7] NCCL INFO Channel 06/0 : 7[de000] -> 3[ce000] via P2P/IPC comm 0x20f73e90 nRanks 08
nid005128:77479:78003 [5] NCCL INFO Channel 07/0 : 5[d6000] -> 1[c6000] via P2P/IPC comm 0x2100c3b0 nRanks 08
nid005128:77477:78008 [3] NCCL INFO Channel 15/0 : 3[ce000] -> 7[de000] via P2P/IPC comm 0x20f6cdc0 nRanks 08
nid005128:77475:78009 [1] NCCL INFO Channel 14/0 : 1[c6000] -> 5[d6000] via P2P/IPC comm 0x20f6b6d0 nRanks 08
nid005128:77481:78005 [7] NCCL INFO Channel 10/0 : 7[de000] -> 3[ce000] via P2P/IPC comm 0x20f73e90 nRanks 08
nid005128:77479:78003 [5] NCCL INFO Channel 11/0 : 5[d6000] -> 1[c6000] via P2P/IPC comm 0x2100c3b0 nRanks 08
nid005128:77474:78002 [0] NCCL INFO Channel 01/0 : 0[c1000] -> 6[d9000] via P2P/IPC comm 0x20f89200 nRanks 08
nid005128:77481:78005 [7] NCCL INFO Channel 14/0 : 7[de000] -> 3[ce000] via P2P/IPC comm 0x20f73e90 nRanks 08
nid005128:77479:78003 [5] NCCL INFO Channel 15/0 : 5[d6000] -> 1[c6000] via P2P/IPC comm 0x2100c3b0 nRanks 08
nid005128:77474:78002 [0] NCCL INFO Channel 05/0 : 0[c1000] -> 6[d9000] via P2P/IPC comm 0x20f89200 nRanks 08
nid005128:77476:78006 [2] NCCL INFO Channel 02/0 : 2[c9000] -> 0[c1000] via P2P/IPC comm 0x20f7a770 nRanks 08
nid005128:77480:78007 [6] NCCL INFO Channel 03/0 : 6[d9000] -> 4[d1000] via P2P/IPC comm 0x210a7840 nRanks 08
nid005128:77477:78008 [3] NCCL INFO Channel 01/0 : 3[ce000] -> 1[c6000] via P2P/IPC comm 0x20f6cdc0 nRanks 08
nid005128:77481:78005 [7] NCCL INFO Channel 01/0 : 7[de000] -> 5[d6000] via P2P/IPC comm 0x20f73e90 nRanks 08
nid005128:77478:78004 [4] NCCL INFO Channel 01/0 : 4[d1000] -> 2[c9000] via P2P/IPC comm 0x20f710b0 nRanks 08
nid005128:77474:78002 [0] NCCL INFO Channel 09/0 : 0[c1000] -> 6[d9000] via P2P/IPC comm 0x20f89200 nRanks 08
nid005128:77476:78006 [2] NCCL INFO Channel 06/0 : 2[c9000] -> 0[c1000] via P2P/IPC comm 0x20f7a770 nRanks 08
nid005128:77480:78007 [6] NCCL INFO Channel 07/0 : 6[d9000] -> 4[d1000] via P2P/IPC comm 0x210a7840 nRanks 08
nid005128:77477:78008 [3] NCCL INFO Channel 05/0 : 3[ce000] -> 1[c6000] via P2P/IPC comm 0x20f6cdc0 nRanks 08
nid005128:77481:78005 [7] NCCL INFO Channel 05/0 : 7[de000] -> 5[d6000] via P2P/IPC comm 0x20f73e90 nRanks 08
nid005128:77478:78004 [4] NCCL INFO Channel 05/0 : 4[d1000] -> 2[c9000] via P2P/IPC comm 0x20f710b0 nRanks 08
nid005128:77474:78002 [0] NCCL INFO Channel 13/0 : 0[c1000] -> 6[d9000] via P2P/IPC comm 0x20f89200 nRanks 08
nid005128:77476:78006 [2] NCCL INFO Channel 10/0 : 2[c9000] -> 0[c1000] via P2P/IPC comm 0x20f7a770 nRanks 08
nid005128:77477:78008 [3] NCCL INFO Channel 09/0 : 3[ce000] -> 1[c6000] via P2P/IPC comm 0x20f6cdc0 nRanks 08
nid005128:77480:78007 [6] NCCL INFO Channel 11/0 : 6[d9000] -> 4[d1000] via P2P/IPC comm 0x210a7840 nRanks 08
nid005128:77481:78005 [7] NCCL INFO Channel 09/0 : 7[de000] -> 5[d6000] via P2P/IPC comm 0x20f73e90 nRanks 08
nid005128:77478:78004 [4] NCCL INFO Channel 09/0 : 4[d1000] -> 2[c9000] via P2P/IPC comm 0x20f710b0 nRanks 08
nid005128:77477:78008 [3] NCCL INFO Channel 13/0 : 3[ce000] -> 1[c6000] via P2P/IPC comm 0x20f6cdc0 nRanks 08
nid005128:77476:78006 [2] NCCL INFO Channel 14/0 : 2[c9000] -> 0[c1000] via P2P/IPC comm 0x20f7a770 nRanks 08
nid005128:77481:78005 [7] NCCL INFO Channel 13/0 : 7[de000] -> 5[d6000] via P2P/IPC comm 0x20f73e90 nRanks 08
nid005128:77480:78007 [6] NCCL INFO Channel 15/0 : 6[d9000] -> 4[d1000] via P2P/IPC comm 0x210a7840 nRanks 08
nid005128:77478:78004 [4] NCCL INFO Channel 13/0 : 4[d1000] -> 2[c9000] via P2P/IPC comm 0x20f710b0 nRanks 08
nid005128:77477:78008 [3] NCCL INFO Channel 00/0 : 3[ce000] -> 2[c9000] via P2P/IPC comm 0x20f6cdc0 nRanks 08
nid005128:77475:78009 [1] NCCL INFO Channel 01/0 : 1[c6000] -> 0[c1000] via P2P/IPC comm 0x20f6b6d0 nRanks 08
nid005128:77481:78005 [7] NCCL INFO Channel 00/0 : 7[de000] -> 6[d9000] via P2P/IPC comm 0x20f73e90 nRanks 08
nid005128:77479:78003 [5] NCCL INFO Channel 01/0 : 5[d6000] -> 4[d1000] via P2P/IPC comm 0x2100c3b0 nRanks 08
nid005128:77475:78009 [1] NCCL INFO Channel 03/0 : 1[c6000] -> 0[c1000] via P2P/IPC comm 0x20f6b6d0 nRanks 08
nid005128:77477:78008 [3] NCCL INFO Channel 02/0 : 3[ce000] -> 2[c9000] via P2P/IPC comm 0x20f6cdc0 nRanks 08
nid005128:77481:78005 [7] NCCL INFO Channel 03/0 : 7[de000] -> 6[d9000] via P2P/IPC comm 0x20f73e90 nRanks 08
nid005128:77479:78003 [5] NCCL INFO Channel 02/0 : 5[d6000] -> 4[d1000] via P2P/IPC comm 0x2100c3b0 nRanks 08
nid005128:77475:78009 [1] NCCL INFO Channel 05/0 : 1[c6000] -> 0[c1000] via P2P/IPC comm 0x20f6b6d0 nRanks 08
nid005128:77477:78008 [3] NCCL INFO Channel 04/0 : 3[ce000] -> 2[c9000] via P2P/IPC comm 0x20f6cdc0 nRanks 08
nid005128:77481:78005 [7] NCCL INFO Channel 04/0 : 7[de000] -> 6[d9000] via P2P/IPC comm 0x20f73e90 nRanks 08
nid005128:77479:78003 [5] NCCL INFO Channel 05/0 : 5[d6000] -> 4[d1000] via P2P/IPC comm 0x2100c3b0 nRanks 08
nid005128:77475:78009 [1] NCCL INFO Channel 07/0 : 1[c6000] -> 0[c1000] via P2P/IPC comm 0x20f6b6d0 nRanks 08
nid005128:77477:78008 [3] NCCL INFO Channel 06/0 : 3[ce000] -> 2[c9000] via P2P/IPC comm 0x20f6cdc0 nRanks 08
nid005128:77481:78005 [7] NCCL INFO Channel 07/0 : 7[de000] -> 6[d9000] via P2P/IPC comm 0x20f73e90 nRanks 08
nid005128:77479:78003 [5] NCCL INFO Channel 06/0 : 5[d6000] -> 4[d1000] via P2P/IPC comm 0x2100c3b0 nRanks 08
nid005128:77475:78009 [1] NCCL INFO Channel 09/0 : 1[c6000] -> 0[c1000] via P2P/IPC comm 0x20f6b6d0 nRanks 08
nid005128:77477:78008 [3] NCCL INFO Channel 08/0 : 3[ce000] -> 2[c9000] via P2P/IPC comm 0x20f6cdc0 nRanks 08
nid005128:77481:78005 [7] NCCL INFO Channel 08/0 : 7[de000] -> 6[d9000] via P2P/IPC comm 0x20f73e90 nRanks 08
nid005128:77479:78003 [5] NCCL INFO Channel 09/0 : 5[d6000] -> 4[d1000] via P2P/IPC comm 0x2100c3b0 nRanks 08
nid005128:77475:78009 [1] NCCL INFO Channel 11/0 : 1[c6000] -> 0[c1000] via P2P/IPC comm 0x20f6b6d0 nRanks 08
nid005128:77477:78008 [3] NCCL INFO Channel 10/0 : 3[ce000] -> 2[c9000] via P2P/IPC comm 0x20f6cdc0 nRanks 08
nid005128:77481:78005 [7] NCCL INFO Channel 11/0 : 7[de000] -> 6[d9000] via P2P/IPC comm 0x20f73e90 nRanks 08
nid005128:77479:78003 [5] NCCL INFO Channel 10/0 : 5[d6000] -> 4[d1000] via P2P/IPC comm 0x2100c3b0 nRanks 08
nid005128:77475:78009 [1] NCCL INFO Channel 13/0 : 1[c6000] -> 0[c1000] via P2P/IPC comm 0x20f6b6d0 nRanks 08
nid005128:77477:78008 [3] NCCL INFO Channel 12/0 : 3[ce000] -> 2[c9000] via P2P/IPC comm 0x20f6cdc0 nRanks 08
nid005128:77481:78005 [7] NCCL INFO Channel 12/0 : 7[de000] -> 6[d9000] via P2P/IPC comm 0x20f73e90 nRanks 08
nid005128:77479:78003 [5] NCCL INFO Channel 13/0 : 5[d6000] -> 4[d1000] via P2P/IPC comm 0x2100c3b0 nRanks 08
nid005128:77475:78009 [1] NCCL INFO Channel 15/0 : 1[c6000] -> 0[c1000] via P2P/IPC comm 0x20f6b6d0 nRanks 08
nid005128:77477:78008 [3] NCCL INFO Channel 14/0 : 3[ce000] -> 2[c9000] via P2P/IPC comm 0x20f6cdc0 nRanks 08
nid005128:77481:78005 [7] NCCL INFO Channel 15/0 : 7[de000] -> 6[d9000] via P2P/IPC comm 0x20f73e90 nRanks 08
nid005128:77479:78003 [5] NCCL INFO Channel 14/0 : 5[d6000] -> 4[d1000] via P2P/IPC comm 0x2100c3b0 nRanks 08
nid005128:77475:78009 [1] NCCL INFO Connected all rings
nid005128:77474:78002 [0] NCCL INFO Connected all rings
nid005128:77474:78002 [0] NCCL INFO Channel 01/0 : 0[c1000] -> 1[c6000] via P2P/IPC comm 0x20f89200 nRanks 08
nid005128:77477:78008 [3] NCCL INFO Connected all rings
nid005128:77481:78005 [7] NCCL INFO Connected all rings
nid005128:77480:78007 [6] NCCL INFO Connected all rings
nid005128:77476:78006 [2] NCCL INFO Connected all rings
nid005128:77480:78007 [6] NCCL INFO Channel 00/0 : 6[d9000] -> 7[de000] via P2P/IPC comm 0x210a7840 nRanks 08
nid005128:77476:78006 [2] NCCL INFO Channel 00/0 : 2[c9000] -> 3[ce000] via P2P/IPC comm 0x20f7a770 nRanks 08
nid005128:77479:78003 [5] NCCL INFO Connected all rings
nid005128:77478:78004 [4] NCCL INFO Connected all rings
nid005128:77478:78004 [4] NCCL INFO Channel 01/0 : 4[d1000] -> 5[d6000] via P2P/IPC comm 0x20f710b0 nRanks 08
nid005128:77474:78002 [0] NCCL INFO Channel 03/0 : 0[c1000] -> 1[c6000] via P2P/IPC comm 0x20f89200 nRanks 08
nid005128:77480:78007 [6] NCCL INFO Channel 03/0 : 6[d9000] -> 7[de000] via P2P/IPC comm 0x210a7840 nRanks 08
nid005128:77476:78006 [2] NCCL INFO Channel 02/0 : 2[c9000] -> 3[ce000] via P2P/IPC comm 0x20f7a770 nRanks 08
nid005128:77478:78004 [4] NCCL INFO Channel 02/0 : 4[d1000] -> 5[d6000] via P2P/IPC comm 0x20f710b0 nRanks 08
nid005128:77474:78002 [0] NCCL INFO Channel 05/0 : 0[c1000] -> 1[c6000] via P2P/IPC comm 0x20f89200 nRanks 08
nid005128:77476:78006 [2] NCCL INFO Channel 04/0 : 2[c9000] -> 3[ce000] via P2P/IPC comm 0x20f7a770 nRanks 08
nid005128:77480:78007 [6] NCCL INFO Channel 04/0 : 6[d9000] -> 7[de000] via P2P/IPC comm 0x210a7840 nRanks 08
nid005128:77478:78004 [4] NCCL INFO Channel 05/0 : 4[d1000] -> 5[d6000] via P2P/IPC comm 0x20f710b0 nRanks 08
nid005128:77476:78006 [2] NCCL INFO Channel 06/0 : 2[c9000] -> 3[ce000] via P2P/IPC comm 0x20f7a770 nRanks 08
nid005128:77474:78002 [0] NCCL INFO Channel 07/0 : 0[c1000] -> 1[c6000] via P2P/IPC comm 0x20f89200 nRanks 08
nid005128:77480:78007 [6] NCCL INFO Channel 07/0 : 6[d9000] -> 7[de000] via P2P/IPC comm 0x210a7840 nRanks 08
nid005128:77478:78004 [4] NCCL INFO Channel 06/0 : 4[d1000] -> 5[d6000] via P2P/IPC comm 0x20f710b0 nRanks 08
nid005128:77476:78006 [2] NCCL INFO Channel 08/0 : 2[c9000] -> 3[ce000] via P2P/IPC comm 0x20f7a770 nRanks 08
nid005128:77474:78002 [0] NCCL INFO Channel 09/0 : 0[c1000] -> 1[c6000] via P2P/IPC comm 0x20f89200 nRanks 08
nid005128:77480:78007 [6] NCCL INFO Channel 08/0 : 6[d9000] -> 7[de000] via P2P/IPC comm 0x210a7840 nRanks 08
nid005128:77478:78004 [4] NCCL INFO Channel 09/0 : 4[d1000] -> 5[d6000] via P2P/IPC comm 0x20f710b0 nRanks 08
nid005128:77476:78006 [2] NCCL INFO Channel 10/0 : 2[c9000] -> 3[ce000] via P2P/IPC comm 0x20f7a770 nRanks 08
nid005128:77474:78002 [0] NCCL INFO Channel 11/0 : 0[c1000] -> 1[c6000] via P2P/IPC comm 0x20f89200 nRanks 08
nid005128:77480:78007 [6] NCCL INFO Channel 11/0 : 6[d9000] -> 7[de000] via P2P/IPC comm 0x210a7840 nRanks 08
nid005128:77478:78004 [4] NCCL INFO Channel 10/0 : 4[d1000] -> 5[d6000] via P2P/IPC comm 0x20f710b0 nRanks 08
nid005128:77476:78006 [2] NCCL INFO Channel 12/0 : 2[c9000] -> 3[ce000] via P2P/IPC comm 0x20f7a770 nRanks 08
nid005128:77474:78002 [0] NCCL INFO Channel 13/0 : 0[c1000] -> 1[c6000] via P2P/IPC comm 0x20f89200 nRanks 08
nid005128:77480:78007 [6] NCCL INFO Channel 12/0 : 6[d9000] -> 7[de000] via P2P/IPC comm 0x210a7840 nRanks 08
nid005128:77478:78004 [4] NCCL INFO Channel 13/0 : 4[d1000] -> 5[d6000] via P2P/IPC comm 0x20f710b0 nRanks 08
nid005128:77476:78006 [2] NCCL INFO Channel 14/0 : 2[c9000] -> 3[ce000] via P2P/IPC comm 0x20f7a770 nRanks 08
nid005128:77474:78002 [0] NCCL INFO Channel 15/0 : 0[c1000] -> 1[c6000] via P2P/IPC comm 0x20f89200 nRanks 08
nid005128:77480:78007 [6] NCCL INFO Channel 15/0 : 6[d9000] -> 7[de000] via P2P/IPC comm 0x210a7840 nRanks 08
nid005128:77478:78004 [4] NCCL INFO Channel 14/0 : 4[d1000] -> 5[d6000] via P2P/IPC comm 0x20f710b0 nRanks 08
nid005128:77476:78006 [2] NCCL INFO Channel 01/0 : 2[c9000] -> 4[d1000] via P2P/IPC comm 0x20f7a770 nRanks 08
nid005128:77475:78009 [1] NCCL INFO Channel 01/0 : 1[c6000] -> 3[ce000] via P2P/IPC comm 0x20f6b6d0 nRanks 08
nid005128:77479:78003 [5] NCCL INFO Channel 01/0 : 5[d6000] -> 7[de000] via P2P/IPC comm 0x2100c3b0 nRanks 08
nid005128:77476:78006 [2] NCCL INFO Channel 05/0 : 2[c9000] -> 4[d1000] via P2P/IPC comm 0x20f7a770 nRanks 08
nid005128:77475:78009 [1] NCCL INFO Channel 05/0 : 1[c6000] -> 3[ce000] via P2P/IPC comm 0x20f6b6d0 nRanks 08
nid005128:77479:78003 [5] NCCL INFO Channel 05/0 : 5[d6000] -> 7[de000] via P2P/IPC comm 0x2100c3b0 nRanks 08
nid005128:77475:78009 [1] NCCL INFO Channel 09/0 : 1[c6000] -> 3[ce000] via P2P/IPC comm 0x20f6b6d0 nRanks 08
nid005128:77476:78006 [2] NCCL INFO Channel 09/0 : 2[c9000] -> 4[d1000] via P2P/IPC comm 0x20f7a770 nRanks 08
nid005128:77479:78003 [5] NCCL INFO Channel 09/0 : 5[d6000] -> 7[de000] via P2P/IPC comm 0x2100c3b0 nRanks 08
nid005128:77475:78009 [1] NCCL INFO Channel 13/0 : 1[c6000] -> 3[ce000] via P2P/IPC comm 0x20f6b6d0 nRanks 08
nid005128:77476:78006 [2] NCCL INFO Channel 13/0 : 2[c9000] -> 4[d1000] via P2P/IPC comm 0x20f7a770 nRanks 08
nid005128:77479:78003 [5] NCCL INFO Channel 13/0 : 5[d6000] -> 7[de000] via P2P/IPC comm 0x2100c3b0 nRanks 08
nid005128:77478:78004 [4] NCCL INFO Channel 03/0 : 4[d1000] -> 6[d9000] via P2P/IPC comm 0x20f710b0 nRanks 08
nid005128:77478:78004 [4] NCCL INFO Channel 07/0 : 4[d1000] -> 6[d9000] via P2P/IPC comm 0x20f710b0 nRanks 08
nid005128:77478:78004 [4] NCCL INFO Channel 11/0 : 4[d1000] -> 6[d9000] via P2P/IPC comm 0x20f710b0 nRanks 08
nid005128:77475:78009 [1] NCCL INFO Channel 03/0 : 1[c6000] -> 5[d6000] via P2P/IPC comm 0x20f6b6d0 nRanks 08
nid005128:77478:78004 [4] NCCL INFO Channel 15/0 : 4[d1000] -> 6[d9000] via P2P/IPC comm 0x20f710b0 nRanks 08
nid005128:77477:78008 [3] NCCL INFO Channel 02/0 : 3[ce000] -> 7[de000] via P2P/IPC comm 0x20f6cdc0 nRanks 08
nid005128:77475:78009 [1] NCCL INFO Channel 07/0 : 1[c6000] -> 5[d6000] via P2P/IPC comm 0x20f6b6d0 nRanks 08
nid005128:77481:78005 [7] NCCL INFO Channel 03/0 : 7[de000] -> 3[ce000] via P2P/IPC comm 0x20f73e90 nRanks 08
nid005128:77479:78003 [5] NCCL INFO Channel 02/0 : 5[d6000] -> 1[c6000] via P2P/IPC comm 0x2100c3b0 nRanks 08
nid005128:77480:78007 [6] NCCL INFO Channel 02/0 : 6[d9000] -> 4[d1000] via P2P/IPC comm 0x210a7840 nRanks 08
nid005128:77477:78008 [3] NCCL INFO Channel 06/0 : 3[ce000] -> 7[de000] via P2P/IPC comm 0x20f6cdc0 nRanks 08
nid005128:77475:78009 [1] NCCL INFO Channel 11/0 : 1[c6000] -> 5[d6000] via P2P/IPC comm 0x20f6b6d0 nRanks 08
nid005128:77481:78005 [7] NCCL INFO Channel 07/0 : 7[de000] -> 3[ce000] via P2P/IPC comm 0x20f73e90 nRanks 08
nid005128:77477:78008 [3] NCCL INFO Channel 10/0 : 3[ce000] -> 7[de000] via P2P/IPC comm 0x20f6cdc0 nRanks 08
nid005128:77479:78003 [5] NCCL INFO Channel 06/0 : 5[d6000] -> 1[c6000] via P2P/IPC comm 0x2100c3b0 nRanks 08
nid005128:77480:78007 [6] NCCL INFO Channel 06/0 : 6[d9000] -> 4[d1000] via P2P/IPC comm 0x210a7840 nRanks 08
nid005128:77475:78009 [1] NCCL INFO Channel 15/0 : 1[c6000] -> 5[d6000] via P2P/IPC comm 0x20f6b6d0 nRanks 08
nid005128:77481:78005 [7] NCCL INFO Channel 11/0 : 7[de000] -> 3[ce000] via P2P/IPC comm 0x20f73e90 nRanks 08
nid005128:77479:78003 [5] NCCL INFO Channel 10/0 : 5[d6000] -> 1[c6000] via P2P/IPC comm 0x2100c3b0 nRanks 08
nid005128:77477:78008 [3] NCCL INFO Channel 14/0 : 3[ce000] -> 7[de000] via P2P/IPC comm 0x20f6cdc0 nRanks 08
nid005128:77480:78007 [6] NCCL INFO Channel 10/0 : 6[d9000] -> 4[d1000] via P2P/IPC comm 0x210a7840 nRanks 08
nid005128:77481:78005 [7] NCCL INFO Channel 15/0 : 7[de000] -> 3[ce000] via P2P/IPC comm 0x20f73e90 nRanks 08
nid005128:77480:78007 [6] NCCL INFO Channel 14/0 : 6[d9000] -> 4[d1000] via P2P/IPC comm 0x210a7840 nRanks 08
nid005128:77479:78003 [5] NCCL INFO Channel 14/0 : 5[d6000] -> 1[c6000] via P2P/IPC comm 0x2100c3b0 nRanks 08
nid005128:77477:78008 [3] NCCL INFO Channel 00/0 : 3[ce000] -> 1[c6000] via P2P/IPC comm 0x20f6cdc0 nRanks 08
nid005128:77481:78005 [7] NCCL INFO Channel 00/0 : 7[de000] -> 5[d6000] via P2P/IPC comm 0x20f73e90 nRanks 08
nid005128:77478:78004 [4] NCCL INFO Channel 00/0 : 4[d1000] -> 2[c9000] via P2P/IPC comm 0x20f710b0 nRanks 08
nid005128:77477:78008 [3] NCCL INFO Channel 04/0 : 3[ce000] -> 1[c6000] via P2P/IPC comm 0x20f6cdc0 nRanks 08
nid005128:77481:78005 [7] NCCL INFO Channel 04/0 : 7[de000] -> 5[d6000] via P2P/IPC comm 0x20f73e90 nRanks 08
nid005128:77478:78004 [4] NCCL INFO Channel 04/0 : 4[d1000] -> 2[c9000] via P2P/IPC comm 0x20f710b0 nRanks 08
nid005128:77477:78008 [3] NCCL INFO Channel 08/0 : 3[ce000] -> 1[c6000] via P2P/IPC comm 0x20f6cdc0 nRanks 08
nid005128:77481:78005 [7] NCCL INFO Channel 08/0 : 7[de000] -> 5[d6000] via P2P/IPC comm 0x20f73e90 nRanks 08
nid005128:77478:78004 [4] NCCL INFO Channel 08/0 : 4[d1000] -> 2[c9000] via P2P/IPC comm 0x20f710b0 nRanks 08
nid005128:77477:78008 [3] NCCL INFO Channel 12/0 : 3[ce000] -> 1[c6000] via P2P/IPC comm 0x20f6cdc0 nRanks 08
nid005128:77481:78005 [7] NCCL INFO Channel 12/0 : 7[de000] -> 5[d6000] via P2P/IPC comm 0x20f73e90 nRanks 08
nid005128:77478:78004 [4] NCCL INFO Channel 12/0 : 4[d1000] -> 2[c9000] via P2P/IPC comm 0x20f710b0 nRanks 08
nid005128:77477:78008 [3] NCCL INFO Channel 01/0 : 3[ce000] -> 2[c9000] via P2P/IPC comm 0x20f6cdc0 nRanks 08
nid005128:77475:78009 [1] NCCL INFO Channel 00/0 : 1[c6000] -> 0[c1000] via P2P/IPC comm 0x20f6b6d0 nRanks 08
nid005128:77481:78005 [7] NCCL INFO Channel 01/0 : 7[de000] -> 6[d9000] via P2P/IPC comm 0x20f73e90 nRanks 08
nid005128:77479:78003 [5] NCCL INFO Channel 00/0 : 5[d6000] -> 4[d1000] via P2P/IPC comm 0x2100c3b0 nRanks 08
nid005128:77475:78009 [1] NCCL INFO Channel 02/0 : 1[c6000] -> 0[c1000] via P2P/IPC comm 0x20f6b6d0 nRanks 08
nid005128:77477:78008 [3] NCCL INFO Channel 03/0 : 3[ce000] -> 2[c9000] via P2P/IPC comm 0x20f6cdc0 nRanks 08
nid005128:77481:78005 [7] NCCL INFO Channel 02/0 : 7[de000] -> 6[d9000] via P2P/IPC comm 0x20f73e90 nRanks 08
nid005128:77479:78003 [5] NCCL INFO Channel 03/0 : 5[d6000] -> 4[d1000] via P2P/IPC comm 0x2100c3b0 nRanks 08
nid005128:77475:78009 [1] NCCL INFO Channel 04/0 : 1[c6000] -> 0[c1000] via P2P/IPC comm 0x20f6b6d0 nRanks 08
nid005128:77477:78008 [3] NCCL INFO Channel 05/0 : 3[ce000] -> 2[c9000] via P2P/IPC comm 0x20f6cdc0 nRanks 08
nid005128:77479:78003 [5] NCCL INFO Channel 04/0 : 5[d6000] -> 4[d1000] via P2P/IPC comm 0x2100c3b0 nRanks 08
nid005128:77481:78005 [7] NCCL INFO Channel 05/0 : 7[de000] -> 6[d9000] via P2P/IPC comm 0x20f73e90 nRanks 08
nid005128:77477:78008 [3] NCCL INFO Channel 07/0 : 3[ce000] -> 2[c9000] via P2P/IPC comm 0x20f6cdc0 nRanks 08
nid005128:77475:78009 [1] NCCL INFO Channel 06/0 : 1[c6000] -> 0[c1000] via P2P/IPC comm 0x20f6b6d0 nRanks 08
nid005128:77481:78005 [7] NCCL INFO Channel 06/0 : 7[de000] -> 6[d9000] via P2P/IPC comm 0x20f73e90 nRanks 08
nid005128:77479:78003 [5] NCCL INFO Channel 07/0 : 5[d6000] -> 4[d1000] via P2P/IPC comm 0x2100c3b0 nRanks 08
nid005128:77475:78009 [1] NCCL INFO Channel 08/0 : 1[c6000] -> 0[c1000] via P2P/IPC comm 0x20f6b6d0 nRanks 08
nid005128:77477:78008 [3] NCCL INFO Channel 09/0 : 3[ce000] -> 2[c9000] via P2P/IPC comm 0x20f6cdc0 nRanks 08
nid005128:77481:78005 [7] NCCL INFO Channel 09/0 : 7[de000] -> 6[d9000] via P2P/IPC comm 0x20f73e90 nRanks 08
nid005128:77479:78003 [5] NCCL INFO Channel 08/0 : 5[d6000] -> 4[d1000] via P2P/IPC comm 0x2100c3b0 nRanks 08
nid005128:77475:78009 [1] NCCL INFO Channel 10/0 : 1[c6000] -> 0[c1000] via P2P/IPC comm 0x20f6b6d0 nRanks 08
nid005128:77477:78008 [3] NCCL INFO Channel 11/0 : 3[ce000] -> 2[c9000] via P2P/IPC comm 0x20f6cdc0 nRanks 08
nid005128:77481:78005 [7] NCCL INFO Channel 10/0 : 7[de000] -> 6[d9000] via P2P/IPC comm 0x20f73e90 nRanks 08
nid005128:77477:78008 [3] NCCL INFO Channel 13/0 : 3[ce000] -> 2[c9000] via P2P/IPC comm 0x20f6cdc0 nRanks 08
nid005128:77475:78009 [1] NCCL INFO Channel 12/0 : 1[c6000] -> 0[c1000] via P2P/IPC comm 0x20f6b6d0 nRanks 08
nid005128:77479:78003 [5] NCCL INFO Channel 11/0 : 5[d6000] -> 4[d1000] via P2P/IPC comm 0x2100c3b0 nRanks 08
nid005128:77481:78005 [7] NCCL INFO Channel 13/0 : 7[de000] -> 6[d9000] via P2P/IPC comm 0x20f73e90 nRanks 08
nid005128:77477:78008 [3] NCCL INFO Channel 15/0 : 3[ce000] -> 2[c9000] via P2P/IPC comm 0x20f6cdc0 nRanks 08
nid005128:77475:78009 [1] NCCL INFO Channel 14/0 : 1[c6000] -> 0[c1000] via P2P/IPC comm 0x20f6b6d0 nRanks 08
nid005128:77479:78003 [5] NCCL INFO Channel 12/0 : 5[d6000] -> 4[d1000] via P2P/IPC comm 0x2100c3b0 nRanks 08
nid005128:77481:78005 [7] NCCL INFO Channel 14/0 : 7[de000] -> 6[d9000] via P2P/IPC comm 0x20f73e90 nRanks 08
nid005128:77479:78003 [5] NCCL INFO Channel 15/0 : 5[d6000] -> 4[d1000] via P2P/IPC comm 0x2100c3b0 nRanks 08
nid005128:77478:78004 [4] NCCL INFO Connected all trees
nid005128:77475:78009 [1] NCCL INFO Connected all trees
nid005128:77474:78002 [0] NCCL INFO Connected all trees
nid005128:77479:78003 [5] NCCL INFO Connected all trees
nid005128:77480:78007 [6] NCCL INFO Connected all trees
nid005128:77476:78006 [2] NCCL INFO Connected all trees
nid005128:77477:78008 [3] NCCL INFO Connected all trees
nid005128:77481:78005 [7] NCCL INFO Connected all trees
nid005128:77474:78002 [0] NCCL INFO threadThresholds 8/8/64 | 64/8/64 | 256 | 256
nid005128:77475:78009 [1] NCCL INFO threadThresholds 8/8/64 | 64/8/64 | 256 | 256
nid005128:77475:78009 [1] NCCL INFO 16 coll channels, 16 collnet channels, 0 nvls channels, 16 p2p channels, 2 p2p channels per peer
nid005128:77474:78002 [0] NCCL INFO 16 coll channels, 16 collnet channels, 0 nvls channels, 16 p2p channels, 2 p2p channels per peer
nid005128:77476:78006 [2] NCCL INFO threadThresholds 8/8/64 | 64/8/64 | 256 | 256
nid005128:77476:78006 [2] NCCL INFO 16 coll channels, 16 collnet channels, 0 nvls channels, 16 p2p channels, 2 p2p channels per peer
nid005128:77474:78002 [0] NCCL INFO CC Off, Multi-GPU CC Off, workFifoBytes 1048576
nid005128:77479:78003 [5] NCCL INFO threadThresholds 8/8/64 | 64/8/64 | 256 | 256
nid005128:77479:78003 [5] NCCL INFO 16 coll channels, 16 collnet channels, 0 nvls channels, 16 p2p channels, 2 p2p channels per peer
nid005128:77480:78007 [6] NCCL INFO threadThresholds 8/8/64 | 64/8/64 | 256 | 256
nid005128:77480:78007 [6] NCCL INFO 16 coll channels, 16 collnet channels, 0 nvls channels, 16 p2p channels, 2 p2p channels per peer
nid005128:77477:78008 [3] NCCL INFO threadThresholds 8/8/64 | 64/8/64 | 256 | 256
nid005128:77478:78004 [4] NCCL INFO threadThresholds 8/8/64 | 64/8/64 | 256 | 256
nid005128:77477:78008 [3] NCCL INFO 16 coll channels, 16 collnet channels, 0 nvls channels, 16 p2p channels, 2 p2p channels per peer
nid005128:77478:78004 [4] NCCL INFO 16 coll channels, 16 collnet channels, 0 nvls channels, 16 p2p channels, 2 p2p channels per peer
nid005128:77481:78005 [7] NCCL INFO threadThresholds 8/8/64 | 64/8/64 | 256 | 256
nid005128:77481:78005 [7] NCCL INFO 16 coll channels, 16 collnet channels, 0 nvls channels, 16 p2p channels, 2 p2p channels per peer
nid005128:77479:78003 [5] NCCL INFO ncclCommInitRank comm 0x2100c3b0 rank 5 nranks 8 cudaDev 5 nvmlDev 5 busId d6000 commId 0xf8466ffd46b59a47 localSize 272 used 1529449088 bytes on core 65 - Init COMPLETE
nid005128:77479:78003 [5] NCCL INFO Init timings: rank 5 nranks 8 total 1.24 (kernels 0.00, bootstrap 0.05, allgathers 0.03, topo 0.91, graphs 0.01, connections 0.24, rest 0.00)
nid005128:77475:78009 [1] NCCL INFO ncclCommInitRank comm 0x20f6b6d0 rank 1 nranks 8 cudaDev 1 nvmlDev 1 busId c6000 commId 0xf8466ffd46b59a47 localSize 272 used 1529449088 bytes on core 58 - Init COMPLETE
nid005128:77476:78006 [2] NCCL INFO ncclCommInitRank comm 0x20f7a770 rank 2 nranks 8 cudaDev 2 nvmlDev 2 busId c9000 commId 0xf8466ffd46b59a47 localSize 272 used 1428785792 bytes on core 17 - Init COMPLETE
nid005128:77475:78009 [1] NCCL INFO Init timings: rank 1 nranks 8 total 1.21 (kernels 0.00, bootstrap 0.03, allgathers 0.05, topo 0.90, graphs 0.01, connections 0.24, rest 0.00)
nid005128:77480:78007 [6] NCCL INFO ncclCommInitRank comm 0x210a7840 rank 6 nranks 8 cudaDev 6 nvmlDev 6 busId d9000 commId 0xf8466ffd46b59a47 localSize 272 used 1428785792 bytes on core 107 - Init COMPLETE
nid005128:77476:78006 [2] NCCL INFO Init timings: rank 2 nranks 8 total 1.24 (kernels 0.00, bootstrap 0.05, allgathers 0.05, topo 0.89, graphs 0.01, connections 0.24, rest 0.00)
nid005128:77480:78007 [6] NCCL INFO Init timings: rank 6 nranks 8 total 1.24 (kernels 0.00, bootstrap 0.05, allgathers 0.03, topo 0.91, graphs 0.01, connections 0.24, rest 0.00)
nid005128:77481:78005 [7] NCCL INFO ncclCommInitRank comm 0x20f73e90 rank 7 nranks 8 cudaDev 7 nvmlDev 7 busId de000 commId 0xf8466ffd46b59a47 localSize 272 used 1529449088 bytes on core 33 - Init COMPLETE
nid005128:77478:78004 [4] NCCL INFO ncclCommInitRank comm 0x20f710b0 rank 4 nranks 8 cudaDev 4 nvmlDev 4 busId d1000 commId 0xf8466ffd46b59a47 localSize 272 used 1529449088 bytes on core 14 - Init COMPLETE
nid005128:77481:78005 [7] NCCL INFO Init timings: rank 7 nranks 8 total 1.24 (kernels 0.00, bootstrap 0.05, allgathers 0.01, topo 0.94, graphs 0.01, connections 0.24, rest 0.00)
nid005128:77477:78008 [3] NCCL INFO ncclCommInitRank comm 0x20f6cdc0 rank 3 nranks 8 cudaDev 3 nvmlDev 3 busId ce000 commId 0xf8466ffd46b59a47 localSize 272 used 1529449088 bytes on core 25 - Init COMPLETE
nid005128:77478:78004 [4] NCCL INFO Init timings: rank 4 nranks 8 total 1.24 (kernels 0.00, bootstrap 0.05, allgathers 0.05, topo 0.90, graphs 0.01, connections 0.24, rest 0.00)
nid005128:77477:78008 [3] NCCL INFO Init timings: rank 3 nranks 8 total 1.21 (kernels 0.00, bootstrap 0.03, allgathers 0.09, topo 0.86, graphs 0.01, connections 0.24, rest 0.00)
nid005128:77474:78002 [0] NCCL INFO ncclCommInitRank comm 0x20f89200 rank 0 nranks 8 cudaDev 0 nvmlDev 0 busId c1000 commId 0xf8466ffd46b59a47 localSize 272 used 1328122496 bytes on core 51 - Init COMPLETE
nid005128:77474:78002 [0] NCCL INFO Init timings: rank 0 nranks 8 total 1.24 (kernels 0.00, bootstrap 0.05, allgathers 0.00, topo 0.94, graphs 0.01, connections 0.24, rest 0.00)
[Rank 0] time (ms) | fwd_microstep: 44.69 | bwd_microstep: 46.15 | bwd_inner_microstep: 36.53 | bwd_allreduce_microstep: 9.59 | step_microstep: 81.14
[Rank 0] time (ms) | fwd: 44.68 | bwd: 46.15 | bwd_inner: 36.53 | bwd_allreduce: 9.59 | step: 81.14
[Rank 0] time (ms) | fwd_microstep: 43.82 | bwd_microstep: 46.23 | bwd_inner_microstep: 36.53 | bwd_allreduce_microstep: 9.67 | step_microstep: 81.28
[Rank 0] time (ms) | fwd: 43.82 | bwd: 46.23 | bwd_inner: 36.53 | bwd_allreduce: 9.67 | step: 81.29
[Rank 0] time (ms) | fwd_microstep: 44.16 | bwd_microstep: 46.21 | bwd_inner_microstep: 36.58 | bwd_allreduce_microstep: 9.59 | step_microstep: 81.36
[Rank 0] time (ms) | fwd: 44.16 | bwd: 46.21 | bwd_inner: 36.58 | bwd_allreduce: 9.59 | step: 81.36
[Rank 0] time (ms) | fwd_microstep: 44.09 | bwd_microstep: 46.12 | bwd_inner_microstep: 36.45 | bwd_allreduce_microstep: 9.65 | step_microstep: 80.84
[Rank 0] time (ms) | fwd: 44.08 | bwd: 46.12 | bwd_inner: 36.45 | bwd_allreduce: 9.65 | step: 80.84
[Rank 0] time (ms) | fwd_microstep: 44.30 | bwd_microstep: 46.10 | bwd_inner_microstep: 36.46 | bwd_allreduce_microstep: 9.61 | step_microstep: 81.37
[Rank 0] time (ms) | fwd: 44.29 | bwd: 46.10 | bwd_inner: 36.46 | bwd_allreduce: 9.61 | step: 81.38
[Rank 0] time (ms) | fwd_microstep: 44.65 | bwd_microstep: 46.24 | bwd_inner_microstep: 36.54 | bwd_allreduce_microstep: 9.66 | step_microstep: 80.41
[Rank 0] time (ms) | fwd: 44.64 | bwd: 46.24 | bwd_inner: 36.54 | bwd_allreduce: 9.66 | step: 80.42
[Rank 0] time (ms) | fwd_microstep: 44.95 | bwd_microstep: 46.16 | bwd_inner_microstep: 36.52 | bwd_allreduce_microstep: 9.61 | step_microstep: 81.27
[Rank 0] time (ms) | fwd: 44.95 | bwd: 46.16 | bwd_inner: 36.52 | bwd_allreduce: 9.61 | step: 81.28
[Rank 0] time (ms) | fwd_microstep: 45.47 | bwd_microstep: 46.25 | bwd_inner_microstep: 36.58 | bwd_allreduce_microstep: 9.64 | step_microstep: 80.89
[Rank 0] time (ms) | fwd: 45.47 | bwd: 46.25 | bwd_inner: 36.58 | bwd_allreduce: 9.64 | step: 80.89
[Rank 0] time (ms) | fwd_microstep: 46.14 | bwd_microstep: 46.22 | bwd_inner_microstep: 36.60 | bwd_allreduce_microstep: 9.59 | step_microstep: 82.07
[Rank 0] time (ms) | fwd: 46.14 | bwd: 46.22 | bwd_inner: 36.60 | bwd_allreduce: 9.59 | step: 82.08
[Rank 0] time (ms) | fwd_microstep: 47.18 | bwd_microstep: 46.21 | bwd_inner_microstep: 36.51 | bwd_allreduce_microstep: 9.67 | step_microstep: 80.70
[Rank 0] time (ms) | fwd: 47.17 | bwd: 46.21 | bwd_inner: 36.51 | bwd_allreduce: 9.67 | step: 80.71
[Rank 0] time (ms) | fwd_microstep: 47.84 | bwd_microstep: 46.15 | bwd_inner_microstep: 36.52 | bwd_allreduce_microstep: 9.60 | step_microstep: 81.61
[Rank 0] time (ms) | fwd: 47.83 | bwd: 46.15 | bwd_inner: 36.52 | bwd_allreduce: 9.60 | step: 81.61
[Rank 0] time (ms) | fwd_microstep: 48.09 | bwd_microstep: 46.25 | bwd_inner_microstep: 36.53 | bwd_allreduce_microstep: 9.68 | step_microstep: 80.95
[Rank 0] time (ms) | fwd: 48.08 | bwd: 46.25 | bwd_inner: 36.53 | bwd_allreduce: 9.68 | step: 80.96
[Rank 0] time (ms) | fwd_microstep: 48.51 | bwd_microstep: 46.25 | bwd_inner_microstep: 36.62 | bwd_allreduce_microstep: 9.60 | step_microstep: 81.27
[Rank 0] time (ms) | fwd: 48.50 | bwd: 46.25 | bwd_inner: 36.62 | bwd_allreduce: 9.60 | step: 81.27
[Rank 0] time (ms) | fwd_microstep: 49.47 | bwd_microstep: 46.29 | bwd_inner_microstep: 36.61 | bwd_allreduce_microstep: 9.65 | step_microstep: 80.65
[Rank 0] time (ms) | fwd: 49.47 | bwd: 46.29 | bwd_inner: 36.61 | bwd_allreduce: 9.65 | step: 80.66
[Rank 0] time (ms) | fwd_microstep: 50.07 | bwd_microstep: 46.30 | bwd_inner_microstep: 36.66 | bwd_allreduce_microstep: 9.62 | step_microstep: 81.22
[Rank 0] time (ms) | fwd: 50.06 | bwd: 46.30 | bwd_inner: 36.66 | bwd_allreduce: 9.62 | step: 81.22
[Rank 0] time (ms) | fwd_microstep: 50.38 | bwd_microstep: 46.32 | bwd_inner_microstep: 36.61 | bwd_allreduce_microstep: 9.69 | step_microstep: 81.29
[Rank 0] time (ms) | fwd: 50.37 | bwd: 46.32 | bwd_inner: 36.61 | bwd_allreduce: 9.69 | step: 81.30
[Rank 0] time (ms) | fwd_microstep: 51.23 | bwd_microstep: 46.26 | bwd_inner_microstep: 36.62 | bwd_allreduce_microstep: 9.61 | step_microstep: 81.39
[Rank 0] time (ms) | fwd: 51.22 | bwd: 46.26 | bwd_inner: 36.62 | bwd_allreduce: 9.61 | step: 81.40
[Rank 0] time (ms) | fwd_microstep: 51.74 | bwd_microstep: 46.39 | bwd_inner_microstep: 36.70 | bwd_allreduce_microstep: 9.66 | step_microstep: 80.85
[Rank 0] time (ms) | fwd: 51.74 | bwd: 46.39 | bwd_inner: 36.70 | bwd_allreduce: 9.66 | step: 80.86
[Rank 0] time (ms) | fwd_microstep: 52.39 | bwd_microstep: 46.39 | bwd_inner_microstep: 36.75 | bwd_allreduce_microstep: 9.60 | step_microstep: 81.78
[Rank 0] time (ms) | fwd: 52.38 | bwd: 46.39 | bwd_inner: 36.75 | bwd_allreduce: 9.60 | step: 81.78
step=20 step_time=0.1830s tok/s=89550.58 mem_alloc=9937516032
[Rank 0] time (ms) | fwd_microstep: 51.96 | bwd_microstep: 46.36 | bwd_inner_microstep: 36.70 | bwd_allreduce_microstep: 9.64 | step_microstep: 81.40
[Rank 0] time (ms) | fwd: 51.95 | bwd: 46.36 | bwd_inner: 36.69 | bwd_allreduce: 9.64 | step: 81.40
[Rank 0] time (ms) | fwd_microstep: 53.19 | bwd_microstep: 46.25 | bwd_inner_microstep: 36.61 | bwd_allreduce_microstep: 9.61 | step_microstep: 81.38
[Rank 0] time (ms) | fwd: 53.18 | bwd: 46.25 | bwd_inner: 36.61 | bwd_allreduce: 9.61 | step: 81.39
[Rank 0] time (ms) | fwd_microstep: 53.57 | bwd_microstep: 46.33 | bwd_inner_microstep: 36.66 | bwd_allreduce_microstep: 9.64 | step_microstep: 81.10
[Rank 0] time (ms) | fwd: 53.56 | bwd: 46.33 | bwd_inner: 36.66 | bwd_allreduce: 9.64 | step: 81.11
[Rank 0] time (ms) | fwd_microstep: 54.10 | bwd_microstep: 46.30 | bwd_inner_microstep: 36.67 | bwd_allreduce_microstep: 9.60 | step_microstep: 81.18
[Rank 0] time (ms) | fwd: 54.09 | bwd: 46.30 | bwd_inner: 36.67 | bwd_allreduce: 9.60 | step: 81.18
[Rank 0] time (ms) | fwd_microstep: 54.60 | bwd_microstep: 46.45 | bwd_inner_microstep: 36.75 | bwd_allreduce_microstep: 9.67 | step_microstep: 81.61
[Rank 0] time (ms) | fwd: 54.59 | bwd: 46.45 | bwd_inner: 36.75 | bwd_allreduce: 9.67 | step: 81.62
[Rank 0] time (ms) | fwd_microstep: 55.35 | bwd_microstep: 46.47 | bwd_inner_microstep: 36.83 | bwd_allreduce_microstep: 9.61 | step_microstep: 81.80
[Rank 0] time (ms) | fwd: 55.34 | bwd: 46.47 | bwd_inner: 36.83 | bwd_allreduce: 9.61 | step: 81.81
[Rank 0] time (ms) | fwd_microstep: 55.75 | bwd_microstep: 46.47 | bwd_inner_microstep: 36.80 | bwd_allreduce_microstep: 9.64 | step_microstep: 80.66
[Rank 0] time (ms) | fwd: 55.75 | bwd: 46.47 | bwd_inner: 36.80 | bwd_allreduce: 9.64 | step: 80.66
[Rank 0] time (ms) | fwd_microstep: 56.62 | bwd_microstep: 46.37 | bwd_inner_microstep: 36.69 | bwd_allreduce_microstep: 9.65 | step_microstep: 81.62
[Rank 0] time (ms) | fwd: 56.61 | bwd: 46.37 | bwd_inner: 36.69 | bwd_allreduce: 9.65 | step: 81.63
[Rank 0] time (ms) | fwd_microstep: 56.75 | bwd_microstep: 46.53 | bwd_inner_microstep: 36.83 | bwd_allreduce_microstep: 9.67 | step_microstep: 80.87
[Rank 0] time (ms) | fwd: 56.75 | bwd: 46.53 | bwd_inner: 36.83 | bwd_allreduce: 9.67 | step: 80.87
[Rank 0] time (ms) | fwd_microstep: 57.54 | bwd_microstep: 46.49 | bwd_inner_microstep: 36.83 | bwd_allreduce_microstep: 9.63 | step_microstep: 81.93
[Rank 0] time (ms) | fwd: 57.53 | bwd: 46.49 | bwd_inner: 36.83 | bwd_allreduce: 9.63 | step: 81.93
[Rank 0] time (ms) | fwd_microstep: 57.79 | bwd_microstep: 46.63 | bwd_inner_microstep: 36.93 | bwd_allreduce_microstep: 9.66 | step_microstep: 80.77
[Rank 0] time (ms) | fwd: 57.78 | bwd: 46.63 | bwd_inner: 36.93 | bwd_allreduce: 9.66 | step: 80.78
[Rank 0] time (ms) | fwd_microstep: 58.24 | bwd_microstep: 46.51 | bwd_inner_microstep: 36.86 | bwd_allreduce_microstep: 9.62 | step_microstep: 81.61
[Rank 0] time (ms) | fwd: 58.23 | bwd: 46.51 | bwd_inner: 36.86 | bwd_allreduce: 9.62 | step: 81.62
[Rank 0] time (ms) | fwd_microstep: 58.77 | bwd_microstep: 46.67 | bwd_inner_microstep: 36.96 | bwd_allreduce_microstep: 9.68 | step_microstep: 80.70
[Rank 0] time (ms) | fwd: 58.76 | bwd: 46.67 | bwd_inner: 36.96 | bwd_allreduce: 9.68 | step: 80.70
[Rank 0] time (ms) | fwd_microstep: 59.38 | bwd_microstep: 46.57 | bwd_inner_microstep: 36.95 | bwd_allreduce_microstep: 9.58 | step_microstep: 81.75
[Rank 0] time (ms) | fwd: 59.37 | bwd: 46.57 | bwd_inner: 36.95 | bwd_allreduce: 9.58 | step: 81.75
[Rank 0] time (ms) | fwd_microstep: 59.83 | bwd_microstep: 46.57 | bwd_inner_microstep: 36.87 | bwd_allreduce_microstep: 9.67 | step_microstep: 81.11
[Rank 0] time (ms) | fwd: 59.82 | bwd: 46.57 | bwd_inner: 36.87 | bwd_allreduce: 9.67 | step: 81.11
[Rank 0] time (ms) | fwd_microstep: 59.78 | bwd_microstep: 46.49 | bwd_inner_microstep: 36.87 | bwd_allreduce_microstep: 9.58 | step_microstep: 81.49
[Rank 0] time (ms) | fwd: 59.77 | bwd: 46.49 | bwd_inner: 36.87 | bwd_allreduce: 9.58 | step: 81.50
[Rank 0] time (ms) | fwd_microstep: 58.35 | bwd_microstep: 46.68 | bwd_inner_microstep: 36.98 | bwd_allreduce_microstep: 9.67 | step_microstep: 80.70
[Rank 0] time (ms) | fwd: 58.34 | bwd: 46.68 | bwd_inner: 36.98 | bwd_allreduce: 9.67 | step: 80.70
[Rank 0] time (ms) | fwd_microstep: 58.32 | bwd_microstep: 46.79 | bwd_inner_microstep: 37.11 | bwd_allreduce_microstep: 9.66 | step_microstep: 81.52
[Rank 0] time (ms) | fwd: 58.32 | bwd: 46.79 | bwd_inner: 37.11 | bwd_allreduce: 9.66 | step: 81.52
[Rank 0] time (ms) | fwd_microstep: 59.25 | bwd_microstep: 46.81 | bwd_inner_microstep: 37.13 | bwd_allreduce_microstep: 9.65 | step_microstep: 80.73
[Rank 0] time (ms) | fwd: 59.24 | bwd: 46.81 | bwd_inner: 37.13 | bwd_allreduce: 9.65 | step: 80.73
[Rank 0] time (ms) | fwd_microstep: 61.30 | bwd_microstep: 46.74 | bwd_inner_microstep: 37.09 | bwd_allreduce_microstep: 9.62 | step_microstep: 81.92
[Rank 0] time (ms) | fwd: 61.29 | bwd: 46.74 | bwd_inner: 37.09 | bwd_allreduce: 9.62 | step: 81.92
step=40 step_time=0.1924s tok/s=85149.04 mem_alloc=9937516032
[Rank 0] time (ms) | fwd_microstep: 60.90 | bwd_microstep: 46.84 | bwd_inner_microstep: 37.12 | bwd_allreduce_microstep: 9.69 | step_microstep: 81.43
[Rank 0] time (ms) | fwd: 60.89 | bwd: 46.84 | bwd_inner: 37.12 | bwd_allreduce: 9.69 | step: 81.44
[Rank 0] time (ms) | fwd_microstep: 62.11 | bwd_microstep: 46.70 | bwd_inner_microstep: 37.08 | bwd_allreduce_microstep: 9.59 | step_microstep: 81.15
[Rank 0] time (ms) | fwd: 62.10 | bwd: 46.70 | bwd_inner: 37.08 | bwd_allreduce: 9.59 | step: 81.15
[Rank 0] time (ms) | fwd_microstep: 63.31 | bwd_microstep: 46.78 | bwd_inner_microstep: 37.08 | bwd_allreduce_microstep: 9.67 | step_microstep: 81.07
[Rank 0] time (ms) | fwd: 63.30 | bwd: 46.78 | bwd_inner: 37.08 | bwd_allreduce: 9.67 | step: 81.09
[Rank 0] time (ms) | fwd_microstep: 61.91 | bwd_microstep: 46.83 | bwd_inner_microstep: 37.17 | bwd_allreduce_microstep: 9.63 | step_microstep: 81.24
[Rank 0] time (ms) | fwd: 61.91 | bwd: 46.83 | bwd_inner: 37.17 | bwd_allreduce: 9.63 | step: 81.24
[Rank 0] time (ms) | fwd_microstep: 61.93 | bwd_microstep: 46.91 | bwd_inner_microstep: 37.21 | bwd_allreduce_microstep: 9.67 | step_microstep: 80.85
[Rank 0] time (ms) | fwd: 61.92 | bwd: 46.91 | bwd_inner: 37.21 | bwd_allreduce: 9.67 | step: 80.83
[Rank 0] time (ms) | fwd_microstep: 62.12 | bwd_microstep: 47.02 | bwd_inner_microstep: 37.41 | bwd_allreduce_microstep: 9.59 | step_microstep: 81.05
[Rank 0] time (ms) | fwd: 62.11 | bwd: 47.02 | bwd_inner: 37.41 | bwd_allreduce: 9.59 | step: 81.06
