nid005197:36459:36920 [7] NCCL INFO Channel 03/0 : 7[de000] -> 6[d9000] via P2P/IPC comm 0x1abe36b0 nRanks 08
nid005197:36457:36922 [5] NCCL INFO Channel 02/0 : 5[d6000] -> 4[d1000] via P2P/IPC comm 0x1abf2bb0 nRanks 08
nid005197:36455:36925 [3] NCCL INFO Channel 04/0 : 3[ce000] -> 2[c9000] via P2P/IPC comm 0x1abc3820 nRanks 08
nid005197:36453:36923 [1] NCCL INFO Channel 05/0 : 1[c6000] -> 0[c1000] via P2P/IPC comm 0x1abf3e70 nRanks 08
nid005197:36459:36920 [7] NCCL INFO Channel 04/0 : 7[de000] -> 6[d9000] via P2P/IPC comm 0x1abe36b0 nRanks 08
nid005197:36457:36922 [5] NCCL INFO Channel 05/0 : 5[d6000] -> 4[d1000] via P2P/IPC comm 0x1abf2bb0 nRanks 08
nid005197:36455:36925 [3] NCCL INFO Channel 06/0 : 3[ce000] -> 2[c9000] via P2P/IPC comm 0x1abc3820 nRanks 08
nid005197:36453:36923 [1] NCCL INFO Channel 07/0 : 1[c6000] -> 0[c1000] via P2P/IPC comm 0x1abf3e70 nRanks 08
nid005197:36459:36920 [7] NCCL INFO Channel 07/0 : 7[de000] -> 6[d9000] via P2P/IPC comm 0x1abe36b0 nRanks 08
nid005197:36457:36922 [5] NCCL INFO Channel 06/0 : 5[d6000] -> 4[d1000] via P2P/IPC comm 0x1abf2bb0 nRanks 08
nid005197:36455:36925 [3] NCCL INFO Channel 08/0 : 3[ce000] -> 2[c9000] via P2P/IPC comm 0x1abc3820 nRanks 08
nid005197:36453:36923 [1] NCCL INFO Channel 09/0 : 1[c6000] -> 0[c1000] via P2P/IPC comm 0x1abf3e70 nRanks 08
nid005197:36457:36922 [5] NCCL INFO Channel 09/0 : 5[d6000] -> 4[d1000] via P2P/IPC comm 0x1abf2bb0 nRanks 08
nid005197:36459:36920 [7] NCCL INFO Channel 08/0 : 7[de000] -> 6[d9000] via P2P/IPC comm 0x1abe36b0 nRanks 08
nid005197:36455:36925 [3] NCCL INFO Channel 10/0 : 3[ce000] -> 2[c9000] via P2P/IPC comm 0x1abc3820 nRanks 08
nid005197:36453:36923 [1] NCCL INFO Channel 11/0 : 1[c6000] -> 0[c1000] via P2P/IPC comm 0x1abf3e70 nRanks 08
nid005197:36457:36922 [5] NCCL INFO Channel 10/0 : 5[d6000] -> 4[d1000] via P2P/IPC comm 0x1abf2bb0 nRanks 08
nid005197:36459:36920 [7] NCCL INFO Channel 11/0 : 7[de000] -> 6[d9000] via P2P/IPC comm 0x1abe36b0 nRanks 08
nid005197:36455:36925 [3] NCCL INFO Channel 12/0 : 3[ce000] -> 2[c9000] via P2P/IPC comm 0x1abc3820 nRanks 08
nid005197:36453:36923 [1] NCCL INFO Channel 13/0 : 1[c6000] -> 0[c1000] via P2P/IPC comm 0x1abf3e70 nRanks 08
nid005197:36457:36922 [5] NCCL INFO Channel 13/0 : 5[d6000] -> 4[d1000] via P2P/IPC comm 0x1abf2bb0 nRanks 08
nid005197:36459:36920 [7] NCCL INFO Channel 12/0 : 7[de000] -> 6[d9000] via P2P/IPC comm 0x1abe36b0 nRanks 08
nid005197:36455:36925 [3] NCCL INFO Channel 14/0 : 3[ce000] -> 2[c9000] via P2P/IPC comm 0x1abc3820 nRanks 08
nid005197:36453:36923 [1] NCCL INFO Channel 15/0 : 1[c6000] -> 0[c1000] via P2P/IPC comm 0x1abf3e70 nRanks 08
nid005197:36457:36922 [5] NCCL INFO Channel 14/0 : 5[d6000] -> 4[d1000] via P2P/IPC comm 0x1abf2bb0 nRanks 08
nid005197:36459:36920 [7] NCCL INFO Channel 15/0 : 7[de000] -> 6[d9000] via P2P/IPC comm 0x1abe36b0 nRanks 08
nid005197:36453:36923 [1] NCCL INFO Connected all rings
nid005197:36452:36918 [0] NCCL INFO Connected all rings
nid005197:36452:36918 [0] NCCL INFO Channel 01/0 : 0[c1000] -> 1[c6000] via P2P/IPC comm 0x1ac918f0 nRanks 08
nid005197:36459:36920 [7] NCCL INFO Connected all rings
nid005197:36455:36925 [3] NCCL INFO Connected all rings
nid005197:36458:36924 [6] NCCL INFO Connected all rings
nid005197:36458:36924 [6] NCCL INFO Channel 00/0 : 6[d9000] -> 7[de000] via P2P/IPC comm 0x1ac9dec0 nRanks 08
nid005197:36457:36922 [5] NCCL INFO Connected all rings
nid005197:36454:36921 [2] NCCL INFO Connected all rings
nid005197:36454:36921 [2] NCCL INFO Channel 00/0 : 2[c9000] -> 3[ce000] via P2P/IPC comm 0x1abf9540 nRanks 08
nid005197:36456:36919 [4] NCCL INFO Connected all rings
nid005197:36456:36919 [4] NCCL INFO Channel 01/0 : 4[d1000] -> 5[d6000] via P2P/IPC comm 0x1acb34c0 nRanks 08
nid005197:36452:36918 [0] NCCL INFO Channel 03/0 : 0[c1000] -> 1[c6000] via P2P/IPC comm 0x1ac918f0 nRanks 08
nid005197:36454:36921 [2] NCCL INFO Channel 02/0 : 2[c9000] -> 3[ce000] via P2P/IPC comm 0x1abf9540 nRanks 08
nid005197:36456:36919 [4] NCCL INFO Channel 02/0 : 4[d1000] -> 5[d6000] via P2P/IPC comm 0x1acb34c0 nRanks 08
nid005197:36458:36924 [6] NCCL INFO Channel 03/0 : 6[d9000] -> 7[de000] via P2P/IPC comm 0x1ac9dec0 nRanks 08
nid005197:36454:36921 [2] NCCL INFO Channel 04/0 : 2[c9000] -> 3[ce000] via P2P/IPC comm 0x1abf9540 nRanks 08
nid005197:36452:36918 [0] NCCL INFO Channel 05/0 : 0[c1000] -> 1[c6000] via P2P/IPC comm 0x1ac918f0 nRanks 08
nid005197:36456:36919 [4] NCCL INFO Channel 05/0 : 4[d1000] -> 5[d6000] via P2P/IPC comm 0x1acb34c0 nRanks 08
nid005197:36458:36924 [6] NCCL INFO Channel 04/0 : 6[d9000] -> 7[de000] via P2P/IPC comm 0x1ac9dec0 nRanks 08
nid005197:36454:36921 [2] NCCL INFO Channel 06/0 : 2[c9000] -> 3[ce000] via P2P/IPC comm 0x1abf9540 nRanks 08
nid005197:36452:36918 [0] NCCL INFO Channel 07/0 : 0[c1000] -> 1[c6000] via P2P/IPC comm 0x1ac918f0 nRanks 08
nid005197:36456:36919 [4] NCCL INFO Channel 06/0 : 4[d1000] -> 5[d6000] via P2P/IPC comm 0x1acb34c0 nRanks 08
nid005197:36458:36924 [6] NCCL INFO Channel 07/0 : 6[d9000] -> 7[de000] via P2P/IPC comm 0x1ac9dec0 nRanks 08
nid005197:36454:36921 [2] NCCL INFO Channel 08/0 : 2[c9000] -> 3[ce000] via P2P/IPC comm 0x1abf9540 nRanks 08
nid005197:36452:36918 [0] NCCL INFO Channel 09/0 : 0[c1000] -> 1[c6000] via P2P/IPC comm 0x1ac918f0 nRanks 08
nid005197:36456:36919 [4] NCCL INFO Channel 09/0 : 4[d1000] -> 5[d6000] via P2P/IPC comm 0x1acb34c0 nRanks 08
nid005197:36458:36924 [6] NCCL INFO Channel 08/0 : 6[d9000] -> 7[de000] via P2P/IPC comm 0x1ac9dec0 nRanks 08
nid005197:36454:36921 [2] NCCL INFO Channel 10/0 : 2[c9000] -> 3[ce000] via P2P/IPC comm 0x1abf9540 nRanks 08
nid005197:36452:36918 [0] NCCL INFO Channel 11/0 : 0[c1000] -> 1[c6000] via P2P/IPC comm 0x1ac918f0 nRanks 08
nid005197:36458:36924 [6] NCCL INFO Channel 11/0 : 6[d9000] -> 7[de000] via P2P/IPC comm 0x1ac9dec0 nRanks 08
nid005197:36456:36919 [4] NCCL INFO Channel 10/0 : 4[d1000] -> 5[d6000] via P2P/IPC comm 0x1acb34c0 nRanks 08
nid005197:36454:36921 [2] NCCL INFO Channel 12/0 : 2[c9000] -> 3[ce000] via P2P/IPC comm 0x1abf9540 nRanks 08
nid005197:36452:36918 [0] NCCL INFO Channel 13/0 : 0[c1000] -> 1[c6000] via P2P/IPC comm 0x1ac918f0 nRanks 08
nid005197:36458:36924 [6] NCCL INFO Channel 12/0 : 6[d9000] -> 7[de000] via P2P/IPC comm 0x1ac9dec0 nRanks 08
nid005197:36456:36919 [4] NCCL INFO Channel 13/0 : 4[d1000] -> 5[d6000] via P2P/IPC comm 0x1acb34c0 nRanks 08
nid005197:36454:36921 [2] NCCL INFO Channel 14/0 : 2[c9000] -> 3[ce000] via P2P/IPC comm 0x1abf9540 nRanks 08
nid005197:36452:36918 [0] NCCL INFO Channel 15/0 : 0[c1000] -> 1[c6000] via P2P/IPC comm 0x1ac918f0 nRanks 08
nid005197:36458:36924 [6] NCCL INFO Channel 15/0 : 6[d9000] -> 7[de000] via P2P/IPC comm 0x1ac9dec0 nRanks 08
nid005197:36456:36919 [4] NCCL INFO Channel 14/0 : 4[d1000] -> 5[d6000] via P2P/IPC comm 0x1acb34c0 nRanks 08
nid005197:36454:36921 [2] NCCL INFO Channel 01/0 : 2[c9000] -> 4[d1000] via P2P/IPC comm 0x1abf9540 nRanks 08
nid005197:36453:36923 [1] NCCL INFO Channel 01/0 : 1[c6000] -> 3[ce000] via P2P/IPC comm 0x1abf3e70 nRanks 08
nid005197:36457:36922 [5] NCCL INFO Channel 01/0 : 5[d6000] -> 7[de000] via P2P/IPC comm 0x1abf2bb0 nRanks 08
nid005197:36454:36921 [2] NCCL INFO Channel 05/0 : 2[c9000] -> 4[d1000] via P2P/IPC comm 0x1abf9540 nRanks 08
nid005197:36453:36923 [1] NCCL INFO Channel 05/0 : 1[c6000] -> 3[ce000] via P2P/IPC comm 0x1abf3e70 nRanks 08
nid005197:36457:36922 [5] NCCL INFO Channel 05/0 : 5[d6000] -> 7[de000] via P2P/IPC comm 0x1abf2bb0 nRanks 08
nid005197:36454:36921 [2] NCCL INFO Channel 09/0 : 2[c9000] -> 4[d1000] via P2P/IPC comm 0x1abf9540 nRanks 08
nid005197:36453:36923 [1] NCCL INFO Channel 09/0 : 1[c6000] -> 3[ce000] via P2P/IPC comm 0x1abf3e70 nRanks 08
nid005197:36457:36922 [5] NCCL INFO Channel 09/0 : 5[d6000] -> 7[de000] via P2P/IPC comm 0x1abf2bb0 nRanks 08
nid005197:36454:36921 [2] NCCL INFO Channel 13/0 : 2[c9000] -> 4[d1000] via P2P/IPC comm 0x1abf9540 nRanks 08
nid005197:36453:36923 [1] NCCL INFO Channel 13/0 : 1[c6000] -> 3[ce000] via P2P/IPC comm 0x1abf3e70 nRanks 08
nid005197:36457:36922 [5] NCCL INFO Channel 13/0 : 5[d6000] -> 7[de000] via P2P/IPC comm 0x1abf2bb0 nRanks 08
nid005197:36456:36919 [4] NCCL INFO Channel 03/0 : 4[d1000] -> 6[d9000] via P2P/IPC comm 0x1acb34c0 nRanks 08
nid005197:36456:36919 [4] NCCL INFO Channel 07/0 : 4[d1000] -> 6[d9000] via P2P/IPC comm 0x1acb34c0 nRanks 08
nid005197:36456:36919 [4] NCCL INFO Channel 11/0 : 4[d1000] -> 6[d9000] via P2P/IPC comm 0x1acb34c0 nRanks 08
nid005197:36456:36919 [4] NCCL INFO Channel 15/0 : 4[d1000] -> 6[d9000] via P2P/IPC comm 0x1acb34c0 nRanks 08
nid005197:36455:36925 [3] NCCL INFO Channel 02/0 : 3[ce000] -> 7[de000] via P2P/IPC comm 0x1abc3820 nRanks 08
nid005197:36453:36923 [1] NCCL INFO Channel 03/0 : 1[c6000] -> 5[d6000] via P2P/IPC comm 0x1abf3e70 nRanks 08
nid005197:36459:36920 [7] NCCL INFO Channel 03/0 : 7[de000] -> 3[ce000] via P2P/IPC comm 0x1abe36b0 nRanks 08
nid005197:36457:36922 [5] NCCL INFO Channel 02/0 : 5[d6000] -> 1[c6000] via P2P/IPC comm 0x1abf2bb0 nRanks 08
nid005197:36458:36924 [6] NCCL INFO Channel 02/0 : 6[d9000] -> 4[d1000] via P2P/IPC comm 0x1ac9dec0 nRanks 08
nid005197:36453:36923 [1] NCCL INFO Channel 07/0 : 1[c6000] -> 5[d6000] via P2P/IPC comm 0x1abf3e70 nRanks 08
nid005197:36455:36925 [3] NCCL INFO Channel 06/0 : 3[ce000] -> 7[de000] via P2P/IPC comm 0x1abc3820 nRanks 08
nid005197:36459:36920 [7] NCCL INFO Channel 07/0 : 7[de000] -> 3[ce000] via P2P/IPC comm 0x1abe36b0 nRanks 08
nid005197:36457:36922 [5] NCCL INFO Channel 06/0 : 5[d6000] -> 1[c6000] via P2P/IPC comm 0x1abf2bb0 nRanks 08
nid005197:36458:36924 [6] NCCL INFO Channel 06/0 : 6[d9000] -> 4[d1000] via P2P/IPC comm 0x1ac9dec0 nRanks 08
nid005197:36455:36925 [3] NCCL INFO Channel 10/0 : 3[ce000] -> 7[de000] via P2P/IPC comm 0x1abc3820 nRanks 08
nid005197:36453:36923 [1] NCCL INFO Channel 11/0 : 1[c6000] -> 5[d6000] via P2P/IPC comm 0x1abf3e70 nRanks 08
nid005197:36459:36920 [7] NCCL INFO Channel 11/0 : 7[de000] -> 3[ce000] via P2P/IPC comm 0x1abe36b0 nRanks 08
nid005197:36457:36922 [5] NCCL INFO Channel 10/0 : 5[d6000] -> 1[c6000] via P2P/IPC comm 0x1abf2bb0 nRanks 08
nid005197:36458:36924 [6] NCCL INFO Channel 10/0 : 6[d9000] -> 4[d1000] via P2P/IPC comm 0x1ac9dec0 nRanks 08
nid005197:36455:36925 [3] NCCL INFO Channel 14/0 : 3[ce000] -> 7[de000] via P2P/IPC comm 0x1abc3820 nRanks 08
nid005197:36453:36923 [1] NCCL INFO Channel 15/0 : 1[c6000] -> 5[d6000] via P2P/IPC comm 0x1abf3e70 nRanks 08
nid005197:36459:36920 [7] NCCL INFO Channel 15/0 : 7[de000] -> 3[ce000] via P2P/IPC comm 0x1abe36b0 nRanks 08
nid005197:36457:36922 [5] NCCL INFO Channel 14/0 : 5[d6000] -> 1[c6000] via P2P/IPC comm 0x1abf2bb0 nRanks 08
nid005197:36458:36924 [6] NCCL INFO Channel 14/0 : 6[d9000] -> 4[d1000] via P2P/IPC comm 0x1ac9dec0 nRanks 08
nid005197:36455:36925 [3] NCCL INFO Channel 00/0 : 3[ce000] -> 1[c6000] via P2P/IPC comm 0x1abc3820 nRanks 08
nid005197:36459:36920 [7] NCCL INFO Channel 00/0 : 7[de000] -> 5[d6000] via P2P/IPC comm 0x1abe36b0 nRanks 08
nid005197:36456:36919 [4] NCCL INFO Channel 00/0 : 4[d1000] -> 2[c9000] via P2P/IPC comm 0x1acb34c0 nRanks 08
nid005197:36455:36925 [3] NCCL INFO Channel 04/0 : 3[ce000] -> 1[c6000] via P2P/IPC comm 0x1abc3820 nRanks 08
nid005197:36459:36920 [7] NCCL INFO Channel 04/0 : 7[de000] -> 5[d6000] via P2P/IPC comm 0x1abe36b0 nRanks 08
nid005197:36456:36919 [4] NCCL INFO Channel 04/0 : 4[d1000] -> 2[c9000] via P2P/IPC comm 0x1acb34c0 nRanks 08
nid005197:36455:36925 [3] NCCL INFO Channel 08/0 : 3[ce000] -> 1[c6000] via P2P/IPC comm 0x1abc3820 nRanks 08
nid005197:36459:36920 [7] NCCL INFO Channel 08/0 : 7[de000] -> 5[d6000] via P2P/IPC comm 0x1abe36b0 nRanks 08
nid005197:36456:36919 [4] NCCL INFO Channel 08/0 : 4[d1000] -> 2[c9000] via P2P/IPC comm 0x1acb34c0 nRanks 08
nid005197:36455:36925 [3] NCCL INFO Channel 12/0 : 3[ce000] -> 1[c6000] via P2P/IPC comm 0x1abc3820 nRanks 08
nid005197:36459:36920 [7] NCCL INFO Channel 12/0 : 7[de000] -> 5[d6000] via P2P/IPC comm 0x1abe36b0 nRanks 08
nid005197:36456:36919 [4] NCCL INFO Channel 12/0 : 4[d1000] -> 2[c9000] via P2P/IPC comm 0x1acb34c0 nRanks 08
nid005197:36459:36920 [7] NCCL INFO Channel 01/0 : 7[de000] -> 6[d9000] via P2P/IPC comm 0x1abe36b0 nRanks 08
nid005197:36455:36925 [3] NCCL INFO Channel 01/0 : 3[ce000] -> 2[c9000] via P2P/IPC comm 0x1abc3820 nRanks 08
nid005197:36457:36922 [5] NCCL INFO Channel 00/0 : 5[d6000] -> 4[d1000] via P2P/IPC comm 0x1abf2bb0 nRanks 08
nid005197:36453:36923 [1] NCCL INFO Channel 00/0 : 1[c6000] -> 0[c1000] via P2P/IPC comm 0x1abf3e70 nRanks 08
nid005197:36457:36922 [5] NCCL INFO Channel 03/0 : 5[d6000] -> 4[d1000] via P2P/IPC comm 0x1abf2bb0 nRanks 08
nid005197:36455:36925 [3] NCCL INFO Channel 03/0 : 3[ce000] -> 2[c9000] via P2P/IPC comm 0x1abc3820 nRanks 08
nid005197:36459:36920 [7] NCCL INFO Channel 02/0 : 7[de000] -> 6[d9000] via P2P/IPC comm 0x1abe36b0 nRanks 08
nid005197:36453:36923 [1] NCCL INFO Channel 02/0 : 1[c6000] -> 0[c1000] via P2P/IPC comm 0x1abf3e70 nRanks 08
nid005197:36457:36922 [5] NCCL INFO Channel 04/0 : 5[d6000] -> 4[d1000] via P2P/IPC comm 0x1abf2bb0 nRanks 08
nid005197:36455:36925 [3] NCCL INFO Channel 05/0 : 3[ce000] -> 2[c9000] via P2P/IPC comm 0x1abc3820 nRanks 08
nid005197:36459:36920 [7] NCCL INFO Channel 05/0 : 7[de000] -> 6[d9000] via P2P/IPC comm 0x1abe36b0 nRanks 08
nid005197:36453:36923 [1] NCCL INFO Channel 04/0 : 1[c6000] -> 0[c1000] via P2P/IPC comm 0x1abf3e70 nRanks 08
nid005197:36457:36922 [5] NCCL INFO Channel 07/0 : 5[d6000] -> 4[d1000] via P2P/IPC comm 0x1abf2bb0 nRanks 08
nid005197:36455:36925 [3] NCCL INFO Channel 07/0 : 3[ce000] -> 2[c9000] via P2P/IPC comm 0x1abc3820 nRanks 08
nid005197:36459:36920 [7] NCCL INFO Channel 06/0 : 7[de000] -> 6[d9000] via P2P/IPC comm 0x1abe36b0 nRanks 08
nid005197:36453:36923 [1] NCCL INFO Channel 06/0 : 1[c6000] -> 0[c1000] via P2P/IPC comm 0x1abf3e70 nRanks 08
nid005197:36457:36922 [5] NCCL INFO Channel 08/0 : 5[d6000] -> 4[d1000] via P2P/IPC comm 0x1abf2bb0 nRanks 08
nid005197:36455:36925 [3] NCCL INFO Channel 09/0 : 3[ce000] -> 2[c9000] via P2P/IPC comm 0x1abc3820 nRanks 08
nid005197:36453:36923 [1] NCCL INFO Channel 08/0 : 1[c6000] -> 0[c1000] via P2P/IPC comm 0x1abf3e70 nRanks 08
nid005197:36459:36920 [7] NCCL INFO Channel 09/0 : 7[de000] -> 6[d9000] via P2P/IPC comm 0x1abe36b0 nRanks 08
nid005197:36455:36925 [3] NCCL INFO Channel 11/0 : 3[ce000] -> 2[c9000] via P2P/IPC comm 0x1abc3820 nRanks 08
nid005197:36457:36922 [5] NCCL INFO Channel 11/0 : 5[d6000] -> 4[d1000] via P2P/IPC comm 0x1abf2bb0 nRanks 08
nid005197:36453:36923 [1] NCCL INFO Channel 10/0 : 1[c6000] -> 0[c1000] via P2P/IPC comm 0x1abf3e70 nRanks 08
nid005197:36459:36920 [7] NCCL INFO Channel 10/0 : 7[de000] -> 6[d9000] via P2P/IPC comm 0x1abe36b0 nRanks 08
nid005197:36455:36925 [3] NCCL INFO Channel 13/0 : 3[ce000] -> 2[c9000] via P2P/IPC comm 0x1abc3820 nRanks 08
nid005197:36457:36922 [5] NCCL INFO Channel 12/0 : 5[d6000] -> 4[d1000] via P2P/IPC comm 0x1abf2bb0 nRanks 08
nid005197:36459:36920 [7] NCCL INFO Channel 13/0 : 7[de000] -> 6[d9000] via P2P/IPC comm 0x1abe36b0 nRanks 08
nid005197:36453:36923 [1] NCCL INFO Channel 12/0 : 1[c6000] -> 0[c1000] via P2P/IPC comm 0x1abf3e70 nRanks 08
nid005197:36455:36925 [3] NCCL INFO Channel 15/0 : 3[ce000] -> 2[c9000] via P2P/IPC comm 0x1abc3820 nRanks 08
nid005197:36457:36922 [5] NCCL INFO Channel 15/0 : 5[d6000] -> 4[d1000] via P2P/IPC comm 0x1abf2bb0 nRanks 08
nid005197:36459:36920 [7] NCCL INFO Channel 14/0 : 7[de000] -> 6[d9000] via P2P/IPC comm 0x1abe36b0 nRanks 08
nid005197:36453:36923 [1] NCCL INFO Channel 14/0 : 1[c6000] -> 0[c1000] via P2P/IPC comm 0x1abf3e70 nRanks 08
nid005197:36458:36924 [6] NCCL INFO Connected all trees
nid005197:36454:36921 [2] NCCL INFO Connected all trees
nid005197:36455:36925 [3] NCCL INFO Connected all trees
nid005197:36459:36920 [7] NCCL INFO Connected all trees
nid005197:36456:36919 [4] NCCL INFO Connected all trees
nid005197:36457:36922 [5] NCCL INFO Connected all trees
nid005197:36452:36918 [0] NCCL INFO Connected all trees
nid005197:36453:36923 [1] NCCL INFO Connected all trees
nid005197:36454:36921 [2] NCCL INFO threadThresholds 8/8/64 | 64/8/64 | 256 | 256
nid005197:36454:36921 [2] NCCL INFO 16 coll channels, 16 collnet channels, 0 nvls channels, 16 p2p channels, 2 p2p channels per peer
nid005197:36455:36925 [3] NCCL INFO threadThresholds 8/8/64 | 64/8/64 | 256 | 256
nid005197:36455:36925 [3] NCCL INFO 16 coll channels, 16 collnet channels, 0 nvls channels, 16 p2p channels, 2 p2p channels per peer
nid005197:36458:36924 [6] NCCL INFO threadThresholds 8/8/64 | 64/8/64 | 256 | 256
nid005197:36458:36924 [6] NCCL INFO 16 coll channels, 16 collnet channels, 0 nvls channels, 16 p2p channels, 2 p2p channels per peer
nid005197:36459:36920 [7] NCCL INFO threadThresholds 8/8/64 | 64/8/64 | 256 | 256
nid005197:36459:36920 [7] NCCL INFO 16 coll channels, 16 collnet channels, 0 nvls channels, 16 p2p channels, 2 p2p channels per peer
nid005197:36457:36922 [5] NCCL INFO threadThresholds 8/8/64 | 64/8/64 | 256 | 256
nid005197:36457:36922 [5] NCCL INFO 16 coll channels, 16 collnet channels, 0 nvls channels, 16 p2p channels, 2 p2p channels per peer
nid005197:36453:36923 [1] NCCL INFO threadThresholds 8/8/64 | 64/8/64 | 256 | 256
nid005197:36453:36923 [1] NCCL INFO 16 coll channels, 16 collnet channels, 0 nvls channels, 16 p2p channels, 2 p2p channels per peer
nid005197:36452:36918 [0] NCCL INFO threadThresholds 8/8/64 | 64/8/64 | 256 | 256
nid005197:36452:36918 [0] NCCL INFO 16 coll channels, 16 collnet channels, 0 nvls channels, 16 p2p channels, 2 p2p channels per peer
nid005197:36452:36918 [0] NCCL INFO CC Off, Multi-GPU CC Off, workFifoBytes 1048576
nid005197:36456:36919 [4] NCCL INFO threadThresholds 8/8/64 | 64/8/64 | 256 | 256
nid005197:36456:36919 [4] NCCL INFO 16 coll channels, 16 collnet channels, 0 nvls channels, 16 p2p channels, 2 p2p channels per peer
nid005197:36455:36925 [3] NCCL INFO ncclCommInitRank comm 0x1abc3820 rank 3 nranks 8 cudaDev 3 nvmlDev 3 busId ce000 commId 0x65df90b50ad4533a localSize 272 used 975095712 bytes on core 82 - Init COMPLETE
nid005197:36455:36925 [3] NCCL INFO Init timings: rank 3 nranks 8 total 1.27 (kernels 0.00, bootstrap 0.02, allgathers 0.02, topo 0.99, graphs 0.01, connections 0.23, rest 0.00)
nid005197:36453:36923 [1] NCCL INFO ncclCommInitRank comm 0x1abf3e70 rank 1 nranks 8 cudaDev 1 nvmlDev 1 busId c6000 commId 0x65df90b50ad4533a localSize 272 used 975095712 bytes on core 49 - Init COMPLETE
nid005197:36453:36923 [1] NCCL INFO Init timings: rank 1 nranks 8 total 1.29 (kernels 0.00, bootstrap 0.05, allgathers 0.04, topo 0.97, graphs 0.01, connections 0.23, rest 0.00)
nid005197:36459:36920 [7] NCCL INFO ncclCommInitRank comm 0x1abe36b0 rank 7 nranks 8 cudaDev 7 nvmlDev 7 busId de000 commId 0x65df90b50ad4533a localSize 272 used 975095712 bytes on core 38 - Init COMPLETE
nid005197:36459:36920 [7] NCCL INFO Init timings: rank 7 nranks 8 total 1.29 (kernels 0.00, bootstrap 0.05, allgathers 0.03, topo 0.98, graphs 0.01, connections 0.23, rest 0.00)
nid005197:36454:36921 [2] NCCL INFO ncclCommInitRank comm 0x1abf9540 rank 2 nranks 8 cudaDev 2 nvmlDev 2 busId c9000 commId 0x65df90b50ad4533a localSize 272 used 907986848 bytes on core 81 - Init COMPLETE
nid005197:36454:36921 [2] NCCL INFO Init timings: rank 2 nranks 8 total 1.29 (kernels 0.00, bootstrap 0.05, allgathers 0.06, topo 0.95, graphs 0.01, connections 0.23, rest 0.00)
nid005197:36457:36922 [5] NCCL INFO ncclCommInitRank comm 0x1abf2bb0 rank 5 nranks 8 cudaDev 5 nvmlDev 5 busId d6000 commId 0x65df90b50ad4533a localSize 272 used 975095712 bytes on core 1 - Init COMPLETE
nid005197:36457:36922 [5] NCCL INFO Init timings: rank 5 nranks 8 total 1.29 (kernels 0.00, bootstrap 0.05, allgathers 0.05, topo 0.96, graphs 0.01, connections 0.23, rest 0.00)
nid005197:36452:36918 [0] NCCL INFO ncclCommInitRank comm 0x1ac918f0 rank 0 nranks 8 cudaDev 0 nvmlDev 0 busId c1000 commId 0x65df90b50ad4533a localSize 272 used 840877984 bytes on core 50 - Init COMPLETE
nid005197:36458:36924 [6] NCCL INFO ncclCommInitRank comm 0x1ac9dec0 rank 6 nranks 8 cudaDev 6 nvmlDev 6 busId d9000 commId 0x65df90b50ad4533a localSize 272 used 907986848 bytes on core 97 - Init COMPLETE
nid005197:36452:36918 [0] NCCL INFO Init timings: rank 0 nranks 8 total 1.29 (kernels 0.00, bootstrap 0.05, allgathers 0.01, topo 1.00, graphs 0.01, connections 0.23, rest 0.00)
nid005197:36458:36924 [6] NCCL INFO Init timings: rank 6 nranks 8 total 1.28 (kernels 0.00, bootstrap 0.04, allgathers 0.04, topo 0.97, graphs 0.01, connections 0.23, rest 0.00)
nid005197:36456:36919 [4] NCCL INFO ncclCommInitRank comm 0x1acb34c0 rank 4 nranks 8 cudaDev 4 nvmlDev 4 busId d1000 commId 0x65df90b50ad4533a localSize 272 used 975095712 bytes on core 7 - Init COMPLETE
nid005197:36456:36919 [4] NCCL INFO Init timings: rank 4 nranks 8 total 1.29 (kernels 0.00, bootstrap 0.05, allgathers 0.00, topo 1.01, graphs 0.01, connections 0.23, rest 0.00)
nid005197:36453:36952 [1] NCCL INFO Channel 02/1 : 1[c6000] -> 2[c9000] via P2P/IPC comm 0x1abf3e70 nRanks 08
nid005197:36454:36953 [2] NCCL INFO Channel 02/1 : 2[c9000] -> 3[ce000] via P2P/IPC comm 0x1abf9540 nRanks 08
nid005197:36455:36951 [3] NCCL INFO Channel 02/1 : 3[ce000] -> 4[d1000] via P2P/IPC comm 0x1abc3820 nRanks 08
nid005197:36457:36955 [5] NCCL INFO Channel 02/1 : 5[d6000] -> 6[d9000] via P2P/IPC comm 0x1abf2bb0 nRanks 08
nid005197:36459:36954 [7] NCCL INFO Channel 02/1 : 7[de000] -> 0[c1000] via P2P/IPC comm 0x1abe36b0 nRanks 08
nid005197:36458:36956 [6] NCCL INFO Channel 02/1 : 6[d9000] -> 7[de000] via P2P/IPC comm 0x1ac9dec0 nRanks 08
nid005197:36456:36957 [4] NCCL INFO Channel 02/1 : 4[d1000] -> 5[d6000] via P2P/IPC comm 0x1acb34c0 nRanks 08
nid005197:36452:36958 [0] NCCL INFO Channel 02/1 : 0[c1000] -> 1[c6000] via P2P/IPC comm 0x1ac918f0 nRanks 08
nid005197:36453:36952 [1] NCCL INFO Channel 03/1 : 1[c6000] -> 2[c9000] via P2P/IPC comm 0x1abf3e70 nRanks 08
nid005197:36454:36953 [2] NCCL INFO Channel 03/1 : 2[c9000] -> 3[ce000] via P2P/IPC comm 0x1abf9540 nRanks 08
nid005197:36455:36951 [3] NCCL INFO Channel 03/1 : 3[ce000] -> 4[d1000] via P2P/IPC comm 0x1abc3820 nRanks 08
nid005197:36457:36955 [5] NCCL INFO Channel 03/1 : 5[d6000] -> 6[d9000] via P2P/IPC comm 0x1abf2bb0 nRanks 08
nid005197:36459:36954 [7] NCCL INFO Channel 03/1 : 7[de000] -> 0[c1000] via P2P/IPC comm 0x1abe36b0 nRanks 08
nid005197:36458:36956 [6] NCCL INFO Channel 03/1 : 6[d9000] -> 7[de000] via P2P/IPC comm 0x1ac9dec0 nRanks 08
nid005197:36456:36957 [4] NCCL INFO Channel 03/1 : 4[d1000] -> 5[d6000] via P2P/IPC comm 0x1acb34c0 nRanks 08
nid005197:36452:36958 [0] NCCL INFO Channel 03/1 : 0[c1000] -> 1[c6000] via P2P/IPC comm 0x1ac918f0 nRanks 08
nid005197:36454:36953 [2] NCCL INFO Channel 08/1 : 2[c9000] -> 4[d1000] via P2P/IPC comm 0x1abf9540 nRanks 08
nid005197:36455:36951 [3] NCCL INFO Channel 08/1 : 3[ce000] -> 5[d6000] via P2P/IPC comm 0x1abc3820 nRanks 08
nid005197:36456:36957 [4] NCCL INFO Channel 08/1 : 4[d1000] -> 6[d9000] via P2P/IPC comm 0x1acb34c0 nRanks 08
nid005197:36458:36956 [6] NCCL INFO Channel 08/1 : 6[d9000] -> 0[c1000] via P2P/IPC comm 0x1ac9dec0 nRanks 08
nid005197:36457:36955 [5] NCCL INFO Channel 08/1 : 5[d6000] -> 7[de000] via P2P/IPC comm 0x1abf2bb0 nRanks 08
nid005197:36452:36958 [0] NCCL INFO Channel 08/1 : 0[c1000] -> 2[c9000] via P2P/IPC comm 0x1ac918f0 nRanks 08
nid005197:36459:36954 [7] NCCL INFO Channel 08/1 : 7[de000] -> 1[c6000] via P2P/IPC comm 0x1abe36b0 nRanks 08
nid005197:36453:36952 [1] NCCL INFO Channel 08/1 : 1[c6000] -> 3[ce000] via P2P/IPC comm 0x1abf3e70 nRanks 08
nid005197:36454:36953 [2] NCCL INFO Channel 09/1 : 2[c9000] -> 4[d1000] via P2P/IPC comm 0x1abf9540 nRanks 08
nid005197:36455:36951 [3] NCCL INFO Channel 09/1 : 3[ce000] -> 5[d6000] via P2P/IPC comm 0x1abc3820 nRanks 08
nid005197:36456:36957 [4] NCCL INFO Channel 09/1 : 4[d1000] -> 6[d9000] via P2P/IPC comm 0x1acb34c0 nRanks 08
nid005197:36457:36955 [5] NCCL INFO Channel 09/1 : 5[d6000] -> 7[de000] via P2P/IPC comm 0x1abf2bb0 nRanks 08
nid005197:36458:36956 [6] NCCL INFO Channel 09/1 : 6[d9000] -> 0[c1000] via P2P/IPC comm 0x1ac9dec0 nRanks 08
nid005197:36453:36952 [1] NCCL INFO Channel 09/1 : 1[c6000] -> 3[ce000] via P2P/IPC comm 0x1abf3e70 nRanks 08
nid005197:36459:36954 [7] NCCL INFO Channel 09/1 : 7[de000] -> 1[c6000] via P2P/IPC comm 0x1abe36b0 nRanks 08
nid005197:36452:36958 [0] NCCL INFO Channel 09/1 : 0[c1000] -> 2[c9000] via P2P/IPC comm 0x1ac918f0 nRanks 08
nid005197:36453:36952 [1] NCCL INFO Channel 04/1 : 1[c6000] -> 4[d1000] via P2P/IPC comm 0x1abf3e70 nRanks 08
nid005197:36455:36951 [3] NCCL INFO Channel 04/1 : 3[ce000] -> 6[d9000] via P2P/IPC comm 0x1abc3820 nRanks 08
nid005197:36457:36955 [5] NCCL INFO Channel 04/1 : 5[d6000] -> 0[c1000] via P2P/IPC comm 0x1abf2bb0 nRanks 08
nid005197:36452:36958 [0] NCCL INFO Channel 04/1 : 0[c1000] -> 3[ce000] via P2P/IPC comm 0x1ac918f0 nRanks 08
nid005197:36454:36953 [2] NCCL INFO Channel 04/1 : 2[c9000] -> 5[d6000] via P2P/IPC comm 0x1abf9540 nRanks 08
nid005197:36458:36956 [6] NCCL INFO Channel 04/1 : 6[d9000] -> 1[c6000] via P2P/IPC comm 0x1ac9dec0 nRanks 08
nid005197:36459:36954 [7] NCCL INFO Channel 04/1 : 7[de000] -> 2[c9000] via P2P/IPC comm 0x1abe36b0 nRanks 08
nid005197:36456:36957 [4] NCCL INFO Channel 04/1 : 4[d1000] -> 7[de000] via P2P/IPC comm 0x1acb34c0 nRanks 08
nid005197:36453:36952 [1] NCCL INFO Channel 05/1 : 1[c6000] -> 4[d1000] via P2P/IPC comm 0x1abf3e70 nRanks 08
nid005197:36455:36951 [3] NCCL INFO Channel 05/1 : 3[ce000] -> 6[d9000] via P2P/IPC comm 0x1abc3820 nRanks 08
nid005197:36454:36953 [2] NCCL INFO Channel 05/1 : 2[c9000] -> 5[d6000] via P2P/IPC comm 0x1abf9540 nRanks 08
nid005197:36452:36958 [0] NCCL INFO Channel 05/1 : 0[c1000] -> 3[ce000] via P2P/IPC comm 0x1ac918f0 nRanks 08
nid005197:36457:36955 [5] NCCL INFO Channel 05/1 : 5[d6000] -> 0[c1000] via P2P/IPC comm 0x1abf2bb0 nRanks 08
nid005197:36458:36956 [6] NCCL INFO Channel 05/1 : 6[d9000] -> 1[c6000] via P2P/IPC comm 0x1ac9dec0 nRanks 08
nid005197:36456:36957 [4] NCCL INFO Channel 05/1 : 4[d1000] -> 7[de000] via P2P/IPC comm 0x1acb34c0 nRanks 08
nid005197:36459:36954 [7] NCCL INFO Channel 05/1 : 7[de000] -> 2[c9000] via P2P/IPC comm 0x1abe36b0 nRanks 08
nid005197:36454:36953 [2] NCCL INFO Channel 14/1 : 2[c9000] -> 6[d9000] via P2P/IPC comm 0x1abf9540 nRanks 08
nid005197:36453:36952 [1] NCCL INFO Channel 14/1 : 1[c6000] -> 5[d6000] via P2P/IPC comm 0x1abf3e70 nRanks 08
nid005197:36455:36951 [3] NCCL INFO Channel 14/1 : 3[ce000] -> 7[de000] via P2P/IPC comm 0x1abc3820 nRanks 08
nid005197:36452:36958 [0] NCCL INFO Channel 14/1 : 0[c1000] -> 4[d1000] via P2P/IPC comm 0x1ac918f0 nRanks 08
nid005197:36459:36954 [7] NCCL INFO Channel 14/1 : 7[de000] -> 3[ce000] via P2P/IPC comm 0x1abe36b0 nRanks 08
nid005197:36458:36956 [6] NCCL INFO Channel 14/1 : 6[d9000] -> 2[c9000] via P2P/IPC comm 0x1ac9dec0 nRanks 08
nid005197:36456:36957 [4] NCCL INFO Channel 14/1 : 4[d1000] -> 0[c1000] via P2P/IPC comm 0x1acb34c0 nRanks 08
nid005197:36457:36955 [5] NCCL INFO Channel 14/1 : 5[d6000] -> 1[c6000] via P2P/IPC comm 0x1abf2bb0 nRanks 08
nid005197:36453:36952 [1] NCCL INFO Channel 15/1 : 1[c6000] -> 5[d6000] via P2P/IPC comm 0x1abf3e70 nRanks 08
nid005197:36454:36953 [2] NCCL INFO Channel 15/1 : 2[c9000] -> 6[d9000] via P2P/IPC comm 0x1abf9540 nRanks 08
nid005197:36455:36951 [3] NCCL INFO Channel 15/1 : 3[ce000] -> 7[de000] via P2P/IPC comm 0x1abc3820 nRanks 08
nid005197:36452:36958 [0] NCCL INFO Channel 15/1 : 0[c1000] -> 4[d1000] via P2P/IPC comm 0x1ac918f0 nRanks 08
nid005197:36459:36954 [7] NCCL INFO Channel 15/1 : 7[de000] -> 3[ce000] via P2P/IPC comm 0x1abe36b0 nRanks 08
nid005197:36458:36956 [6] NCCL INFO Channel 15/1 : 6[d9000] -> 2[c9000] via P2P/IPC comm 0x1ac9dec0 nRanks 08
nid005197:36457:36955 [5] NCCL INFO Channel 15/1 : 5[d6000] -> 1[c6000] via P2P/IPC comm 0x1abf2bb0 nRanks 08
nid005197:36456:36957 [4] NCCL INFO Channel 15/1 : 4[d1000] -> 0[c1000] via P2P/IPC comm 0x1acb34c0 nRanks 08
nid005197:36455:36951 [3] NCCL INFO Channel 12/1 : 3[ce000] -> 0[c1000] via P2P/IPC comm 0x1abc3820 nRanks 08
nid005197:36453:36952 [1] NCCL INFO Channel 12/1 : 1[c6000] -> 6[d9000] via P2P/IPC comm 0x1abf3e70 nRanks 08
nid005197:36458:36956 [6] NCCL INFO Channel 12/1 : 6[d9000] -> 3[ce000] via P2P/IPC comm 0x1ac9dec0 nRanks 08
nid005197:36454:36953 [2] NCCL INFO Channel 12/1 : 2[c9000] -> 7[de000] via P2P/IPC comm 0x1abf9540 nRanks 08
nid005197:36459:36954 [7] NCCL INFO Channel 12/1 : 7[de000] -> 4[d1000] via P2P/IPC comm 0x1abe36b0 nRanks 08
nid005197:36452:36958 [0] NCCL INFO Channel 12/1 : 0[c1000] -> 5[d6000] via P2P/IPC comm 0x1ac918f0 nRanks 08
nid005197:36457:36955 [5] NCCL INFO Channel 12/1 : 5[d6000] -> 2[c9000] via P2P/IPC comm 0x1abf2bb0 nRanks 08
nid005197:36456:36957 [4] NCCL INFO Channel 12/1 : 4[d1000] -> 1[c6000] via P2P/IPC comm 0x1acb34c0 nRanks 08
nid005197:36455:36951 [3] NCCL INFO Channel 13/1 : 3[ce000] -> 0[c1000] via P2P/IPC comm 0x1abc3820 nRanks 08
nid005197:36454:36953 [2] NCCL INFO Channel 13/1 : 2[c9000] -> 7[de000] via P2P/IPC comm 0x1abf9540 nRanks 08
nid005197:36458:36956 [6] NCCL INFO Channel 13/1 : 6[d9000] -> 3[ce000] via P2P/IPC comm 0x1ac9dec0 nRanks 08
nid005197:36453:36952 [1] NCCL INFO Channel 13/1 : 1[c6000] -> 6[d9000] via P2P/IPC comm 0x1abf3e70 nRanks 08
nid005197:36452:36958 [0] NCCL INFO Channel 13/1 : 0[c1000] -> 5[d6000] via P2P/IPC comm 0x1ac918f0 nRanks 08
nid005197:36459:36954 [7] NCCL INFO Channel 13/1 : 7[de000] -> 4[d1000] via P2P/IPC comm 0x1abe36b0 nRanks 08
nid005197:36457:36955 [5] NCCL INFO Channel 13/1 : 5[d6000] -> 2[c9000] via P2P/IPC comm 0x1abf2bb0 nRanks 08
nid005197:36456:36957 [4] NCCL INFO Channel 13/1 : 4[d1000] -> 1[c6000] via P2P/IPC comm 0x1acb34c0 nRanks 08
nid005197:36455:36951 [3] NCCL INFO Channel 06/1 : 3[ce000] -> 1[c6000] via P2P/IPC comm 0x1abc3820 nRanks 08
nid005197:36458:36956 [6] NCCL INFO Channel 06/1 : 6[d9000] -> 4[d1000] via P2P/IPC comm 0x1ac9dec0 nRanks 08
nid005197:36453:36952 [1] NCCL INFO Channel 06/1 : 1[c6000] -> 7[de000] via P2P/IPC comm 0x1abf3e70 nRanks 08
nid005197:36459:36954 [7] NCCL INFO Channel 06/1 : 7[de000] -> 5[d6000] via P2P/IPC comm 0x1abe36b0 nRanks 08
nid005197:36452:36958 [0] NCCL INFO Channel 06/1 : 0[c1000] -> 6[d9000] via P2P/IPC comm 0x1ac918f0 nRanks 08
nid005197:36454:36953 [2] NCCL INFO Channel 06/1 : 2[c9000] -> 0[c1000] via P2P/IPC comm 0x1abf9540 nRanks 08
nid005197:36456:36957 [4] NCCL INFO Channel 06/1 : 4[d1000] -> 2[c9000] via P2P/IPC comm 0x1acb34c0 nRanks 08
nid005197:36457:36955 [5] NCCL INFO Channel 06/1 : 5[d6000] -> 3[ce000] via P2P/IPC comm 0x1abf2bb0 nRanks 08
nid005197:36453:36952 [1] NCCL INFO Channel 07/1 : 1[c6000] -> 7[de000] via P2P/IPC comm 0x1abf3e70 nRanks 08
nid005197:36455:36951 [3] NCCL INFO Channel 07/1 : 3[ce000] -> 1[c6000] via P2P/IPC comm 0x1abc3820 nRanks 08
nid005197:36459:36954 [7] NCCL INFO Channel 07/1 : 7[de000] -> 5[d6000] via P2P/IPC comm 0x1abe36b0 nRanks 08
nid005197:36454:36953 [2] NCCL INFO Channel 07/1 : 2[c9000] -> 0[c1000] via P2P/IPC comm 0x1abf9540 nRanks 08
nid005197:36452:36958 [0] NCCL INFO Channel 07/1 : 0[c1000] -> 6[d9000] via P2P/IPC comm 0x1ac918f0 nRanks 08
nid005197:36458:36956 [6] NCCL INFO Channel 07/1 : 6[d9000] -> 4[d1000] via P2P/IPC comm 0x1ac9dec0 nRanks 08
nid005197:36456:36957 [4] NCCL INFO Channel 07/1 : 4[d1000] -> 2[c9000] via P2P/IPC comm 0x1acb34c0 nRanks 08
nid005197:36457:36955 [5] NCCL INFO Channel 07/1 : 5[d6000] -> 3[ce000] via P2P/IPC comm 0x1abf2bb0 nRanks 08
nid005197:36453:36952 [1] NCCL INFO Channel 10/1 : 1[c6000] -> 0[c1000] via P2P/IPC comm 0x1abf3e70 nRanks 08
nid005197:36452:36958 [0] NCCL INFO Channel 10/1 : 0[c1000] -> 7[de000] via P2P/IPC comm 0x1ac918f0 nRanks 08
nid005197:36454:36953 [2] NCCL INFO Channel 10/1 : 2[c9000] -> 1[c6000] via P2P/IPC comm 0x1abf9540 nRanks 08
nid005197:36459:36954 [7] NCCL INFO Channel 10/1 : 7[de000] -> 6[d9000] via P2P/IPC comm 0x1abe36b0 nRanks 08
nid005197:36457:36955 [5] NCCL INFO Channel 10/1 : 5[d6000] -> 4[d1000] via P2P/IPC comm 0x1abf2bb0 nRanks 08
nid005197:36455:36951 [3] NCCL INFO Channel 10/1 : 3[ce000] -> 2[c9000] via P2P/IPC comm 0x1abc3820 nRanks 08
nid005197:36458:36956 [6] NCCL INFO Channel 10/1 : 6[d9000] -> 5[d6000] via P2P/IPC comm 0x1ac9dec0 nRanks 08
nid005197:36456:36957 [4] NCCL INFO Channel 10/1 : 4[d1000] -> 3[ce000] via P2P/IPC comm 0x1acb34c0 nRanks 08
nid005197:36453:36952 [1] NCCL INFO Channel 11/1 : 1[c6000] -> 0[c1000] via P2P/IPC comm 0x1abf3e70 nRanks 08
nid005197:36452:36958 [0] NCCL INFO Channel 11/1 : 0[c1000] -> 7[de000] via P2P/IPC comm 0x1ac918f0 nRanks 08
nid005197:36454:36953 [2] NCCL INFO Channel 11/1 : 2[c9000] -> 1[c6000] via P2P/IPC comm 0x1abf9540 nRanks 08
nid005197:36455:36951 [3] NCCL INFO Channel 11/1 : 3[ce000] -> 2[c9000] via P2P/IPC comm 0x1abc3820 nRanks 08
nid005197:36459:36954 [7] NCCL INFO Channel 11/1 : 7[de000] -> 6[d9000] via P2P/IPC comm 0x1abe36b0 nRanks 08
nid005197:36457:36955 [5] NCCL INFO Channel 11/1 : 5[d6000] -> 4[d1000] via P2P/IPC comm 0x1abf2bb0 nRanks 08
nid005197:36458:36956 [6] NCCL INFO Channel 11/1 : 6[d9000] -> 5[d6000] via P2P/IPC comm 0x1ac9dec0 nRanks 08
nid005197:36456:36957 [4] NCCL INFO Channel 11/1 : 4[d1000] -> 3[ce000] via P2P/IPC comm 0x1acb34c0 nRanks 08
[Rank 0] time (ms) | fwd_microstep: 4638.89 | bwd_microstep: 1063.29 | bwd_inner_microstep: 1053.60 | bwd_allreduce_microstep: 9.65 | step_microstep: 117.63
[Rank 0] time (ms) | fwd: 4638.87 | bwd: 1063.29 | bwd_inner: 1053.60 | bwd_allreduce: 9.65 | step: 117.62
nid005197:36452:36452 [0] NCCL INFO Kernel version: 6.4.0-150600.23.73_15.0.14-cray_shasta_c
nid005197:36452:36452 [0] NCCL INFO Kernel version: 6.4.0-150600.23.73_15.0.14-cray_shasta_c
nid005197:36452:36452 [0] NCCL INFO Comm config Blocking set to 1
nid005197:36452:37024 [0] NCCL INFO Using network Socket
nid005197:36452:37024 [0] NCCL INFO [node_id = 4; gpu_id = 63582; unique_id = 652453718094078692; location_id = 49408; bdf = 49408; domain = 0; partition = 0], 
nid005197:36452:37024 [0] NCCL INFO [node_id = 5; gpu_id = 51740; unique_id = 3025299319970004801; location_id = 50688; bdf = 50688; domain = 0; partition = 0], 
nid005197:36452:37024 [0] NCCL INFO [node_id = 7; gpu_id = 3099; unique_id = 5673614210356227553; location_id = 52736; bdf = 52736; domain = 0; partition = 0], 
nid005197:36452:37024 [0] NCCL INFO [node_id = 9; gpu_id = 1553; unique_id = 8096516996330644798; location_id = 54784; bdf = 54784; domain = 0; partition = 0], 
nid005197:36452:37024 [0] NCCL INFO [node_id = 6; gpu_id = 15961; unique_id = 8326882890176744448; location_id = 51456; bdf = 51456; domain = 0; partition = 0], 
nid005197:36452:37024 [0] NCCL INFO [node_id = 8; gpu_id = 13395; unique_id = 10586071455954641410; location_id = 53504; bdf = 53504; domain = 0; partition = 0], 
nid005197:36452:37024 [0] NCCL INFO [node_id = 11; gpu_id = 49174; unique_id = 12536539307626421296; location_id = 56832; bdf = 56832; domain = 0; partition = 0], 
nid005197:36452:37024 [0] NCCL INFO [node_id = 10; gpu_id = 62036; unique_id = 18035367739338046531; location_id = 55552; bdf = 55552; domain = 0; partition = 0], 
nid005197:36452:37024 [0] NCCL INFO initialized internal alternative rsmi functionality
nid005197:36457:36457 [5] NCCL INFO Kernel version: 6.4.0-150600.23.73_15.0.14-cray_shasta_c
nid005197:36457:36457 [5] NCCL INFO Comm config Blocking set to 1
nid005197:36457:37025 [5] NCCL INFO Using network Socket
nid005197:36453:36453 [1] NCCL INFO Kernel version: 6.4.0-150600.23.73_15.0.14-cray_shasta_c
nid005197:36457:37025 [5] NCCL INFO [node_id = 4; gpu_id = 63582; unique_id = 652453718094078692; location_id = 49408; bdf = 49408; domain = 0; partition = 0], 
nid005197:36457:37025 [5] NCCL INFO [node_id = 5; gpu_id = 51740; unique_id = 3025299319970004801; location_id = 50688; bdf = 50688; domain = 0; partition = 0], 
nid005197:36457:37025 [5] NCCL INFO [node_id = 7; gpu_id = 3099; unique_id = 5673614210356227553; location_id = 52736; bdf = 52736; domain = 0; partition = 0], 
nid005197:36457:37025 [5] NCCL INFO [node_id = 9; gpu_id = 1553; unique_id = 8096516996330644798; location_id = 54784; bdf = 54784; domain = 0; partition = 0], 
nid005197:36457:37025 [5] NCCL INFO [node_id = 6; gpu_id = 15961; unique_id = 8326882890176744448; location_id = 51456; bdf = 51456; domain = 0; partition = 0], 
nid005197:36457:37025 [5] NCCL INFO [node_id = 8; gpu_id = 13395; unique_id = 10586071455954641410; location_id = 53504; bdf = 53504; domain = 0; partition = 0], 
nid005197:36457:37025 [5] NCCL INFO [node_id = 11; gpu_id = 49174; unique_id = 12536539307626421296; location_id = 56832; bdf = 56832; domain = 0; partition = 0], 
nid005197:36457:37025 [5] NCCL INFO [node_id = 10; gpu_id = 62036; unique_id = 18035367739338046531; location_id = 55552; bdf = 55552; domain = 0; partition = 0], 
nid005197:36453:36453 [1] NCCL INFO Comm config Blocking set to 1
nid005197:36453:37026 [1] NCCL INFO Using network Socket
nid005197:36456:36456 [4] NCCL INFO Kernel version: 6.4.0-150600.23.73_15.0.14-cray_shasta_c
nid005197:36459:36459 [7] NCCL INFO Kernel version: 6.4.0-150600.23.73_15.0.14-cray_shasta_c
nid005197:36456:36456 [4] NCCL INFO Comm config Blocking set to 1
nid005197:36459:36459 [7] NCCL INFO Comm config Blocking set to 1
nid005197:36456:37027 [4] NCCL INFO Using network Socket
nid005197:36459:37028 [7] NCCL INFO Using network Socket
nid005197:36458:36458 [6] NCCL INFO Kernel version: 6.4.0-150600.23.73_15.0.14-cray_shasta_c
nid005197:36454:36454 [2] NCCL INFO Kernel version: 6.4.0-150600.23.73_15.0.14-cray_shasta_c
nid005197:36458:36458 [6] NCCL INFO Comm config Blocking set to 1
nid005197:36455:36455 [3] NCCL INFO Kernel version: 6.4.0-150600.23.73_15.0.14-cray_shasta_c
nid005197:36458:37029 [6] NCCL INFO Using network Socket
nid005197:36454:36454 [2] NCCL INFO Comm config Blocking set to 1
nid005197:36455:36455 [3] NCCL INFO Comm config Blocking set to 1
nid005197:36454:37030 [2] NCCL INFO Using network Socket
nid005197:36455:37031 [3] NCCL INFO Using network Socket
nid005197:36453:37026 [1] NCCL INFO [node_id = 4; gpu_id = 63582; unique_id = 652453718094078692; location_id = 49408; bdf = 49408; domain = 0; partition = 0], 
nid005197:36453:37026 [1] NCCL INFO [node_id = 5; gpu_id = 51740; unique_id = 3025299319970004801; location_id = 50688; bdf = 50688; domain = 0; partition = 0], 
nid005197:36453:37026 [1] NCCL INFO [node_id = 7; gpu_id = 3099; unique_id = 5673614210356227553; location_id = 52736; bdf = 52736; domain = 0; partition = 0], 
nid005197:36453:37026 [1] NCCL INFO [node_id = 9; gpu_id = 1553; unique_id = 8096516996330644798; location_id = 54784; bdf = 54784; domain = 0; partition = 0], 
nid005197:36453:37026 [1] NCCL INFO [node_id = 6; gpu_id = 15961; unique_id = 8326882890176744448; location_id = 51456; bdf = 51456; domain = 0; partition = 0], 
nid005197:36453:37026 [1] NCCL INFO [node_id = 8; gpu_id = 13395; unique_id = 10586071455954641410; location_id = 53504; bdf = 53504; domain = 0; partition = 0], 
nid005197:36453:37026 [1] NCCL INFO [node_id = 11; gpu_id = 49174; unique_id = 12536539307626421296; location_id = 56832; bdf = 56832; domain = 0; partition = 0], 
nid005197:36453:37026 [1] NCCL INFO [node_id = 10; gpu_id = 62036; unique_id = 18035367739338046531; location_id = 55552; bdf = 55552; domain = 0; partition = 0], 
nid005197:36456:37027 [4] NCCL INFO [node_id = 4; gpu_id = 63582; unique_id = 652453718094078692; location_id = 49408; bdf = 49408; domain = 0; partition = 0], 
nid005197:36456:37027 [4] NCCL INFO [node_id = 5; gpu_id = 51740; unique_id = 3025299319970004801; location_id = 50688; bdf = 50688; domain = 0; partition = 0], 
nid005197:36456:37027 [4] NCCL INFO [node_id = 7; gpu_id = 3099; unique_id = 5673614210356227553; location_id = 52736; bdf = 52736; domain = 0; partition = 0], 
nid005197:36456:37027 [4] NCCL INFO [node_id = 9; gpu_id = 1553; unique_id = 8096516996330644798; location_id = 54784; bdf = 54784; domain = 0; partition = 0], 
nid005197:36456:37027 [4] NCCL INFO [node_id = 6; gpu_id = 15961; unique_id = 8326882890176744448; location_id = 51456; bdf = 51456; domain = 0; partition = 0], 
nid005197:36456:37027 [4] NCCL INFO [node_id = 8; gpu_id = 13395; unique_id = 10586071455954641410; location_id = 53504; bdf = 53504; domain = 0; partition = 0], 
nid005197:36456:37027 [4] NCCL INFO [node_id = 11; gpu_id = 49174; unique_id = 12536539307626421296; location_id = 56832; bdf = 56832; domain = 0; partition = 0], 
nid005197:36456:37027 [4] NCCL INFO [node_id = 10; gpu_id = 62036; unique_id = 18035367739338046531; location_id = 55552; bdf = 55552; domain = 0; partition = 0], 
nid005197:36459:37028 [7] NCCL INFO [node_id = 4; gpu_id = 63582; unique_id = 652453718094078692; location_id = 49408; bdf = 49408; domain = 0; partition = 0], 
nid005197:36459:37028 [7] NCCL INFO [node_id = 5; gpu_id = 51740; unique_id = 3025299319970004801; location_id = 50688; bdf = 50688; domain = 0; partition = 0], 
nid005197:36459:37028 [7] NCCL INFO [node_id = 7; gpu_id = 3099; unique_id = 5673614210356227553; location_id = 52736; bdf = 52736; domain = 0; partition = 0], 
nid005197:36459:37028 [7] NCCL INFO [node_id = 9; gpu_id = 1553; unique_id = 8096516996330644798; location_id = 54784; bdf = 54784; domain = 0; partition = 0], 
nid005197:36459:37028 [7] NCCL INFO [node_id = 6; gpu_id = 15961; unique_id = 8326882890176744448; location_id = 51456; bdf = 51456; domain = 0; partition = 0], 
nid005197:36459:37028 [7] NCCL INFO [node_id = 8; gpu_id = 13395; unique_id = 10586071455954641410; location_id = 53504; bdf = 53504; domain = 0; partition = 0], 
nid005197:36459:37028 [7] NCCL INFO [node_id = 11; gpu_id = 49174; unique_id = 12536539307626421296; location_id = 56832; bdf = 56832; domain = 0; partition = 0], 
nid005197:36459:37028 [7] NCCL INFO [node_id = 10; gpu_id = 62036; unique_id = 18035367739338046531; location_id = 55552; bdf = 55552; domain = 0; partition = 0], 
nid005197:36454:37030 [2] NCCL INFO [node_id = 4; gpu_id = 63582; unique_id = 652453718094078692; location_id = 49408; bdf = 49408; domain = 0; partition = 0], 
nid005197:36458:37029 [6] NCCL INFO [node_id = 4; gpu_id = 63582; unique_id = 652453718094078692; location_id = 49408; bdf = 49408; domain = 0; partition = 0], 
nid005197:36454:37030 [2] NCCL INFO [node_id = 5; gpu_id = 51740; unique_id = 3025299319970004801; location_id = 50688; bdf = 50688; domain = 0; partition = 0], 
nid005197:36458:37029 [6] NCCL INFO [node_id = 5; gpu_id = 51740; unique_id = 3025299319970004801; location_id = 50688; bdf = 50688; domain = 0; partition = 0], 
nid005197:36454:37030 [2] NCCL INFO [node_id = 7; gpu_id = 3099; unique_id = 5673614210356227553; location_id = 52736; bdf = 52736; domain = 0; partition = 0], 
nid005197:36458:37029 [6] NCCL INFO [node_id = 7; gpu_id = 3099; unique_id = 5673614210356227553; location_id = 52736; bdf = 52736; domain = 0; partition = 0], 
nid005197:36454:37030 [2] NCCL INFO [node_id = 9; gpu_id = 1553; unique_id = 8096516996330644798; location_id = 54784; bdf = 54784; domain = 0; partition = 0], 
nid005197:36458:37029 [6] NCCL INFO [node_id = 9; gpu_id = 1553; unique_id = 8096516996330644798; location_id = 54784; bdf = 54784; domain = 0; partition = 0], 
nid005197:36454:37030 [2] NCCL INFO [node_id = 6; gpu_id = 15961; unique_id = 8326882890176744448; location_id = 51456; bdf = 51456; domain = 0; partition = 0], 
nid005197:36458:37029 [6] NCCL INFO [node_id = 6; gpu_id = 15961; unique_id = 8326882890176744448; location_id = 51456; bdf = 51456; domain = 0; partition = 0], 
nid005197:36454:37030 [2] NCCL INFO [node_id = 8; gpu_id = 13395; unique_id = 10586071455954641410; location_id = 53504; bdf = 53504; domain = 0; partition = 0], 
nid005197:36458:37029 [6] NCCL INFO [node_id = 8; gpu_id = 13395; unique_id = 10586071455954641410; location_id = 53504; bdf = 53504; domain = 0; partition = 0], 
nid005197:36454:37030 [2] NCCL INFO [node_id = 11; gpu_id = 49174; unique_id = 12536539307626421296; location_id = 56832; bdf = 56832; domain = 0; partition = 0], 
nid005197:36458:37029 [6] NCCL INFO [node_id = 11; gpu_id = 49174; unique_id = 12536539307626421296; location_id = 56832; bdf = 56832; domain = 0; partition = 0], 
nid005197:36454:37030 [2] NCCL INFO [node_id = 10; gpu_id = 62036; unique_id = 18035367739338046531; location_id = 55552; bdf = 55552; domain = 0; partition = 0], 
nid005197:36458:37029 [6] NCCL INFO [node_id = 10; gpu_id = 62036; unique_id = 18035367739338046531; location_id = 55552; bdf = 55552; domain = 0; partition = 0], 
nid005197:36455:37031 [3] NCCL INFO [node_id = 4; gpu_id = 63582; unique_id = 652453718094078692; location_id = 49408; bdf = 49408; domain = 0; partition = 0], 
nid005197:36455:37031 [3] NCCL INFO [node_id = 5; gpu_id = 51740; unique_id = 3025299319970004801; location_id = 50688; bdf = 50688; domain = 0; partition = 0], 
nid005197:36455:37031 [3] NCCL INFO [node_id = 7; gpu_id = 3099; unique_id = 5673614210356227553; location_id = 52736; bdf = 52736; domain = 0; partition = 0], 
nid005197:36455:37031 [3] NCCL INFO [node_id = 9; gpu_id = 1553; unique_id = 8096516996330644798; location_id = 54784; bdf = 54784; domain = 0; partition = 0], 
nid005197:36455:37031 [3] NCCL INFO [node_id = 6; gpu_id = 15961; unique_id = 8326882890176744448; location_id = 51456; bdf = 51456; domain = 0; partition = 0], 
nid005197:36455:37031 [3] NCCL INFO [node_id = 8; gpu_id = 13395; unique_id = 10586071455954641410; location_id = 53504; bdf = 53504; domain = 0; partition = 0], 
nid005197:36455:37031 [3] NCCL INFO [node_id = 11; gpu_id = 49174; unique_id = 12536539307626421296; location_id = 56832; bdf = 56832; domain = 0; partition = 0], 
nid005197:36455:37031 [3] NCCL INFO [node_id = 10; gpu_id = 62036; unique_id = 18035367739338046531; location_id = 55552; bdf = 55552; domain = 0; partition = 0], 
nid005197:36457:37025 [5] NCCL INFO initialized internal alternative rsmi functionality
nid005197:36453:37026 [1] NCCL INFO initialized internal alternative rsmi functionality
nid005197:36456:37027 [4] NCCL INFO initialized internal alternative rsmi functionality
nid005197:36459:37028 [7] NCCL INFO initialized internal alternative rsmi functionality
nid005197:36454:37030 [2] NCCL INFO initialized internal alternative rsmi functionality
nid005197:36458:37029 [6] NCCL INFO initialized internal alternative rsmi functionality
nid005197:36455:37031 [3] NCCL INFO initialized internal alternative rsmi functionality
nid005197:36454:37030 [2] NCCL INFO ncclCommInitRank comm 0x20f73c30 rank 2 nranks 8 cudaDev 2 nvmlDev 2 busId c9000 commId 0xcd88e0f651b43f2c - Init START
nid005197:36453:37026 [1] NCCL INFO ncclCommInitRank comm 0x20f6dd00 rank 1 nranks 8 cudaDev 1 nvmlDev 1 busId c6000 commId 0xcd88e0f651b43f2c - Init START
nid005197:36455:37031 [3] NCCL INFO ncclCommInitRank comm 0x20f33d70 rank 3 nranks 8 cudaDev 3 nvmlDev 3 busId ce000 commId 0xcd88e0f651b43f2c - Init START
nid005197:36456:37027 [4] NCCL INFO ncclCommInitRank comm 0x2102da10 rank 4 nranks 8 cudaDev 4 nvmlDev 4 busId d1000 commId 0xcd88e0f651b43f2c - Init START
nid005197:36458:37029 [6] NCCL INFO ncclCommInitRank comm 0x2100ddc0 rank 6 nranks 8 cudaDev 6 nvmlDev 6 busId d9000 commId 0xcd88e0f651b43f2c - Init START
nid005197:36459:37028 [7] NCCL INFO ncclCommInitRank comm 0x20f56280 rank 7 nranks 8 cudaDev 7 nvmlDev 7 busId de000 commId 0xcd88e0f651b43f2c - Init START
nid005197:36452:37024 [0] NCCL INFO ncclCommInitRank comm 0x2100f540 rank 0 nranks 8 cudaDev 0 nvmlDev 0 busId c1000 commId 0xcd88e0f651b43f2c - Init START
nid005197:36457:37025 [5] NCCL INFO ncclCommInitRank comm 0x20f6e720 rank 5 nranks 8 cudaDev 5 nvmlDev 5 busId d6000 commId 0xcd88e0f651b43f2c - Init START
nid005197:36454:37030 [2] NCCL INFO initialized internal alternative rsmi functionality
nid005197:36453:37026 [1] NCCL INFO initialized internal alternative rsmi functionality
nid005197:36452:37024 [0] NCCL INFO initialized internal alternative rsmi functionality
nid005197:36456:37027 [4] NCCL INFO initialized internal alternative rsmi functionality
nid005197:36457:37025 [5] NCCL INFO initialized internal alternative rsmi functionality
nid005197:36458:37029 [6] NCCL INFO initialized internal alternative rsmi functionality
nid005197:36459:37028 [7] NCCL INFO initialized internal alternative rsmi functionality
nid005197:36455:37031 [3] NCCL INFO initialized internal alternative rsmi functionality
nid005197:36454:37030 [2] NCCL INFO Setting affinity for GPU 2 to fefe0000,00000000,fefe0000
nid005197:36455:37031 [3] NCCL INFO Setting affinity for GPU 3 to fefe0000,00000000,fefe0000
nid005197:36456:37027 [4] NCCL INFO Setting affinity for GPU 4 to fefe,00000000,0000fefe
nid005197:36457:37025 [5] NCCL INFO Setting affinity for GPU 5 to fefe,00000000,0000fefe
nid005197:36458:37029 [6] NCCL INFO Setting affinity for GPU 6 to fefe,00000000,0000fefe,00000000
nid005197:36459:37028 [7] NCCL INFO Setting affinity for GPU 7 to fefe,00000000,0000fefe,00000000
nid005197:36452:37024 [0] NCCL INFO Setting affinity for GPU 0 to fefe0000,00000000,fefe0000,00000000
nid005197:36453:37026 [1] NCCL INFO Setting affinity for GPU 1 to fefe0000,00000000,fefe0000,00000000
nid005197:36459:37028 [7] NCCL INFO comm 0x20f56280 rank 7 nRanks 8 nNodes 1 localRanks 8 localRank 7 MNNVL 0
nid005197:36458:37029 [6] NCCL INFO comm 0x2100ddc0 rank 6 nRanks 8 nNodes 1 localRanks 8 localRank 6 MNNVL 0
nid005197:36457:37025 [5] NCCL INFO comm 0x20f6e720 rank 5 nRanks 8 nNodes 1 localRanks 8 localRank 5 MNNVL 0
nid005197:36452:37024 [0] NCCL INFO comm 0x2100f540 rank 0 nRanks 8 nNodes 1 localRanks 8 localRank 0 MNNVL 0
nid005197:36456:37027 [4] NCCL INFO comm 0x2102da10 rank 4 nRanks 8 nNodes 1 localRanks 8 localRank 4 MNNVL 0
nid005197:36455:37031 [3] NCCL INFO comm 0x20f33d70 rank 3 nRanks 8 nNodes 1 localRanks 8 localRank 3 MNNVL 0
