nid005128:77477:77898 [3] NCCL INFO Channel 09/0 : 3[ce000] -> 1[c6000] via P2P/IPC comm 0x1abf1190 nRanks 08
nid005128:77474:77897 [0] NCCL INFO Channel 09/0 : 0[c1000] -> 6[d9000] via P2P/IPC comm 0x1ac0fd80 nRanks 08
nid005128:77480:77902 [6] NCCL INFO Channel 15/0 : 6[d9000] -> 4[d1000] via P2P/IPC comm 0x1ad38990 nRanks 08
nid005128:77481:77904 [7] NCCL INFO Channel 13/0 : 7[de000] -> 5[d6000] via P2P/IPC comm 0x1abfa1c0 nRanks 08
nid005128:77476:77903 [2] NCCL INFO Channel 14/0 : 2[c9000] -> 0[c1000] via P2P/IPC comm 0x1ac03da0 nRanks 08
nid005128:77477:77898 [3] NCCL INFO Channel 13/0 : 3[ce000] -> 1[c6000] via P2P/IPC comm 0x1abf1190 nRanks 08
nid005128:77474:77897 [0] NCCL INFO Channel 13/0 : 0[c1000] -> 6[d9000] via P2P/IPC comm 0x1ac0fd80 nRanks 08
nid005128:77479:77901 [5] NCCL INFO Channel 01/0 : 5[d6000] -> 4[d1000] via P2P/IPC comm 0x1ac8fe80 nRanks 08
nid005128:77481:77904 [7] NCCL INFO Channel 00/0 : 7[de000] -> 6[d9000] via P2P/IPC comm 0x1abfa1c0 nRanks 08
nid005128:77477:77898 [3] NCCL INFO Channel 00/0 : 3[ce000] -> 2[c9000] via P2P/IPC comm 0x1abf1190 nRanks 08
nid005128:77475:77900 [1] NCCL INFO Channel 01/0 : 1[c6000] -> 0[c1000] via P2P/IPC comm 0x1abeea00 nRanks 08
nid005128:77479:77901 [5] NCCL INFO Channel 02/0 : 5[d6000] -> 4[d1000] via P2P/IPC comm 0x1ac8fe80 nRanks 08
nid005128:77481:77904 [7] NCCL INFO Channel 03/0 : 7[de000] -> 6[d9000] via P2P/IPC comm 0x1abfa1c0 nRanks 08
nid005128:77477:77898 [3] NCCL INFO Channel 02/0 : 3[ce000] -> 2[c9000] via P2P/IPC comm 0x1abf1190 nRanks 08
nid005128:77475:77900 [1] NCCL INFO Channel 03/0 : 1[c6000] -> 0[c1000] via P2P/IPC comm 0x1abeea00 nRanks 08
nid005128:77479:77901 [5] NCCL INFO Channel 05/0 : 5[d6000] -> 4[d1000] via P2P/IPC comm 0x1ac8fe80 nRanks 08
nid005128:77481:77904 [7] NCCL INFO Channel 04/0 : 7[de000] -> 6[d9000] via P2P/IPC comm 0x1abfa1c0 nRanks 08
nid005128:77475:77900 [1] NCCL INFO Channel 05/0 : 1[c6000] -> 0[c1000] via P2P/IPC comm 0x1abeea00 nRanks 08
nid005128:77477:77898 [3] NCCL INFO Channel 04/0 : 3[ce000] -> 2[c9000] via P2P/IPC comm 0x1abf1190 nRanks 08
nid005128:77479:77901 [5] NCCL INFO Channel 06/0 : 5[d6000] -> 4[d1000] via P2P/IPC comm 0x1ac8fe80 nRanks 08
nid005128:77481:77904 [7] NCCL INFO Channel 07/0 : 7[de000] -> 6[d9000] via P2P/IPC comm 0x1abfa1c0 nRanks 08
nid005128:77475:77900 [1] NCCL INFO Channel 07/0 : 1[c6000] -> 0[c1000] via P2P/IPC comm 0x1abeea00 nRanks 08
nid005128:77477:77898 [3] NCCL INFO Channel 06/0 : 3[ce000] -> 2[c9000] via P2P/IPC comm 0x1abf1190 nRanks 08
nid005128:77479:77901 [5] NCCL INFO Channel 09/0 : 5[d6000] -> 4[d1000] via P2P/IPC comm 0x1ac8fe80 nRanks 08
nid005128:77481:77904 [7] NCCL INFO Channel 08/0 : 7[de000] -> 6[d9000] via P2P/IPC comm 0x1abfa1c0 nRanks 08
nid005128:77475:77900 [1] NCCL INFO Channel 09/0 : 1[c6000] -> 0[c1000] via P2P/IPC comm 0x1abeea00 nRanks 08
nid005128:77477:77898 [3] NCCL INFO Channel 08/0 : 3[ce000] -> 2[c9000] via P2P/IPC comm 0x1abf1190 nRanks 08
nid005128:77481:77904 [7] NCCL INFO Channel 11/0 : 7[de000] -> 6[d9000] via P2P/IPC comm 0x1abfa1c0 nRanks 08
nid005128:77479:77901 [5] NCCL INFO Channel 10/0 : 5[d6000] -> 4[d1000] via P2P/IPC comm 0x1ac8fe80 nRanks 08
nid005128:77475:77900 [1] NCCL INFO Channel 11/0 : 1[c6000] -> 0[c1000] via P2P/IPC comm 0x1abeea00 nRanks 08
nid005128:77477:77898 [3] NCCL INFO Channel 10/0 : 3[ce000] -> 2[c9000] via P2P/IPC comm 0x1abf1190 nRanks 08
nid005128:77481:77904 [7] NCCL INFO Channel 12/0 : 7[de000] -> 6[d9000] via P2P/IPC comm 0x1abfa1c0 nRanks 08
nid005128:77479:77901 [5] NCCL INFO Channel 13/0 : 5[d6000] -> 4[d1000] via P2P/IPC comm 0x1ac8fe80 nRanks 08
nid005128:77475:77900 [1] NCCL INFO Channel 13/0 : 1[c6000] -> 0[c1000] via P2P/IPC comm 0x1abeea00 nRanks 08
nid005128:77477:77898 [3] NCCL INFO Channel 12/0 : 3[ce000] -> 2[c9000] via P2P/IPC comm 0x1abf1190 nRanks 08
nid005128:77481:77904 [7] NCCL INFO Channel 15/0 : 7[de000] -> 6[d9000] via P2P/IPC comm 0x1abfa1c0 nRanks 08
nid005128:77479:77901 [5] NCCL INFO Channel 14/0 : 5[d6000] -> 4[d1000] via P2P/IPC comm 0x1ac8fe80 nRanks 08
nid005128:77477:77898 [3] NCCL INFO Channel 14/0 : 3[ce000] -> 2[c9000] via P2P/IPC comm 0x1abf1190 nRanks 08
nid005128:77475:77900 [1] NCCL INFO Channel 15/0 : 1[c6000] -> 0[c1000] via P2P/IPC comm 0x1abeea00 nRanks 08
nid005128:77479:77901 [5] NCCL INFO Connected all rings
nid005128:77478:77899 [4] NCCL INFO Connected all rings
nid005128:77478:77899 [4] NCCL INFO Channel 01/0 : 4[d1000] -> 5[d6000] via P2P/IPC comm 0x1ac02490 nRanks 08
nid005128:77481:77904 [7] NCCL INFO Connected all rings
nid005128:77477:77898 [3] NCCL INFO Connected all rings
nid005128:77480:77902 [6] NCCL INFO Connected all rings
nid005128:77476:77903 [2] NCCL INFO Connected all rings
nid005128:77476:77903 [2] NCCL INFO Channel 00/0 : 2[c9000] -> 3[ce000] via P2P/IPC comm 0x1ac03da0 nRanks 08
nid005128:77480:77902 [6] NCCL INFO Channel 00/0 : 6[d9000] -> 7[de000] via P2P/IPC comm 0x1ad38990 nRanks 08
nid005128:77475:77900 [1] NCCL INFO Connected all rings
nid005128:77474:77897 [0] NCCL INFO Connected all rings
nid005128:77474:77897 [0] NCCL INFO Channel 01/0 : 0[c1000] -> 1[c6000] via P2P/IPC comm 0x1ac0fd80 nRanks 08
nid005128:77480:77902 [6] NCCL INFO Channel 03/0 : 6[d9000] -> 7[de000] via P2P/IPC comm 0x1ad38990 nRanks 08
nid005128:77478:77899 [4] NCCL INFO Channel 02/0 : 4[d1000] -> 5[d6000] via P2P/IPC comm 0x1ac02490 nRanks 08
nid005128:77476:77903 [2] NCCL INFO Channel 02/0 : 2[c9000] -> 3[ce000] via P2P/IPC comm 0x1ac03da0 nRanks 08
nid005128:77474:77897 [0] NCCL INFO Channel 03/0 : 0[c1000] -> 1[c6000] via P2P/IPC comm 0x1ac0fd80 nRanks 08
nid005128:77480:77902 [6] NCCL INFO Channel 04/0 : 6[d9000] -> 7[de000] via P2P/IPC comm 0x1ad38990 nRanks 08
nid005128:77478:77899 [4] NCCL INFO Channel 05/0 : 4[d1000] -> 5[d6000] via P2P/IPC comm 0x1ac02490 nRanks 08
nid005128:77476:77903 [2] NCCL INFO Channel 04/0 : 2[c9000] -> 3[ce000] via P2P/IPC comm 0x1ac03da0 nRanks 08
nid005128:77474:77897 [0] NCCL INFO Channel 05/0 : 0[c1000] -> 1[c6000] via P2P/IPC comm 0x1ac0fd80 nRanks 08
nid005128:77478:77899 [4] NCCL INFO Channel 06/0 : 4[d1000] -> 5[d6000] via P2P/IPC comm 0x1ac02490 nRanks 08
nid005128:77480:77902 [6] NCCL INFO Channel 07/0 : 6[d9000] -> 7[de000] via P2P/IPC comm 0x1ad38990 nRanks 08
nid005128:77476:77903 [2] NCCL INFO Channel 06/0 : 2[c9000] -> 3[ce000] via P2P/IPC comm 0x1ac03da0 nRanks 08
nid005128:77474:77897 [0] NCCL INFO Channel 07/0 : 0[c1000] -> 1[c6000] via P2P/IPC comm 0x1ac0fd80 nRanks 08
nid005128:77478:77899 [4] NCCL INFO Channel 09/0 : 4[d1000] -> 5[d6000] via P2P/IPC comm 0x1ac02490 nRanks 08
nid005128:77480:77902 [6] NCCL INFO Channel 08/0 : 6[d9000] -> 7[de000] via P2P/IPC comm 0x1ad38990 nRanks 08
nid005128:77476:77903 [2] NCCL INFO Channel 08/0 : 2[c9000] -> 3[ce000] via P2P/IPC comm 0x1ac03da0 nRanks 08
nid005128:77474:77897 [0] NCCL INFO Channel 09/0 : 0[c1000] -> 1[c6000] via P2P/IPC comm 0x1ac0fd80 nRanks 08
nid005128:77478:77899 [4] NCCL INFO Channel 10/0 : 4[d1000] -> 5[d6000] via P2P/IPC comm 0x1ac02490 nRanks 08
nid005128:77480:77902 [6] NCCL INFO Channel 11/0 : 6[d9000] -> 7[de000] via P2P/IPC comm 0x1ad38990 nRanks 08
nid005128:77476:77903 [2] NCCL INFO Channel 10/0 : 2[c9000] -> 3[ce000] via P2P/IPC comm 0x1ac03da0 nRanks 08
nid005128:77474:77897 [0] NCCL INFO Channel 11/0 : 0[c1000] -> 1[c6000] via P2P/IPC comm 0x1ac0fd80 nRanks 08
nid005128:77478:77899 [4] NCCL INFO Channel 13/0 : 4[d1000] -> 5[d6000] via P2P/IPC comm 0x1ac02490 nRanks 08
nid005128:77480:77902 [6] NCCL INFO Channel 12/0 : 6[d9000] -> 7[de000] via P2P/IPC comm 0x1ad38990 nRanks 08
nid005128:77476:77903 [2] NCCL INFO Channel 12/0 : 2[c9000] -> 3[ce000] via P2P/IPC comm 0x1ac03da0 nRanks 08
nid005128:77474:77897 [0] NCCL INFO Channel 13/0 : 0[c1000] -> 1[c6000] via P2P/IPC comm 0x1ac0fd80 nRanks 08
nid005128:77478:77899 [4] NCCL INFO Channel 14/0 : 4[d1000] -> 5[d6000] via P2P/IPC comm 0x1ac02490 nRanks 08
nid005128:77480:77902 [6] NCCL INFO Channel 15/0 : 6[d9000] -> 7[de000] via P2P/IPC comm 0x1ad38990 nRanks 08
nid005128:77476:77903 [2] NCCL INFO Channel 14/0 : 2[c9000] -> 3[ce000] via P2P/IPC comm 0x1ac03da0 nRanks 08
nid005128:77474:77897 [0] NCCL INFO Channel 15/0 : 0[c1000] -> 1[c6000] via P2P/IPC comm 0x1ac0fd80 nRanks 08
nid005128:77479:77901 [5] NCCL INFO Channel 01/0 : 5[d6000] -> 7[de000] via P2P/IPC comm 0x1ac8fe80 nRanks 08
nid005128:77476:77903 [2] NCCL INFO Channel 01/0 : 2[c9000] -> 4[d1000] via P2P/IPC comm 0x1ac03da0 nRanks 08
nid005128:77475:77900 [1] NCCL INFO Channel 01/0 : 1[c6000] -> 3[ce000] via P2P/IPC comm 0x1abeea00 nRanks 08
nid005128:77479:77901 [5] NCCL INFO Channel 05/0 : 5[d6000] -> 7[de000] via P2P/IPC comm 0x1ac8fe80 nRanks 08
nid005128:77476:77903 [2] NCCL INFO Channel 05/0 : 2[c9000] -> 4[d1000] via P2P/IPC comm 0x1ac03da0 nRanks 08
nid005128:77479:77901 [5] NCCL INFO Channel 09/0 : 5[d6000] -> 7[de000] via P2P/IPC comm 0x1ac8fe80 nRanks 08
nid005128:77475:77900 [1] NCCL INFO Channel 05/0 : 1[c6000] -> 3[ce000] via P2P/IPC comm 0x1abeea00 nRanks 08
nid005128:77476:77903 [2] NCCL INFO Channel 09/0 : 2[c9000] -> 4[d1000] via P2P/IPC comm 0x1ac03da0 nRanks 08
nid005128:77479:77901 [5] NCCL INFO Channel 13/0 : 5[d6000] -> 7[de000] via P2P/IPC comm 0x1ac8fe80 nRanks 08
nid005128:77475:77900 [1] NCCL INFO Channel 09/0 : 1[c6000] -> 3[ce000] via P2P/IPC comm 0x1abeea00 nRanks 08
nid005128:77476:77903 [2] NCCL INFO Channel 13/0 : 2[c9000] -> 4[d1000] via P2P/IPC comm 0x1ac03da0 nRanks 08
nid005128:77478:77899 [4] NCCL INFO Channel 03/0 : 4[d1000] -> 6[d9000] via P2P/IPC comm 0x1ac02490 nRanks 08
nid005128:77475:77900 [1] NCCL INFO Channel 13/0 : 1[c6000] -> 3[ce000] via P2P/IPC comm 0x1abeea00 nRanks 08
nid005128:77478:77899 [4] NCCL INFO Channel 07/0 : 4[d1000] -> 6[d9000] via P2P/IPC comm 0x1ac02490 nRanks 08
nid005128:77478:77899 [4] NCCL INFO Channel 11/0 : 4[d1000] -> 6[d9000] via P2P/IPC comm 0x1ac02490 nRanks 08
nid005128:77478:77899 [4] NCCL INFO Channel 15/0 : 4[d1000] -> 6[d9000] via P2P/IPC comm 0x1ac02490 nRanks 08
nid005128:77480:77902 [6] NCCL INFO Channel 02/0 : 6[d9000] -> 4[d1000] via P2P/IPC comm 0x1ad38990 nRanks 08
nid005128:77479:77901 [5] NCCL INFO Channel 02/0 : 5[d6000] -> 1[c6000] via P2P/IPC comm 0x1ac8fe80 nRanks 08
nid005128:77481:77904 [7] NCCL INFO Channel 03/0 : 7[de000] -> 3[ce000] via P2P/IPC comm 0x1abfa1c0 nRanks 08
nid005128:77479:77901 [5] NCCL INFO Channel 06/0 : 5[d6000] -> 1[c6000] via P2P/IPC comm 0x1ac8fe80 nRanks 08
nid005128:77480:77902 [6] NCCL INFO Channel 06/0 : 6[d9000] -> 4[d1000] via P2P/IPC comm 0x1ad38990 nRanks 08
nid005128:77477:77898 [3] NCCL INFO Channel 02/0 : 3[ce000] -> 7[de000] via P2P/IPC comm 0x1abf1190 nRanks 08
nid005128:77481:77904 [7] NCCL INFO Channel 07/0 : 7[de000] -> 3[ce000] via P2P/IPC comm 0x1abfa1c0 nRanks 08
nid005128:77475:77900 [1] NCCL INFO Channel 03/0 : 1[c6000] -> 5[d6000] via P2P/IPC comm 0x1abeea00 nRanks 08
nid005128:77479:77901 [5] NCCL INFO Channel 10/0 : 5[d6000] -> 1[c6000] via P2P/IPC comm 0x1ac8fe80 nRanks 08
nid005128:77480:77902 [6] NCCL INFO Channel 10/0 : 6[d9000] -> 4[d1000] via P2P/IPC comm 0x1ad38990 nRanks 08
nid005128:77477:77898 [3] NCCL INFO Channel 06/0 : 3[ce000] -> 7[de000] via P2P/IPC comm 0x1abf1190 nRanks 08
nid005128:77481:77904 [7] NCCL INFO Channel 11/0 : 7[de000] -> 3[ce000] via P2P/IPC comm 0x1abfa1c0 nRanks 08
nid005128:77475:77900 [1] NCCL INFO Channel 07/0 : 1[c6000] -> 5[d6000] via P2P/IPC comm 0x1abeea00 nRanks 08
nid005128:77479:77901 [5] NCCL INFO Channel 14/0 : 5[d6000] -> 1[c6000] via P2P/IPC comm 0x1ac8fe80 nRanks 08
nid005128:77480:77902 [6] NCCL INFO Channel 14/0 : 6[d9000] -> 4[d1000] via P2P/IPC comm 0x1ad38990 nRanks 08
nid005128:77477:77898 [3] NCCL INFO Channel 10/0 : 3[ce000] -> 7[de000] via P2P/IPC comm 0x1abf1190 nRanks 08
nid005128:77481:77904 [7] NCCL INFO Channel 15/0 : 7[de000] -> 3[ce000] via P2P/IPC comm 0x1abfa1c0 nRanks 08
nid005128:77475:77900 [1] NCCL INFO Channel 11/0 : 1[c6000] -> 5[d6000] via P2P/IPC comm 0x1abeea00 nRanks 08
nid005128:77478:77899 [4] NCCL INFO Channel 00/0 : 4[d1000] -> 2[c9000] via P2P/IPC comm 0x1ac02490 nRanks 08
nid005128:77477:77898 [3] NCCL INFO Channel 14/0 : 3[ce000] -> 7[de000] via P2P/IPC comm 0x1abf1190 nRanks 08
nid005128:77475:77900 [1] NCCL INFO Channel 15/0 : 1[c6000] -> 5[d6000] via P2P/IPC comm 0x1abeea00 nRanks 08
nid005128:77478:77899 [4] NCCL INFO Channel 04/0 : 4[d1000] -> 2[c9000] via P2P/IPC comm 0x1ac02490 nRanks 08
nid005128:77481:77904 [7] NCCL INFO Channel 00/0 : 7[de000] -> 5[d6000] via P2P/IPC comm 0x1abfa1c0 nRanks 08
nid005128:77477:77898 [3] NCCL INFO Channel 00/0 : 3[ce000] -> 1[c6000] via P2P/IPC comm 0x1abf1190 nRanks 08
nid005128:77478:77899 [4] NCCL INFO Channel 08/0 : 4[d1000] -> 2[c9000] via P2P/IPC comm 0x1ac02490 nRanks 08
nid005128:77477:77898 [3] NCCL INFO Channel 04/0 : 3[ce000] -> 1[c6000] via P2P/IPC comm 0x1abf1190 nRanks 08
nid005128:77481:77904 [7] NCCL INFO Channel 04/0 : 7[de000] -> 5[d6000] via P2P/IPC comm 0x1abfa1c0 nRanks 08
nid005128:77478:77899 [4] NCCL INFO Channel 12/0 : 4[d1000] -> 2[c9000] via P2P/IPC comm 0x1ac02490 nRanks 08
nid005128:77477:77898 [3] NCCL INFO Channel 08/0 : 3[ce000] -> 1[c6000] via P2P/IPC comm 0x1abf1190 nRanks 08
nid005128:77481:77904 [7] NCCL INFO Channel 08/0 : 7[de000] -> 5[d6000] via P2P/IPC comm 0x1abfa1c0 nRanks 08
nid005128:77477:77898 [3] NCCL INFO Channel 12/0 : 3[ce000] -> 1[c6000] via P2P/IPC comm 0x1abf1190 nRanks 08
nid005128:77481:77904 [7] NCCL INFO Channel 12/0 : 7[de000] -> 5[d6000] via P2P/IPC comm 0x1abfa1c0 nRanks 08
nid005128:77481:77904 [7] NCCL INFO Channel 01/0 : 7[de000] -> 6[d9000] via P2P/IPC comm 0x1abfa1c0 nRanks 08
nid005128:77479:77901 [5] NCCL INFO Channel 00/0 : 5[d6000] -> 4[d1000] via P2P/IPC comm 0x1ac8fe80 nRanks 08
nid005128:77477:77898 [3] NCCL INFO Channel 01/0 : 3[ce000] -> 2[c9000] via P2P/IPC comm 0x1abf1190 nRanks 08
nid005128:77475:77900 [1] NCCL INFO Channel 00/0 : 1[c6000] -> 0[c1000] via P2P/IPC comm 0x1abeea00 nRanks 08
nid005128:77479:77901 [5] NCCL INFO Channel 03/0 : 5[d6000] -> 4[d1000] via P2P/IPC comm 0x1ac8fe80 nRanks 08
nid005128:77481:77904 [7] NCCL INFO Channel 02/0 : 7[de000] -> 6[d9000] via P2P/IPC comm 0x1abfa1c0 nRanks 08
nid005128:77475:77900 [1] NCCL INFO Channel 02/0 : 1[c6000] -> 0[c1000] via P2P/IPC comm 0x1abeea00 nRanks 08
nid005128:77477:77898 [3] NCCL INFO Channel 03/0 : 3[ce000] -> 2[c9000] via P2P/IPC comm 0x1abf1190 nRanks 08
nid005128:77479:77901 [5] NCCL INFO Channel 04/0 : 5[d6000] -> 4[d1000] via P2P/IPC comm 0x1ac8fe80 nRanks 08
nid005128:77481:77904 [7] NCCL INFO Channel 05/0 : 7[de000] -> 6[d9000] via P2P/IPC comm 0x1abfa1c0 nRanks 08
nid005128:77475:77900 [1] NCCL INFO Channel 04/0 : 1[c6000] -> 0[c1000] via P2P/IPC comm 0x1abeea00 nRanks 08
nid005128:77477:77898 [3] NCCL INFO Channel 05/0 : 3[ce000] -> 2[c9000] via P2P/IPC comm 0x1abf1190 nRanks 08
nid005128:77479:77901 [5] NCCL INFO Channel 07/0 : 5[d6000] -> 4[d1000] via P2P/IPC comm 0x1ac8fe80 nRanks 08
nid005128:77481:77904 [7] NCCL INFO Channel 06/0 : 7[de000] -> 6[d9000] via P2P/IPC comm 0x1abfa1c0 nRanks 08
nid005128:77475:77900 [1] NCCL INFO Channel 06/0 : 1[c6000] -> 0[c1000] via P2P/IPC comm 0x1abeea00 nRanks 08
nid005128:77477:77898 [3] NCCL INFO Channel 07/0 : 3[ce000] -> 2[c9000] via P2P/IPC comm 0x1abf1190 nRanks 08
nid005128:77479:77901 [5] NCCL INFO Channel 08/0 : 5[d6000] -> 4[d1000] via P2P/IPC comm 0x1ac8fe80 nRanks 08
nid005128:77481:77904 [7] NCCL INFO Channel 09/0 : 7[de000] -> 6[d9000] via P2P/IPC comm 0x1abfa1c0 nRanks 08
nid005128:77475:77900 [1] NCCL INFO Channel 08/0 : 1[c6000] -> 0[c1000] via P2P/IPC comm 0x1abeea00 nRanks 08
nid005128:77477:77898 [3] NCCL INFO Channel 09/0 : 3[ce000] -> 2[c9000] via P2P/IPC comm 0x1abf1190 nRanks 08
nid005128:77479:77901 [5] NCCL INFO Channel 11/0 : 5[d6000] -> 4[d1000] via P2P/IPC comm 0x1ac8fe80 nRanks 08
nid005128:77481:77904 [7] NCCL INFO Channel 10/0 : 7[de000] -> 6[d9000] via P2P/IPC comm 0x1abfa1c0 nRanks 08
nid005128:77475:77900 [1] NCCL INFO Channel 10/0 : 1[c6000] -> 0[c1000] via P2P/IPC comm 0x1abeea00 nRanks 08
nid005128:77477:77898 [3] NCCL INFO Channel 11/0 : 3[ce000] -> 2[c9000] via P2P/IPC comm 0x1abf1190 nRanks 08
nid005128:77479:77901 [5] NCCL INFO Channel 12/0 : 5[d6000] -> 4[d1000] via P2P/IPC comm 0x1ac8fe80 nRanks 08
nid005128:77481:77904 [7] NCCL INFO Channel 13/0 : 7[de000] -> 6[d9000] via P2P/IPC comm 0x1abfa1c0 nRanks 08
nid005128:77475:77900 [1] NCCL INFO Channel 12/0 : 1[c6000] -> 0[c1000] via P2P/IPC comm 0x1abeea00 nRanks 08
nid005128:77477:77898 [3] NCCL INFO Channel 13/0 : 3[ce000] -> 2[c9000] via P2P/IPC comm 0x1abf1190 nRanks 08
nid005128:77479:77901 [5] NCCL INFO Channel 15/0 : 5[d6000] -> 4[d1000] via P2P/IPC comm 0x1ac8fe80 nRanks 08
nid005128:77481:77904 [7] NCCL INFO Channel 14/0 : 7[de000] -> 6[d9000] via P2P/IPC comm 0x1abfa1c0 nRanks 08
nid005128:77475:77900 [1] NCCL INFO Channel 14/0 : 1[c6000] -> 0[c1000] via P2P/IPC comm 0x1abeea00 nRanks 08
nid005128:77477:77898 [3] NCCL INFO Channel 15/0 : 3[ce000] -> 2[c9000] via P2P/IPC comm 0x1abf1190 nRanks 08
nid005128:77478:77899 [4] NCCL INFO Connected all trees
nid005128:77474:77897 [0] NCCL INFO Connected all trees
nid005128:77475:77900 [1] NCCL INFO Connected all trees
nid005128:77480:77902 [6] NCCL INFO Connected all trees
nid005128:77479:77901 [5] NCCL INFO Connected all trees
nid005128:77481:77904 [7] NCCL INFO Connected all trees
nid005128:77476:77903 [2] NCCL INFO Connected all trees
nid005128:77477:77898 [3] NCCL INFO Connected all trees
nid005128:77477:77898 [3] NCCL INFO threadThresholds 8/8/64 | 64/8/64 | 256 | 256
nid005128:77477:77898 [3] NCCL INFO 16 coll channels, 16 collnet channels, 0 nvls channels, 16 p2p channels, 2 p2p channels per peer
nid005128:77479:77901 [5] NCCL INFO threadThresholds 8/8/64 | 64/8/64 | 256 | 256
nid005128:77479:77901 [5] NCCL INFO 16 coll channels, 16 collnet channels, 0 nvls channels, 16 p2p channels, 2 p2p channels per peer
nid005128:77478:77899 [4] NCCL INFO threadThresholds 8/8/64 | 64/8/64 | 256 | 256
nid005128:77478:77899 [4] NCCL INFO 16 coll channels, 16 collnet channels, 0 nvls channels, 16 p2p channels, 2 p2p channels per peer
nid005128:77476:77903 [2] NCCL INFO threadThresholds 8/8/64 | 64/8/64 | 256 | 256
nid005128:77476:77903 [2] NCCL INFO 16 coll channels, 16 collnet channels, 0 nvls channels, 16 p2p channels, 2 p2p channels per peer
nid005128:77480:77902 [6] NCCL INFO threadThresholds 8/8/64 | 64/8/64 | 256 | 256
nid005128:77480:77902 [6] NCCL INFO 16 coll channels, 16 collnet channels, 0 nvls channels, 16 p2p channels, 2 p2p channels per peer
nid005128:77475:77900 [1] NCCL INFO threadThresholds 8/8/64 | 64/8/64 | 256 | 256
nid005128:77475:77900 [1] NCCL INFO 16 coll channels, 16 collnet channels, 0 nvls channels, 16 p2p channels, 2 p2p channels per peer
nid005128:77481:77904 [7] NCCL INFO threadThresholds 8/8/64 | 64/8/64 | 256 | 256
nid005128:77481:77904 [7] NCCL INFO 16 coll channels, 16 collnet channels, 0 nvls channels, 16 p2p channels, 2 p2p channels per peer
nid005128:77474:77897 [0] NCCL INFO threadThresholds 8/8/64 | 64/8/64 | 256 | 256
nid005128:77474:77897 [0] NCCL INFO 16 coll channels, 16 collnet channels, 0 nvls channels, 16 p2p channels, 2 p2p channels per peer
nid005128:77474:77897 [0] NCCL INFO CC Off, Multi-GPU CC Off, workFifoBytes 1048576
nid005128:77481:77904 [7] NCCL INFO ncclCommInitRank comm 0x1abfa1c0 rank 7 nranks 8 cudaDev 7 nvmlDev 7 busId de000 commId 0xd019a4df953a433c localSize 272 used 975095712 bytes on core 35 - Init COMPLETE
nid005128:77481:77904 [7] NCCL INFO Init timings: rank 7 nranks 8 total 1.17 (kernels 0.00, bootstrap 0.02, allgathers 0.01, topo 0.89, graphs 0.01, connections 0.24, rest 0.00)
nid005128:77477:77898 [3] NCCL INFO ncclCommInitRank comm 0x1abf1190 rank 3 nranks 8 cudaDev 3 nvmlDev 3 busId ce000 commId 0xd019a4df953a433c localSize 272 used 975095712 bytes on core 25 - Init COMPLETE
nid005128:77479:77901 [5] NCCL INFO ncclCommInitRank comm 0x1ac8fe80 rank 5 nranks 8 cudaDev 5 nvmlDev 5 busId d6000 commId 0xd019a4df953a433c localSize 272 used 975095712 bytes on core 2 - Init COMPLETE
nid005128:77477:77898 [3] NCCL INFO Init timings: rank 3 nranks 8 total 1.43 (kernels 0.00, bootstrap 0.29, allgathers 0.03, topo 0.87, graphs 0.01, connections 0.24, rest 0.00)
nid005128:77479:77901 [5] NCCL INFO Init timings: rank 5 nranks 8 total 1.43 (kernels 0.00, bootstrap 0.29, allgathers 0.03, topo 0.86, graphs 0.01, connections 0.24, rest 0.00)
nid005128:77475:77900 [1] NCCL INFO ncclCommInitRank comm 0x1abeea00 rank 1 nranks 8 cudaDev 1 nvmlDev 1 busId c6000 commId 0xd019a4df953a433c localSize 272 used 975095712 bytes on core 49 - Init COMPLETE
nid005128:77475:77900 [1] NCCL INFO Init timings: rank 1 nranks 8 total 1.43 (kernels 0.00, bootstrap 0.29, allgathers 0.00, topo 0.89, graphs 0.01, connections 0.24, rest 0.00)
nid005128:77480:77902 [6] NCCL INFO ncclCommInitRank comm 0x1ad38990 rank 6 nranks 8 cudaDev 6 nvmlDev 6 busId d9000 commId 0xd019a4df953a433c localSize 272 used 907986848 bytes on core 33 - Init COMPLETE
nid005128:77480:77902 [6] NCCL INFO Init timings: rank 6 nranks 8 total 1.43 (kernels 0.00, bootstrap 0.29, allgathers 0.02, topo 0.87, graphs 0.01, connections 0.24, rest 0.00)
nid005128:77476:77903 [2] NCCL INFO ncclCommInitRank comm 0x1ac03da0 rank 2 nranks 8 cudaDev 2 nvmlDev 2 busId c9000 commId 0xd019a4df953a433c localSize 272 used 907986848 bytes on core 21 - Init COMPLETE
nid005128:77476:77903 [2] NCCL INFO Init timings: rank 2 nranks 8 total 1.17 (kernels 0.00, bootstrap 0.03, allgathers 0.03, topo 0.86, graphs 0.01, connections 0.24, rest 0.00)
nid005128:77478:77899 [4] NCCL INFO ncclCommInitRank comm 0x1ac02490 rank 4 nranks 8 cudaDev 4 nvmlDev 4 busId d1000 commId 0xd019a4df953a433c localSize 272 used 975095712 bytes on core 65 - Init COMPLETE
nid005128:77478:77899 [4] NCCL INFO Init timings: rank 4 nranks 8 total 1.43 (kernels 0.00, bootstrap 0.29, allgathers 0.04, topo 0.86, graphs 0.01, connections 0.24, rest 0.00)
nid005128:77474:77897 [0] NCCL INFO ncclCommInitRank comm 0x1ac0fd80 rank 0 nranks 8 cudaDev 0 nvmlDev 0 busId c1000 commId 0xd019a4df953a433c localSize 272 used 840877984 bytes on core 55 - Init COMPLETE
nid005128:77474:77897 [0] NCCL INFO Init timings: rank 0 nranks 8 total 1.43 (kernels 0.00, bootstrap 0.29, allgathers 0.01, topo 0.88, graphs 0.01, connections 0.24, rest 0.00)
nid005128:77476:77935 [2] NCCL INFO Channel 02/1 : 2[c9000] -> 3[ce000] via P2P/IPC comm 0x1ac03da0 nRanks 08
nid005128:77479:77932 [5] NCCL INFO Channel 02/1 : 5[d6000] -> 6[d9000] via P2P/IPC comm 0x1ac8fe80 nRanks 08
nid005128:77480:77933 [6] NCCL INFO Channel 02/1 : 6[d9000] -> 7[de000] via P2P/IPC comm 0x1ad38990 nRanks 08
nid005128:77481:77931 [7] NCCL INFO Channel 02/1 : 7[de000] -> 0[c1000] via P2P/IPC comm 0x1abfa1c0 nRanks 08
nid005128:77478:77934 [4] NCCL INFO Channel 02/1 : 4[d1000] -> 5[d6000] via P2P/IPC comm 0x1ac02490 nRanks 08
nid005128:77477:77929 [3] NCCL INFO Channel 02/1 : 3[ce000] -> 4[d1000] via P2P/IPC comm 0x1abf1190 nRanks 08
nid005128:77474:77936 [0] NCCL INFO Channel 02/1 : 0[c1000] -> 1[c6000] via P2P/IPC comm 0x1ac0fd80 nRanks 08
nid005128:77475:77930 [1] NCCL INFO Channel 02/1 : 1[c6000] -> 2[c9000] via P2P/IPC comm 0x1abeea00 nRanks 08
nid005128:77476:77935 [2] NCCL INFO Channel 03/1 : 2[c9000] -> 3[ce000] via P2P/IPC comm 0x1ac03da0 nRanks 08
nid005128:77480:77933 [6] NCCL INFO Channel 03/1 : 6[d9000] -> 7[de000] via P2P/IPC comm 0x1ad38990 nRanks 08
nid005128:77481:77931 [7] NCCL INFO Channel 03/1 : 7[de000] -> 0[c1000] via P2P/IPC comm 0x1abfa1c0 nRanks 08
nid005128:77477:77929 [3] NCCL INFO Channel 03/1 : 3[ce000] -> 4[d1000] via P2P/IPC comm 0x1abf1190 nRanks 08
nid005128:77479:77932 [5] NCCL INFO Channel 03/1 : 5[d6000] -> 6[d9000] via P2P/IPC comm 0x1ac8fe80 nRanks 08
nid005128:77478:77934 [4] NCCL INFO Channel 03/1 : 4[d1000] -> 5[d6000] via P2P/IPC comm 0x1ac02490 nRanks 08
nid005128:77474:77936 [0] NCCL INFO Channel 03/1 : 0[c1000] -> 1[c6000] via P2P/IPC comm 0x1ac0fd80 nRanks 08
nid005128:77475:77930 [1] NCCL INFO Channel 03/1 : 1[c6000] -> 2[c9000] via P2P/IPC comm 0x1abeea00 nRanks 08
nid005128:77477:77929 [3] NCCL INFO Channel 08/1 : 3[ce000] -> 5[d6000] via P2P/IPC comm 0x1abf1190 nRanks 08
nid005128:77480:77933 [6] NCCL INFO Channel 08/1 : 6[d9000] -> 0[c1000] via P2P/IPC comm 0x1ad38990 nRanks 08
nid005128:77481:77931 [7] NCCL INFO Channel 08/1 : 7[de000] -> 1[c6000] via P2P/IPC comm 0x1abfa1c0 nRanks 08
nid005128:77478:77934 [4] NCCL INFO Channel 08/1 : 4[d1000] -> 6[d9000] via P2P/IPC comm 0x1ac02490 nRanks 08
nid005128:77479:77932 [5] NCCL INFO Channel 08/1 : 5[d6000] -> 7[de000] via P2P/IPC comm 0x1ac8fe80 nRanks 08
nid005128:77476:77935 [2] NCCL INFO Channel 08/1 : 2[c9000] -> 4[d1000] via P2P/IPC comm 0x1ac03da0 nRanks 08
nid005128:77474:77936 [0] NCCL INFO Channel 08/1 : 0[c1000] -> 2[c9000] via P2P/IPC comm 0x1ac0fd80 nRanks 08
nid005128:77475:77930 [1] NCCL INFO Channel 08/1 : 1[c6000] -> 3[ce000] via P2P/IPC comm 0x1abeea00 nRanks 08
nid005128:77477:77929 [3] NCCL INFO Channel 09/1 : 3[ce000] -> 5[d6000] via P2P/IPC comm 0x1abf1190 nRanks 08
nid005128:77481:77931 [7] NCCL INFO Channel 09/1 : 7[de000] -> 1[c6000] via P2P/IPC comm 0x1abfa1c0 nRanks 08
nid005128:77480:77933 [6] NCCL INFO Channel 09/1 : 6[d9000] -> 0[c1000] via P2P/IPC comm 0x1ad38990 nRanks 08
nid005128:77478:77934 [4] NCCL INFO Channel 09/1 : 4[d1000] -> 6[d9000] via P2P/IPC comm 0x1ac02490 nRanks 08
nid005128:77479:77932 [5] NCCL INFO Channel 09/1 : 5[d6000] -> 7[de000] via P2P/IPC comm 0x1ac8fe80 nRanks 08
nid005128:77476:77935 [2] NCCL INFO Channel 09/1 : 2[c9000] -> 4[d1000] via P2P/IPC comm 0x1ac03da0 nRanks 08
nid005128:77474:77936 [0] NCCL INFO Channel 09/1 : 0[c1000] -> 2[c9000] via P2P/IPC comm 0x1ac0fd80 nRanks 08
nid005128:77475:77930 [1] NCCL INFO Channel 09/1 : 1[c6000] -> 3[ce000] via P2P/IPC comm 0x1abeea00 nRanks 08
nid005128:77479:77932 [5] NCCL INFO Channel 04/1 : 5[d6000] -> 0[c1000] via P2P/IPC comm 0x1ac8fe80 nRanks 08
nid005128:77478:77934 [4] NCCL INFO Channel 04/1 : 4[d1000] -> 7[de000] via P2P/IPC comm 0x1ac02490 nRanks 08
nid005128:77476:77935 [2] NCCL INFO Channel 04/1 : 2[c9000] -> 5[d6000] via P2P/IPC comm 0x1ac03da0 nRanks 08
nid005128:77481:77931 [7] NCCL INFO Channel 04/1 : 7[de000] -> 2[c9000] via P2P/IPC comm 0x1abfa1c0 nRanks 08
nid005128:77475:77930 [1] NCCL INFO Channel 04/1 : 1[c6000] -> 4[d1000] via P2P/IPC comm 0x1abeea00 nRanks 08
nid005128:77480:77933 [6] NCCL INFO Channel 04/1 : 6[d9000] -> 1[c6000] via P2P/IPC comm 0x1ad38990 nRanks 08
nid005128:77477:77929 [3] NCCL INFO Channel 04/1 : 3[ce000] -> 6[d9000] via P2P/IPC comm 0x1abf1190 nRanks 08
nid005128:77474:77936 [0] NCCL INFO Channel 04/1 : 0[c1000] -> 3[ce000] via P2P/IPC comm 0x1ac0fd80 nRanks 08
nid005128:77479:77932 [5] NCCL INFO Channel 05/1 : 5[d6000] -> 0[c1000] via P2P/IPC comm 0x1ac8fe80 nRanks 08
nid005128:77478:77934 [4] NCCL INFO Channel 05/1 : 4[d1000] -> 7[de000] via P2P/IPC comm 0x1ac02490 nRanks 08
nid005128:77480:77933 [6] NCCL INFO Channel 05/1 : 6[d9000] -> 1[c6000] via P2P/IPC comm 0x1ad38990 nRanks 08
nid005128:77481:77931 [7] NCCL INFO Channel 05/1 : 7[de000] -> 2[c9000] via P2P/IPC comm 0x1abfa1c0 nRanks 08
nid005128:77476:77935 [2] NCCL INFO Channel 05/1 : 2[c9000] -> 5[d6000] via P2P/IPC comm 0x1ac03da0 nRanks 08
nid005128:77477:77929 [3] NCCL INFO Channel 05/1 : 3[ce000] -> 6[d9000] via P2P/IPC comm 0x1abf1190 nRanks 08
nid005128:77475:77930 [1] NCCL INFO Channel 05/1 : 1[c6000] -> 4[d1000] via P2P/IPC comm 0x1abeea00 nRanks 08
nid005128:77474:77936 [0] NCCL INFO Channel 05/1 : 0[c1000] -> 3[ce000] via P2P/IPC comm 0x1ac0fd80 nRanks 08
nid005128:77481:77931 [7] NCCL INFO Channel 14/1 : 7[de000] -> 3[ce000] via P2P/IPC comm 0x1abfa1c0 nRanks 08
nid005128:77480:77933 [6] NCCL INFO Channel 14/1 : 6[d9000] -> 2[c9000] via P2P/IPC comm 0x1ad38990 nRanks 08
nid005128:77476:77935 [2] NCCL INFO Channel 14/1 : 2[c9000] -> 6[d9000] via P2P/IPC comm 0x1ac03da0 nRanks 08
nid005128:77477:77929 [3] NCCL INFO Channel 14/1 : 3[ce000] -> 7[de000] via P2P/IPC comm 0x1abf1190 nRanks 08
nid005128:77478:77934 [4] NCCL INFO Channel 14/1 : 4[d1000] -> 0[c1000] via P2P/IPC comm 0x1ac02490 nRanks 08
nid005128:77474:77936 [0] NCCL INFO Channel 14/1 : 0[c1000] -> 4[d1000] via P2P/IPC comm 0x1ac0fd80 nRanks 08
nid005128:77479:77932 [5] NCCL INFO Channel 14/1 : 5[d6000] -> 1[c6000] via P2P/IPC comm 0x1ac8fe80 nRanks 08
nid005128:77475:77930 [1] NCCL INFO Channel 14/1 : 1[c6000] -> 5[d6000] via P2P/IPC comm 0x1abeea00 nRanks 08
nid005128:77481:77931 [7] NCCL INFO Channel 15/1 : 7[de000] -> 3[ce000] via P2P/IPC comm 0x1abfa1c0 nRanks 08
nid005128:77480:77933 [6] NCCL INFO Channel 15/1 : 6[d9000] -> 2[c9000] via P2P/IPC comm 0x1ad38990 nRanks 08
nid005128:77477:77929 [3] NCCL INFO Channel 15/1 : 3[ce000] -> 7[de000] via P2P/IPC comm 0x1abf1190 nRanks 08
nid005128:77476:77935 [2] NCCL INFO Channel 15/1 : 2[c9000] -> 6[d9000] via P2P/IPC comm 0x1ac03da0 nRanks 08
nid005128:77479:77932 [5] NCCL INFO Channel 15/1 : 5[d6000] -> 1[c6000] via P2P/IPC comm 0x1ac8fe80 nRanks 08
nid005128:77474:77936 [0] NCCL INFO Channel 15/1 : 0[c1000] -> 4[d1000] via P2P/IPC comm 0x1ac0fd80 nRanks 08
nid005128:77478:77934 [4] NCCL INFO Channel 15/1 : 4[d1000] -> 0[c1000] via P2P/IPC comm 0x1ac02490 nRanks 08
nid005128:77475:77930 [1] NCCL INFO Channel 15/1 : 1[c6000] -> 5[d6000] via P2P/IPC comm 0x1abeea00 nRanks 08
nid005128:77480:77933 [6] NCCL INFO Channel 12/1 : 6[d9000] -> 3[ce000] via P2P/IPC comm 0x1ad38990 nRanks 08
nid005128:77476:77935 [2] NCCL INFO Channel 12/1 : 2[c9000] -> 7[de000] via P2P/IPC comm 0x1ac03da0 nRanks 08
nid005128:77481:77931 [7] NCCL INFO Channel 12/1 : 7[de000] -> 4[d1000] via P2P/IPC comm 0x1abfa1c0 nRanks 08
nid005128:77477:77929 [3] NCCL INFO Channel 12/1 : 3[ce000] -> 0[c1000] via P2P/IPC comm 0x1abf1190 nRanks 08
nid005128:77478:77934 [4] NCCL INFO Channel 12/1 : 4[d1000] -> 1[c6000] via P2P/IPC comm 0x1ac02490 nRanks 08
nid005128:77474:77936 [0] NCCL INFO Channel 12/1 : 0[c1000] -> 5[d6000] via P2P/IPC comm 0x1ac0fd80 nRanks 08
nid005128:77479:77932 [5] NCCL INFO Channel 12/1 : 5[d6000] -> 2[c9000] via P2P/IPC comm 0x1ac8fe80 nRanks 08
nid005128:77475:77930 [1] NCCL INFO Channel 12/1 : 1[c6000] -> 6[d9000] via P2P/IPC comm 0x1abeea00 nRanks 08
nid005128:77480:77933 [6] NCCL INFO Channel 13/1 : 6[d9000] -> 3[ce000] via P2P/IPC comm 0x1ad38990 nRanks 08
nid005128:77476:77935 [2] NCCL INFO Channel 13/1 : 2[c9000] -> 7[de000] via P2P/IPC comm 0x1ac03da0 nRanks 08
nid005128:77481:77931 [7] NCCL INFO Channel 13/1 : 7[de000] -> 4[d1000] via P2P/IPC comm 0x1abfa1c0 nRanks 08
nid005128:77477:77929 [3] NCCL INFO Channel 13/1 : 3[ce000] -> 0[c1000] via P2P/IPC comm 0x1abf1190 nRanks 08
nid005128:77474:77936 [0] NCCL INFO Channel 13/1 : 0[c1000] -> 5[d6000] via P2P/IPC comm 0x1ac0fd80 nRanks 08
nid005128:77478:77934 [4] NCCL INFO Channel 13/1 : 4[d1000] -> 1[c6000] via P2P/IPC comm 0x1ac02490 nRanks 08
nid005128:77479:77932 [5] NCCL INFO Channel 13/1 : 5[d6000] -> 2[c9000] via P2P/IPC comm 0x1ac8fe80 nRanks 08
nid005128:77475:77930 [1] NCCL INFO Channel 13/1 : 1[c6000] -> 6[d9000] via P2P/IPC comm 0x1abeea00 nRanks 08
nid005128:77477:77929 [3] NCCL INFO Channel 06/1 : 3[ce000] -> 1[c6000] via P2P/IPC comm 0x1abf1190 nRanks 08
nid005128:77476:77935 [2] NCCL INFO Channel 06/1 : 2[c9000] -> 0[c1000] via P2P/IPC comm 0x1ac03da0 nRanks 08
nid005128:77481:77931 [7] NCCL INFO Channel 06/1 : 7[de000] -> 5[d6000] via P2P/IPC comm 0x1abfa1c0 nRanks 08
nid005128:77479:77932 [5] NCCL INFO Channel 06/1 : 5[d6000] -> 3[ce000] via P2P/IPC comm 0x1ac8fe80 nRanks 08
nid005128:77478:77934 [4] NCCL INFO Channel 06/1 : 4[d1000] -> 2[c9000] via P2P/IPC comm 0x1ac02490 nRanks 08
nid005128:77475:77930 [1] NCCL INFO Channel 06/1 : 1[c6000] -> 7[de000] via P2P/IPC comm 0x1abeea00 nRanks 08
nid005128:77480:77933 [6] NCCL INFO Channel 06/1 : 6[d9000] -> 4[d1000] via P2P/IPC comm 0x1ad38990 nRanks 08
nid005128:77474:77936 [0] NCCL INFO Channel 06/1 : 0[c1000] -> 6[d9000] via P2P/IPC comm 0x1ac0fd80 nRanks 08
nid005128:77477:77929 [3] NCCL INFO Channel 07/1 : 3[ce000] -> 1[c6000] via P2P/IPC comm 0x1abf1190 nRanks 08
nid005128:77476:77935 [2] NCCL INFO Channel 07/1 : 2[c9000] -> 0[c1000] via P2P/IPC comm 0x1ac03da0 nRanks 08
nid005128:77481:77931 [7] NCCL INFO Channel 07/1 : 7[de000] -> 5[d6000] via P2P/IPC comm 0x1abfa1c0 nRanks 08
nid005128:77478:77934 [4] NCCL INFO Channel 07/1 : 4[d1000] -> 2[c9000] via P2P/IPC comm 0x1ac02490 nRanks 08
nid005128:77479:77932 [5] NCCL INFO Channel 07/1 : 5[d6000] -> 3[ce000] via P2P/IPC comm 0x1ac8fe80 nRanks 08
nid005128:77480:77933 [6] NCCL INFO Channel 07/1 : 6[d9000] -> 4[d1000] via P2P/IPC comm 0x1ad38990 nRanks 08
nid005128:77475:77930 [1] NCCL INFO Channel 07/1 : 1[c6000] -> 7[de000] via P2P/IPC comm 0x1abeea00 nRanks 08
nid005128:77474:77936 [0] NCCL INFO Channel 07/1 : 0[c1000] -> 6[d9000] via P2P/IPC comm 0x1ac0fd80 nRanks 08
nid005128:77479:77932 [5] NCCL INFO Channel 10/1 : 5[d6000] -> 4[d1000] via P2P/IPC comm 0x1ac8fe80 nRanks 08
nid005128:77478:77934 [4] NCCL INFO Channel 10/1 : 4[d1000] -> 3[ce000] via P2P/IPC comm 0x1ac02490 nRanks 08
nid005128:77480:77933 [6] NCCL INFO Channel 10/1 : 6[d9000] -> 5[d6000] via P2P/IPC comm 0x1ad38990 nRanks 08
nid005128:77476:77935 [2] NCCL INFO Channel 10/1 : 2[c9000] -> 1[c6000] via P2P/IPC comm 0x1ac03da0 nRanks 08
nid005128:77477:77929 [3] NCCL INFO Channel 10/1 : 3[ce000] -> 2[c9000] via P2P/IPC comm 0x1abf1190 nRanks 08
nid005128:77481:77931 [7] NCCL INFO Channel 10/1 : 7[de000] -> 6[d9000] via P2P/IPC comm 0x1abfa1c0 nRanks 08
nid005128:77474:77936 [0] NCCL INFO Channel 10/1 : 0[c1000] -> 7[de000] via P2P/IPC comm 0x1ac0fd80 nRanks 08
nid005128:77475:77930 [1] NCCL INFO Channel 10/1 : 1[c6000] -> 0[c1000] via P2P/IPC comm 0x1abeea00 nRanks 08
nid005128:77479:77932 [5] NCCL INFO Channel 11/1 : 5[d6000] -> 4[d1000] via P2P/IPC comm 0x1ac8fe80 nRanks 08
nid005128:77480:77933 [6] NCCL INFO Channel 11/1 : 6[d9000] -> 5[d6000] via P2P/IPC comm 0x1ad38990 nRanks 08
nid005128:77476:77935 [2] NCCL INFO Channel 11/1 : 2[c9000] -> 1[c6000] via P2P/IPC comm 0x1ac03da0 nRanks 08
nid005128:77478:77934 [4] NCCL INFO Channel 11/1 : 4[d1000] -> 3[ce000] via P2P/IPC comm 0x1ac02490 nRanks 08
nid005128:77481:77931 [7] NCCL INFO Channel 11/1 : 7[de000] -> 6[d9000] via P2P/IPC comm 0x1abfa1c0 nRanks 08
nid005128:77477:77929 [3] NCCL INFO Channel 11/1 : 3[ce000] -> 2[c9000] via P2P/IPC comm 0x1abf1190 nRanks 08
nid005128:77474:77936 [0] NCCL INFO Channel 11/1 : 0[c1000] -> 7[de000] via P2P/IPC comm 0x1ac0fd80 nRanks 08
nid005128:77475:77930 [1] NCCL INFO Channel 11/1 : 1[c6000] -> 0[c1000] via P2P/IPC comm 0x1abeea00 nRanks 08
[Rank 0] time (ms) | fwd_microstep: 5323.65 | bwd_microstep: 1076.64 | bwd_inner_microstep: 1063.21 | bwd_allreduce_microstep: 13.41 | step_microstep: 166.72
[Rank 0] time (ms) | fwd: 5323.63 | bwd: 1076.64 | bwd_inner: 1063.21 | bwd_allreduce: 13.41 | step: 166.71
nid005128:77474:77474 [0] NCCL INFO Kernel version: 6.4.0-150600.23.73_15.0.14-cray_shasta_c
nid005128:77474:77474 [0] NCCL INFO Kernel version: 6.4.0-150600.23.73_15.0.14-cray_shasta_c
nid005128:77474:77474 [0] NCCL INFO Comm config Blocking set to 1
nid005128:77478:77478 [4] NCCL INFO Kernel version: 6.4.0-150600.23.73_15.0.14-cray_shasta_c
nid005128:77481:77481 [7] NCCL INFO Kernel version: 6.4.0-150600.23.73_15.0.14-cray_shasta_c
nid005128:77479:77479 [5] NCCL INFO Kernel version: 6.4.0-150600.23.73_15.0.14-cray_shasta_c
nid005128:77476:77476 [2] NCCL INFO Kernel version: 6.4.0-150600.23.73_15.0.14-cray_shasta_c
nid005128:77479:77479 [5] NCCL INFO Comm config Blocking set to 1
nid005128:77478:77478 [4] NCCL INFO Comm config Blocking set to 1
nid005128:77474:78002 [0] NCCL INFO Using network Socket
nid005128:77481:77481 [7] NCCL INFO Comm config Blocking set to 1
nid005128:77476:77476 [2] NCCL INFO Comm config Blocking set to 1
nid005128:77479:78003 [5] NCCL INFO Using network Socket
nid005128:77478:78004 [4] NCCL INFO Using network Socket
nid005128:77480:77480 [6] NCCL INFO Kernel version: 6.4.0-150600.23.73_15.0.14-cray_shasta_c
nid005128:77481:78005 [7] NCCL INFO Using network Socket
nid005128:77476:78006 [2] NCCL INFO Using network Socket
nid005128:77480:77480 [6] NCCL INFO Comm config Blocking set to 1
nid005128:77480:78007 [6] NCCL INFO Using network Socket
nid005128:77474:78002 [0] NCCL INFO [node_id = 4; gpu_id = 63582; unique_id = 400704117168687711; location_id = 49408; bdf = 49408; domain = 0; partition = 0], 
nid005128:77474:78002 [0] NCCL INFO [node_id = 8; gpu_id = 13395; unique_id = 1705590128792796793; location_id = 53504; bdf = 53504; domain = 0; partition = 0], 
nid005128:77474:78002 [0] NCCL INFO [node_id = 7; gpu_id = 3099; unique_id = 2459482063681133906; location_id = 52736; bdf = 52736; domain = 0; partition = 0], 
nid005128:77474:78002 [0] NCCL INFO [node_id = 9; gpu_id = 1553; unique_id = 8071024365878856695; location_id = 54784; bdf = 54784; domain = 0; partition = 0], 
nid005128:77474:78002 [0] NCCL INFO [node_id = 5; gpu_id = 51740; unique_id = 10736867536586858708; location_id = 50688; bdf = 50688; domain = 0; partition = 0], 
nid005128:77474:78002 [0] NCCL INFO [node_id = 11; gpu_id = 49174; unique_id = 12444956902373558995; location_id = 56832; bdf = 56832; domain = 0; partition = 0], 
nid005128:77474:78002 [0] NCCL INFO [node_id = 6; gpu_id = 15961; unique_id = 13184021392896108793; location_id = 51456; bdf = 51456; domain = 0; partition = 0], 
nid005128:77474:78002 [0] NCCL INFO [node_id = 10; gpu_id = 62036; unique_id = 17628930140551949400; location_id = 55552; bdf = 55552; domain = 0; partition = 0], 
nid005128:77481:78005 [7] NCCL INFO [node_id = 4; gpu_id = 63582; unique_id = 400704117168687711; location_id = 49408; bdf = 49408; domain = 0; partition = 0], 
nid005128:77481:78005 [7] NCCL INFO [node_id = 8; gpu_id = 13395; unique_id = 1705590128792796793; location_id = 53504; bdf = 53504; domain = 0; partition = 0], 
nid005128:77481:78005 [7] NCCL INFO [node_id = 7; gpu_id = 3099; unique_id = 2459482063681133906; location_id = 52736; bdf = 52736; domain = 0; partition = 0], 
nid005128:77481:78005 [7] NCCL INFO [node_id = 9; gpu_id = 1553; unique_id = 8071024365878856695; location_id = 54784; bdf = 54784; domain = 0; partition = 0], 
nid005128:77481:78005 [7] NCCL INFO [node_id = 5; gpu_id = 51740; unique_id = 10736867536586858708; location_id = 50688; bdf = 50688; domain = 0; partition = 0], 
nid005128:77481:78005 [7] NCCL INFO [node_id = 11; gpu_id = 49174; unique_id = 12444956902373558995; location_id = 56832; bdf = 56832; domain = 0; partition = 0], 
nid005128:77481:78005 [7] NCCL INFO [node_id = 6; gpu_id = 15961; unique_id = 13184021392896108793; location_id = 51456; bdf = 51456; domain = 0; partition = 0], 
nid005128:77481:78005 [7] NCCL INFO [node_id = 10; gpu_id = 62036; unique_id = 17628930140551949400; location_id = 55552; bdf = 55552; domain = 0; partition = 0], 
nid005128:77480:78007 [6] NCCL INFO [node_id = 4; gpu_id = 63582; unique_id = 400704117168687711; location_id = 49408; bdf = 49408; domain = 0; partition = 0], 
nid005128:77480:78007 [6] NCCL INFO [node_id = 8; gpu_id = 13395; unique_id = 1705590128792796793; location_id = 53504; bdf = 53504; domain = 0; partition = 0], 
nid005128:77480:78007 [6] NCCL INFO [node_id = 7; gpu_id = 3099; unique_id = 2459482063681133906; location_id = 52736; bdf = 52736; domain = 0; partition = 0], 
nid005128:77480:78007 [6] NCCL INFO [node_id = 9; gpu_id = 1553; unique_id = 8071024365878856695; location_id = 54784; bdf = 54784; domain = 0; partition = 0], 
nid005128:77480:78007 [6] NCCL INFO [node_id = 5; gpu_id = 51740; unique_id = 10736867536586858708; location_id = 50688; bdf = 50688; domain = 0; partition = 0], 
nid005128:77480:78007 [6] NCCL INFO [node_id = 11; gpu_id = 49174; unique_id = 12444956902373558995; location_id = 56832; bdf = 56832; domain = 0; partition = 0], 
nid005128:77480:78007 [6] NCCL INFO [node_id = 6; gpu_id = 15961; unique_id = 13184021392896108793; location_id = 51456; bdf = 51456; domain = 0; partition = 0], 
nid005128:77480:78007 [6] NCCL INFO [node_id = 10; gpu_id = 62036; unique_id = 17628930140551949400; location_id = 55552; bdf = 55552; domain = 0; partition = 0], 
nid005128:77476:78006 [2] NCCL INFO [node_id = 4; gpu_id = 63582; unique_id = 400704117168687711; location_id = 49408; bdf = 49408; domain = 0; partition = 0], 
nid005128:77476:78006 [2] NCCL INFO [node_id = 8; gpu_id = 13395; unique_id = 1705590128792796793; location_id = 53504; bdf = 53504; domain = 0; partition = 0], 
nid005128:77476:78006 [2] NCCL INFO [node_id = 7; gpu_id = 3099; unique_id = 2459482063681133906; location_id = 52736; bdf = 52736; domain = 0; partition = 0], 
nid005128:77476:78006 [2] NCCL INFO [node_id = 9; gpu_id = 1553; unique_id = 8071024365878856695; location_id = 54784; bdf = 54784; domain = 0; partition = 0], 
nid005128:77476:78006 [2] NCCL INFO [node_id = 5; gpu_id = 51740; unique_id = 10736867536586858708; location_id = 50688; bdf = 50688; domain = 0; partition = 0], 
nid005128:77476:78006 [2] NCCL INFO [node_id = 11; gpu_id = 49174; unique_id = 12444956902373558995; location_id = 56832; bdf = 56832; domain = 0; partition = 0], 
nid005128:77476:78006 [2] NCCL INFO [node_id = 6; gpu_id = 15961; unique_id = 13184021392896108793; location_id = 51456; bdf = 51456; domain = 0; partition = 0], 
nid005128:77476:78006 [2] NCCL INFO [node_id = 10; gpu_id = 62036; unique_id = 17628930140551949400; location_id = 55552; bdf = 55552; domain = 0; partition = 0], 
nid005128:77479:78003 [5] NCCL INFO [node_id = 4; gpu_id = 63582; unique_id = 400704117168687711; location_id = 49408; bdf = 49408; domain = 0; partition = 0], 
nid005128:77478:78004 [4] NCCL INFO [node_id = 4; gpu_id = 63582; unique_id = 400704117168687711; location_id = 49408; bdf = 49408; domain = 0; partition = 0], 
nid005128:77479:78003 [5] NCCL INFO [node_id = 8; gpu_id = 13395; unique_id = 1705590128792796793; location_id = 53504; bdf = 53504; domain = 0; partition = 0], 
nid005128:77478:78004 [4] NCCL INFO [node_id = 8; gpu_id = 13395; unique_id = 1705590128792796793; location_id = 53504; bdf = 53504; domain = 0; partition = 0], 
nid005128:77479:78003 [5] NCCL INFO [node_id = 7; gpu_id = 3099; unique_id = 2459482063681133906; location_id = 52736; bdf = 52736; domain = 0; partition = 0], 
nid005128:77478:78004 [4] NCCL INFO [node_id = 7; gpu_id = 3099; unique_id = 2459482063681133906; location_id = 52736; bdf = 52736; domain = 0; partition = 0], 
nid005128:77479:78003 [5] NCCL INFO [node_id = 9; gpu_id = 1553; unique_id = 8071024365878856695; location_id = 54784; bdf = 54784; domain = 0; partition = 0], 
nid005128:77478:78004 [4] NCCL INFO [node_id = 9; gpu_id = 1553; unique_id = 8071024365878856695; location_id = 54784; bdf = 54784; domain = 0; partition = 0], 
nid005128:77479:78003 [5] NCCL INFO [node_id = 5; gpu_id = 51740; unique_id = 10736867536586858708; location_id = 50688; bdf = 50688; domain = 0; partition = 0], 
nid005128:77478:78004 [4] NCCL INFO [node_id = 5; gpu_id = 51740; unique_id = 10736867536586858708; location_id = 50688; bdf = 50688; domain = 0; partition = 0], 
nid005128:77479:78003 [5] NCCL INFO [node_id = 11; gpu_id = 49174; unique_id = 12444956902373558995; location_id = 56832; bdf = 56832; domain = 0; partition = 0], 
nid005128:77478:78004 [4] NCCL INFO [node_id = 11; gpu_id = 49174; unique_id = 12444956902373558995; location_id = 56832; bdf = 56832; domain = 0; partition = 0], 
nid005128:77479:78003 [5] NCCL INFO [node_id = 6; gpu_id = 15961; unique_id = 13184021392896108793; location_id = 51456; bdf = 51456; domain = 0; partition = 0], 
nid005128:77478:78004 [4] NCCL INFO [node_id = 6; gpu_id = 15961; unique_id = 13184021392896108793; location_id = 51456; bdf = 51456; domain = 0; partition = 0], 
nid005128:77479:78003 [5] NCCL INFO [node_id = 10; gpu_id = 62036; unique_id = 17628930140551949400; location_id = 55552; bdf = 55552; domain = 0; partition = 0], 
nid005128:77478:78004 [4] NCCL INFO [node_id = 10; gpu_id = 62036; unique_id = 17628930140551949400; location_id = 55552; bdf = 55552; domain = 0; partition = 0], 
nid005128:77474:78002 [0] NCCL INFO initialized internal alternative rsmi functionality
nid005128:77480:78007 [6] NCCL INFO initialized internal alternative rsmi functionality
nid005128:77481:78005 [7] NCCL INFO initialized internal alternative rsmi functionality
nid005128:77476:78006 [2] NCCL INFO initialized internal alternative rsmi functionality
nid005128:77478:78004 [4] NCCL INFO initialized internal alternative rsmi functionality
nid005128:77479:78003 [5] NCCL INFO initialized internal alternative rsmi functionality
nid005128:77477:77477 [3] NCCL INFO Kernel version: 6.4.0-150600.23.73_15.0.14-cray_shasta_c
nid005128:77477:77477 [3] NCCL INFO Comm config Blocking set to 1
nid005128:77477:78008 [3] NCCL INFO Using network Socket
nid005128:77475:77475 [1] NCCL INFO Kernel version: 6.4.0-150600.23.73_15.0.14-cray_shasta_c
nid005128:77475:77475 [1] NCCL INFO Comm config Blocking set to 1
nid005128:77475:78009 [1] NCCL INFO Using network Socket
nid005128:77477:78008 [3] NCCL INFO [node_id = 4; gpu_id = 63582; unique_id = 400704117168687711; location_id = 49408; bdf = 49408; domain = 0; partition = 0], 
nid005128:77477:78008 [3] NCCL INFO [node_id = 8; gpu_id = 13395; unique_id = 1705590128792796793; location_id = 53504; bdf = 53504; domain = 0; partition = 0], 
nid005128:77477:78008 [3] NCCL INFO [node_id = 7; gpu_id = 3099; unique_id = 2459482063681133906; location_id = 52736; bdf = 52736; domain = 0; partition = 0], 
nid005128:77477:78008 [3] NCCL INFO [node_id = 9; gpu_id = 1553; unique_id = 8071024365878856695; location_id = 54784; bdf = 54784; domain = 0; partition = 0], 
nid005128:77477:78008 [3] NCCL INFO [node_id = 5; gpu_id = 51740; unique_id = 10736867536586858708; location_id = 50688; bdf = 50688; domain = 0; partition = 0], 
nid005128:77477:78008 [3] NCCL INFO [node_id = 11; gpu_id = 49174; unique_id = 12444956902373558995; location_id = 56832; bdf = 56832; domain = 0; partition = 0], 
nid005128:77477:78008 [3] NCCL INFO [node_id = 6; gpu_id = 15961; unique_id = 13184021392896108793; location_id = 51456; bdf = 51456; domain = 0; partition = 0], 
nid005128:77477:78008 [3] NCCL INFO [node_id = 10; gpu_id = 62036; unique_id = 17628930140551949400; location_id = 55552; bdf = 55552; domain = 0; partition = 0], 
nid005128:77475:78009 [1] NCCL INFO [node_id = 4; gpu_id = 63582; unique_id = 400704117168687711; location_id = 49408; bdf = 49408; domain = 0; partition = 0], 
nid005128:77475:78009 [1] NCCL INFO [node_id = 8; gpu_id = 13395; unique_id = 1705590128792796793; location_id = 53504; bdf = 53504; domain = 0; partition = 0], 
nid005128:77475:78009 [1] NCCL INFO [node_id = 7; gpu_id = 3099; unique_id = 2459482063681133906; location_id = 52736; bdf = 52736; domain = 0; partition = 0], 
nid005128:77475:78009 [1] NCCL INFO [node_id = 9; gpu_id = 1553; unique_id = 8071024365878856695; location_id = 54784; bdf = 54784; domain = 0; partition = 0], 
nid005128:77475:78009 [1] NCCL INFO [node_id = 5; gpu_id = 51740; unique_id = 10736867536586858708; location_id = 50688; bdf = 50688; domain = 0; partition = 0], 
nid005128:77475:78009 [1] NCCL INFO [node_id = 11; gpu_id = 49174; unique_id = 12444956902373558995; location_id = 56832; bdf = 56832; domain = 0; partition = 0], 
nid005128:77475:78009 [1] NCCL INFO [node_id = 6; gpu_id = 15961; unique_id = 13184021392896108793; location_id = 51456; bdf = 51456; domain = 0; partition = 0], 
nid005128:77475:78009 [1] NCCL INFO [node_id = 10; gpu_id = 62036; unique_id = 17628930140551949400; location_id = 55552; bdf = 55552; domain = 0; partition = 0], 
nid005128:77477:78008 [3] NCCL INFO initialized internal alternative rsmi functionality
nid005128:77475:78009 [1] NCCL INFO initialized internal alternative rsmi functionality
nid005128:77475:78009 [1] NCCL INFO ncclCommInitRank comm 0x20f6b6d0 rank 1 nranks 8 cudaDev 1 nvmlDev 1 busId c6000 commId 0xf8466ffd46b59a47 - Init START
nid005128:77474:78002 [0] NCCL INFO ncclCommInitRank comm 0x20f89200 rank 0 nranks 8 cudaDev 0 nvmlDev 0 busId c1000 commId 0xf8466ffd46b59a47 - Init START
nid005128:77480:78007 [6] NCCL INFO ncclCommInitRank comm 0x210a7840 rank 6 nranks 8 cudaDev 6 nvmlDev 6 busId d9000 commId 0xf8466ffd46b59a47 - Init START
nid005128:77481:78005 [7] NCCL INFO ncclCommInitRank comm 0x20f73e90 rank 7 nranks 8 cudaDev 7 nvmlDev 7 busId de000 commId 0xf8466ffd46b59a47 - Init START
nid005128:77477:78008 [3] NCCL INFO ncclCommInitRank comm 0x20f6cdc0 rank 3 nranks 8 cudaDev 3 nvmlDev 3 busId ce000 commId 0xf8466ffd46b59a47 - Init START
nid005128:77476:78006 [2] NCCL INFO ncclCommInitRank comm 0x20f7a770 rank 2 nranks 8 cudaDev 2 nvmlDev 2 busId c9000 commId 0xf8466ffd46b59a47 - Init START
nid005128:77479:78003 [5] NCCL INFO ncclCommInitRank comm 0x2100c3b0 rank 5 nranks 8 cudaDev 5 nvmlDev 5 busId d6000 commId 0xf8466ffd46b59a47 - Init START
nid005128:77478:78004 [4] NCCL INFO ncclCommInitRank comm 0x20f710b0 rank 4 nranks 8 cudaDev 4 nvmlDev 4 busId d1000 commId 0xf8466ffd46b59a47 - Init START
nid005128:77474:78002 [0] NCCL INFO initialized internal alternative rsmi functionality
nid005128:77480:78007 [6] NCCL INFO initialized internal alternative rsmi functionality
nid005128:77475:78009 [1] NCCL INFO initialized internal alternative rsmi functionality
nid005128:77477:78008 [3] NCCL INFO initialized internal alternative rsmi functionality
nid005128:77481:78005 [7] NCCL INFO initialized internal alternative rsmi functionality
nid005128:77476:78006 [2] NCCL INFO initialized internal alternative rsmi functionality
nid005128:77479:78003 [5] NCCL INFO initialized internal alternative rsmi functionality
nid005128:77478:78004 [4] NCCL INFO initialized internal alternative rsmi functionality
nid005128:77477:78008 [3] NCCL INFO Setting affinity for GPU 3 to fefe0000,00000000,fefe0000
