nid005738:80978:81513 [5] NCCL INFO [node_id = 10; gpu_id = 62036; unique_id = 15583949035774466087; location_id = 55552; bdf = 55552; domain = 0; partition = 0], 
nid005738:80978:81513 [5] NCCL INFO [node_id = 5; gpu_id = 51740; unique_id = 17597942986951004512; location_id = 50688; bdf = 50688; domain = 0; partition = 0], 
nid005739:99966:101054 [7] NCCL INFO [node_id = 6; gpu_id = 15961; unique_id = 2131501676020997104; location_id = 51456; bdf = 51456; domain = 0; partition = 0], 
nid005739:99962:101055 [3] NCCL INFO [node_id = 6; gpu_id = 15961; unique_id = 2131501676020997104; location_id = 51456; bdf = 51456; domain = 0; partition = 0], 
nid005739:99966:101054 [7] NCCL INFO [node_id = 10; gpu_id = 62036; unique_id = 2692621442767696304; location_id = 55552; bdf = 55552; domain = 0; partition = 0], 
nid005739:99962:101055 [3] NCCL INFO [node_id = 10; gpu_id = 62036; unique_id = 2692621442767696304; location_id = 55552; bdf = 55552; domain = 0; partition = 0], 
nid005739:99966:101054 [7] NCCL INFO [node_id = 4; gpu_id = 63582; unique_id = 5026049562267793378; location_id = 49408; bdf = 49408; domain = 0; partition = 0], 
nid005739:99962:101055 [3] NCCL INFO [node_id = 4; gpu_id = 63582; unique_id = 5026049562267793378; location_id = 49408; bdf = 49408; domain = 0; partition = 0], 
nid005738:80979:81514 [6] NCCL INFO [node_id = 8; gpu_id = 13395; unique_id = 3815625303231203315; location_id = 53504; bdf = 53504; domain = 0; partition = 0], 
nid005738:80979:81514 [6] NCCL INFO [node_id = 9; gpu_id = 1553; unique_id = 7025446754526641017; location_id = 54784; bdf = 54784; domain = 0; partition = 0], 
nid005738:80979:81514 [6] NCCL INFO [node_id = 6; gpu_id = 15961; unique_id = 10419452770135988753; location_id = 51456; bdf = 51456; domain = 0; partition = 0], 
nid005738:80979:81514 [6] NCCL INFO [node_id = 4; gpu_id = 63582; unique_id = 10870463474380994154; location_id = 49408; bdf = 49408; domain = 0; partition = 0], 
nid005738:80979:81514 [6] NCCL INFO [node_id = 7; gpu_id = 3099; unique_id = 11459305734738929929; location_id = 52736; bdf = 52736; domain = 0; partition = 0], 
nid005738:80979:81514 [6] NCCL INFO [node_id = 11; gpu_id = 49174; unique_id = 12642547238402687869; location_id = 56832; bdf = 56832; domain = 0; partition = 0], 
nid005739:99966:101054 [7] NCCL INFO [node_id = 7; gpu_id = 3099; unique_id = 7523984483930030857; location_id = 52736; bdf = 52736; domain = 0; partition = 0], 
nid005738:80979:81514 [6] NCCL INFO [node_id = 10; gpu_id = 62036; unique_id = 15583949035774466087; location_id = 55552; bdf = 55552; domain = 0; partition = 0], 
nid005738:80979:81514 [6] NCCL INFO [node_id = 5; gpu_id = 51740; unique_id = 17597942986951004512; location_id = 50688; bdf = 50688; domain = 0; partition = 0], 
nid005739:99966:101054 [7] NCCL INFO [node_id = 9; gpu_id = 1553; unique_id = 7569665365429481571; location_id = 54784; bdf = 54784; domain = 0; partition = 0], 
nid005739:99962:101055 [3] NCCL INFO [node_id = 7; gpu_id = 3099; unique_id = 7523984483930030857; location_id = 52736; bdf = 52736; domain = 0; partition = 0], 
nid005739:99966:101054 [7] NCCL INFO [node_id = 8; gpu_id = 13395; unique_id = 8101511713898630970; location_id = 53504; bdf = 53504; domain = 0; partition = 0], 
nid005739:99962:101055 [3] NCCL INFO [node_id = 9; gpu_id = 1553; unique_id = 7569665365429481571; location_id = 54784; bdf = 54784; domain = 0; partition = 0], 
nid005739:99966:101054 [7] NCCL INFO [node_id = 5; gpu_id = 51740; unique_id = 14347465935716599104; location_id = 50688; bdf = 50688; domain = 0; partition = 0], 
nid005739:99962:101055 [3] NCCL INFO [node_id = 8; gpu_id = 13395; unique_id = 8101511713898630970; location_id = 53504; bdf = 53504; domain = 0; partition = 0], 
nid005738:80980:81510 [7] NCCL INFO [node_id = 8; gpu_id = 13395; unique_id = 3815625303231203315; location_id = 53504; bdf = 53504; domain = 0; partition = 0], 
nid005738:80976:81515 [3] NCCL INFO [node_id = 8; gpu_id = 13395; unique_id = 3815625303231203315; location_id = 53504; bdf = 53504; domain = 0; partition = 0], 
nid005738:80980:81510 [7] NCCL INFO [node_id = 9; gpu_id = 1553; unique_id = 7025446754526641017; location_id = 54784; bdf = 54784; domain = 0; partition = 0], 
nid005738:80976:81515 [3] NCCL INFO [node_id = 9; gpu_id = 1553; unique_id = 7025446754526641017; location_id = 54784; bdf = 54784; domain = 0; partition = 0], 
nid005738:80980:81510 [7] NCCL INFO [node_id = 6; gpu_id = 15961; unique_id = 10419452770135988753; location_id = 51456; bdf = 51456; domain = 0; partition = 0], 
nid005738:80976:81515 [3] NCCL INFO [node_id = 6; gpu_id = 15961; unique_id = 10419452770135988753; location_id = 51456; bdf = 51456; domain = 0; partition = 0], 
nid005739:99966:101054 [7] NCCL INFO [node_id = 11; gpu_id = 49174; unique_id = 16445866190045607793; location_id = 56832; bdf = 56832; domain = 0; partition = 0], 
nid005739:99962:101055 [3] NCCL INFO [node_id = 5; gpu_id = 51740; unique_id = 14347465935716599104; location_id = 50688; bdf = 50688; domain = 0; partition = 0], 
nid005739:99962:101055 [3] NCCL INFO [node_id = 11; gpu_id = 49174; unique_id = 16445866190045607793; location_id = 56832; bdf = 56832; domain = 0; partition = 0], 
nid005738:80980:81510 [7] NCCL INFO [node_id = 4; gpu_id = 63582; unique_id = 10870463474380994154; location_id = 49408; bdf = 49408; domain = 0; partition = 0], 
nid005739:99964:101051 [5] NCCL INFO [node_id = 6; gpu_id = 15961; unique_id = 2131501676020997104; location_id = 51456; bdf = 51456; domain = 0; partition = 0], 
nid005739:99964:101051 [5] NCCL INFO [node_id = 10; gpu_id = 62036; unique_id = 2692621442767696304; location_id = 55552; bdf = 55552; domain = 0; partition = 0], 
nid005739:99964:101051 [5] NCCL INFO [node_id = 4; gpu_id = 63582; unique_id = 5026049562267793378; location_id = 49408; bdf = 49408; domain = 0; partition = 0], 
nid005739:99964:101051 [5] NCCL INFO [node_id = 7; gpu_id = 3099; unique_id = 7523984483930030857; location_id = 52736; bdf = 52736; domain = 0; partition = 0], 
nid005739:99964:101051 [5] NCCL INFO [node_id = 9; gpu_id = 1553; unique_id = 7569665365429481571; location_id = 54784; bdf = 54784; domain = 0; partition = 0], 
nid005739:99964:101051 [5] NCCL INFO [node_id = 8; gpu_id = 13395; unique_id = 8101511713898630970; location_id = 53504; bdf = 53504; domain = 0; partition = 0], 
nid005738:80976:81515 [3] NCCL INFO [node_id = 4; gpu_id = 63582; unique_id = 10870463474380994154; location_id = 49408; bdf = 49408; domain = 0; partition = 0], 
nid005738:80980:81510 [7] NCCL INFO [node_id = 7; gpu_id = 3099; unique_id = 11459305734738929929; location_id = 52736; bdf = 52736; domain = 0; partition = 0], 
nid005738:80976:81515 [3] NCCL INFO [node_id = 7; gpu_id = 3099; unique_id = 11459305734738929929; location_id = 52736; bdf = 52736; domain = 0; partition = 0], 
nid005738:80980:81510 [7] NCCL INFO [node_id = 11; gpu_id = 49174; unique_id = 12642547238402687869; location_id = 56832; bdf = 56832; domain = 0; partition = 0], 
nid005738:80976:81515 [3] NCCL INFO [node_id = 11; gpu_id = 49174; unique_id = 12642547238402687869; location_id = 56832; bdf = 56832; domain = 0; partition = 0], 
nid005738:80980:81510 [7] NCCL INFO [node_id = 10; gpu_id = 62036; unique_id = 15583949035774466087; location_id = 55552; bdf = 55552; domain = 0; partition = 0], 
nid005739:99964:101051 [5] NCCL INFO [node_id = 5; gpu_id = 51740; unique_id = 14347465935716599104; location_id = 50688; bdf = 50688; domain = 0; partition = 0], 
nid005739:99964:101051 [5] NCCL INFO [node_id = 11; gpu_id = 49174; unique_id = 16445866190045607793; location_id = 56832; bdf = 56832; domain = 0; partition = 0], 
nid005739:99965:101056 [6] NCCL INFO [node_id = 6; gpu_id = 15961; unique_id = 2131501676020997104; location_id = 51456; bdf = 51456; domain = 0; partition = 0], 
nid005738:80976:81515 [3] NCCL INFO [node_id = 10; gpu_id = 62036; unique_id = 15583949035774466087; location_id = 55552; bdf = 55552; domain = 0; partition = 0], 
nid005738:80980:81510 [7] NCCL INFO [node_id = 5; gpu_id = 51740; unique_id = 17597942986951004512; location_id = 50688; bdf = 50688; domain = 0; partition = 0], 
nid005738:80976:81515 [3] NCCL INFO [node_id = 5; gpu_id = 51740; unique_id = 17597942986951004512; location_id = 50688; bdf = 50688; domain = 0; partition = 0], 
nid005739:99965:101056 [6] NCCL INFO [node_id = 10; gpu_id = 62036; unique_id = 2692621442767696304; location_id = 55552; bdf = 55552; domain = 0; partition = 0], 
nid005739:99965:101056 [6] NCCL INFO [node_id = 4; gpu_id = 63582; unique_id = 5026049562267793378; location_id = 49408; bdf = 49408; domain = 0; partition = 0], 
nid005739:99965:101056 [6] NCCL INFO [node_id = 7; gpu_id = 3099; unique_id = 7523984483930030857; location_id = 52736; bdf = 52736; domain = 0; partition = 0], 
nid005739:99965:101056 [6] NCCL INFO [node_id = 9; gpu_id = 1553; unique_id = 7569665365429481571; location_id = 54784; bdf = 54784; domain = 0; partition = 0], 
nid005739:99965:101056 [6] NCCL INFO [node_id = 8; gpu_id = 13395; unique_id = 8101511713898630970; location_id = 53504; bdf = 53504; domain = 0; partition = 0], 
nid005739:99965:101056 [6] NCCL INFO [node_id = 5; gpu_id = 51740; unique_id = 14347465935716599104; location_id = 50688; bdf = 50688; domain = 0; partition = 0], 
nid005738:80975:81512 [2] NCCL INFO [node_id = 8; gpu_id = 13395; unique_id = 3815625303231203315; location_id = 53504; bdf = 53504; domain = 0; partition = 0], 
nid005738:80975:81512 [2] NCCL INFO [node_id = 9; gpu_id = 1553; unique_id = 7025446754526641017; location_id = 54784; bdf = 54784; domain = 0; partition = 0], 
nid005738:80975:81512 [2] NCCL INFO [node_id = 6; gpu_id = 15961; unique_id = 10419452770135988753; location_id = 51456; bdf = 51456; domain = 0; partition = 0], 
nid005738:80975:81512 [2] NCCL INFO [node_id = 4; gpu_id = 63582; unique_id = 10870463474380994154; location_id = 49408; bdf = 49408; domain = 0; partition = 0], 
nid005738:80975:81512 [2] NCCL INFO [node_id = 7; gpu_id = 3099; unique_id = 11459305734738929929; location_id = 52736; bdf = 52736; domain = 0; partition = 0], 
nid005739:99965:101056 [6] NCCL INFO [node_id = 11; gpu_id = 49174; unique_id = 16445866190045607793; location_id = 56832; bdf = 56832; domain = 0; partition = 0], 
nid005739:99960:101050 [1] NCCL INFO [node_id = 6; gpu_id = 15961; unique_id = 2131501676020997104; location_id = 51456; bdf = 51456; domain = 0; partition = 0], 
nid005738:80975:81512 [2] NCCL INFO [node_id = 11; gpu_id = 49174; unique_id = 12642547238402687869; location_id = 56832; bdf = 56832; domain = 0; partition = 0], 
nid005738:80975:81512 [2] NCCL INFO [node_id = 10; gpu_id = 62036; unique_id = 15583949035774466087; location_id = 55552; bdf = 55552; domain = 0; partition = 0], 
nid005738:80975:81512 [2] NCCL INFO [node_id = 5; gpu_id = 51740; unique_id = 17597942986951004512; location_id = 50688; bdf = 50688; domain = 0; partition = 0], 
nid005739:99960:101050 [1] NCCL INFO [node_id = 10; gpu_id = 62036; unique_id = 2692621442767696304; location_id = 55552; bdf = 55552; domain = 0; partition = 0], 
nid005739:99960:101050 [1] NCCL INFO [node_id = 4; gpu_id = 63582; unique_id = 5026049562267793378; location_id = 49408; bdf = 49408; domain = 0; partition = 0], 
nid005739:99960:101050 [1] NCCL INFO [node_id = 7; gpu_id = 3099; unique_id = 7523984483930030857; location_id = 52736; bdf = 52736; domain = 0; partition = 0], 
nid005739:99960:101050 [1] NCCL INFO [node_id = 9; gpu_id = 1553; unique_id = 7569665365429481571; location_id = 54784; bdf = 54784; domain = 0; partition = 0], 
nid005739:99960:101050 [1] NCCL INFO [node_id = 8; gpu_id = 13395; unique_id = 8101511713898630970; location_id = 53504; bdf = 53504; domain = 0; partition = 0], 
nid005739:99960:101050 [1] NCCL INFO [node_id = 5; gpu_id = 51740; unique_id = 14347465935716599104; location_id = 50688; bdf = 50688; domain = 0; partition = 0], 
nid005739:99960:101050 [1] NCCL INFO [node_id = 11; gpu_id = 49174; unique_id = 16445866190045607793; location_id = 56832; bdf = 56832; domain = 0; partition = 0], 
nid005738:80974:81511 [1] NCCL INFO [node_id = 8; gpu_id = 13395; unique_id = 3815625303231203315; location_id = 53504; bdf = 53504; domain = 0; partition = 0], 
nid005738:80977:81509 [4] NCCL INFO [node_id = 8; gpu_id = 13395; unique_id = 3815625303231203315; location_id = 53504; bdf = 53504; domain = 0; partition = 0], 
nid005738:80974:81511 [1] NCCL INFO [node_id = 9; gpu_id = 1553; unique_id = 7025446754526641017; location_id = 54784; bdf = 54784; domain = 0; partition = 0], 
nid005738:80977:81509 [4] NCCL INFO [node_id = 9; gpu_id = 1553; unique_id = 7025446754526641017; location_id = 54784; bdf = 54784; domain = 0; partition = 0], 
nid005738:80977:81509 [4] NCCL INFO [node_id = 6; gpu_id = 15961; unique_id = 10419452770135988753; location_id = 51456; bdf = 51456; domain = 0; partition = 0], 
nid005738:80974:81511 [1] NCCL INFO [node_id = 6; gpu_id = 15961; unique_id = 10419452770135988753; location_id = 51456; bdf = 51456; domain = 0; partition = 0], 
nid005738:80974:81511 [1] NCCL INFO [node_id = 4; gpu_id = 63582; unique_id = 10870463474380994154; location_id = 49408; bdf = 49408; domain = 0; partition = 0], 
nid005738:80977:81509 [4] NCCL INFO [node_id = 4; gpu_id = 63582; unique_id = 10870463474380994154; location_id = 49408; bdf = 49408; domain = 0; partition = 0], 
nid005738:80974:81511 [1] NCCL INFO [node_id = 7; gpu_id = 3099; unique_id = 11459305734738929929; location_id = 52736; bdf = 52736; domain = 0; partition = 0], 
nid005738:80977:81509 [4] NCCL INFO [node_id = 7; gpu_id = 3099; unique_id = 11459305734738929929; location_id = 52736; bdf = 52736; domain = 0; partition = 0], 
nid005738:80974:81511 [1] NCCL INFO [node_id = 11; gpu_id = 49174; unique_id = 12642547238402687869; location_id = 56832; bdf = 56832; domain = 0; partition = 0], 
nid005738:80977:81509 [4] NCCL INFO [node_id = 11; gpu_id = 49174; unique_id = 12642547238402687869; location_id = 56832; bdf = 56832; domain = 0; partition = 0], 
nid005738:80974:81511 [1] NCCL INFO [node_id = 10; gpu_id = 62036; unique_id = 15583949035774466087; location_id = 55552; bdf = 55552; domain = 0; partition = 0], 
nid005738:80977:81509 [4] NCCL INFO [node_id = 10; gpu_id = 62036; unique_id = 15583949035774466087; location_id = 55552; bdf = 55552; domain = 0; partition = 0], 
nid005738:80974:81511 [1] NCCL INFO [node_id = 5; gpu_id = 51740; unique_id = 17597942986951004512; location_id = 50688; bdf = 50688; domain = 0; partition = 0], 
nid005738:80977:81509 [4] NCCL INFO [node_id = 5; gpu_id = 51740; unique_id = 17597942986951004512; location_id = 50688; bdf = 50688; domain = 0; partition = 0], 
nid005739:99961:101052 [2] NCCL INFO [node_id = 6; gpu_id = 15961; unique_id = 2131501676020997104; location_id = 51456; bdf = 51456; domain = 0; partition = 0], 
nid005739:99959:101053 [0] NCCL INFO [node_id = 6; gpu_id = 15961; unique_id = 2131501676020997104; location_id = 51456; bdf = 51456; domain = 0; partition = 0], 
nid005739:99959:101053 [0] NCCL INFO [node_id = 10; gpu_id = 62036; unique_id = 2692621442767696304; location_id = 55552; bdf = 55552; domain = 0; partition = 0], 
nid005739:99961:101052 [2] NCCL INFO [node_id = 10; gpu_id = 62036; unique_id = 2692621442767696304; location_id = 55552; bdf = 55552; domain = 0; partition = 0], 
nid005739:99959:101053 [0] NCCL INFO [node_id = 4; gpu_id = 63582; unique_id = 5026049562267793378; location_id = 49408; bdf = 49408; domain = 0; partition = 0], 
nid005739:99961:101052 [2] NCCL INFO [node_id = 4; gpu_id = 63582; unique_id = 5026049562267793378; location_id = 49408; bdf = 49408; domain = 0; partition = 0], 
nid005739:99959:101053 [0] NCCL INFO [node_id = 7; gpu_id = 3099; unique_id = 7523984483930030857; location_id = 52736; bdf = 52736; domain = 0; partition = 0], 
nid005739:99961:101052 [2] NCCL INFO [node_id = 7; gpu_id = 3099; unique_id = 7523984483930030857; location_id = 52736; bdf = 52736; domain = 0; partition = 0], 
nid005739:99959:101053 [0] NCCL INFO [node_id = 9; gpu_id = 1553; unique_id = 7569665365429481571; location_id = 54784; bdf = 54784; domain = 0; partition = 0], 
nid005739:99961:101052 [2] NCCL INFO [node_id = 9; gpu_id = 1553; unique_id = 7569665365429481571; location_id = 54784; bdf = 54784; domain = 0; partition = 0], 
nid005739:99959:101053 [0] NCCL INFO [node_id = 8; gpu_id = 13395; unique_id = 8101511713898630970; location_id = 53504; bdf = 53504; domain = 0; partition = 0], 
nid005739:99961:101052 [2] NCCL INFO [node_id = 8; gpu_id = 13395; unique_id = 8101511713898630970; location_id = 53504; bdf = 53504; domain = 0; partition = 0], 
nid005739:99959:101053 [0] NCCL INFO [node_id = 5; gpu_id = 51740; unique_id = 14347465935716599104; location_id = 50688; bdf = 50688; domain = 0; partition = 0], 
nid005739:99961:101052 [2] NCCL INFO [node_id = 5; gpu_id = 51740; unique_id = 14347465935716599104; location_id = 50688; bdf = 50688; domain = 0; partition = 0], 
nid005739:99959:101053 [0] NCCL INFO [node_id = 11; gpu_id = 49174; unique_id = 16445866190045607793; location_id = 56832; bdf = 56832; domain = 0; partition = 0], 
nid005739:99961:101052 [2] NCCL INFO [node_id = 11; gpu_id = 49174; unique_id = 16445866190045607793; location_id = 56832; bdf = 56832; domain = 0; partition = 0], 
nid005738:80973:81508 [0] NCCL INFO initialized internal alternative rsmi functionality
nid005739:99963:101049 [4] NCCL INFO initialized internal alternative rsmi functionality
nid005738:80978:81513 [5] NCCL INFO initialized internal alternative rsmi functionality
nid005739:99966:101054 [7] NCCL INFO initialized internal alternative rsmi functionality
nid005739:99965:101056 [6] NCCL INFO initialized internal alternative rsmi functionality
nid005739:99962:101055 [3] NCCL INFO initialized internal alternative rsmi functionality
nid005738:80979:81514 [6] NCCL INFO initialized internal alternative rsmi functionality
nid005738:80975:81512 [2] NCCL INFO initialized internal alternative rsmi functionality
nid005738:80980:81510 [7] NCCL INFO initialized internal alternative rsmi functionality
nid005739:99964:101051 [5] NCCL INFO initialized internal alternative rsmi functionality
nid005739:99960:101050 [1] NCCL INFO initialized internal alternative rsmi functionality
nid005738:80976:81515 [3] NCCL INFO initialized internal alternative rsmi functionality
nid005738:80974:81511 [1] NCCL INFO initialized internal alternative rsmi functionality
nid005738:80977:81509 [4] NCCL INFO initialized internal alternative rsmi functionality
nid005739:99959:101053 [0] NCCL INFO initialized internal alternative rsmi functionality
nid005739:99961:101052 [2] NCCL INFO initialized internal alternative rsmi functionality
nid005738:80980:81510 [7] NCCL INFO ncclCommInitRank comm 0x4d2a26e0 rank 7 nranks 16 cudaDev 7 nvmlDev 7 busId de000 commId 0x5315cf65ca285f5a - Init START
nid005738:80979:81514 [6] NCCL INFO ncclCommInitRank comm 0x4e388960 rank 6 nranks 16 cudaDev 6 nvmlDev 6 busId d9000 commId 0x5315cf65ca285f5a - Init START
nid005738:80978:81513 [5] NCCL INFO ncclCommInitRank comm 0x4d38e320 rank 5 nranks 16 cudaDev 5 nvmlDev 5 busId d6000 commId 0x5315cf65ca285f5a - Init START
nid005738:80977:81509 [4] NCCL INFO ncclCommInitRank comm 0x5030ca40 rank 4 nranks 16 cudaDev 4 nvmlDev 4 busId d1000 commId 0x5315cf65ca285f5a - Init START
nid005738:80976:81515 [3] NCCL INFO ncclCommInitRank comm 0x4d308050 rank 3 nranks 16 cudaDev 3 nvmlDev 3 busId ce000 commId 0x5315cf65ca285f5a - Init START
nid005738:80975:81512 [2] NCCL INFO ncclCommInitRank comm 0x4d2d71b0 rank 2 nranks 16 cudaDev 2 nvmlDev 2 busId c9000 commId 0x5315cf65ca285f5a - Init START
nid005739:99966:101054 [7] NCCL INFO ncclCommInitRank comm 0x49907a00 rank 15 nranks 16 cudaDev 7 nvmlDev 7 busId de000 commId 0x5315cf65ca285f5a - Init START
nid005739:99964:101051 [5] NCCL INFO ncclCommInitRank comm 0x4e2df3e0 rank 13 nranks 16 cudaDev 5 nvmlDev 5 busId d6000 commId 0x5315cf65ca285f5a - Init START
nid005739:99962:101055 [3] NCCL INFO ncclCommInitRank comm 0x4d317a60 rank 11 nranks 16 cudaDev 3 nvmlDev 3 busId ce000 commId 0x5315cf65ca285f5a - Init START
nid005739:99965:101056 [6] NCCL INFO ncclCommInitRank comm 0x5080cbf0 rank 14 nranks 16 cudaDev 6 nvmlDev 6 busId d9000 commId 0x5315cf65ca285f5a - Init START
nid005739:99963:101049 [4] NCCL INFO ncclCommInitRank comm 0x4e7b4240 rank 12 nranks 16 cudaDev 4 nvmlDev 4 busId d1000 commId 0x5315cf65ca285f5a - Init START
nid005739:99961:101052 [2] NCCL INFO ncclCommInitRank comm 0x4e2e4b50 rank 10 nranks 16 cudaDev 2 nvmlDev 2 busId c9000 commId 0x5315cf65ca285f5a - Init START
nid005738:80973:81508 [0] NCCL INFO ncclCommInitRank comm 0x4e392af0 rank 0 nranks 16 cudaDev 0 nvmlDev 0 busId c1000 commId 0x5315cf65ca285f5a - Init START
nid005738:80974:81511 [1] NCCL INFO ncclCommInitRank comm 0x4f7c4420 rank 1 nranks 16 cudaDev 1 nvmlDev 1 busId c6000 commId 0x5315cf65ca285f5a - Init START
nid005739:99960:101050 [1] NCCL INFO ncclCommInitRank comm 0x4e33b1e0 rank 9 nranks 16 cudaDev 1 nvmlDev 1 busId c6000 commId 0x5315cf65ca285f5a - Init START
nid005739:99959:101053 [0] NCCL INFO ncclCommInitRank comm 0x500e85c0 rank 8 nranks 16 cudaDev 0 nvmlDev 0 busId c1000 commId 0x5315cf65ca285f5a - Init START
nid005738:80980:81510 [7] NCCL INFO initialized internal alternative rsmi functionality
nid005739:99966:101054 [7] NCCL INFO initialized internal alternative rsmi functionality
nid005739:99963:101049 [4] NCCL INFO initialized internal alternative rsmi functionality
nid005739:99965:101056 [6] NCCL INFO initialized internal alternative rsmi functionality
nid005738:80979:81514 [6] NCCL INFO initialized internal alternative rsmi functionality
nid005739:99964:101051 [5] NCCL INFO initialized internal alternative rsmi functionality
nid005738:80976:81515 [3] NCCL INFO initialized internal alternative rsmi functionality
nid005738:80978:81513 [5] NCCL INFO initialized internal alternative rsmi functionality
nid005739:99962:101055 [3] NCCL INFO initialized internal alternative rsmi functionality
nid005739:99960:101050 [1] NCCL INFO initialized internal alternative rsmi functionality
nid005738:80975:81512 [2] NCCL INFO initialized internal alternative rsmi functionality
nid005738:80973:81508 [0] NCCL INFO initialized internal alternative rsmi functionality
nid005738:80977:81509 [4] NCCL INFO initialized internal alternative rsmi functionality
nid005738:80974:81511 [1] NCCL INFO initialized internal alternative rsmi functionality
nid005739:99959:101053 [0] NCCL INFO initialized internal alternative rsmi functionality
nid005739:99961:101052 [2] NCCL INFO initialized internal alternative rsmi functionality
nid005738:80977:81509 [4] NCCL INFO Setting affinity for GPU 4 to fefe,00000000,0000fefe
nid005738:80978:81513 [5] NCCL INFO Setting affinity for GPU 5 to fefe,00000000,0000fefe
nid005738:80975:81512 [2] NCCL INFO Setting affinity for GPU 2 to fefe0000,00000000,fefe0000
nid005738:80974:81511 [1] NCCL INFO Setting affinity for GPU 1 to fefe0000,00000000,fefe0000,00000000
nid005738:80979:81514 [6] NCCL INFO Setting affinity for GPU 6 to fefe,00000000,0000fefe,00000000
nid005738:80973:81508 [0] NCCL INFO Setting affinity for GPU 0 to fefe0000,00000000,fefe0000,00000000
nid005739:99962:101055 [3] NCCL INFO Setting affinity for GPU 3 to fefe0000,00000000,fefe0000
nid005739:99965:101056 [6] NCCL INFO Setting affinity for GPU 6 to fefe,00000000,0000fefe,00000000
nid005738:80980:81510 [7] NCCL INFO Setting affinity for GPU 7 to fefe,00000000,0000fefe,00000000
nid005738:80976:81515 [3] NCCL INFO Setting affinity for GPU 3 to fefe0000,00000000,fefe0000
nid005739:99961:101052 [2] NCCL INFO Setting affinity for GPU 2 to fefe0000,00000000,fefe0000
nid005739:99963:101049 [4] NCCL INFO Setting affinity for GPU 4 to fefe,00000000,0000fefe
nid005739:99964:101051 [5] NCCL INFO Setting affinity for GPU 5 to fefe,00000000,0000fefe
nid005739:99966:101054 [7] NCCL INFO Setting affinity for GPU 7 to fefe,00000000,0000fefe,00000000
nid005739:99960:101050 [1] NCCL INFO Setting affinity for GPU 1 to fefe0000,00000000,fefe0000,00000000
nid005739:99959:101053 [0] NCCL INFO Setting affinity for GPU 0 to fefe0000,00000000,fefe0000,00000000
nid005738:80980:81510 [7] NCCL INFO comm 0x4d2a26e0 rank 7 nRanks 16 nNodes 2 localRanks 8 localRank 7 MNNVL 0
nid005738:80980:81510 [7] NCCL INFO Trees [0] 6/-1/-1->7->3 [1] 6/-1/-1->7->5 [2] 5/-1/-1->7->6 [3] 3/-1/-1->7->6 [4] 6/-1/-1->7->3 [5] 6/-1/-1->7->5 [6] 5/-1/-1->7->6 [7] 3/-1/-1->7->6 comm 0x4d2a26e0 nRanks 16 busId de000
nid005738:80980:81510 [7] NCCL INFO P2P Chunksize set to 131072
nid005738:80979:81514 [6] NCCL INFO comm 0x4e388960 rank 6 nRanks 16 nNodes 2 localRanks 8 localRank 6 MNNVL 0
nid005738:80978:81513 [5] NCCL INFO comm 0x4d38e320 rank 5 nRanks 16 nNodes 2 localRanks 8 localRank 5 MNNVL 0
nid005738:80979:81514 [6] NCCL INFO Trees [0] -1/-1/-1->6->7 [1] 0/-1/-1->6->7 [2] 7/-1/-1->6->0 [3] 7/14/-1->6->-1 [4] -1/-1/-1->6->7 [5] 0/-1/-1->6->7 [6] 7/-1/-1->6->0 [7] 7/-1/-1->6->14 comm 0x4e388960 nRanks 16 busId d9000
nid005738:80979:81514 [6] NCCL INFO P2P Chunksize set to 131072
nid005738:80978:81513 [5] NCCL INFO Trees [0] 4/-1/-1->5->1 [1] 7/-1/-1->5->4 [2] 4/-1/-1->5->7 [3] 1/-1/-1->5->4 [4] 4/-1/-1->5->1 [5] 7/-1/-1->5->4 [6] 4/-1/-1->5->7 [7] 1/-1/-1->5->4 comm 0x4d38e320 nRanks 16 busId d6000
nid005738:80978:81513 [5] NCCL INFO P2P Chunksize set to 131072
nid005739:99966:101054 [7] NCCL INFO comm 0x49907a00 rank 15 nRanks 16 nNodes 2 localRanks 8 localRank 7 MNNVL 0
nid005739:99963:101049 [4] NCCL INFO comm 0x4e7b4240 rank 12 nRanks 16 nNodes 2 localRanks 8 localRank 4 MNNVL 0
nid005739:99962:101055 [3] NCCL INFO comm 0x4d317a60 rank 11 nRanks 16 nNodes 2 localRanks 8 localRank 3 MNNVL 0
nid005739:99965:101056 [6] NCCL INFO comm 0x5080cbf0 rank 14 nRanks 16 nNodes 2 localRanks 8 localRank 6 MNNVL 0
nid005739:99964:101051 [5] NCCL INFO comm 0x4e2df3e0 rank 13 nRanks 16 nNodes 2 localRanks 8 localRank 5 MNNVL 0
nid005739:99966:101054 [7] NCCL INFO Trees [0] 14/-1/-1->15->11 [1] 14/-1/-1->15->13 [2] 13/-1/-1->15->14 [3] 11/-1/-1->15->14 [4] 14/-1/-1->15->11 [5] 14/-1/-1->15->13 [6] 13/-1/-1->15->14 [7] 11/-1/-1->15->14 comm 0x49907a00 nRanks 16 busId de000
nid005739:99966:101054 [7] NCCL INFO P2P Chunksize set to 131072
nid005739:99962:101055 [3] NCCL INFO Trees [0] 15/-1/-1->11->10 [1] 10/-1/-1->11->9 [2] 9/-1/-1->11->10 [3] 10/-1/-1->11->15 [4] 15/-1/-1->11->10 [5] 10/-1/-1->11->9 [6] 9/-1/-1->11->10 [7] 10/-1/-1->11->15 comm 0x4d317a60 nRanks 16 busId ce000
nid005739:99962:101055 [3] NCCL INFO P2P Chunksize set to 131072
nid005739:99963:101049 [4] NCCL INFO Trees [0] 10/-1/-1->12->13 [1] 13/-1/-1->12->4 [2] -1/-1/-1->12->13 [3] 13/-1/-1->12->10 [4] 10/-1/-1->12->13 [5] 13/4/-1->12->-1 [6] -1/-1/-1->12->13 [7] 13/-1/-1->12->10 comm 0x4e7b4240 nRanks 16 busId d1000
nid005739:99963:101049 [4] NCCL INFO P2P Chunksize set to 131072
nid005739:99964:101051 [5] NCCL INFO Trees [0] 12/-1/-1->13->9 [1] 15/-1/-1->13->12 [2] 12/-1/-1->13->15 [3] 9/-1/-1->13->12 [4] 12/-1/-1->13->9 [5] 15/-1/-1->13->12 [6] 12/-1/-1->13->15 [7] 9/-1/-1->13->12 comm 0x4e2df3e0 nRanks 16 busId d6000
nid005739:99965:101056 [6] NCCL INFO Trees [0] -1/-1/-1->14->15 [1] 8/-1/-1->14->15 [2] 15/-1/-1->14->8 [3] 15/-1/-1->14->6 [4] -1/-1/-1->14->15 [5] 8/-1/-1->14->15 [6] 15/-1/-1->14->8 [7] 15/6/-1->14->-1 comm 0x5080cbf0 nRanks 16 busId d9000
nid005739:99964:101051 [5] NCCL INFO P2P Chunksize set to 131072
nid005739:99965:101056 [6] NCCL INFO P2P Chunksize set to 131072
nid005738:80977:81509 [4] NCCL INFO comm 0x5030ca40 rank 4 nRanks 16 nNodes 2 localRanks 8 localRank 4 MNNVL 0
nid005738:80976:81515 [3] NCCL INFO comm 0x4d308050 rank 3 nRanks 16 nNodes 2 localRanks 8 localRank 3 MNNVL 0
nid005738:80975:81512 [2] NCCL INFO comm 0x4d2d71b0 rank 2 nRanks 16 nNodes 2 localRanks 8 localRank 2 MNNVL 0
nid005738:80974:81511 [1] NCCL INFO comm 0x4f7c4420 rank 1 nRanks 16 nNodes 2 localRanks 8 localRank 1 MNNVL 0
nid005739:99961:101052 [2] NCCL INFO comm 0x4e2e4b50 rank 10 nRanks 16 nNodes 2 localRanks 8 localRank 2 MNNVL 0
nid005739:99959:101053 [0] NCCL INFO comm 0x500e85c0 rank 8 nRanks 16 nNodes 2 localRanks 8 localRank 0 MNNVL 0
nid005739:99960:101050 [1] NCCL INFO comm 0x4e33b1e0 rank 9 nRanks 16 nNodes 2 localRanks 8 localRank 1 MNNVL 0
nid005738:80977:81509 [4] NCCL INFO Trees [0] 2/-1/-1->4->5 [1] 5/12/-1->4->-1 [2] -1/-1/-1->4->5 [3] 5/-1/-1->4->2 [4] 2/-1/-1->4->5 [5] 5/-1/-1->4->12 [6] -1/-1/-1->4->5 [7] 5/-1/-1->4->2 comm 0x5030ca40 nRanks 16 busId d1000
nid005738:80977:81509 [4] NCCL INFO P2P Chunksize set to 131072
nid005738:80976:81515 [3] NCCL INFO Trees [0] 7/-1/-1->3->2 [1] 2/-1/-1->3->1 [2] 1/-1/-1->3->2 [3] 2/-1/-1->3->7 [4] 7/-1/-1->3->2 [5] 2/-1/-1->3->1 [6] 1/-1/-1->3->2 [7] 2/-1/-1->3->7 comm 0x4d308050 nRanks 16 busId ce000
nid005738:80976:81515 [3] NCCL INFO P2P Chunksize set to 131072
nid005738:80975:81512 [2] NCCL INFO Trees [0] 3/-1/-1->2->4 [1] -1/-1/-1->2->3 [2] 3/10/-1->2->-1 [3] 4/-1/-1->2->3 [4] 3/-1/-1->2->4 [5] -1/-1/-1->2->3 [6] 3/-1/-1->2->10 [7] 4/-1/-1->2->3 comm 0x4d2d71b0 nRanks 16 busId c9000
nid005739:99960:101050 [1] NCCL INFO Trees [0] 13/-1/-1->9->8 [1] 11/-1/-1->9->8 [2] 8/-1/-1->9->11 [3] 8/-1/-1->9->13 [4] 13/-1/-1->9->8 [5] 11/-1/-1->9->8 [6] 8/-1/-1->9->11 [7] 8/-1/-1->9->13 comm 0x4e33b1e0 nRanks 16 busId c6000
nid005739:99959:101053 [0] NCCL INFO Trees [0] 9/-1/-1->8->0 [1] 9/-1/-1->8->14 [2] 14/-1/-1->8->9 [3] -1/-1/-1->8->9 [4] 9/0/-1->8->-1 [5] 9/-1/-1->8->14 [6] 14/-1/-1->8->9 [7] -1/-1/-1->8->9 comm 0x500e85c0 nRanks 16 busId c1000
nid005739:99960:101050 [1] NCCL INFO P2P Chunksize set to 131072
nid005739:99959:101053 [0] NCCL INFO P2P Chunksize set to 131072
nid005739:99961:101052 [2] NCCL INFO Trees [0] 11/-1/-1->10->12 [1] -1/-1/-1->10->11 [2] 11/-1/-1->10->2 [3] 12/-1/-1->10->11 [4] 11/-1/-1->10->12 [5] -1/-1/-1->10->11 [6] 11/2/-1->10->-1 [7] 12/-1/-1->10->11 comm 0x4e2e4b50 nRanks 16 busId c9000
nid005739:99961:101052 [2] NCCL INFO P2P Chunksize set to 131072
nid005738:80974:81511 [1] NCCL INFO Trees [0] 5/-1/-1->1->0 [1] 3/-1/-1->1->0 [2] 0/-1/-1->1->3 [3] 0/-1/-1->1->5 [4] 5/-1/-1->1->0 [5] 3/-1/-1->1->0 [6] 0/-1/-1->1->3 [7] 0/-1/-1->1->5 comm 0x4f7c4420 nRanks 16 busId c6000
nid005738:80975:81512 [2] NCCL INFO P2P Chunksize set to 131072
nid005738:80974:81511 [1] NCCL INFO P2P Chunksize set to 131072
nid005738:80973:81508 [0] NCCL INFO comm 0x4e392af0 rank 0 nRanks 16 nNodes 2 localRanks 8 localRank 0 MNNVL 0
nid005738:80973:81508 [0] NCCL INFO Channel 00/08 :    0   6   7   5   4   2   3   1   8  14  15  13  12  10  11   9
nid005738:80973:81508 [0] NCCL INFO Channel 01/08 :    0   1   5  12  10  11  15  14   8   9  13   4   2   3   7   6
nid005738:80973:81508 [0] NCCL INFO Channel 02/08 :    0   1   3  10  12  13  15  14   8   9  11   2   4   5   7   6
nid005738:80973:81508 [0] NCCL INFO Channel 03/08 :    0   6  15  11  10  12  13   9   8  14   7   3   2   4   5   1
nid005738:80973:81508 [0] NCCL INFO Channel 04/08 :    0   6   7   5   4   2   3   1   8  14  15  13  12  10  11   9
nid005738:80973:81508 [0] NCCL INFO Channel 05/08 :    0   1   5  12  10  11  15  14   8   9  13   4   2   3   7   6
nid005738:80973:81508 [0] NCCL INFO Channel 06/08 :    0   1   3  10  12  13  15  14   8   9  11   2   4   5   7   6
nid005738:80973:81508 [0] NCCL INFO Channel 07/08 :    0   6  15  11  10  12  13   9   8  14   7   3   2   4   5   1
nid005738:80973:81508 [0] NCCL INFO Trees [0] 1/8/-1->0->-1 [1] 1/-1/-1->0->6 [2] 6/-1/-1->0->1 [3] -1/-1/-1->0->1 [4] 1/-1/-1->0->8 [5] 1/-1/-1->0->6 [6] 6/-1/-1->0->1 [7] -1/-1/-1->0->1 comm 0x4e392af0 nRanks 16 busId c1000
nid005738:80973:81508 [0] NCCL INFO P2P Chunksize set to 131072
nid005739:99963:101049 [4] NCCL INFO Channel 02/0 : 12[d1000] -> 13[d6000] via P2P/IPC comm 0x4e7b4240 nRanks 16
nid005739:99959:101053 [0] NCCL INFO Channel 01/0 : 8[c1000] -> 9[c6000] via P2P/IPC comm 0x500e85c0 nRanks 16
nid005739:99965:101056 [6] NCCL INFO Channel 00/0 : 14[d9000] -> 15[de000] via P2P/IPC comm 0x5080cbf0 nRanks 16
nid005739:99961:101052 [2] NCCL INFO Channel 00/0 : 10[c9000] -> 11[ce000] via P2P/IPC comm 0x4e2e4b50 nRanks 16
nid005738:80979:81514 [6] NCCL INFO Channel 00/0 : 6[d9000] -> 7[de000] via P2P/IPC comm 0x4e388960 nRanks 16
nid005738:80977:81509 [4] NCCL INFO Channel 02/0 : 4[d1000] -> 5[d6000] via P2P/IPC comm 0x5030ca40 nRanks 16
nid005738:80975:81512 [2] NCCL INFO Channel 00/0 : 2[c9000] -> 3[ce000] via P2P/IPC comm 0x4d2d71b0 nRanks 16
nid005738:80973:81508 [0] NCCL INFO Channel 01/0 : 0[c1000] -> 1[c6000] via P2P/IPC comm 0x4e392af0 nRanks 16
nid005738:80979:81514 [6] NCCL INFO Channel 04/0 : 6[d9000] -> 7[de000] via P2P/IPC comm 0x4e388960 nRanks 16
nid005738:80973:81508 [0] NCCL INFO Channel 02/0 : 0[c1000] -> 1[c6000] via P2P/IPC comm 0x4e392af0 nRanks 16
nid005739:99963:101049 [4] NCCL INFO Channel 03/0 : 12[d1000] -> 13[d6000] via P2P/IPC comm 0x4e7b4240 nRanks 16
nid005738:80977:81509 [4] NCCL INFO Channel 03/0 : 4[d1000] -> 5[d6000] via P2P/IPC comm 0x5030ca40 nRanks 16
nid005738:80975:81512 [2] NCCL INFO Channel 01/0 : 2[c9000] -> 3[ce000] via P2P/IPC comm 0x4d2d71b0 nRanks 16
nid005739:99959:101053 [0] NCCL INFO Channel 02/0 : 8[c1000] -> 9[c6000] via P2P/IPC comm 0x500e85c0 nRanks 16
nid005739:99965:101056 [6] NCCL INFO Channel 04/0 : 14[d9000] -> 15[de000] via P2P/IPC comm 0x5080cbf0 nRanks 16
nid005739:99961:101052 [2] NCCL INFO Channel 01/0 : 10[c9000] -> 11[ce000] via P2P/IPC comm 0x4e2e4b50 nRanks 16
nid005738:80973:81508 [0] NCCL INFO Channel 05/0 : 0[c1000] -> 1[c6000] via P2P/IPC comm 0x4e392af0 nRanks 16
nid005738:80977:81509 [4] NCCL INFO Channel 06/0 : 4[d1000] -> 5[d6000] via P2P/IPC comm 0x5030ca40 nRanks 16
nid005739:99959:101053 [0] NCCL INFO Channel 05/0 : 8[c1000] -> 9[c6000] via P2P/IPC comm 0x500e85c0 nRanks 16
nid005739:99963:101049 [4] NCCL INFO Channel 06/0 : 12[d1000] -> 13[d6000] via P2P/IPC comm 0x4e7b4240 nRanks 16
nid005738:80975:81512 [2] NCCL INFO Channel 04/0 : 2[c9000] -> 3[ce000] via P2P/IPC comm 0x4d2d71b0 nRanks 16
nid005739:99961:101052 [2] NCCL INFO Channel 04/0 : 10[c9000] -> 11[ce000] via P2P/IPC comm 0x4e2e4b50 nRanks 16
nid005738:80973:81508 [0] NCCL INFO Channel 06/0 : 0[c1000] -> 1[c6000] via P2P/IPC comm 0x4e392af0 nRanks 16
nid005738:80977:81509 [4] NCCL INFO Channel 07/0 : 4[d1000] -> 5[d6000] via P2P/IPC comm 0x5030ca40 nRanks 16
nid005739:99959:101053 [0] NCCL INFO Channel 06/0 : 8[c1000] -> 9[c6000] via P2P/IPC comm 0x500e85c0 nRanks 16
nid005738:80975:81512 [2] NCCL INFO Channel 05/0 : 2[c9000] -> 3[ce000] via P2P/IPC comm 0x4d2d71b0 nRanks 16
nid005739:99961:101052 [2] NCCL INFO Channel 05/0 : 10[c9000] -> 11[ce000] via P2P/IPC comm 0x4e2e4b50 nRanks 16
nid005739:99963:101049 [4] NCCL INFO Channel 07/0 : 12[d1000] -> 13[d6000] via P2P/IPC comm 0x4e7b4240 nRanks 16
nid005738:80974:81511 [1] NCCL INFO Channel 02/0 : 1[c6000] -> 3[ce000] via P2P/IPC comm 0x4f7c4420 nRanks 16
nid005738:80973:81508 [0] NCCL INFO Channel 00/0 : 0[c1000] -> 6[d9000] via P2P/IPC comm 0x4e392af0 nRanks 16
nid005739:99959:101053 [0] NCCL INFO Channel 00/0 : 8[c1000] -> 14[d9000] via P2P/IPC comm 0x500e85c0 nRanks 16
nid005739:99960:101050 [1] NCCL INFO Channel 02/0 : 9[c6000] -> 11[ce000] via P2P/IPC comm 0x4e33b1e0 nRanks 16
nid005738:80978:81513 [5] NCCL INFO Channel 02/0 : 5[d6000] -> 7[de000] via P2P/IPC comm 0x4d38e320 nRanks 16
nid005738:80975:81512 [2] NCCL INFO Channel 02/0 : 2[c9000] -> 4[d1000] via P2P/IPC comm 0x4d2d71b0 nRanks 16
nid005739:99961:101052 [2] NCCL INFO Channel 02/0 : 10[c9000] -> 12[d1000] via P2P/IPC comm 0x4e2e4b50 nRanks 16
nid005738:80973:81508 [0] NCCL INFO Channel 03/0 : 0[c1000] -> 6[d9000] via P2P/IPC comm 0x4e392af0 nRanks 16
nid005739:99964:101051 [5] NCCL INFO Channel 02/0 : 13[d6000] -> 15[de000] via P2P/IPC comm 0x4e2df3e0 nRanks 16
nid005738:80974:81511 [1] NCCL INFO Channel 06/0 : 1[c6000] -> 3[ce000] via P2P/IPC comm 0x4f7c4420 nRanks 16
nid005739:99960:101050 [1] NCCL INFO Channel 06/0 : 9[c6000] -> 11[ce000] via P2P/IPC comm 0x4e33b1e0 nRanks 16
nid005739:99959:101053 [0] NCCL INFO Channel 03/0 : 8[c1000] -> 14[d9000] via P2P/IPC comm 0x500e85c0 nRanks 16
nid005738:80978:81513 [5] NCCL INFO Channel 06/0 : 5[d6000] -> 7[de000] via P2P/IPC comm 0x4d38e320 nRanks 16
nid005738:80975:81512 [2] NCCL INFO Channel 03/0 : 2[c9000] -> 4[d1000] via P2P/IPC comm 0x4d2d71b0 nRanks 16
nid005739:99961:101052 [2] NCCL INFO Channel 03/0 : 10[c9000] -> 12[d1000] via P2P/IPC comm 0x4e2e4b50 nRanks 16
nid005738:80973:81508 [0] NCCL INFO Channel 04/0 : 0[c1000] -> 6[d9000] via P2P/IPC comm 0x4e392af0 nRanks 16
nid005739:99964:101051 [5] NCCL INFO Channel 06/0 : 13[d6000] -> 15[de000] via P2P/IPC comm 0x4e2df3e0 nRanks 16
nid005739:99959:101053 [0] NCCL INFO Channel 04/0 : 8[c1000] -> 14[d9000] via P2P/IPC comm 0x500e85c0 nRanks 16
nid005738:80973:81508 [0] NCCL INFO Channel 07/0 : 0[c1000] -> 6[d9000] via P2P/IPC comm 0x4e392af0 nRanks 16
nid005739:99961:101052 [2] NCCL INFO Channel 06/0 : 10[c9000] -> 12[d1000] via P2P/IPC comm 0x4e2e4b50 nRanks 16
nid005739:99960:101050 [1] NCCL INFO Channel 01/0 : 9[c6000] -> 13[d6000] via P2P/IPC comm 0x4e33b1e0 nRanks 16
nid005739:99962:101055 [3] NCCL INFO Channel 01/0 : 11[ce000] -> 15[de000] via P2P/IPC comm 0x4d317a60 nRanks 16
nid005738:80975:81512 [2] NCCL INFO Channel 06/0 : 2[c9000] -> 4[d1000] via P2P/IPC comm 0x4d2d71b0 nRanks 16
nid005738:80974:81511 [1] NCCL INFO Channel 01/0 : 1[c6000] -> 5[d6000] via P2P/IPC comm 0x4f7c4420 nRanks 16
nid005738:80976:81515 [3] NCCL INFO Channel 01/0 : 3[ce000] -> 7[de000] via P2P/IPC comm 0x4d308050 nRanks 16
nid005739:99959:101053 [0] NCCL INFO Channel 07/0 : 8[c1000] -> 14[d9000] via P2P/IPC comm 0x500e85c0 nRanks 16
nid005738:80974:81511 [1] NCCL INFO Channel 05/0 : 1[c6000] -> 5[d6000] via P2P/IPC comm 0x4f7c4420 nRanks 16
nid005739:99960:101050 [1] NCCL INFO Channel 05/0 : 9[c6000] -> 13[d6000] via P2P/IPC comm 0x4e33b1e0 nRanks 16
nid005739:99962:101055 [3] NCCL INFO Channel 05/0 : 11[ce000] -> 15[de000] via P2P/IPC comm 0x4d317a60 nRanks 16
nid005738:80975:81512 [2] NCCL INFO Channel 07/0 : 2[c9000] -> 4[d1000] via P2P/IPC comm 0x4d2d71b0 nRanks 16
nid005739:99961:101052 [2] NCCL INFO Channel 07/0 : 10[c9000] -> 12[d1000] via P2P/IPC comm 0x4e2e4b50 nRanks 16
nid005738:80976:81515 [3] NCCL INFO Channel 05/0 : 3[ce000] -> 7[de000] via P2P/IPC comm 0x4d308050 nRanks 16
nid005738:80973:81508 [0] NCCL INFO Channel 00/0 : 9[c6000] -> 0[c1000] [receive] via NET/Socket/1 comm 0x4e392af0 nRanks 16
nid005738:80979:81514 [6] NCCL INFO Channel 03/0 : 6[d9000] -> 15[de000] [send] via NET/Socket/4 comm 0x4e388960 nRanks 16
nid005738:80973:81508 [0] NCCL INFO Channel 04/0 : 9[c6000] -> 0[c1000] [receive] via NET/Socket/1 comm 0x4e392af0 nRanks 16
nid005738:80979:81514 [6] NCCL INFO Channel 07/0 : 6[d9000] -> 15[de000] [send] via NET/Socket/4 comm 0x4e388960 nRanks 16
nid005739:99965:101056 [6] NCCL INFO Channel 03/0 : 14[d9000] -> 7[de000] [send] via NET/Socket/4 comm 0x5080cbf0 nRanks 16
nid005739:99959:101053 [0] NCCL INFO Channel 00/0 : 1[c6000] -> 8[c1000] [receive] via NET/Socket/1 comm 0x500e85c0 nRanks 16
nid005739:99965:101056 [6] NCCL INFO Channel 07/0 : 14[d9000] -> 7[de000] [send] via NET/Socket/4 comm 0x5080cbf0 nRanks 16
nid005739:99959:101053 [0] NCCL INFO Channel 04/0 : 1[c6000] -> 8[c1000] [receive] via NET/Socket/1 comm 0x500e85c0 nRanks 16
nid005738:80974:81511 [1] NCCL INFO Channel 00/0 : 1[c6000] -> 8[c1000] [send] via NET/Socket/1 comm 0x4f7c4420 nRanks 16
nid005738:80978:81513 [5] NCCL INFO Channel 01/0 : 5[d6000] -> 12[d1000] [send] via NET/Socket/3 comm 0x4d38e320 nRanks 16
nid005738:80974:81511 [1] NCCL INFO Channel 04/0 : 1[c6000] -> 8[c1000] [send] via NET/Socket/1 comm 0x4f7c4420 nRanks 16
nid005738:80978:81513 [5] NCCL INFO Channel 05/0 : 5[d6000] -> 12[d1000] [send] via NET/Socket/3 comm 0x4d38e320 nRanks 16
nid005738:80977:81509 [4] NCCL INFO Channel 01/0 : 13[d6000] -> 4[d1000] [receive] via NET/Socket/3 comm 0x5030ca40 nRanks 16
nid005738:80976:81515 [3] NCCL INFO Channel 02/0 : 3[ce000] -> 10[c9000] [send] via NET/Socket/2 comm 0x4d308050 nRanks 16
nid005738:80977:81509 [4] NCCL INFO Channel 05/0 : 13[d6000] -> 4[d1000] [receive] via NET/Socket/3 comm 0x5030ca40 nRanks 16
nid005738:80980:81510 [7] NCCL INFO Channel 03/0 : 14[d9000] -> 7[de000] [receive] via NET/Socket/4 comm 0x4d2a26e0 nRanks 16
nid005738:80975:81512 [2] NCCL INFO Channel 02/0 : 11[ce000] -> 2[c9000] [receive] via NET/Socket/2 comm 0x4d2d71b0 nRanks 16
nid005738:80976:81515 [3] NCCL INFO Channel 06/0 : 3[ce000] -> 10[c9000] [send] via NET/Socket/2 comm 0x4d308050 nRanks 16
nid005738:80980:81510 [7] NCCL INFO Channel 07/0 : 14[d9000] -> 7[de000] [receive] via NET/Socket/4 comm 0x4d2a26e0 nRanks 16
nid005738:80975:81512 [2] NCCL INFO Channel 06/0 : 11[ce000] -> 2[c9000] [receive] via NET/Socket/2 comm 0x4d2d71b0 nRanks 16
nid005738:80980:81510 [7] NCCL INFO Channel 03/0 : 7[de000] -> 3[ce000] via P2P/IPC comm 0x4d2a26e0 nRanks 16
nid005739:99965:101056 [6] NCCL INFO Channel 01/0 : 14[d9000] -> 8[c1000] via P2P/IPC comm 0x5080cbf0 nRanks 16
nid005739:99966:101054 [7] NCCL INFO Channel 03/0 : 6[d9000] -> 15[de000] [receive] via NET/Socket/4 comm 0x49907a00 nRanks 16
nid005739:99962:101055 [3] NCCL INFO Channel 02/0 : 11[ce000] -> 2[c9000] [send] via NET/Socket/2 comm 0x4d317a60 nRanks 16
nid005739:99966:101054 [7] NCCL INFO Channel 07/0 : 6[d9000] -> 15[de000] [receive] via NET/Socket/4 comm 0x49907a00 nRanks 16
nid005739:99962:101055 [3] NCCL INFO Channel 06/0 : 11[ce000] -> 2[c9000] [send] via NET/Socket/2 comm 0x4d317a60 nRanks 16
nid005739:99966:101054 [7] NCCL INFO Channel 03/0 : 15[de000] -> 11[ce000] via P2P/IPC comm 0x49907a00 nRanks 16
nid005738:80979:81514 [6] NCCL INFO Channel 01/0 : 6[d9000] -> 0[c1000] via P2P/IPC comm 0x4e388960 nRanks 16
nid005739:99960:101050 [1] NCCL INFO Channel 00/0 : 9[c6000] -> 0[c1000] [send] via NET/Socket/1 comm 0x4e33b1e0 nRanks 16
nid005739:99960:101050 [1] NCCL INFO Channel 04/0 : 9[c6000] -> 0[c1000] [send] via NET/Socket/1 comm 0x4e33b1e0 nRanks 16
nid005739:99961:101052 [2] NCCL INFO Channel 02/0 : 3[ce000] -> 10[c9000] [receive] via NET/Socket/2 comm 0x4e2e4b50 nRanks 16
nid005739:99961:101052 [2] NCCL INFO Channel 06/0 : 3[ce000] -> 10[c9000] [receive] via NET/Socket/2 comm 0x4e2e4b50 nRanks 16
nid005739:99964:101051 [5] NCCL INFO Channel 01/0 : 13[d6000] -> 4[d1000] [send] via NET/Socket/3 comm 0x4e2df3e0 nRanks 16
nid005739:99964:101051 [5] NCCL INFO Channel 05/0 : 13[d6000] -> 4[d1000] [send] via NET/Socket/3 comm 0x4e2df3e0 nRanks 16
nid005739:99963:101049 [4] NCCL INFO Channel 01/0 : 5[d6000] -> 12[d1000] [receive] via NET/Socket/3 comm 0x4e7b4240 nRanks 16
nid005739:99964:101051 [5] NCCL INFO Channel 03/0 : 13[d6000] -> 9[c6000] via P2P/IPC comm 0x4e2df3e0 nRanks 16
nid005738:80977:81509 [4] NCCL INFO Channel 00/0 : 4[d1000] -> 2[c9000] via P2P/IPC comm 0x5030ca40 nRanks 16
nid005739:99963:101049 [4] NCCL INFO Channel 05/0 : 5[d6000] -> 12[d1000] [receive] via NET/Socket/3 comm 0x4e7b4240 nRanks 16
nid005738:80980:81510 [7] NCCL INFO Channel 07/0 : 7[de000] -> 3[ce000] via P2P/IPC comm 0x4d2a26e0 nRanks 16
nid005739:99963:101049 [4] NCCL INFO Channel 00/0 : 12[d1000] -> 10[c9000] via P2P/IPC comm 0x4e7b4240 nRanks 16
nid005738:80978:81513 [5] NCCL INFO Channel 03/0 : 5[d6000] -> 1[c6000] via P2P/IPC comm 0x4d38e320 nRanks 16
nid005739:99965:101056 [6] NCCL INFO Channel 02/0 : 14[d9000] -> 8[c1000] via P2P/IPC comm 0x5080cbf0 nRanks 16
nid005738:80979:81514 [6] NCCL INFO Channel 02/0 : 6[d9000] -> 0[c1000] via P2P/IPC comm 0x4e388960 nRanks 16
nid005739:99966:101054 [7] NCCL INFO Channel 07/0 : 15[de000] -> 11[ce000] via P2P/IPC comm 0x49907a00 nRanks 16
nid005738:80977:81509 [4] NCCL INFO Channel 01/0 : 4[d1000] -> 2[c9000] via P2P/IPC comm 0x5030ca40 nRanks 16
nid005738:80978:81513 [5] NCCL INFO Channel 07/0 : 5[d6000] -> 1[c6000] via P2P/IPC comm 0x4d38e320 nRanks 16
nid005739:99964:101051 [5] NCCL INFO Channel 07/0 : 13[d6000] -> 9[c6000] via P2P/IPC comm 0x4e2df3e0 nRanks 16
nid005739:99963:101049 [4] NCCL INFO Channel 01/0 : 12[d1000] -> 10[c9000] via P2P/IPC comm 0x4e7b4240 nRanks 16
nid005739:99965:101056 [6] NCCL INFO Channel 05/0 : 14[d9000] -> 8[c1000] via P2P/IPC comm 0x5080cbf0 nRanks 16
nid005738:80979:81514 [6] NCCL INFO Channel 05/0 : 6[d9000] -> 0[c1000] via P2P/IPC comm 0x4e388960 nRanks 16
nid005739:99966:101054 [7] NCCL INFO Channel 00/0 : 15[de000] -> 13[d6000] via P2P/IPC comm 0x49907a00 nRanks 16
nid005739:99962:101055 [3] NCCL INFO Channel 00/0 : 11[ce000] -> 9[c6000] via P2P/IPC comm 0x4d317a60 nRanks 16
nid005738:80977:81509 [4] NCCL INFO Channel 04/0 : 4[d1000] -> 2[c9000] via P2P/IPC comm 0x5030ca40 nRanks 16
nid005738:80980:81510 [7] NCCL INFO Channel 00/0 : 7[de000] -> 5[d6000] via P2P/IPC comm 0x4d2a26e0 nRanks 16
nid005738:80976:81515 [3] NCCL INFO Channel 00/0 : 3[ce000] -> 1[c6000] via P2P/IPC comm 0x4d308050 nRanks 16
nid005739:99963:101049 [4] NCCL INFO Channel 04/0 : 12[d1000] -> 10[c9000] via P2P/IPC comm 0x4e7b4240 nRanks 16
nid005738:80979:81514 [6] NCCL INFO Channel 06/0 : 6[d9000] -> 0[c1000] via P2P/IPC comm 0x4e388960 nRanks 16
nid005739:99965:101056 [6] NCCL INFO Channel 06/0 : 14[d9000] -> 8[c1000] via P2P/IPC comm 0x5080cbf0 nRanks 16
nid005739:99966:101054 [7] NCCL INFO Channel 04/0 : 15[de000] -> 13[d6000] via P2P/IPC comm 0x49907a00 nRanks 16
nid005739:99962:101055 [3] NCCL INFO Channel 04/0 : 11[ce000] -> 9[c6000] via P2P/IPC comm 0x4d317a60 nRanks 16
nid005738:80980:81510 [7] NCCL INFO Channel 04/0 : 7[de000] -> 5[d6000] via P2P/IPC comm 0x4d2a26e0 nRanks 16
nid005738:80977:81509 [4] NCCL INFO Channel 05/0 : 4[d1000] -> 2[c9000] via P2P/IPC comm 0x5030ca40 nRanks 16
nid005738:80976:81515 [3] NCCL INFO Channel 04/0 : 3[ce000] -> 1[c6000] via P2P/IPC comm 0x4d308050 nRanks 16
nid005739:99963:101049 [4] NCCL INFO Channel 05/0 : 12[d1000] -> 10[c9000] via P2P/IPC comm 0x4e7b4240 nRanks 16
nid005738:80976:81515 [3] NCCL INFO Channel 03/0 : 3[ce000] -> 2[c9000] via P2P/IPC comm 0x4d308050 nRanks 16
nid005738:80974:81511 [1] NCCL INFO Channel 03/0 : 1[c6000] -> 0[c1000] via P2P/IPC comm 0x4f7c4420 nRanks 16
nid005738:80980:81510 [7] NCCL INFO Channel 01/0 : 7[de000] -> 6[d9000] via P2P/IPC comm 0x4d2a26e0 nRanks 16
nid005738:80978:81513 [5] NCCL INFO Channel 00/0 : 5[d6000] -> 4[d1000] via P2P/IPC comm 0x4d38e320 nRanks 16
nid005739:99962:101055 [3] NCCL INFO Channel 03/0 : 11[ce000] -> 10[c9000] via P2P/IPC comm 0x4d317a60 nRanks 16
nid005739:99960:101050 [1] NCCL INFO Channel 03/0 : 9[c6000] -> 8[c1000] via P2P/IPC comm 0x4e33b1e0 nRanks 16
nid005739:99966:101054 [7] NCCL INFO Channel 01/0 : 15[de000] -> 14[d9000] via P2P/IPC comm 0x49907a00 nRanks 16
nid005739:99964:101051 [5] NCCL INFO Channel 00/0 : 13[d6000] -> 12[d1000] via P2P/IPC comm 0x4e2df3e0 nRanks 16
nid005738:80974:81511 [1] NCCL INFO Channel 07/0 : 1[c6000] -> 0[c1000] via P2P/IPC comm 0x4f7c4420 nRanks 16
nid005738:80976:81515 [3] NCCL INFO Channel 07/0 : 3[ce000] -> 2[c9000] via P2P/IPC comm 0x4d308050 nRanks 16
nid005738:80980:81510 [7] NCCL INFO Channel 02/0 : 7[de000] -> 6[d9000] via P2P/IPC comm 0x4d2a26e0 nRanks 16
nid005738:80978:81513 [5] NCCL INFO Channel 04/0 : 5[d6000] -> 4[d1000] via P2P/IPC comm 0x4d38e320 nRanks 16
nid005739:99960:101050 [1] NCCL INFO Channel 07/0 : 9[c6000] -> 8[c1000] via P2P/IPC comm 0x4e33b1e0 nRanks 16
nid005739:99962:101055 [3] NCCL INFO Channel 07/0 : 11[ce000] -> 10[c9000] via P2P/IPC comm 0x4d317a60 nRanks 16
nid005739:99966:101054 [7] NCCL INFO Channel 02/0 : 15[de000] -> 14[d9000] via P2P/IPC comm 0x49907a00 nRanks 16
nid005739:99964:101051 [5] NCCL INFO Channel 04/0 : 13[d6000] -> 12[d1000] via P2P/IPC comm 0x4e2df3e0 nRanks 16
nid005738:80980:81510 [7] NCCL INFO Channel 05/0 : 7[de000] -> 6[d9000] via P2P/IPC comm 0x4d2a26e0 nRanks 16
nid005739:99966:101054 [7] NCCL INFO Channel 05/0 : 15[de000] -> 14[d9000] via P2P/IPC comm 0x49907a00 nRanks 16
nid005738:80980:81510 [7] NCCL INFO Channel 06/0 : 7[de000] -> 6[d9000] via P2P/IPC comm 0x4d2a26e0 nRanks 16
nid005739:99966:101054 [7] NCCL INFO Channel 06/0 : 15[de000] -> 14[d9000] via P2P/IPC comm 0x49907a00 nRanks 16
nid005739:99962:101055 [3] NCCL INFO Connected all rings
nid005739:99960:101050 [1] NCCL INFO Connected all rings
nid005739:99961:101052 [2] NCCL INFO Connected all rings
nid005739:99964:101051 [5] NCCL INFO Connected all rings
nid005739:99959:101053 [0] NCCL INFO Connected all rings
nid005739:99966:101054 [7] NCCL INFO Connected all rings
nid005739:99963:101049 [4] NCCL INFO Connected all rings
nid005738:80973:81508 [0] NCCL INFO Connected all rings
nid005738:80975:81512 [2] NCCL INFO Connected all rings
nid005738:80976:81515 [3] NCCL INFO Connected all rings
nid005739:99961:101052 [2] NCCL INFO Channel 02/0 : 10[c9000] -> 11[ce000] via P2P/IPC comm 0x4e2e4b50 nRanks 16
nid005739:99959:101053 [0] NCCL INFO Channel 00/0 : 8[c1000] -> 9[c6000] via P2P/IPC comm 0x500e85c0 nRanks 16
nid005738:80974:81511 [1] NCCL INFO Connected all rings
nid005738:80973:81508 [0] NCCL INFO Channel 00/0 : 0[c1000] -> 1[c6000] via P2P/IPC comm 0x4e392af0 nRanks 16
nid005738:80975:81512 [2] NCCL INFO Channel 02/0 : 2[c9000] -> 3[ce000] via P2P/IPC comm 0x4d2d71b0 nRanks 16
nid005739:99965:101056 [6] NCCL INFO Connected all rings
nid005738:80979:81514 [6] NCCL INFO Connected all rings
nid005738:80977:81509 [4] NCCL INFO Connected all rings
nid005739:99963:101049 [4] NCCL INFO Channel 00/0 : 12[d1000] -> 13[d6000] via P2P/IPC comm 0x4e7b4240 nRanks 16
nid005738:80980:81510 [7] NCCL INFO Connected all rings
nid005738:80978:81513 [5] NCCL INFO Connected all rings
nid005739:99965:101056 [6] NCCL INFO Channel 01/0 : 14[d9000] -> 15[de000] via P2P/IPC comm 0x5080cbf0 nRanks 16
nid005738:80979:81514 [6] NCCL INFO Channel 01/0 : 6[d9000] -> 7[de000] via P2P/IPC comm 0x4e388960 nRanks 16
nid005738:80977:81509 [4] NCCL INFO Channel 00/0 : 4[d1000] -> 5[d6000] via P2P/IPC comm 0x5030ca40 nRanks 16
