nid007878:54042:54180 [1] NCCL INFO Channel 03/0 : 1[ce000] -> 3[de000] via P2P/IPC comm 0x5105ee80 nRanks 04
nid007878:54044:54181 [3] NCCL INFO Channel 00/0 : 3[de000] -> 2[d6000] via P2P/IPC comm 0x5103e9f0 nRanks 04
nid007878:54044:54181 [3] NCCL INFO Channel 01/0 : 3[de000] -> 2[d6000] via P2P/IPC comm 0x5103e9f0 nRanks 04
nid007878:54044:54181 [3] NCCL INFO Channel 02/0 : 3[de000] -> 2[d6000] via P2P/IPC comm 0x5103e9f0 nRanks 04
nid007878:54044:54181 [3] NCCL INFO Channel 03/0 : 3[de000] -> 2[d6000] via P2P/IPC comm 0x5103e9f0 nRanks 04
nid007878:54041:54179 [0] NCCL INFO Connected all rings
nid007878:54042:54180 [1] NCCL INFO Connected all rings
nid007878:54043:54182 [2] NCCL INFO Connected all rings
nid007878:54044:54181 [3] NCCL INFO Connected all rings
nid007878:54043:54182 [2] NCCL INFO Channel 00/0 : 2[d6000] -> 3[de000] via P2P/IPC comm 0x5103efb0 nRanks 04
nid007878:54043:54182 [2] NCCL INFO Channel 01/0 : 2[d6000] -> 3[de000] via P2P/IPC comm 0x5103efb0 nRanks 04
nid007878:54043:54182 [2] NCCL INFO Channel 02/0 : 2[d6000] -> 3[de000] via P2P/IPC comm 0x5103efb0 nRanks 04
nid007878:54043:54182 [2] NCCL INFO Channel 03/0 : 2[d6000] -> 3[de000] via P2P/IPC comm 0x5103efb0 nRanks 04
nid007878:54044:54181 [3] NCCL INFO Channel 00/0 : 3[de000] -> 1[ce000] via P2P/IPC comm 0x5103e9f0 nRanks 04
nid007878:54044:54181 [3] NCCL INFO Channel 01/0 : 3[de000] -> 1[ce000] via P2P/IPC comm 0x5103e9f0 nRanks 04
nid007878:54044:54181 [3] NCCL INFO Channel 02/0 : 3[de000] -> 1[ce000] via P2P/IPC comm 0x5103e9f0 nRanks 04
nid007878:54044:54181 [3] NCCL INFO Channel 03/0 : 3[de000] -> 1[ce000] via P2P/IPC comm 0x5103e9f0 nRanks 04
nid007878:54042:54180 [1] NCCL INFO Channel 00/0 : 1[ce000] -> 0[c9000] via P2P/IPC comm 0x5105ee80 nRanks 04
nid007878:54043:54182 [2] NCCL INFO Connected all trees
nid007878:54042:54180 [1] NCCL INFO Channel 01/0 : 1[ce000] -> 0[c9000] via P2P/IPC comm 0x5105ee80 nRanks 04
nid007878:54042:54180 [1] NCCL INFO Channel 02/0 : 1[ce000] -> 0[c9000] via P2P/IPC comm 0x5105ee80 nRanks 04
nid007878:54043:54182 [2] NCCL INFO threadThresholds 8/8/64 | 32/8/64 | 256 | 256
nid007878:54043:54182 [2] NCCL INFO 4 coll channels, 4 collnet channels, 0 nvls channels, 4 p2p channels, 2 p2p channels per peer
nid007878:54042:54180 [1] NCCL INFO Channel 03/0 : 1[ce000] -> 0[c9000] via P2P/IPC comm 0x5105ee80 nRanks 04
nid007878:54044:54181 [3] NCCL INFO Connected all trees
nid007878:54041:54179 [0] NCCL INFO Connected all trees
nid007878:54042:54180 [1] NCCL INFO Connected all trees
nid007878:54044:54181 [3] NCCL INFO threadThresholds 8/8/64 | 32/8/64 | 256 | 256
nid007878:54044:54181 [3] NCCL INFO 4 coll channels, 4 collnet channels, 0 nvls channels, 4 p2p channels, 2 p2p channels per peer
nid007878:54042:54180 [1] NCCL INFO threadThresholds 8/8/64 | 32/8/64 | 256 | 256
nid007878:54042:54180 [1] NCCL INFO 4 coll channels, 4 collnet channels, 0 nvls channels, 4 p2p channels, 2 p2p channels per peer
nid007878:54041:54179 [0] NCCL INFO threadThresholds 8/8/64 | 32/8/64 | 256 | 256
nid007878:54041:54179 [0] NCCL INFO 4 coll channels, 4 collnet channels, 0 nvls channels, 4 p2p channels, 2 p2p channels per peer
nid007878:54041:54179 [0] NCCL INFO CC Off, Multi-GPU CC Off, workFifoBytes 1048576
nid007878:54044:54181 [3] NCCL INFO ncclCommInitRank comm 0x5103e9f0 rank 3 nranks 4 cudaDev 3 nvmlDev 3 busId de000 commId 0xeaf8d331375040b8 localSize 272 used 370885472 bytes on core 44 - Init COMPLETE
nid007878:54044:54181 [3] NCCL INFO Init timings: rank 3 nranks 4 total 0.58 (kernels 0.00, bootstrap 0.02, allgathers 0.04, topo 0.45, graphs 0.00, connections 0.07, rest 0.00)
nid007878:54042:54180 [1] NCCL INFO ncclCommInitRank comm 0x5105ee80 rank 1 nranks 4 cudaDev 1 nvmlDev 1 busId ce000 commId 0xeaf8d331375040b8 localSize 272 used 370885472 bytes on core 23 - Init COMPLETE
nid007878:54042:54180 [1] NCCL INFO Init timings: rank 1 nranks 4 total 0.58 (kernels 0.00, bootstrap 0.02, allgathers 0.00, topo 0.49, graphs 0.00, connections 0.07, rest 0.00)
nid007878:54043:54182 [2] NCCL INFO ncclCommInitRank comm 0x5103efb0 rank 2 nranks 4 cudaDev 2 nvmlDev 2 busId d6000 commId 0xeaf8d331375040b8 localSize 272 used 320553824 bytes on core 15 - Init COMPLETE
nid007878:54043:54182 [2] NCCL INFO Init timings: rank 2 nranks 4 total 0.58 (kernels 0.00, bootstrap 0.02, allgathers 0.06, topo 0.44, graphs 0.00, connections 0.06, rest 0.01)
nid007878:54041:54179 [0] NCCL INFO ncclCommInitRank comm 0x51046000 rank 0 nranks 4 cudaDev 0 nvmlDev 0 busId c9000 commId 0xeaf8d331375040b8 localSize 272 used 354108256 bytes on core 26 - Init COMPLETE
nid007878:54041:54179 [0] NCCL INFO Init timings: rank 0 nranks 4 total 0.58 (kernels 0.00, bootstrap 0.02, allgathers 0.02, topo 0.47, graphs 0.00, connections 0.07, rest 0.00)
nid007878:54044:54195 [3] NCCL INFO Channel 02/1 : 3[de000] -> 0[c9000] via P2P/IPC comm 0x5103e9f0 nRanks 04
nid007878:54042:54196 [1] NCCL INFO Channel 02/1 : 1[ce000] -> 2[d6000] via P2P/IPC comm 0x5105ee80 nRanks 04
nid007878:54043:54197 [2] NCCL INFO Channel 02/1 : 2[d6000] -> 3[de000] via P2P/IPC comm 0x5103efb0 nRanks 04
nid007878:54041:54198 [0] NCCL INFO Channel 02/1 : 0[c9000] -> 1[ce000] via P2P/IPC comm 0x51046000 nRanks 04
nid007878:54044:54195 [3] NCCL INFO Channel 03/1 : 3[de000] -> 0[c9000] via P2P/IPC comm 0x5103e9f0 nRanks 04
nid007878:54042:54196 [1] NCCL INFO Channel 03/1 : 1[ce000] -> 2[d6000] via P2P/IPC comm 0x5105ee80 nRanks 04
nid007878:54043:54197 [2] NCCL INFO Channel 03/1 : 2[d6000] -> 3[de000] via P2P/IPC comm 0x5103efb0 nRanks 04
nid007878:54041:54198 [0] NCCL INFO Channel 03/1 : 0[c9000] -> 1[ce000] via P2P/IPC comm 0x51046000 nRanks 04
nid007878:54044:54195 [3] NCCL INFO Channel 02/1 : 3[de000] -> 1[ce000] via P2P/IPC comm 0x5103e9f0 nRanks 04
nid007878:54043:54197 [2] NCCL INFO Channel 02/1 : 2[d6000] -> 0[c9000] via P2P/IPC comm 0x5103efb0 nRanks 04
nid007878:54042:54196 [1] NCCL INFO Channel 02/1 : 1[ce000] -> 3[de000] via P2P/IPC comm 0x5105ee80 nRanks 04
nid007878:54041:54198 [0] NCCL INFO Channel 02/1 : 0[c9000] -> 2[d6000] via P2P/IPC comm 0x51046000 nRanks 04
nid007878:54044:54195 [3] NCCL INFO Channel 03/1 : 3[de000] -> 1[ce000] via P2P/IPC comm 0x5103e9f0 nRanks 04
nid007878:54043:54197 [2] NCCL INFO Channel 03/1 : 2[d6000] -> 0[c9000] via P2P/IPC comm 0x5103efb0 nRanks 04
nid007878:54042:54196 [1] NCCL INFO Channel 03/1 : 1[ce000] -> 3[de000] via P2P/IPC comm 0x5105ee80 nRanks 04
nid007878:54041:54198 [0] NCCL INFO Channel 03/1 : 0[c9000] -> 2[d6000] via P2P/IPC comm 0x51046000 nRanks 04
nid007878:54044:54195 [3] NCCL INFO Channel 00/1 : 3[de000] -> 2[d6000] via P2P/IPC comm 0x5103e9f0 nRanks 04
nid007878:54041:54198 [0] NCCL INFO Channel 00/1 : 0[c9000] -> 3[de000] via P2P/IPC comm 0x51046000 nRanks 04
nid007878:54043:54197 [2] NCCL INFO Channel 00/1 : 2[d6000] -> 1[ce000] via P2P/IPC comm 0x5103efb0 nRanks 04
nid007878:54042:54196 [1] NCCL INFO Channel 00/1 : 1[ce000] -> 0[c9000] via P2P/IPC comm 0x5105ee80 nRanks 04
nid007878:54044:54195 [3] NCCL INFO Channel 01/1 : 3[de000] -> 2[d6000] via P2P/IPC comm 0x5103e9f0 nRanks 04
nid007878:54041:54198 [0] NCCL INFO Channel 01/1 : 0[c9000] -> 3[de000] via P2P/IPC comm 0x51046000 nRanks 04
nid007878:54043:54197 [2] NCCL INFO Channel 01/1 : 2[d6000] -> 1[ce000] via P2P/IPC comm 0x5103efb0 nRanks 04
nid007878:54042:54196 [1] NCCL INFO Channel 01/1 : 1[ce000] -> 0[c9000] via P2P/IPC comm 0x5105ee80 nRanks 04
[Rank 0] time (ms) | fwd_microstep: 2712.96 | bwd_microstep: 783.60 | bwd_inner_microstep: 771.11 | bwd_allreduce_microstep: 12.41 | step_microstep: 64.85
[Rank 0] time (ms) | fwd: 2712.94 | bwd: 783.60 | bwd_inner: 771.15 | bwd_allreduce: 12.40 | step: 64.84
nid007878:54041:54041 [0] NCCL INFO Kernel version: 6.4.0-150600.23.73_15.0.14-cray_shasta_c
nid007878:54041:54041 [0] NCCL INFO Kernel version: 6.4.0-150600.23.73_15.0.14-cray_shasta_c
nid007878:54041:54041 [0] NCCL INFO Comm config Blocking set to 1
nid007878:54041:54216 [0] NCCL INFO Using network Socket

nid007878:54041:54216 [0] /longer_pathname_so_that_rpms_can_support_packaging_the_debug_info_for_all_os_profiles/src/out/rhel-8.8/8.8/build/rccl/hipify/src/misc/alt_rsmi.cc:716 NCCL WARN Could not read node # 5

nid007878:54041:54216 [0] /longer_pathname_so_that_rpms_can_support_packaging_the_debug_info_for_all_os_profiles/src/out/rhel-8.8/8.8/build/rccl/hipify/src/misc/alt_rsmi.cc:675 NCCL WARN Could not read node # 5

nid007878:54041:54216 [0] /longer_pathname_so_that_rpms_can_support_packaging_the_debug_info_for_all_os_profiles/src/out/rhel-8.8/8.8/build/rccl/hipify/src/misc/alt_rsmi.cc:675 NCCL WARN Could not read node # 5

nid007878:54041:54216 [0] /longer_pathname_so_that_rpms_can_support_packaging_the_debug_info_for_all_os_profiles/src/out/rhel-8.8/8.8/build/rccl/hipify/src/misc/alt_rsmi.cc:675 NCCL WARN Could not read node # 5

nid007878:54041:54216 [0] /longer_pathname_so_that_rpms_can_support_packaging_the_debug_info_for_all_os_profiles/src/out/rhel-8.8/8.8/build/rccl/hipify/src/misc/alt_rsmi.cc:675 NCCL WARN Could not read node # 5
nid007878:54042:54042 [1] NCCL INFO Kernel version: 6.4.0-150600.23.73_15.0.14-cray_shasta_c
nid007878:54042:54042 [1] NCCL INFO Comm config Blocking set to 1
nid007878:54042:54217 [1] NCCL INFO Using network Socket

nid007878:54041:54216 [0] /longer_pathname_so_that_rpms_can_support_packaging_the_debug_info_for_all_os_profiles/src/out/rhel-8.8/8.8/build/rccl/hipify/src/misc/alt_rsmi.cc:716 NCCL WARN Could not read node # 8

nid007878:54041:54216 [0] /longer_pathname_so_that_rpms_can_support_packaging_the_debug_info_for_all_os_profiles/src/out/rhel-8.8/8.8/build/rccl/hipify/src/misc/alt_rsmi.cc:675 NCCL WARN Could not read node # 8

nid007878:54041:54216 [0] /longer_pathname_so_that_rpms_can_support_packaging_the_debug_info_for_all_os_profiles/src/out/rhel-8.8/8.8/build/rccl/hipify/src/misc/alt_rsmi.cc:675 NCCL WARN Could not read node # 8

nid007878:54041:54216 [0] /longer_pathname_so_that_rpms_can_support_packaging_the_debug_info_for_all_os_profiles/src/out/rhel-8.8/8.8/build/rccl/hipify/src/misc/alt_rsmi.cc:675 NCCL WARN Could not read node # 8

nid007878:54041:54216 [0] /longer_pathname_so_that_rpms_can_support_packaging_the_debug_info_for_all_os_profiles/src/out/rhel-8.8/8.8/build/rccl/hipify/src/misc/alt_rsmi.cc:675 NCCL WARN Could not read node # 8

nid007878:54042:54217 [1] /longer_pathname_so_that_rpms_can_support_packaging_the_debug_info_for_all_os_profiles/src/out/rhel-8.8/8.8/build/rccl/hipify/src/misc/alt_rsmi.cc:716 NCCL WARN Could not read node # 5

nid007878:54042:54217 [1] /longer_pathname_so_that_rpms_can_support_packaging_the_debug_info_for_all_os_profiles/src/out/rhel-8.8/8.8/build/rccl/hipify/src/misc/alt_rsmi.cc:675 NCCL WARN Could not read node # 5

nid007878:54042:54217 [1] /longer_pathname_so_that_rpms_can_support_packaging_the_debug_info_for_all_os_profiles/src/out/rhel-8.8/8.8/build/rccl/hipify/src/misc/alt_rsmi.cc:675 NCCL WARN Could not read node # 5

nid007878:54041:54216 [0] /longer_pathname_so_that_rpms_can_support_packaging_the_debug_info_for_all_os_profiles/src/out/rhel-8.8/8.8/build/rccl/hipify/src/misc/alt_rsmi.cc:716 NCCL WARN Could not read node # 4

nid007878:54042:54217 [1] /longer_pathname_so_that_rpms_can_support_packaging_the_debug_info_for_all_os_profiles/src/out/rhel-8.8/8.8/build/rccl/hipify/src/misc/alt_rsmi.cc:675 NCCL WARN Could not read node # 5

nid007878:54041:54216 [0] /longer_pathname_so_that_rpms_can_support_packaging_the_debug_info_for_all_os_profiles/src/out/rhel-8.8/8.8/build/rccl/hipify/src/misc/alt_rsmi.cc:675 NCCL WARN Could not read node # 4

nid007878:54042:54217 [1] /longer_pathname_so_that_rpms_can_support_packaging_the_debug_info_for_all_os_profiles/src/out/rhel-8.8/8.8/build/rccl/hipify/src/misc/alt_rsmi.cc:675 NCCL WARN Could not read node # 5

nid007878:54041:54216 [0] /longer_pathname_so_that_rpms_can_support_packaging_the_debug_info_for_all_os_profiles/src/out/rhel-8.8/8.8/build/rccl/hipify/src/misc/alt_rsmi.cc:675 NCCL WARN Could not read node # 4

nid007878:54041:54216 [0] /longer_pathname_so_that_rpms_can_support_packaging_the_debug_info_for_all_os_profiles/src/out/rhel-8.8/8.8/build/rccl/hipify/src/misc/alt_rsmi.cc:675 NCCL WARN Could not read node # 4

nid007878:54041:54216 [0] /longer_pathname_so_that_rpms_can_support_packaging_the_debug_info_for_all_os_profiles/src/out/rhel-8.8/8.8/build/rccl/hipify/src/misc/alt_rsmi.cc:675 NCCL WARN Could not read node # 4
nid007878:54043:54043 [2] NCCL INFO Kernel version: 6.4.0-150600.23.73_15.0.14-cray_shasta_c
nid007878:54043:54043 [2] NCCL INFO Comm config Blocking set to 1

nid007878:54041:54216 [0] /longer_pathname_so_that_rpms_can_support_packaging_the_debug_info_for_all_os_profiles/src/out/rhel-8.8/8.8/build/rccl/hipify/src/misc/alt_rsmi.cc:716 NCCL WARN Could not read node # 10

nid007878:54041:54216 [0] /longer_pathname_so_that_rpms_can_support_packaging_the_debug_info_for_all_os_profiles/src/out/rhel-8.8/8.8/build/rccl/hipify/src/misc/alt_rsmi.cc:675 NCCL WARN Could not read node # 10

nid007878:54041:54216 [0] /longer_pathname_so_that_rpms_can_support_packaging_the_debug_info_for_all_os_profiles/src/out/rhel-8.8/8.8/build/rccl/hipify/src/misc/alt_rsmi.cc:675 NCCL WARN Could not read node # 10

nid007878:54041:54216 [0] /longer_pathname_so_that_rpms_can_support_packaging_the_debug_info_for_all_os_profiles/src/out/rhel-8.8/8.8/build/rccl/hipify/src/misc/alt_rsmi.cc:675 NCCL WARN Could not read node # 10

nid007878:54041:54216 [0] /longer_pathname_so_that_rpms_can_support_packaging_the_debug_info_for_all_os_profiles/src/out/rhel-8.8/8.8/build/rccl/hipify/src/misc/alt_rsmi.cc:675 NCCL WARN Could not read node # 10
nid007878:54043:54218 [2] NCCL INFO Using network Socket

nid007878:54042:54217 [1] /longer_pathname_so_that_rpms_can_support_packaging_the_debug_info_for_all_os_profiles/src/out/rhel-8.8/8.8/build/rccl/hipify/src/misc/alt_rsmi.cc:716 NCCL WARN Could not read node # 8

nid007878:54042:54217 [1] /longer_pathname_so_that_rpms_can_support_packaging_the_debug_info_for_all_os_profiles/src/out/rhel-8.8/8.8/build/rccl/hipify/src/misc/alt_rsmi.cc:675 NCCL WARN Could not read node # 8

nid007878:54042:54217 [1] /longer_pathname_so_that_rpms_can_support_packaging_the_debug_info_for_all_os_profiles/src/out/rhel-8.8/8.8/build/rccl/hipify/src/misc/alt_rsmi.cc:675 NCCL WARN Could not read node # 8

nid007878:54042:54217 [1] /longer_pathname_so_that_rpms_can_support_packaging_the_debug_info_for_all_os_profiles/src/out/rhel-8.8/8.8/build/rccl/hipify/src/misc/alt_rsmi.cc:675 NCCL WARN Could not read node # 8

nid007878:54042:54217 [1] /longer_pathname_so_that_rpms_can_support_packaging_the_debug_info_for_all_os_profiles/src/out/rhel-8.8/8.8/build/rccl/hipify/src/misc/alt_rsmi.cc:675 NCCL WARN Could not read node # 8
nid007878:54041:54216 [0] NCCL INFO [node_id = 11; gpu_id = 49174; unique_id = 349033704792663888; location_id = 56832; bdf = 56832; domain = 0; partition = 0], 
nid007878:54041:54216 [0] NCCL INFO [node_id = 9; gpu_id = 1553; unique_id = 2959859731685134295; location_id = 54784; bdf = 54784; domain = 0; partition = 0], 
nid007878:54041:54216 [0] NCCL INFO [node_id = 6; gpu_id = 15961; unique_id = 4001188326769273189; location_id = 51456; bdf = 51456; domain = 0; partition = 0], 
nid007878:54041:54216 [0] NCCL INFO [node_id = 7; gpu_id = 3099; unique_id = 4443671511737048640; location_id = 52736; bdf = 52736; domain = 0; partition = 0], 

nid007878:54043:54218 [2] /longer_pathname_so_that_rpms_can_support_packaging_the_debug_info_for_all_os_profiles/src/out/rhel-8.8/8.8/build/rccl/hipify/src/misc/alt_rsmi.cc:716 NCCL WARN Could not read node # 5

nid007878:54043:54218 [2] /longer_pathname_so_that_rpms_can_support_packaging_the_debug_info_for_all_os_profiles/src/out/rhel-8.8/8.8/build/rccl/hipify/src/misc/alt_rsmi.cc:675 NCCL WARN Could not read node # 5

nid007878:54043:54218 [2] /longer_pathname_so_that_rpms_can_support_packaging_the_debug_info_for_all_os_profiles/src/out/rhel-8.8/8.8/build/rccl/hipify/src/misc/alt_rsmi.cc:675 NCCL WARN Could not read node # 5

nid007878:54043:54218 [2] /longer_pathname_so_that_rpms_can_support_packaging_the_debug_info_for_all_os_profiles/src/out/rhel-8.8/8.8/build/rccl/hipify/src/misc/alt_rsmi.cc:675 NCCL WARN Could not read node # 5

nid007878:54043:54218 [2] /longer_pathname_so_that_rpms_can_support_packaging_the_debug_info_for_all_os_profiles/src/out/rhel-8.8/8.8/build/rccl/hipify/src/misc/alt_rsmi.cc:675 NCCL WARN Could not read node # 5
nid007878:54044:54044 [3] NCCL INFO Kernel version: 6.4.0-150600.23.73_15.0.14-cray_shasta_c

nid007878:54042:54217 [1] /longer_pathname_so_that_rpms_can_support_packaging_the_debug_info_for_all_os_profiles/src/out/rhel-8.8/8.8/build/rccl/hipify/src/misc/alt_rsmi.cc:716 NCCL WARN Could not read node # 4

nid007878:54042:54217 [1] /longer_pathname_so_that_rpms_can_support_packaging_the_debug_info_for_all_os_profiles/src/out/rhel-8.8/8.8/build/rccl/hipify/src/misc/alt_rsmi.cc:675 NCCL WARN Could not read node # 4

nid007878:54042:54217 [1] /longer_pathname_so_that_rpms_can_support_packaging_the_debug_info_for_all_os_profiles/src/out/rhel-8.8/8.8/build/rccl/hipify/src/misc/alt_rsmi.cc:675 NCCL WARN Could not read node # 4

nid007878:54042:54217 [1] /longer_pathname_so_that_rpms_can_support_packaging_the_debug_info_for_all_os_profiles/src/out/rhel-8.8/8.8/build/rccl/hipify/src/misc/alt_rsmi.cc:675 NCCL WARN Could not read node # 4

nid007878:54042:54217 [1] /longer_pathname_so_that_rpms_can_support_packaging_the_debug_info_for_all_os_profiles/src/out/rhel-8.8/8.8/build/rccl/hipify/src/misc/alt_rsmi.cc:675 NCCL WARN Could not read node # 4
nid007878:54044:54044 [3] NCCL INFO Comm config Blocking set to 1
nid007878:54044:54219 [3] NCCL INFO Using network Socket

nid007878:54042:54217 [1] /longer_pathname_so_that_rpms_can_support_packaging_the_debug_info_for_all_os_profiles/src/out/rhel-8.8/8.8/build/rccl/hipify/src/misc/alt_rsmi.cc:716 NCCL WARN Could not read node # 10

nid007878:54042:54217 [1] /longer_pathname_so_that_rpms_can_support_packaging_the_debug_info_for_all_os_profiles/src/out/rhel-8.8/8.8/build/rccl/hipify/src/misc/alt_rsmi.cc:675 NCCL WARN Could not read node # 10

nid007878:54042:54217 [1] /longer_pathname_so_that_rpms_can_support_packaging_the_debug_info_for_all_os_profiles/src/out/rhel-8.8/8.8/build/rccl/hipify/src/misc/alt_rsmi.cc:675 NCCL WARN Could not read node # 10

nid007878:54042:54217 [1] /longer_pathname_so_that_rpms_can_support_packaging_the_debug_info_for_all_os_profiles/src/out/rhel-8.8/8.8/build/rccl/hipify/src/misc/alt_rsmi.cc:675 NCCL WARN Could not read node # 10

nid007878:54042:54217 [1] /longer_pathname_so_that_rpms_can_support_packaging_the_debug_info_for_all_os_profiles/src/out/rhel-8.8/8.8/build/rccl/hipify/src/misc/alt_rsmi.cc:675 NCCL WARN Could not read node # 10

nid007878:54044:54219 [3] /longer_pathname_so_that_rpms_can_support_packaging_the_debug_info_for_all_os_profiles/src/out/rhel-8.8/8.8/build/rccl/hipify/src/misc/alt_rsmi.cc:716 NCCL WARN Could not read node # 5

nid007878:54043:54218 [2] /longer_pathname_so_that_rpms_can_support_packaging_the_debug_info_for_all_os_profiles/src/out/rhel-8.8/8.8/build/rccl/hipify/src/misc/alt_rsmi.cc:716 NCCL WARN Could not read node # 8

nid007878:54044:54219 [3] /longer_pathname_so_that_rpms_can_support_packaging_the_debug_info_for_all_os_profiles/src/out/rhel-8.8/8.8/build/rccl/hipify/src/misc/alt_rsmi.cc:675 NCCL WARN Could not read node # 5

nid007878:54043:54218 [2] /longer_pathname_so_that_rpms_can_support_packaging_the_debug_info_for_all_os_profiles/src/out/rhel-8.8/8.8/build/rccl/hipify/src/misc/alt_rsmi.cc:675 NCCL WARN Could not read node # 8

nid007878:54044:54219 [3] /longer_pathname_so_that_rpms_can_support_packaging_the_debug_info_for_all_os_profiles/src/out/rhel-8.8/8.8/build/rccl/hipify/src/misc/alt_rsmi.cc:675 NCCL WARN Could not read node # 5

nid007878:54043:54218 [2] /longer_pathname_so_that_rpms_can_support_packaging_the_debug_info_for_all_os_profiles/src/out/rhel-8.8/8.8/build/rccl/hipify/src/misc/alt_rsmi.cc:675 NCCL WARN Could not read node # 8

nid007878:54044:54219 [3] /longer_pathname_so_that_rpms_can_support_packaging_the_debug_info_for_all_os_profiles/src/out/rhel-8.8/8.8/build/rccl/hipify/src/misc/alt_rsmi.cc:675 NCCL WARN Could not read node # 5

nid007878:54043:54218 [2] /longer_pathname_so_that_rpms_can_support_packaging_the_debug_info_for_all_os_profiles/src/out/rhel-8.8/8.8/build/rccl/hipify/src/misc/alt_rsmi.cc:675 NCCL WARN Could not read node # 8

nid007878:54044:54219 [3] /longer_pathname_so_that_rpms_can_support_packaging_the_debug_info_for_all_os_profiles/src/out/rhel-8.8/8.8/build/rccl/hipify/src/misc/alt_rsmi.cc:675 NCCL WARN Could not read node # 5

nid007878:54043:54218 [2] /longer_pathname_so_that_rpms_can_support_packaging_the_debug_info_for_all_os_profiles/src/out/rhel-8.8/8.8/build/rccl/hipify/src/misc/alt_rsmi.cc:675 NCCL WARN Could not read node # 8
nid007878:54042:54217 [1] NCCL INFO [node_id = 11; gpu_id = 49174; unique_id = 349033704792663888; location_id = 56832; bdf = 56832; domain = 0; partition = 0], 
nid007878:54042:54217 [1] NCCL INFO [node_id = 9; gpu_id = 1553; unique_id = 2959859731685134295; location_id = 54784; bdf = 54784; domain = 0; partition = 0], 
nid007878:54042:54217 [1] NCCL INFO [node_id = 6; gpu_id = 15961; unique_id = 4001188326769273189; location_id = 51456; bdf = 51456; domain = 0; partition = 0], 
nid007878:54042:54217 [1] NCCL INFO [node_id = 7; gpu_id = 3099; unique_id = 4443671511737048640; location_id = 52736; bdf = 52736; domain = 0; partition = 0], 

nid007878:54043:54218 [2] /longer_pathname_so_that_rpms_can_support_packaging_the_debug_info_for_all_os_profiles/src/out/rhel-8.8/8.8/build/rccl/hipify/src/misc/alt_rsmi.cc:716 NCCL WARN Could not read node # 4

nid007878:54043:54218 [2] /longer_pathname_so_that_rpms_can_support_packaging_the_debug_info_for_all_os_profiles/src/out/rhel-8.8/8.8/build/rccl/hipify/src/misc/alt_rsmi.cc:675 NCCL WARN Could not read node # 4

nid007878:54043:54218 [2] /longer_pathname_so_that_rpms_can_support_packaging_the_debug_info_for_all_os_profiles/src/out/rhel-8.8/8.8/build/rccl/hipify/src/misc/alt_rsmi.cc:675 NCCL WARN Could not read node # 4

nid007878:54043:54218 [2] /longer_pathname_so_that_rpms_can_support_packaging_the_debug_info_for_all_os_profiles/src/out/rhel-8.8/8.8/build/rccl/hipify/src/misc/alt_rsmi.cc:675 NCCL WARN Could not read node # 4

nid007878:54043:54218 [2] /longer_pathname_so_that_rpms_can_support_packaging_the_debug_info_for_all_os_profiles/src/out/rhel-8.8/8.8/build/rccl/hipify/src/misc/alt_rsmi.cc:675 NCCL WARN Could not read node # 4

nid007878:54043:54218 [2] /longer_pathname_so_that_rpms_can_support_packaging_the_debug_info_for_all_os_profiles/src/out/rhel-8.8/8.8/build/rccl/hipify/src/misc/alt_rsmi.cc:716 NCCL WARN Could not read node # 10

nid007878:54044:54219 [3] /longer_pathname_so_that_rpms_can_support_packaging_the_debug_info_for_all_os_profiles/src/out/rhel-8.8/8.8/build/rccl/hipify/src/misc/alt_rsmi.cc:716 NCCL WARN Could not read node # 8

nid007878:54043:54218 [2] /longer_pathname_so_that_rpms_can_support_packaging_the_debug_info_for_all_os_profiles/src/out/rhel-8.8/8.8/build/rccl/hipify/src/misc/alt_rsmi.cc:675 NCCL WARN Could not read node # 10

nid007878:54044:54219 [3] /longer_pathname_so_that_rpms_can_support_packaging_the_debug_info_for_all_os_profiles/src/out/rhel-8.8/8.8/build/rccl/hipify/src/misc/alt_rsmi.cc:675 NCCL WARN Could not read node # 8

nid007878:54043:54218 [2] /longer_pathname_so_that_rpms_can_support_packaging_the_debug_info_for_all_os_profiles/src/out/rhel-8.8/8.8/build/rccl/hipify/src/misc/alt_rsmi.cc:675 NCCL WARN Could not read node # 10

nid007878:54044:54219 [3] /longer_pathname_so_that_rpms_can_support_packaging_the_debug_info_for_all_os_profiles/src/out/rhel-8.8/8.8/build/rccl/hipify/src/misc/alt_rsmi.cc:675 NCCL WARN Could not read node # 8

nid007878:54043:54218 [2] /longer_pathname_so_that_rpms_can_support_packaging_the_debug_info_for_all_os_profiles/src/out/rhel-8.8/8.8/build/rccl/hipify/src/misc/alt_rsmi.cc:675 NCCL WARN Could not read node # 10

nid007878:54043:54218 [2] /longer_pathname_so_that_rpms_can_support_packaging_the_debug_info_for_all_os_profiles/src/out/rhel-8.8/8.8/build/rccl/hipify/src/misc/alt_rsmi.cc:675 NCCL WARN Could not read node # 10

nid007878:54044:54219 [3] /longer_pathname_so_that_rpms_can_support_packaging_the_debug_info_for_all_os_profiles/src/out/rhel-8.8/8.8/build/rccl/hipify/src/misc/alt_rsmi.cc:675 NCCL WARN Could not read node # 8

nid007878:54044:54219 [3] /longer_pathname_so_that_rpms_can_support_packaging_the_debug_info_for_all_os_profiles/src/out/rhel-8.8/8.8/build/rccl/hipify/src/misc/alt_rsmi.cc:675 NCCL WARN Could not read node # 8

nid007878:54044:54219 [3] /longer_pathname_so_that_rpms_can_support_packaging_the_debug_info_for_all_os_profiles/src/out/rhel-8.8/8.8/build/rccl/hipify/src/misc/alt_rsmi.cc:716 NCCL WARN Could not read node # 4

nid007878:54044:54219 [3] /longer_pathname_so_that_rpms_can_support_packaging_the_debug_info_for_all_os_profiles/src/out/rhel-8.8/8.8/build/rccl/hipify/src/misc/alt_rsmi.cc:675 NCCL WARN Could not read node # 4

nid007878:54044:54219 [3] /longer_pathname_so_that_rpms_can_support_packaging_the_debug_info_for_all_os_profiles/src/out/rhel-8.8/8.8/build/rccl/hipify/src/misc/alt_rsmi.cc:675 NCCL WARN Could not read node # 4

nid007878:54044:54219 [3] /longer_pathname_so_that_rpms_can_support_packaging_the_debug_info_for_all_os_profiles/src/out/rhel-8.8/8.8/build/rccl/hipify/src/misc/alt_rsmi.cc:675 NCCL WARN Could not read node # 4

nid007878:54044:54219 [3] /longer_pathname_so_that_rpms_can_support_packaging_the_debug_info_for_all_os_profiles/src/out/rhel-8.8/8.8/build/rccl/hipify/src/misc/alt_rsmi.cc:675 NCCL WARN Could not read node # 4
nid007878:54043:54218 [2] NCCL INFO [node_id = 11; gpu_id = 49174; unique_id = 349033704792663888; location_id = 56832; bdf = 56832; domain = 0; partition = 0], 
nid007878:54043:54218 [2] NCCL INFO [node_id = 9; gpu_id = 1553; unique_id = 2959859731685134295; location_id = 54784; bdf = 54784; domain = 0; partition = 0], 
nid007878:54043:54218 [2] NCCL INFO [node_id = 6; gpu_id = 15961; unique_id = 4001188326769273189; location_id = 51456; bdf = 51456; domain = 0; partition = 0], 
nid007878:54043:54218 [2] NCCL INFO [node_id = 7; gpu_id = 3099; unique_id = 4443671511737048640; location_id = 52736; bdf = 52736; domain = 0; partition = 0], 

nid007878:54044:54219 [3] /longer_pathname_so_that_rpms_can_support_packaging_the_debug_info_for_all_os_profiles/src/out/rhel-8.8/8.8/build/rccl/hipify/src/misc/alt_rsmi.cc:716 NCCL WARN Could not read node # 10

nid007878:54044:54219 [3] /longer_pathname_so_that_rpms_can_support_packaging_the_debug_info_for_all_os_profiles/src/out/rhel-8.8/8.8/build/rccl/hipify/src/misc/alt_rsmi.cc:675 NCCL WARN Could not read node # 10

nid007878:54044:54219 [3] /longer_pathname_so_that_rpms_can_support_packaging_the_debug_info_for_all_os_profiles/src/out/rhel-8.8/8.8/build/rccl/hipify/src/misc/alt_rsmi.cc:675 NCCL WARN Could not read node # 10

nid007878:54044:54219 [3] /longer_pathname_so_that_rpms_can_support_packaging_the_debug_info_for_all_os_profiles/src/out/rhel-8.8/8.8/build/rccl/hipify/src/misc/alt_rsmi.cc:675 NCCL WARN Could not read node # 10

nid007878:54044:54219 [3] /longer_pathname_so_that_rpms_can_support_packaging_the_debug_info_for_all_os_profiles/src/out/rhel-8.8/8.8/build/rccl/hipify/src/misc/alt_rsmi.cc:675 NCCL WARN Could not read node # 10
nid007878:54044:54219 [3] NCCL INFO [node_id = 11; gpu_id = 49174; unique_id = 349033704792663888; location_id = 56832; bdf = 56832; domain = 0; partition = 0], 
nid007878:54044:54219 [3] NCCL INFO [node_id = 9; gpu_id = 1553; unique_id = 2959859731685134295; location_id = 54784; bdf = 54784; domain = 0; partition = 0], 
nid007878:54044:54219 [3] NCCL INFO [node_id = 6; gpu_id = 15961; unique_id = 4001188326769273189; location_id = 51456; bdf = 51456; domain = 0; partition = 0], 
nid007878:54044:54219 [3] NCCL INFO [node_id = 7; gpu_id = 3099; unique_id = 4443671511737048640; location_id = 52736; bdf = 52736; domain = 0; partition = 0], 
nid007878:54041:54216 [0] NCCL INFO initialized internal alternative rsmi functionality
nid007878:54042:54217 [1] NCCL INFO initialized internal alternative rsmi functionality
nid007878:54043:54218 [2] NCCL INFO initialized internal alternative rsmi functionality
nid007878:54044:54219 [3] NCCL INFO initialized internal alternative rsmi functionality
nid007878:54042:54217 [1] NCCL INFO ncclCommInitRank comm 0x4e878290 rank 1 nranks 4 cudaDev 1 nvmlDev 1 busId ce000 commId 0x5dd616177d3d6a0c - Init START
nid007878:54044:54219 [3] NCCL INFO ncclCommInitRank comm 0x4e8584d0 rank 3 nranks 4 cudaDev 3 nvmlDev 3 busId de000 commId 0x5dd616177d3d6a0c - Init START
nid007878:54041:54216 [0] NCCL INFO ncclCommInitRank comm 0x4e860430 rank 0 nranks 4 cudaDev 0 nvmlDev 0 busId c9000 commId 0x5dd616177d3d6a0c - Init START
nid007878:54043:54218 [2] NCCL INFO ncclCommInitRank comm 0x4e858e10 rank 2 nranks 4 cudaDev 2 nvmlDev 2 busId d6000 commId 0x5dd616177d3d6a0c - Init START
nid007878:54044:54219 [3] NCCL INFO initialized internal alternative rsmi functionality
nid007878:54043:54218 [2] NCCL INFO initialized internal alternative rsmi functionality
nid007878:54042:54217 [1] NCCL INFO initialized internal alternative rsmi functionality
nid007878:54041:54216 [0] NCCL INFO initialized internal alternative rsmi functionality
nid007878:54044:54219 [3] NCCL INFO Setting affinity for GPU 3 to fe00,00000000
nid007878:54042:54217 [1] NCCL INFO Setting affinity for GPU 1 to fefe0000
nid007878:54041:54216 [0] NCCL INFO Setting affinity for GPU 0 to fefe0000
nid007878:54043:54218 [2] NCCL INFO Setting affinity for GPU 2 to fe00
nid007878:54042:54217 [1] NCCL INFO comm 0x4e878290 rank 1 nRanks 4 nNodes 1 localRanks 4 localRank 1 MNNVL 0
nid007878:54041:54216 [0] NCCL INFO comm 0x4e860430 rank 0 nRanks 4 nNodes 1 localRanks 4 localRank 0 MNNVL 0
nid007878:54044:54219 [3] NCCL INFO comm 0x4e8584d0 rank 3 nRanks 4 nNodes 1 localRanks 4 localRank 3 MNNVL 0
nid007878:54043:54218 [2] NCCL INFO comm 0x4e858e10 rank 2 nRanks 4 nNodes 1 localRanks 4 localRank 2 MNNVL 0
nid007878:54041:54216 [0] NCCL INFO Channel 00/04 :    0   1   3   2
nid007878:54042:54217 [1] NCCL INFO Trees [0] 3/-1/-1->1->0 [1] 3/-1/-1->1->0 [2] 3/-1/-1->1->0 [3] 3/-1/-1->1->0 comm 0x4e878290 nRanks 04 busId ce000
nid007878:54041:54216 [0] NCCL INFO Channel 01/04 :    0   1   3   2
nid007878:54042:54217 [1] NCCL INFO P2P Chunksize set to 524288
nid007878:54041:54216 [0] NCCL INFO Channel 02/04 :    0   1   3   2
nid007878:54044:54219 [3] NCCL INFO Trees [0] 2/-1/-1->3->1 [1] 2/-1/-1->3->1 [2] 2/-1/-1->3->1 [3] 2/-1/-1->3->1 comm 0x4e8584d0 nRanks 04 busId de000
nid007878:54043:54218 [2] NCCL INFO Trees [0] -1/-1/-1->2->3 [1] -1/-1/-1->2->3 [2] -1/-1/-1->2->3 [3] -1/-1/-1->2->3 comm 0x4e858e10 nRanks 04 busId d6000
nid007878:54041:54216 [0] NCCL INFO Channel 03/04 :    0   1   3   2
nid007878:54044:54219 [3] NCCL INFO P2P Chunksize set to 524288
nid007878:54043:54218 [2] NCCL INFO P2P Chunksize set to 524288
nid007878:54041:54216 [0] NCCL INFO Trees [0] 1/-1/-1->0->-1 [1] 1/-1/-1->0->-1 [2] 1/-1/-1->0->-1 [3] 1/-1/-1->0->-1 comm 0x4e860430 nRanks 04 busId c9000
nid007878:54041:54216 [0] NCCL INFO P2P Chunksize set to 524288
nid007878:54041:54216 [0] NCCL INFO Channel 00/0 : 0[c9000] -> 1[ce000] via P2P/IPC comm 0x4e860430 nRanks 04
nid007878:54043:54218 [2] NCCL INFO Channel 00/0 : 2[d6000] -> 0[c9000] via P2P/IPC comm 0x4e858e10 nRanks 04
nid007878:54043:54218 [2] NCCL INFO Channel 01/0 : 2[d6000] -> 0[c9000] via P2P/IPC comm 0x4e858e10 nRanks 04
nid007878:54041:54216 [0] NCCL INFO Channel 01/0 : 0[c9000] -> 1[ce000] via P2P/IPC comm 0x4e860430 nRanks 04
nid007878:54043:54218 [2] NCCL INFO Channel 02/0 : 2[d6000] -> 0[c9000] via P2P/IPC comm 0x4e858e10 nRanks 04
nid007878:54041:54216 [0] NCCL INFO Channel 02/0 : 0[c9000] -> 1[ce000] via P2P/IPC comm 0x4e860430 nRanks 04
nid007878:54043:54218 [2] NCCL INFO Channel 03/0 : 2[d6000] -> 0[c9000] via P2P/IPC comm 0x4e858e10 nRanks 04
nid007878:54041:54216 [0] NCCL INFO Channel 03/0 : 0[c9000] -> 1[ce000] via P2P/IPC comm 0x4e860430 nRanks 04
nid007878:54042:54217 [1] NCCL INFO Channel 00/0 : 1[ce000] -> 3[de000] via P2P/IPC comm 0x4e878290 nRanks 04
nid007878:54042:54217 [1] NCCL INFO Channel 01/0 : 1[ce000] -> 3[de000] via P2P/IPC comm 0x4e878290 nRanks 04
nid007878:54042:54217 [1] NCCL INFO Channel 02/0 : 1[ce000] -> 3[de000] via P2P/IPC comm 0x4e878290 nRanks 04
nid007878:54042:54217 [1] NCCL INFO Channel 03/0 : 1[ce000] -> 3[de000] via P2P/IPC comm 0x4e878290 nRanks 04
nid007878:54044:54219 [3] NCCL INFO Channel 00/0 : 3[de000] -> 2[d6000] via P2P/IPC comm 0x4e8584d0 nRanks 04
nid007878:54044:54219 [3] NCCL INFO Channel 01/0 : 3[de000] -> 2[d6000] via P2P/IPC comm 0x4e8584d0 nRanks 04
nid007878:54044:54219 [3] NCCL INFO Channel 02/0 : 3[de000] -> 2[d6000] via P2P/IPC comm 0x4e8584d0 nRanks 04
nid007878:54044:54219 [3] NCCL INFO Channel 03/0 : 3[de000] -> 2[d6000] via P2P/IPC comm 0x4e8584d0 nRanks 04
nid007878:54042:54217 [1] NCCL INFO Connected all rings
nid007878:54041:54216 [0] NCCL INFO Connected all rings
nid007878:54044:54219 [3] NCCL INFO Connected all rings
nid007878:54043:54218 [2] NCCL INFO Connected all rings
nid007878:54043:54218 [2] NCCL INFO Channel 00/0 : 2[d6000] -> 3[de000] via P2P/IPC comm 0x4e858e10 nRanks 04
nid007878:54043:54218 [2] NCCL INFO Channel 01/0 : 2[d6000] -> 3[de000] via P2P/IPC comm 0x4e858e10 nRanks 04
nid007878:54043:54218 [2] NCCL INFO Channel 02/0 : 2[d6000] -> 3[de000] via P2P/IPC comm 0x4e858e10 nRanks 04
nid007878:54043:54218 [2] NCCL INFO Channel 03/0 : 2[d6000] -> 3[de000] via P2P/IPC comm 0x4e858e10 nRanks 04
nid007878:54044:54219 [3] NCCL INFO Channel 00/0 : 3[de000] -> 1[ce000] via P2P/IPC comm 0x4e8584d0 nRanks 04
nid007878:54044:54219 [3] NCCL INFO Channel 01/0 : 3[de000] -> 1[ce000] via P2P/IPC comm 0x4e8584d0 nRanks 04
nid007878:54044:54219 [3] NCCL INFO Channel 02/0 : 3[de000] -> 1[ce000] via P2P/IPC comm 0x4e8584d0 nRanks 04
nid007878:54044:54219 [3] NCCL INFO Channel 03/0 : 3[de000] -> 1[ce000] via P2P/IPC comm 0x4e8584d0 nRanks 04
nid007878:54042:54217 [1] NCCL INFO Channel 00/0 : 1[ce000] -> 0[c9000] via P2P/IPC comm 0x4e878290 nRanks 04
nid007878:54043:54218 [2] NCCL INFO Connected all trees
nid007878:54042:54217 [1] NCCL INFO Channel 01/0 : 1[ce000] -> 0[c9000] via P2P/IPC comm 0x4e878290 nRanks 04
nid007878:54042:54217 [1] NCCL INFO Channel 02/0 : 1[ce000] -> 0[c9000] via P2P/IPC comm 0x4e878290 nRanks 04
nid007878:54043:54218 [2] NCCL INFO threadThresholds 8/8/64 | 32/8/64 | 256 | 256
nid007878:54043:54218 [2] NCCL INFO 4 coll channels, 4 collnet channels, 0 nvls channels, 4 p2p channels, 2 p2p channels per peer
nid007878:54042:54217 [1] NCCL INFO Channel 03/0 : 1[ce000] -> 0[c9000] via P2P/IPC comm 0x4e878290 nRanks 04
nid007878:54044:54219 [3] NCCL INFO Connected all trees
nid007878:54041:54216 [0] NCCL INFO Connected all trees
nid007878:54042:54217 [1] NCCL INFO Connected all trees
nid007878:54042:54217 [1] NCCL INFO threadThresholds 8/8/64 | 32/8/64 | 256 | 256
nid007878:54042:54217 [1] NCCL INFO 4 coll channels, 4 collnet channels, 0 nvls channels, 4 p2p channels, 2 p2p channels per peer
nid007878:54044:54219 [3] NCCL INFO threadThresholds 8/8/64 | 32/8/64 | 256 | 256
nid007878:54044:54219 [3] NCCL INFO 4 coll channels, 4 collnet channels, 0 nvls channels, 4 p2p channels, 2 p2p channels per peer
nid007878:54041:54216 [0] NCCL INFO threadThresholds 8/8/64 | 32/8/64 | 256 | 256
nid007878:54041:54216 [0] NCCL INFO 4 coll channels, 4 collnet channels, 0 nvls channels, 4 p2p channels, 2 p2p channels per peer
nid007878:54041:54216 [0] NCCL INFO CC Off, Multi-GPU CC Off, workFifoBytes 1048576
nid007878:54044:54219 [3] NCCL INFO ncclCommInitRank comm 0x4e8584d0 rank 3 nranks 4 cudaDev 3 nvmlDev 3 busId de000 commId 0x5dd616177d3d6a0c localSize 272 used 556024864 bytes on core 46 - Init COMPLETE
nid007878:54044:54219 [3] NCCL INFO Init timings: rank 3 nranks 4 total 0.57 (kernels 0.00, bootstrap 0.02, allgathers 0.01, topo 0.47, graphs 0.00, connections 0.07, rest 0.00)
nid007878:54042:54217 [1] NCCL INFO ncclCommInitRank comm 0x4e878290 rank 1 nranks 4 cudaDev 1 nvmlDev 1 busId ce000 commId 0x5dd616177d3d6a0c localSize 272 used 556024864 bytes on core 27 - Init COMPLETE
nid007878:54042:54217 [1] NCCL INFO Init timings: rank 1 nranks 4 total 0.57 (kernels 0.00, bootstrap 0.02, allgathers 0.01, topo 0.47, graphs 0.00, connections 0.07, rest 0.00)
nid007878:54043:54218 [2] NCCL INFO ncclCommInitRank comm 0x4e858e10 rank 2 nranks 4 cudaDev 2 nvmlDev 2 busId d6000 commId 0x5dd616177d3d6a0c localSize 272 used 480527392 bytes on core 14 - Init COMPLETE
nid007878:54041:54216 [0] NCCL INFO ncclCommInitRank comm 0x4e860430 rank 0 nranks 4 cudaDev 0 nvmlDev 0 busId c9000 commId 0x5dd616177d3d6a0c localSize 272 used 530859040 bytes on core 20 - Init COMPLETE
nid007878:54043:54218 [2] NCCL INFO Init timings: rank 2 nranks 4 total 0.57 (kernels 0.00, bootstrap 0.02, allgathers 0.00, topo 0.48, graphs 0.00, connections 0.06, rest 0.01)
nid007878:54041:54216 [0] NCCL INFO Init timings: rank 0 nranks 4 total 0.57 (kernels 0.00, bootstrap 0.02, allgathers 0.00, topo 0.48, graphs 0.00, connections 0.07, rest 0.00)
[Rank 0] time (ms) | fwd_microstep: 10.41 | bwd_microstep: 14.60 | bwd_inner_microstep: 9.23 | bwd_allreduce_microstep: 5.34 | step_microstep: 10.19
[Rank 0] time (ms) | fwd: 10.40 | bwd: 14.60 | bwd_inner: 9.23 | bwd_allreduce: 5.34 | step: 10.18
[Rank 0] time (ms) | fwd_microstep: 10.13 | bwd_microstep: 14.57 | bwd_inner_microstep: 9.20 | bwd_allreduce_microstep: 5.35 | step_microstep: 10.08
[Rank 0] time (ms) | fwd: 10.13 | bwd: 14.57 | bwd_inner: 9.20 | bwd_allreduce: 5.35 | step: 10.09
[Rank 0] time (ms) | fwd_microstep: 10.07 | bwd_microstep: 14.55 | bwd_inner_microstep: 9.25 | bwd_allreduce_microstep: 5.28 | step_microstep: 10.19
[Rank 0] time (ms) | fwd: 10.06 | bwd: 14.55 | bwd_inner: 9.25 | bwd_allreduce: 5.28 | step: 10.19
[Rank 0] time (ms) | fwd_microstep: 10.02 | bwd_microstep: 14.57 | bwd_inner_microstep: 9.22 | bwd_allreduce_microstep: 5.33 | step_microstep: 10.12
[Rank 0] time (ms) | fwd: 10.02 | bwd: 14.57 | bwd_inner: 9.22 | bwd_allreduce: 5.33 | step: 10.13
[Rank 0] time (ms) | fwd_microstep: 10.09 | bwd_microstep: 14.56 | bwd_inner_microstep: 9.19 | bwd_allreduce_microstep: 5.33 | step_microstep: 10.15
[Rank 0] time (ms) | fwd: 10.08 | bwd: 14.56 | bwd_inner: 9.19 | bwd_allreduce: 5.33 | step: 10.16
[Rank 0] time (ms) | fwd_microstep: 10.04 | bwd_microstep: 14.49 | bwd_inner_microstep: 9.15 | bwd_allreduce_microstep: 5.31 | step_microstep: 10.10
[Rank 0] time (ms) | fwd: 10.04 | bwd: 14.49 | bwd_inner: 9.15 | bwd_allreduce: 5.31 | step: 10.10
[Rank 0] time (ms) | fwd_microstep: 10.09 | bwd_microstep: 14.51 | bwd_inner_microstep: 9.20 | bwd_allreduce_microstep: 5.29 | step_microstep: 10.22
[Rank 0] time (ms) | fwd: 10.09 | bwd: 14.51 | bwd_inner: 9.20 | bwd_allreduce: 5.29 | step: 10.23
[Rank 0] time (ms) | fwd_microstep: 11.15 | bwd_microstep: 14.55 | bwd_inner_microstep: 9.17 | bwd_allreduce_microstep: 5.35 | step_microstep: 10.06
[Rank 0] time (ms) | fwd: 11.14 | bwd: 14.55 | bwd_inner: 9.17 | bwd_allreduce: 5.35 | step: 10.07
[Rank 0] time (ms) | fwd_microstep: 10.00 | bwd_microstep: 14.61 | bwd_inner_microstep: 9.25 | bwd_allreduce_microstep: 5.33 | step_microstep: 10.41
[Rank 0] time (ms) | fwd: 9.99 | bwd: 14.61 | bwd_inner: 9.25 | bwd_allreduce: 5.33 | step: 10.42
step=10 step_time=0.0377s tok/s=434678.70 mem_alloc=2113196032
[Rank 0] time (ms) | fwd_microstep: 10.07 | bwd_microstep: 14.70 | bwd_inner_microstep: 9.33 | bwd_allreduce_microstep: 5.34 | step_microstep: 10.09
[Rank 0] time (ms) | fwd: 10.06 | bwd: 14.70 | bwd_inner: 9.33 | bwd_allreduce: 5.34 | step: 10.10
[Rank 0] time (ms) | fwd_microstep: 10.07 | bwd_microstep: 14.61 | bwd_inner_microstep: 9.27 | bwd_allreduce_microstep: 5.32 | step_microstep: 10.10
[Rank 0] time (ms) | fwd: 10.06 | bwd: 14.61 | bwd_inner: 9.27 | bwd_allreduce: 5.32 | step: 10.11
[Rank 0] time (ms) | fwd_microstep: 10.02 | bwd_microstep: 14.59 | bwd_inner_microstep: 9.24 | bwd_allreduce_microstep: 5.32 | step_microstep: 10.10
[Rank 0] time (ms) | fwd: 10.01 | bwd: 14.59 | bwd_inner: 9.24 | bwd_allreduce: 5.32 | step: 10.11
[Rank 0] time (ms) | fwd_microstep: 10.00 | bwd_microstep: 14.66 | bwd_inner_microstep: 9.27 | bwd_allreduce_microstep: 5.36 | step_microstep: 10.08
[Rank 0] time (ms) | fwd: 10.00 | bwd: 14.66 | bwd_inner: 9.27 | bwd_allreduce: 5.36 | step: 10.09
[Rank 0] time (ms) | fwd_microstep: 11.09 | bwd_microstep: 14.55 | bwd_inner_microstep: 9.19 | bwd_allreduce_microstep: 5.33 | step_microstep: 10.08
[Rank 0] time (ms) | fwd: 11.08 | bwd: 14.55 | bwd_inner: 9.19 | bwd_allreduce: 5.33 | step: 10.08
[Rank 0] time (ms) | fwd_microstep: 10.04 | bwd_microstep: 14.55 | bwd_inner_microstep: 9.20 | bwd_allreduce_microstep: 5.32 | step_microstep: 10.09
[Rank 0] time (ms) | fwd: 10.04 | bwd: 14.55 | bwd_inner: 9.20 | bwd_allreduce: 5.32 | step: 10.10
[Rank 0] time (ms) | fwd_microstep: 11.31 | bwd_microstep: 14.59 | bwd_inner_microstep: 9.24 | bwd_allreduce_microstep: 5.32 | step_microstep: 10.10
[Rank 0] time (ms) | fwd: 11.30 | bwd: 14.59 | bwd_inner: 9.24 | bwd_allreduce: 5.32 | step: 10.11
[Rank 0] time (ms) | fwd_microstep: 9.99 | bwd_microstep: 14.56 | bwd_inner_microstep: 9.24 | bwd_allreduce_microstep: 5.29 | step_microstep: 10.11
[Rank 0] time (ms) | fwd: 9.98 | bwd: 14.56 | bwd_inner: 9.24 | bwd_allreduce: 5.29 | step: 10.12
[Rank 0] time (ms) | fwd_microstep: 9.90 | bwd_microstep: 14.57 | bwd_inner_microstep: 9.19 | bwd_allreduce_microstep: 5.35 | step_microstep: 10.10
[Rank 0] time (ms) | fwd: 9.89 | bwd: 14.57 | bwd_inner: 9.19 | bwd_allreduce: 5.35 | step: 10.10
[Rank 0] time (ms) | fwd_microstep: 9.96 | bwd_microstep: 14.57 | bwd_inner_microstep: 9.22 | bwd_allreduce_microstep: 5.32 | step_microstep: 10.37
[Rank 0] time (ms) | fwd: 9.95 | bwd: 14.57 | bwd_inner: 9.22 | bwd_allreduce: 5.32 | step: 10.36
step=20 step_time=0.0376s tok/s=436141.81 mem_alloc=2113196032
[Rank 0] time (ms) | fwd_microstep: 10.08 | bwd_microstep: 14.53 | bwd_inner_microstep: 9.15 | bwd_allreduce_microstep: 5.35 | step_microstep: 10.13
[Rank 0] time (ms) | fwd: 10.07 | bwd: 14.53 | bwd_inner: 9.15 | bwd_allreduce: 5.35 | step: 10.14
[Rank 0] time (ms) | fwd_microstep: 10.89 | bwd_microstep: 14.62 | bwd_inner_microstep: 9.24 | bwd_allreduce_microstep: 5.35 | step_microstep: 10.09
[Rank 0] time (ms) | fwd: 10.88 | bwd: 14.62 | bwd_inner: 9.24 | bwd_allreduce: 5.35 | step: 10.10
[Rank 0] time (ms) | fwd_microstep: 10.01 | bwd_microstep: 14.53 | bwd_inner_microstep: 9.16 | bwd_allreduce_microstep: 5.33 | step_microstep: 10.04
[Rank 0] time (ms) | fwd: 10.00 | bwd: 14.53 | bwd_inner: 9.16 | bwd_allreduce: 5.33 | step: 10.05
[Rank 0] time (ms) | fwd_microstep: 9.91 | bwd_microstep: 14.54 | bwd_inner_microstep: 9.16 | bwd_allreduce_microstep: 5.35 | step_microstep: 10.06
[Rank 0] time (ms) | fwd: 9.90 | bwd: 14.54 | bwd_inner: 9.16 | bwd_allreduce: 5.35 | step: 10.07
[Rank 0] time (ms) | fwd_microstep: 9.99 | bwd_microstep: 14.62 | bwd_inner_microstep: 9.29 | bwd_allreduce_microstep: 5.30 | step_microstep: 10.20
[Rank 0] time (ms) | fwd: 9.98 | bwd: 14.62 | bwd_inner: 9.29 | bwd_allreduce: 5.30 | step: 10.20
[Rank 0] time (ms) | fwd_microstep: 10.36 | bwd_microstep: 14.59 | bwd_inner_microstep: 9.21 | bwd_allreduce_microstep: 5.35 | step_microstep: 10.07
[Rank 0] time (ms) | fwd: 10.35 | bwd: 14.59 | bwd_inner: 9.21 | bwd_allreduce: 5.35 | step: 10.08
[Rank 0] time (ms) | fwd_microstep: 10.05 | bwd_microstep: 14.62 | bwd_inner_microstep: 9.27 | bwd_allreduce_microstep: 5.33 | step_microstep: 10.13
[Rank 0] time (ms) | fwd: 10.04 | bwd: 14.62 | bwd_inner: 9.27 | bwd_allreduce: 5.33 | step: 10.13
[Rank 0] time (ms) | fwd_microstep: 10.01 | bwd_microstep: 14.56 | bwd_inner_microstep: 9.20 | bwd_allreduce_microstep: 5.33 | step_microstep: 10.11
[Rank 0] time (ms) | fwd: 10.00 | bwd: 14.56 | bwd_inner: 9.20 | bwd_allreduce: 5.33 | step: 10.11
[Rank 0] time (ms) | fwd_microstep: 10.98 | bwd_microstep: 14.56 | bwd_inner_microstep: 9.22 | bwd_allreduce_microstep: 5.31 | step_microstep: 10.13
[Rank 0] time (ms) | fwd: 10.97 | bwd: 14.56 | bwd_inner: 9.22 | bwd_allreduce: 5.31 | step: 10.14
[Rank 0] time (ms) | fwd_microstep: 10.13 | bwd_microstep: 14.59 | bwd_inner_microstep: 9.23 | bwd_allreduce_microstep: 5.33 | step_microstep: 10.54
[Rank 0] time (ms) | fwd: 10.13 | bwd: 14.59 | bwd_inner: 9.23 | bwd_allreduce: 5.33 | step: 10.53
step=30 step_time=0.0380s tok/s=431593.42 mem_alloc=2113196032
[Rank 0] time (ms) | fwd_microstep: 10.16 | bwd_microstep: 14.56 | bwd_inner_microstep: 9.22 | bwd_allreduce_microstep: 5.31 | step_microstep: 10.11
[Rank 0] time (ms) | fwd: 10.16 | bwd: 14.56 | bwd_inner: 9.22 | bwd_allreduce: 5.31 | step: 10.12
[Rank 0] time (ms) | fwd_microstep: 10.12 | bwd_microstep: 14.62 | bwd_inner_microstep: 9.25 | bwd_allreduce_microstep: 5.34 | step_microstep: 10.08
[Rank 0] time (ms) | fwd: 10.11 | bwd: 14.62 | bwd_inner: 9.25 | bwd_allreduce: 5.34 | step: 10.08
[Rank 0] time (ms) | fwd_microstep: 10.21 | bwd_microstep: 14.65 | bwd_inner_microstep: 9.25 | bwd_allreduce_microstep: 5.37 | step_microstep: 10.17
[Rank 0] time (ms) | fwd: 10.21 | bwd: 14.65 | bwd_inner: 9.25 | bwd_allreduce: 5.37 | step: 10.18
[Rank 0] time (ms) | fwd_microstep: 10.17 | bwd_microstep: 14.61 | bwd_inner_microstep: 9.22 | bwd_allreduce_microstep: 5.36 | step_microstep: 10.12
[Rank 0] time (ms) | fwd: 10.16 | bwd: 14.61 | bwd_inner: 9.22 | bwd_allreduce: 5.36 | step: 10.12
[Rank 0] time (ms) | fwd_microstep: 10.21 | bwd_microstep: 14.50 | bwd_inner_microstep: 9.18 | bwd_allreduce_microstep: 5.29 | step_microstep: 10.13
[Rank 0] time (ms) | fwd: 10.20 | bwd: 14.50 | bwd_inner: 9.18 | bwd_allreduce: 5.29 | step: 10.14
[Rank 0] time (ms) | fwd_microstep: 11.41 | bwd_microstep: 14.61 | bwd_inner_microstep: 9.24 | bwd_allreduce_microstep: 5.34 | step_microstep: 10.12
[Rank 0] time (ms) | fwd: 11.40 | bwd: 14.61 | bwd_inner: 9.24 | bwd_allreduce: 5.34 | step: 10.14
[Rank 0] time (ms) | fwd_microstep: 10.29 | bwd_microstep: 14.59 | bwd_inner_microstep: 9.27 | bwd_allreduce_microstep: 5.30 | step_microstep: 10.08
[Rank 0] time (ms) | fwd: 10.29 | bwd: 14.59 | bwd_inner: 9.27 | bwd_allreduce: 5.30 | step: 10.09
[Rank 0] time (ms) | fwd_microstep: 10.29 | bwd_microstep: 14.58 | bwd_inner_microstep: 9.22 | bwd_allreduce_microstep: 5.33 | step_microstep: 10.04
[Rank 0] time (ms) | fwd: 10.28 | bwd: 14.58 | bwd_inner: 9.22 | bwd_allreduce: 5.33 | step: 10.05
[Rank 0] time (ms) | fwd_microstep: 10.33 | bwd_microstep: 14.60 | bwd_inner_microstep: 9.23 | bwd_allreduce_microstep: 5.33 | step_microstep: 10.10
[Rank 0] time (ms) | fwd: 10.32 | bwd: 14.60 | bwd_inner: 9.23 | bwd_allreduce: 5.33 | step: 10.10
[Rank 0] time (ms) | fwd_microstep: 10.26 | bwd_microstep: 14.58 | bwd_inner_microstep: 9.23 | bwd_allreduce_microstep: 5.33 | step_microstep: 10.47
[Rank 0] time (ms) | fwd: 10.25 | bwd: 14.58 | bwd_inner: 9.23 | bwd_allreduce: 5.33 | step: 10.46
step=40 step_time=0.0380s tok/s=431342.28 mem_alloc=2113196032
[Rank 0] time (ms) | fwd_microstep: 10.46 | bwd_microstep: 14.59 | bwd_inner_microstep: 9.26 | bwd_allreduce_microstep: 5.30 | step_microstep: 10.14
[Rank 0] time (ms) | fwd: 10.45 | bwd: 14.59 | bwd_inner: 9.26 | bwd_allreduce: 5.31 | step: 10.14
[Rank 0] time (ms) | fwd_microstep: 10.40 | bwd_microstep: 14.58 | bwd_inner_microstep: 9.19 | bwd_allreduce_microstep: 5.35 | step_microstep: 10.05
[Rank 0] time (ms) | fwd: 10.39 | bwd: 14.58 | bwd_inner: 9.19 | bwd_allreduce: 5.35 | step: 10.05
[Rank 0] time (ms) | fwd_microstep: 11.29 | bwd_microstep: 14.53 | bwd_inner_microstep: 9.17 | bwd_allreduce_microstep: 5.33 | step_microstep: 10.15
[Rank 0] time (ms) | fwd: 11.28 | bwd: 14.53 | bwd_inner: 9.17 | bwd_allreduce: 5.33 | step: 10.15
[Rank 0] time (ms) | fwd_microstep: 10.43 | bwd_microstep: 14.48 | bwd_inner_microstep: 9.16 | bwd_allreduce_microstep: 5.29 | step_microstep: 10.08
[Rank 0] time (ms) | fwd: 10.42 | bwd: 14.48 | bwd_inner: 9.16 | bwd_allreduce: 5.29 | step: 10.09
[Rank 0] time (ms) | fwd_microstep: 10.71 | bwd_microstep: 14.70 | bwd_inner_microstep: 9.32 | bwd_allreduce_microstep: 5.34 | step_microstep: 10.17
[Rank 0] time (ms) | fwd: 10.71 | bwd: 14.70 | bwd_inner: 9.33 | bwd_allreduce: 5.34 | step: 10.19
[Rank 0] time (ms) | fwd_microstep: 10.54 | bwd_microstep: 14.55 | bwd_inner_microstep: 9.21 | bwd_allreduce_microstep: 5.31 | step_microstep: 10.21
[Rank 0] time (ms) | fwd: 10.53 | bwd: 14.55 | bwd_inner: 9.21 | bwd_allreduce: 5.31 | step: 10.21
[Rank 0] time (ms) | fwd_microstep: 10.58 | bwd_microstep: 14.58 | bwd_inner_microstep: 9.22 | bwd_allreduce_microstep: 5.32 | step_microstep: 10.09
[Rank 0] time (ms) | fwd: 10.57 | bwd: 14.58 | bwd_inner: 9.22 | bwd_allreduce: 5.32 | step: 10.10
[Rank 0] time (ms) | fwd_microstep: 10.51 | bwd_microstep: 14.56 | bwd_inner_microstep: 9.22 | bwd_allreduce_microstep: 5.31 | step_microstep: 10.15
[Rank 0] time (ms) | fwd: 10.51 | bwd: 14.56 | bwd_inner: 9.22 | bwd_allreduce: 5.31 | step: 10.15
[Rank 0] time (ms) | fwd_microstep: 10.68 | bwd_microstep: 14.51 | bwd_inner_microstep: 9.14 | bwd_allreduce_microstep: 5.34 | step_microstep: 10.13
[Rank 0] time (ms) | fwd: 10.67 | bwd: 14.51 | bwd_inner: 9.14 | bwd_allreduce: 5.34 | step: 10.14
[Rank 0] time (ms) | fwd_microstep: 12.04 | bwd_microstep: 14.56 | bwd_inner_microstep: 9.20 | bwd_allreduce_microstep: 5.33 | step_microstep: 10.39
[Rank 0] time (ms) | fwd: 12.03 | bwd: 14.56 | bwd_inner: 9.20 | bwd_allreduce: 5.33 | step: 10.39
step=50 step_time=0.0397s tok/s=412807.77 mem_alloc=2113196032
