nid005197:36459:36888 [7] NCCL INFO Channel 23/32 :    0
nid005197:36459:36888 [7] NCCL INFO Channel 24/32 :    0
nid005197:36459:36888 [7] NCCL INFO Channel 25/32 :    0
nid005197:36459:36888 [7] NCCL INFO Channel 26/32 :    0
nid005197:36459:36888 [7] NCCL INFO Channel 27/32 :    0
nid005197:36459:36888 [7] NCCL INFO Channel 28/32 :    0
nid005197:36459:36888 [7] NCCL INFO Channel 29/32 :    0
nid005197:36459:36888 [7] NCCL INFO Channel 30/32 :    0
nid005197:36459:36888 [7] NCCL INFO Channel 31/32 :    0
nid005197:36459:36888 [7] NCCL INFO Trees [0] -1/-1/-1->0->-1 [1] -1/-1/-1->0->-1 [2] -1/-1/-1->0->-1 [3] -1/-1/-1->0->-1 [4] -1/-1/-1->0->-1 [5] -1/-1/-1->0->-1 [6] -1/-1/-1->0->-1 [7] -1/-1/-1->0->-1 [8] -1/-1/-1->0->-1 [9] -1/-1/-1->0->-1 [10] -1/-1/-1->0->-1 [11] -1/-1/-1->0->-1 [12] -1/-1/-1->0->-1 [13] -1/-1/-1->0->-1 [14] -1/-1/-1->0->-1 [15] -1/-1/-1->0->-1 [16] -1/-1/-1->0->-1 [17] -1/-1/-1->0->-1 [18] -1/-1/-1->0->-1 [19] -1/-1/-1->0->-1 [20] -1/-1/-1->0->-1 [21] -1/-1/-1->0->-1 [22] -1/-1/-1->0->-1 [23] -1/-1/-1->0->-1 [24] -1/-1/-1->0->-1 [25] -1/-1/-1->0->-1 [26] -1/-1/-1->0->-1 [27] -1/-1/-1->0->-1 [28] -1/-1/-1->0->-1 [29] -1/-1/-1->0->-1 [30] -1/-1/-1->0->-1 [31] -1/-1/-1->0->-1 comm 0x153a95544010 nRanks 01 busId de000
nid005197:36459:36888 [7] NCCL INFO P2P Chunksize set to 131072
nid005197:36458:36890 [6] NCCL INFO Setting affinity for GPU 6 to fefe,00000000,0000fefe,00000000
nid005197:36453:36889 [1] NCCL INFO ncclCommInitRank comm 0x151f3024a010 rank 0 nranks 1 cudaDev 1 nvmlDev 1 busId c6000 commId 0x3b4d2db17440b919 localSize 272 used 538182848 bytes on core 113 - Init COMPLETE
nid005197:36453:36889 [1] NCCL INFO Init timings: rank 0 nranks 1 total 0.13 (kernels 0.00, bootstrap 0.03, allgathers 0.00, topo 0.09, graphs 0.00, connections 0.01, rest 0.00)
nid005197:36452:36886 [0] NCCL INFO ncclCommInitRank comm 0x1484d8a4a010 rank 0 nranks 1 cudaDev 0 nvmlDev 0 busId c1000 commId 0x338e010419098e57 localSize 272 used 471073984 bytes on core 114 - Init COMPLETE
nid005197:36452:36886 [0] NCCL INFO Init timings: rank 0 nranks 1 total 0.13 (kernels 0.00, bootstrap 0.03, allgathers 0.00, topo 0.09, graphs 0.00, connections 0.01, rest 0.00)
nid005197:36457:36891 [5] NCCL INFO 32 coll channels, 32 collnet channels, 0 nvls channels, 32 p2p channels, 32 p2p channels per peer
nid005197:36457:36891 [5] NCCL INFO CC Off, Multi-GPU CC Off, workFifoBytes 1048576
nid005197:36454:36887 [2] NCCL INFO ncclCommInitRank comm 0x145ba404a010 rank 0 nranks 1 cudaDev 2 nvmlDev 2 busId c9000 commId 0xe39f5a39bb8494c2 localSize 272 used 504628416 bytes on core 82 - Init COMPLETE
nid005197:36454:36887 [2] NCCL INFO Init timings: rank 0 nranks 1 total 0.13 (kernels 0.00, bootstrap 0.03, allgathers 0.00, topo 0.09, graphs 0.00, connections 0.01, rest 0.00)
nid005197:36458:36890 [6] NCCL INFO comm 0x153016944010 rank 0 nRanks 1 nNodes 1 localRanks 1 localRank 0 MNNVL 0
nid005197:36458:36890 [6] NCCL INFO Channel 00/32 :    0
nid005197:36458:36890 [6] NCCL INFO Channel 01/32 :    0
nid005197:36458:36890 [6] NCCL INFO Channel 02/32 :    0
nid005197:36458:36890 [6] NCCL INFO Channel 03/32 :    0
nid005197:36458:36890 [6] NCCL INFO Channel 04/32 :    0
nid005197:36458:36890 [6] NCCL INFO Channel 05/32 :    0
nid005197:36458:36890 [6] NCCL INFO Channel 06/32 :    0
nid005197:36458:36890 [6] NCCL INFO Channel 07/32 :    0
nid005197:36458:36890 [6] NCCL INFO Channel 08/32 :    0
nid005197:36458:36890 [6] NCCL INFO Channel 09/32 :    0
nid005197:36458:36890 [6] NCCL INFO Channel 10/32 :    0
nid005197:36458:36890 [6] NCCL INFO Channel 11/32 :    0
nid005197:36458:36890 [6] NCCL INFO Channel 12/32 :    0
nid005197:36458:36890 [6] NCCL INFO Channel 13/32 :    0
nid005197:36458:36890 [6] NCCL INFO Channel 14/32 :    0
nid005197:36458:36890 [6] NCCL INFO Channel 15/32 :    0
nid005197:36458:36890 [6] NCCL INFO Channel 16/32 :    0
nid005197:36458:36890 [6] NCCL INFO Channel 17/32 :    0
nid005197:36458:36890 [6] NCCL INFO Channel 18/32 :    0
nid005197:36458:36890 [6] NCCL INFO Channel 19/32 :    0
nid005197:36458:36890 [6] NCCL INFO Channel 20/32 :    0
nid005197:36458:36890 [6] NCCL INFO Channel 21/32 :    0
nid005197:36458:36890 [6] NCCL INFO Channel 22/32 :    0
nid005197:36458:36890 [6] NCCL INFO Channel 23/32 :    0
nid005197:36458:36890 [6] NCCL INFO Channel 24/32 :    0
nid005197:36458:36890 [6] NCCL INFO Channel 25/32 :    0
nid005197:36458:36890 [6] NCCL INFO Channel 26/32 :    0
nid005197:36458:36890 [6] NCCL INFO Channel 27/32 :    0
nid005197:36458:36890 [6] NCCL INFO Channel 28/32 :    0
nid005197:36458:36890 [6] NCCL INFO Channel 29/32 :    0
nid005197:36458:36890 [6] NCCL INFO Channel 30/32 :    0
nid005197:36458:36890 [6] NCCL INFO Channel 31/32 :    0
nid005197:36458:36890 [6] NCCL INFO Trees [0] -1/-1/-1->0->-1 [1] -1/-1/-1->0->-1 [2] -1/-1/-1->0->-1 [3] -1/-1/-1->0->-1 [4] -1/-1/-1->0->-1 [5] -1/-1/-1->0->-1 [6] -1/-1/-1->0->-1 [7] -1/-1/-1->0->-1 [8] -1/-1/-1->0->-1 [9] -1/-1/-1->0->-1 [10] -1/-1/-1->0->-1 [11] -1/-1/-1->0->-1 [12] -1/-1/-1->0->-1 [13] -1/-1/-1->0->-1 [14] -1/-1/-1->0->-1 [15] -1/-1/-1->0->-1 [16] -1/-1/-1->0->-1 [17] -1/-1/-1->0->-1 [18] -1/-1/-1->0->-1 [19] -1/-1/-1->0->-1 [20] -1/-1/-1->0->-1 [21] -1/-1/-1->0->-1 [22] -1/-1/-1->0->-1 [23] -1/-1/-1->0->-1 [24] -1/-1/-1->0->-1 [25] -1/-1/-1->0->-1 [26] -1/-1/-1->0->-1 [27] -1/-1/-1->0->-1 [28] -1/-1/-1->0->-1 [29] -1/-1/-1->0->-1 [30] -1/-1/-1->0->-1 [31] -1/-1/-1->0->-1 comm 0x153016944010 nRanks 01 busId d9000
nid005197:36458:36890 [6] NCCL INFO P2P Chunksize set to 131072
nid005197:36457:36891 [5] NCCL INFO ncclCommInitRank comm 0x15089de4a010 rank 0 nranks 1 cudaDev 5 nvmlDev 5 busId d6000 commId 0x95a8c7cf015187a6 localSize 272 used 538182848 bytes on core 65 - Init COMPLETE
nid005197:36457:36891 [5] NCCL INFO Init timings: rank 0 nranks 1 total 0.13 (kernels 0.00, bootstrap 0.03, allgathers 0.00, topo 0.09, graphs 0.00, connections 0.01, rest 0.00)
nid005197:36456:36881 [4] NCCL INFO 32 coll channels, 32 collnet channels, 0 nvls channels, 32 p2p channels, 32 p2p channels per peer
nid005197:36456:36881 [4] NCCL INFO CC Off, Multi-GPU CC Off, workFifoBytes 1048576
nid005197:36456:36881 [4] NCCL INFO ncclCommInitRank comm 0x14dd0b544010 rank 0 nranks 1 cudaDev 4 nvmlDev 4 busId d1000 commId 0xf8e96b3c432899d5 localSize 272 used 538182848 bytes on core 66 - Init COMPLETE
nid005197:36456:36881 [4] NCCL INFO Init timings: rank 0 nranks 1 total 0.14 (kernels 0.00, bootstrap 0.03, allgathers 0.00, topo 0.10, graphs 0.00, connections 0.01, rest 0.00)
nid005197:36455:36892 [3] NCCL INFO 32 coll channels, 32 collnet channels, 0 nvls channels, 32 p2p channels, 32 p2p channels per peer
nid005197:36455:36892 [3] NCCL INFO CC Off, Multi-GPU CC Off, workFifoBytes 1048576
nid005197:36455:36892 [3] NCCL INFO ncclCommInitRank comm 0x14dc55b44010 rank 0 nranks 1 cudaDev 3 nvmlDev 3 busId ce000 commId 0x39bc53a39795143b localSize 272 used 538182848 bytes on core 17 - Init COMPLETE
nid005197:36455:36892 [3] NCCL INFO Init timings: rank 0 nranks 1 total 0.14 (kernels 0.00, bootstrap 0.03, allgathers 0.00, topo 0.10, graphs 0.00, connections 0.01, rest 0.00)
nid005197:36459:36888 [7] NCCL INFO 32 coll channels, 32 collnet channels, 0 nvls channels, 32 p2p channels, 32 p2p channels per peer
nid005197:36459:36888 [7] NCCL INFO CC Off, Multi-GPU CC Off, workFifoBytes 1048576
nid005197:36458:36890 [6] NCCL INFO 32 coll channels, 32 collnet channels, 0 nvls channels, 32 p2p channels, 32 p2p channels per peer
nid005197:36458:36890 [6] NCCL INFO CC Off, Multi-GPU CC Off, workFifoBytes 1048576
nid005197:36459:36888 [7] NCCL INFO ncclCommInitRank comm 0x153a95544010 rank 0 nranks 1 cudaDev 7 nvmlDev 7 busId de000 commId 0xceef8e8b89fcb0d2 localSize 272 used 538182848 bytes on core 36 - Init COMPLETE
nid005197:36459:36888 [7] NCCL INFO Init timings: rank 0 nranks 1 total 0.14 (kernels 0.00, bootstrap 0.03, allgathers 0.00, topo 0.10, graphs 0.00, connections 0.01, rest 0.00)
nid005197:36458:36890 [6] NCCL INFO ncclCommInitRank comm 0x153016944010 rank 0 nranks 1 cudaDev 6 nvmlDev 6 busId d9000 commId 0xc2029ba85e686cfc localSize 272 used 504628416 bytes on core 33 - Init COMPLETE
nid005197:36458:36890 [6] NCCL INFO Init timings: rank 0 nranks 1 total 0.14 (kernels 0.00, bootstrap 0.03, allgathers 0.00, topo 0.10, graphs 0.00, connections 0.01, rest 0.00)
{"rank": 2, "world_size": 8, "deepspeed_ep_size": 8, "deepspeed_mapping_enabled": false, "deepspeed_mapping_apply_mode": "ep_layout_only_no_custom_startup_map", "deepspeed_rebalance_mode": "save_next_requires_restart", "deepspeed_allow_rebuild_on_rebalance": false, "deepspeed_startup_map_apply_reason": "applied_default_deepspeed_ep_layout", "deepspeed_initial_map_path": null, "deepspeed_startup_map_projected": false, "expert_to_gpu_map_active_startup": [0, 0, 0, 0, 1, 1, 1, 1, 2, 2, 2, 2, 3, 3, 3, 3, 4, 4, 4, 4, 5, 5, 5, 5, 6, 6, 6, 6, 7, 7, 7, 7], "local_expert_ids_active_startup": [8, 9, 10, 11], "num_local_experts_active_startup": 4, "rank_local_expert_count_startup": 4, "global_to_local_expert_index_startup": {"8": 0, "9": 1, "10": 2, "11": 3}, "deepspeed_internal_to_global_expert_ids_startup": [0, 1, 2, 3, 4, 5, 6, 7, 8, 9, 10, 11, 12, 13, 14, 15, 16, 17, 18, 19, 20, 21, 22, 23, 24, 25, 26, 27, 28, 29, 30, 31], "deepspeed_global_to_internal_expert_ids_startup": [0, 1, 2, 3, 4, 5, 6, 7, 8, 9, 10, 11, 12, 13, 14, 15, 16, 17, 18, 19, 20, 21, 22, 23, 24, 25, 26, 27, 28, 29, 30, 31]}
{"rank": 7, "world_size": 8, "deepspeed_ep_size": 8, "deepspeed_mapping_enabled": false, "deepspeed_mapping_apply_mode": "ep_layout_only_no_custom_startup_map", "deepspeed_rebalance_mode": "save_next_requires_restart", "deepspeed_allow_rebuild_on_rebalance": false, "deepspeed_startup_map_apply_reason": "applied_default_deepspeed_ep_layout", "deepspeed_initial_map_path": null, "deepspeed_startup_map_projected": false, "expert_to_gpu_map_active_startup": [0, 0, 0, 0, 1, 1, 1, 1, 2, 2, 2, 2, 3, 3, 3, 3, 4, 4, 4, 4, 5, 5, 5, 5, 6, 6, 6, 6, 7, 7, 7, 7], "local_expert_ids_active_startup": [28, 29, 30, 31], "num_local_experts_active_startup": 4, "rank_local_expert_count_startup": 4, "global_to_local_expert_index_startup": {"28": 0, "29": 1, "30": 2, "31": 3}, "deepspeed_internal_to_global_expert_ids_startup": [0, 1, 2, 3, 4, 5, 6, 7, 8, 9, 10, 11, 12, 13, 14, 15, 16, 17, 18, 19, 20, 21, 22, 23, 24, 25, 26, 27, 28, 29, 30, 31], "deepspeed_global_to_internal_expert_ids_startup": [0, 1, 2, 3, 4, 5, 6, 7, 8, 9, 10, 11, 12, 13, 14, 15, 16, 17, 18, 19, 20, 21, 22, 23, 24, 25, 26, 27, 28, 29, 30, 31]}
{"rank": 4, "world_size": 8, "deepspeed_ep_size": 8, "deepspeed_mapping_enabled": false, "deepspeed_mapping_apply_mode": "ep_layout_only_no_custom_startup_map", "deepspeed_rebalance_mode": "save_next_requires_restart", "deepspeed_allow_rebuild_on_rebalance": false, "deepspeed_startup_map_apply_reason": "applied_default_deepspeed_ep_layout", "deepspeed_initial_map_path": null, "deepspeed_startup_map_projected": false, "expert_to_gpu_map_active_startup": [0, 0, 0, 0, 1, 1, 1, 1, 2, 2, 2, 2, 3, 3, 3, 3, 4, 4, 4, 4, 5, 5, 5, 5, 6, 6, 6, 6, 7, 7, 7, 7], "local_expert_ids_active_startup": [16, 17, 18, 19], "num_local_experts_active_startup": 4, "rank_local_expert_count_startup": 4, "global_to_local_expert_index_startup": {"16": 0, "17": 1, "18": 2, "19": 3}, "deepspeed_internal_to_global_expert_ids_startup": [0, 1, 2, 3, 4, 5, 6, 7, 8, 9, 10, 11, 12, 13, 14, 15, 16, 17, 18, 19, 20, 21, 22, 23, 24, 25, 26, 27, 28, 29, 30, 31], "deepspeed_global_to_internal_expert_ids_startup": [0, 1, 2, 3, 4, 5, 6, 7, 8, 9, 10, 11, 12, 13, 14, 15, 16, 17, 18, 19, 20, 21, 22, 23, 24, 25, 26, 27, 28, 29, 30, 31]}
{"rank": 1, "world_size": 8, "deepspeed_ep_size": 8, "deepspeed_mapping_enabled": false, "deepspeed_mapping_apply_mode": "ep_layout_only_no_custom_startup_map", "deepspeed_rebalance_mode": "save_next_requires_restart", "deepspeed_allow_rebuild_on_rebalance": false, "deepspeed_startup_map_apply_reason": "applied_default_deepspeed_ep_layout", "deepspeed_initial_map_path": null, "deepspeed_startup_map_projected": false, "expert_to_gpu_map_active_startup": [0, 0, 0, 0, 1, 1, 1, 1, 2, 2, 2, 2, 3, 3, 3, 3, 4, 4, 4, 4, 5, 5, 5, 5, 6, 6, 6, 6, 7, 7, 7, 7], "local_expert_ids_active_startup": [4, 5, 6, 7], "num_local_experts_active_startup": 4, "rank_local_expert_count_startup": 4, "global_to_local_expert_index_startup": {"4": 0, "5": 1, "6": 2, "7": 3}, "deepspeed_internal_to_global_expert_ids_startup": [0, 1, 2, 3, 4, 5, 6, 7, 8, 9, 10, 11, 12, 13, 14, 15, 16, 17, 18, 19, 20, 21, 22, 23, 24, 25, 26, 27, 28, 29, 30, 31], "deepspeed_global_to_internal_expert_ids_startup": [0, 1, 2, 3, 4, 5, 6, 7, 8, 9, 10, 11, 12, 13, 14, 15, 16, 17, 18, 19, 20, 21, 22, 23, 24, 25, 26, 27, 28, 29, 30, 31]}
Running with DeepSpeed MoE backend
{"rank": 0, "world_size": 8, "deepspeed_ep_size": 8, "deepspeed_mapping_enabled": false, "deepspeed_mapping_apply_mode": "ep_layout_only_no_custom_startup_map", "deepspeed_rebalance_mode": "save_next_requires_restart", "deepspeed_allow_rebuild_on_rebalance": false, "deepspeed_startup_map_apply_reason": "applied_default_deepspeed_ep_layout", "deepspeed_initial_map_path": null, "deepspeed_startup_map_projected": false, "expert_to_gpu_map_active_startup": [0, 0, 0, 0, 1, 1, 1, 1, 2, 2, 2, 2, 3, 3, 3, 3, 4, 4, 4, 4, 5, 5, 5, 5, 6, 6, 6, 6, 7, 7, 7, 7], "local_expert_ids_active_startup": [0, 1, 2, 3], "num_local_experts_active_startup": 4, "rank_local_expert_count_startup": 4, "global_to_local_expert_index_startup": {"0": 0, "1": 1, "2": 2, "3": 3}, "deepspeed_internal_to_global_expert_ids_startup": [0, 1, 2, 3, 4, 5, 6, 7, 8, 9, 10, 11, 12, 13, 14, 15, 16, 17, 18, 19, 20, 21, 22, 23, 24, 25, 26, 27, 28, 29, 30, 31], "deepspeed_global_to_internal_expert_ids_startup": [0, 1, 2, 3, 4, 5, 6, 7, 8, 9, 10, 11, 12, 13, 14, 15, 16, 17, 18, 19, 20, 21, 22, 23, 24, 25, 26, 27, 28, 29, 30, 31]}
[CostModel] phase1_1gpu.jsonl not found, using fallback metrics
{"rank": 6, "world_size": 8, "deepspeed_ep_size": 8, "deepspeed_mapping_enabled": false, "deepspeed_mapping_apply_mode": "ep_layout_only_no_custom_startup_map", "deepspeed_rebalance_mode": "save_next_requires_restart", "deepspeed_allow_rebuild_on_rebalance": false, "deepspeed_startup_map_apply_reason": "applied_default_deepspeed_ep_layout", "deepspeed_initial_map_path": null, "deepspeed_startup_map_projected": false, "expert_to_gpu_map_active_startup": [0, 0, 0, 0, 1, 1, 1, 1, 2, 2, 2, 2, 3, 3, 3, 3, 4, 4, 4, 4, 5, 5, 5, 5, 6, 6, 6, 6, 7, 7, 7, 7], "local_expert_ids_active_startup": [24, 25, 26, 27], "num_local_experts_active_startup": 4, "rank_local_expert_count_startup": 4, "global_to_local_expert_index_startup": {"24": 0, "25": 1, "26": 2, "27": 3}, "deepspeed_internal_to_global_expert_ids_startup": [0, 1, 2, 3, 4, 5, 6, 7, 8, 9, 10, 11, 12, 13, 14, 15, 16, 17, 18, 19, 20, 21, 22, 23, 24, 25, 26, 27, 28, 29, 30, 31], "deepspeed_global_to_internal_expert_ids_startup": [0, 1, 2, 3, 4, 5, 6, 7, 8, 9, 10, 11, 12, 13, 14, 15, 16, 17, 18, 19, 20, 21, 22, 23, 24, 25, 26, 27, 28, 29, 30, 31]}
{"rank": 5, "world_size": 8, "deepspeed_ep_size": 8, "deepspeed_mapping_enabled": false, "deepspeed_mapping_apply_mode": "ep_layout_only_no_custom_startup_map", "deepspeed_rebalance_mode": "save_next_requires_restart", "deepspeed_allow_rebuild_on_rebalance": false, "deepspeed_startup_map_apply_reason": "applied_default_deepspeed_ep_layout", "deepspeed_initial_map_path": null, "deepspeed_startup_map_projected": false, "expert_to_gpu_map_active_startup": [0, 0, 0, 0, 1, 1, 1, 1, 2, 2, 2, 2, 3, 3, 3, 3, 4, 4, 4, 4, 5, 5, 5, 5, 6, 6, 6, 6, 7, 7, 7, 7], "local_expert_ids_active_startup": [20, 21, 22, 23], "num_local_experts_active_startup": 4, "rank_local_expert_count_startup": 4, "global_to_local_expert_index_startup": {"20": 0, "21": 1, "22": 2, "23": 3}, "deepspeed_internal_to_global_expert_ids_startup": [0, 1, 2, 3, 4, 5, 6, 7, 8, 9, 10, 11, 12, 13, 14, 15, 16, 17, 18, 19, 20, 21, 22, 23, 24, 25, 26, 27, 28, 29, 30, 31], "deepspeed_global_to_internal_expert_ids_startup": [0, 1, 2, 3, 4, 5, 6, 7, 8, 9, 10, 11, 12, 13, 14, 15, 16, 17, 18, 19, 20, 21, 22, 23, 24, 25, 26, 27, 28, 29, 30, 31]}
{"rank": 3, "world_size": 8, "deepspeed_ep_size": 8, "deepspeed_mapping_enabled": false, "deepspeed_mapping_apply_mode": "ep_layout_only_no_custom_startup_map", "deepspeed_rebalance_mode": "save_next_requires_restart", "deepspeed_allow_rebuild_on_rebalance": false, "deepspeed_startup_map_apply_reason": "applied_default_deepspeed_ep_layout", "deepspeed_initial_map_path": null, "deepspeed_startup_map_projected": false, "expert_to_gpu_map_active_startup": [0, 0, 0, 0, 1, 1, 1, 1, 2, 2, 2, 2, 3, 3, 3, 3, 4, 4, 4, 4, 5, 5, 5, 5, 6, 6, 6, 6, 7, 7, 7, 7], "local_expert_ids_active_startup": [12, 13, 14, 15], "num_local_experts_active_startup": 4, "rank_local_expert_count_startup": 4, "global_to_local_expert_index_startup": {"12": 0, "13": 1, "14": 2, "15": 3}, "deepspeed_internal_to_global_expert_ids_startup": [0, 1, 2, 3, 4, 5, 6, 7, 8, 9, 10, 11, 12, 13, 14, 15, 16, 17, 18, 19, 20, 21, 22, 23, 24, 25, 26, 27, 28, 29, 30, 31], "deepspeed_global_to_internal_expert_ids_startup": [0, 1, 2, 3, 4, 5, 6, 7, 8, 9, 10, 11, 12, 13, 14, 15, 16, 17, 18, 19, 20, 21, 22, 23, 24, 25, 26, 27, 28, 29, 30, 31]}
nid005197:36452:36452 [0] NCCL INFO Kernel version: 6.4.0-150600.23.73_15.0.14-cray_shasta_c
nid005197:36452:36452 [0] NCCL INFO Kernel version: 6.4.0-150600.23.73_15.0.14-cray_shasta_c
nid005197:36452:36452 [0] NCCL INFO Comm config Blocking set to 1
nid005197:36456:36456 [4] NCCL INFO Kernel version: 6.4.0-150600.23.73_15.0.14-cray_shasta_c
nid005197:36459:36459 [7] NCCL INFO Kernel version: 6.4.0-150600.23.73_15.0.14-cray_shasta_c
nid005197:36454:36454 [2] NCCL INFO Kernel version: 6.4.0-150600.23.73_15.0.14-cray_shasta_c
nid005197:36452:36918 [0] NCCL INFO Using network Socket
nid005197:36454:36454 [2] NCCL INFO Comm config Blocking set to 1
nid005197:36456:36456 [4] NCCL INFO Comm config Blocking set to 1
nid005197:36459:36459 [7] NCCL INFO Comm config Blocking set to 1
nid005197:36459:36920 [7] NCCL INFO Using network Socket
nid005197:36456:36919 [4] NCCL INFO Using network Socket
nid005197:36454:36921 [2] NCCL INFO Using network Socket
nid005197:36457:36457 [5] NCCL INFO Kernel version: 6.4.0-150600.23.73_15.0.14-cray_shasta_c
nid005197:36457:36457 [5] NCCL INFO Comm config Blocking set to 1
nid005197:36457:36922 [5] NCCL INFO Using network Socket
nid005197:36452:36918 [0] NCCL INFO [node_id = 4; gpu_id = 63582; unique_id = 652453718094078692; location_id = 49408; bdf = 49408; domain = 0; partition = 0], 
nid005197:36452:36918 [0] NCCL INFO [node_id = 5; gpu_id = 51740; unique_id = 3025299319970004801; location_id = 50688; bdf = 50688; domain = 0; partition = 0], 
nid005197:36452:36918 [0] NCCL INFO [node_id = 7; gpu_id = 3099; unique_id = 5673614210356227553; location_id = 52736; bdf = 52736; domain = 0; partition = 0], 
nid005197:36452:36918 [0] NCCL INFO [node_id = 9; gpu_id = 1553; unique_id = 8096516996330644798; location_id = 54784; bdf = 54784; domain = 0; partition = 0], 
nid005197:36452:36918 [0] NCCL INFO [node_id = 6; gpu_id = 15961; unique_id = 8326882890176744448; location_id = 51456; bdf = 51456; domain = 0; partition = 0], 
nid005197:36452:36918 [0] NCCL INFO [node_id = 8; gpu_id = 13395; unique_id = 10586071455954641410; location_id = 53504; bdf = 53504; domain = 0; partition = 0], 
nid005197:36452:36918 [0] NCCL INFO [node_id = 11; gpu_id = 49174; unique_id = 12536539307626421296; location_id = 56832; bdf = 56832; domain = 0; partition = 0], 
nid005197:36452:36918 [0] NCCL INFO [node_id = 10; gpu_id = 62036; unique_id = 18035367739338046531; location_id = 55552; bdf = 55552; domain = 0; partition = 0], 
nid005197:36453:36453 [1] NCCL INFO Kernel version: 6.4.0-150600.23.73_15.0.14-cray_shasta_c
nid005197:36453:36453 [1] NCCL INFO Comm config Blocking set to 1
nid005197:36453:36923 [1] NCCL INFO Using network Socket
nid005197:36456:36919 [4] NCCL INFO [node_id = 4; gpu_id = 63582; unique_id = 652453718094078692; location_id = 49408; bdf = 49408; domain = 0; partition = 0], 
nid005197:36456:36919 [4] NCCL INFO [node_id = 5; gpu_id = 51740; unique_id = 3025299319970004801; location_id = 50688; bdf = 50688; domain = 0; partition = 0], 
nid005197:36456:36919 [4] NCCL INFO [node_id = 7; gpu_id = 3099; unique_id = 5673614210356227553; location_id = 52736; bdf = 52736; domain = 0; partition = 0], 
nid005197:36456:36919 [4] NCCL INFO [node_id = 9; gpu_id = 1553; unique_id = 8096516996330644798; location_id = 54784; bdf = 54784; domain = 0; partition = 0], 
nid005197:36456:36919 [4] NCCL INFO [node_id = 6; gpu_id = 15961; unique_id = 8326882890176744448; location_id = 51456; bdf = 51456; domain = 0; partition = 0], 
nid005197:36456:36919 [4] NCCL INFO [node_id = 8; gpu_id = 13395; unique_id = 10586071455954641410; location_id = 53504; bdf = 53504; domain = 0; partition = 0], 
nid005197:36456:36919 [4] NCCL INFO [node_id = 11; gpu_id = 49174; unique_id = 12536539307626421296; location_id = 56832; bdf = 56832; domain = 0; partition = 0], 
nid005197:36456:36919 [4] NCCL INFO [node_id = 10; gpu_id = 62036; unique_id = 18035367739338046531; location_id = 55552; bdf = 55552; domain = 0; partition = 0], 
nid005197:36454:36921 [2] NCCL INFO [node_id = 4; gpu_id = 63582; unique_id = 652453718094078692; location_id = 49408; bdf = 49408; domain = 0; partition = 0], 
nid005197:36459:36920 [7] NCCL INFO [node_id = 4; gpu_id = 63582; unique_id = 652453718094078692; location_id = 49408; bdf = 49408; domain = 0; partition = 0], 
nid005197:36454:36921 [2] NCCL INFO [node_id = 5; gpu_id = 51740; unique_id = 3025299319970004801; location_id = 50688; bdf = 50688; domain = 0; partition = 0], 
nid005197:36459:36920 [7] NCCL INFO [node_id = 5; gpu_id = 51740; unique_id = 3025299319970004801; location_id = 50688; bdf = 50688; domain = 0; partition = 0], 
nid005197:36454:36921 [2] NCCL INFO [node_id = 7; gpu_id = 3099; unique_id = 5673614210356227553; location_id = 52736; bdf = 52736; domain = 0; partition = 0], 
nid005197:36459:36920 [7] NCCL INFO [node_id = 7; gpu_id = 3099; unique_id = 5673614210356227553; location_id = 52736; bdf = 52736; domain = 0; partition = 0], 
nid005197:36454:36921 [2] NCCL INFO [node_id = 9; gpu_id = 1553; unique_id = 8096516996330644798; location_id = 54784; bdf = 54784; domain = 0; partition = 0], 
nid005197:36459:36920 [7] NCCL INFO [node_id = 9; gpu_id = 1553; unique_id = 8096516996330644798; location_id = 54784; bdf = 54784; domain = 0; partition = 0], 
nid005197:36454:36921 [2] NCCL INFO [node_id = 6; gpu_id = 15961; unique_id = 8326882890176744448; location_id = 51456; bdf = 51456; domain = 0; partition = 0], 
nid005197:36459:36920 [7] NCCL INFO [node_id = 6; gpu_id = 15961; unique_id = 8326882890176744448; location_id = 51456; bdf = 51456; domain = 0; partition = 0], 
nid005197:36454:36921 [2] NCCL INFO [node_id = 8; gpu_id = 13395; unique_id = 10586071455954641410; location_id = 53504; bdf = 53504; domain = 0; partition = 0], 
nid005197:36459:36920 [7] NCCL INFO [node_id = 8; gpu_id = 13395; unique_id = 10586071455954641410; location_id = 53504; bdf = 53504; domain = 0; partition = 0], 
nid005197:36454:36921 [2] NCCL INFO [node_id = 11; gpu_id = 49174; unique_id = 12536539307626421296; location_id = 56832; bdf = 56832; domain = 0; partition = 0], 
nid005197:36459:36920 [7] NCCL INFO [node_id = 11; gpu_id = 49174; unique_id = 12536539307626421296; location_id = 56832; bdf = 56832; domain = 0; partition = 0], 
nid005197:36454:36921 [2] NCCL INFO [node_id = 10; gpu_id = 62036; unique_id = 18035367739338046531; location_id = 55552; bdf = 55552; domain = 0; partition = 0], 
nid005197:36459:36920 [7] NCCL INFO [node_id = 10; gpu_id = 62036; unique_id = 18035367739338046531; location_id = 55552; bdf = 55552; domain = 0; partition = 0], 
nid005197:36457:36922 [5] NCCL INFO [node_id = 4; gpu_id = 63582; unique_id = 652453718094078692; location_id = 49408; bdf = 49408; domain = 0; partition = 0], 
nid005197:36457:36922 [5] NCCL INFO [node_id = 5; gpu_id = 51740; unique_id = 3025299319970004801; location_id = 50688; bdf = 50688; domain = 0; partition = 0], 
nid005197:36457:36922 [5] NCCL INFO [node_id = 7; gpu_id = 3099; unique_id = 5673614210356227553; location_id = 52736; bdf = 52736; domain = 0; partition = 0], 
nid005197:36457:36922 [5] NCCL INFO [node_id = 9; gpu_id = 1553; unique_id = 8096516996330644798; location_id = 54784; bdf = 54784; domain = 0; partition = 0], 
nid005197:36457:36922 [5] NCCL INFO [node_id = 6; gpu_id = 15961; unique_id = 8326882890176744448; location_id = 51456; bdf = 51456; domain = 0; partition = 0], 
nid005197:36457:36922 [5] NCCL INFO [node_id = 8; gpu_id = 13395; unique_id = 10586071455954641410; location_id = 53504; bdf = 53504; domain = 0; partition = 0], 
nid005197:36457:36922 [5] NCCL INFO [node_id = 11; gpu_id = 49174; unique_id = 12536539307626421296; location_id = 56832; bdf = 56832; domain = 0; partition = 0], 
nid005197:36457:36922 [5] NCCL INFO [node_id = 10; gpu_id = 62036; unique_id = 18035367739338046531; location_id = 55552; bdf = 55552; domain = 0; partition = 0], 
nid005197:36453:36923 [1] NCCL INFO [node_id = 4; gpu_id = 63582; unique_id = 652453718094078692; location_id = 49408; bdf = 49408; domain = 0; partition = 0], 
nid005197:36453:36923 [1] NCCL INFO [node_id = 5; gpu_id = 51740; unique_id = 3025299319970004801; location_id = 50688; bdf = 50688; domain = 0; partition = 0], 
nid005197:36453:36923 [1] NCCL INFO [node_id = 7; gpu_id = 3099; unique_id = 5673614210356227553; location_id = 52736; bdf = 52736; domain = 0; partition = 0], 
nid005197:36453:36923 [1] NCCL INFO [node_id = 9; gpu_id = 1553; unique_id = 8096516996330644798; location_id = 54784; bdf = 54784; domain = 0; partition = 0], 
nid005197:36453:36923 [1] NCCL INFO [node_id = 6; gpu_id = 15961; unique_id = 8326882890176744448; location_id = 51456; bdf = 51456; domain = 0; partition = 0], 
nid005197:36453:36923 [1] NCCL INFO [node_id = 8; gpu_id = 13395; unique_id = 10586071455954641410; location_id = 53504; bdf = 53504; domain = 0; partition = 0], 
nid005197:36453:36923 [1] NCCL INFO [node_id = 11; gpu_id = 49174; unique_id = 12536539307626421296; location_id = 56832; bdf = 56832; domain = 0; partition = 0], 
nid005197:36453:36923 [1] NCCL INFO [node_id = 10; gpu_id = 62036; unique_id = 18035367739338046531; location_id = 55552; bdf = 55552; domain = 0; partition = 0], 
nid005197:36458:36458 [6] NCCL INFO Kernel version: 6.4.0-150600.23.73_15.0.14-cray_shasta_c
nid005197:36458:36458 [6] NCCL INFO Comm config Blocking set to 1
nid005197:36458:36924 [6] NCCL INFO Using network Socket
nid005197:36458:36924 [6] NCCL INFO [node_id = 4; gpu_id = 63582; unique_id = 652453718094078692; location_id = 49408; bdf = 49408; domain = 0; partition = 0], 
nid005197:36458:36924 [6] NCCL INFO [node_id = 5; gpu_id = 51740; unique_id = 3025299319970004801; location_id = 50688; bdf = 50688; domain = 0; partition = 0], 
nid005197:36458:36924 [6] NCCL INFO [node_id = 7; gpu_id = 3099; unique_id = 5673614210356227553; location_id = 52736; bdf = 52736; domain = 0; partition = 0], 
nid005197:36458:36924 [6] NCCL INFO [node_id = 9; gpu_id = 1553; unique_id = 8096516996330644798; location_id = 54784; bdf = 54784; domain = 0; partition = 0], 
nid005197:36458:36924 [6] NCCL INFO [node_id = 6; gpu_id = 15961; unique_id = 8326882890176744448; location_id = 51456; bdf = 51456; domain = 0; partition = 0], 
nid005197:36458:36924 [6] NCCL INFO [node_id = 8; gpu_id = 13395; unique_id = 10586071455954641410; location_id = 53504; bdf = 53504; domain = 0; partition = 0], 
nid005197:36458:36924 [6] NCCL INFO [node_id = 11; gpu_id = 49174; unique_id = 12536539307626421296; location_id = 56832; bdf = 56832; domain = 0; partition = 0], 
nid005197:36458:36924 [6] NCCL INFO [node_id = 10; gpu_id = 62036; unique_id = 18035367739338046531; location_id = 55552; bdf = 55552; domain = 0; partition = 0], 
nid005197:36452:36918 [0] NCCL INFO initialized internal alternative rsmi functionality
nid005197:36454:36921 [2] NCCL INFO initialized internal alternative rsmi functionality
nid005197:36457:36922 [5] NCCL INFO initialized internal alternative rsmi functionality
nid005197:36456:36919 [4] NCCL INFO initialized internal alternative rsmi functionality
nid005197:36459:36920 [7] NCCL INFO initialized internal alternative rsmi functionality
nid005197:36453:36923 [1] NCCL INFO initialized internal alternative rsmi functionality
nid005197:36458:36924 [6] NCCL INFO initialized internal alternative rsmi functionality
nid005197:36455:36455 [3] NCCL INFO Kernel version: 6.4.0-150600.23.73_15.0.14-cray_shasta_c
nid005197:36455:36455 [3] NCCL INFO Comm config Blocking set to 1
nid005197:36455:36925 [3] NCCL INFO Using network Socket
nid005197:36455:36925 [3] NCCL INFO [node_id = 4; gpu_id = 63582; unique_id = 652453718094078692; location_id = 49408; bdf = 49408; domain = 0; partition = 0], 
nid005197:36455:36925 [3] NCCL INFO [node_id = 5; gpu_id = 51740; unique_id = 3025299319970004801; location_id = 50688; bdf = 50688; domain = 0; partition = 0], 
nid005197:36455:36925 [3] NCCL INFO [node_id = 7; gpu_id = 3099; unique_id = 5673614210356227553; location_id = 52736; bdf = 52736; domain = 0; partition = 0], 
nid005197:36455:36925 [3] NCCL INFO [node_id = 9; gpu_id = 1553; unique_id = 8096516996330644798; location_id = 54784; bdf = 54784; domain = 0; partition = 0], 
nid005197:36455:36925 [3] NCCL INFO [node_id = 6; gpu_id = 15961; unique_id = 8326882890176744448; location_id = 51456; bdf = 51456; domain = 0; partition = 0], 
nid005197:36455:36925 [3] NCCL INFO [node_id = 8; gpu_id = 13395; unique_id = 10586071455954641410; location_id = 53504; bdf = 53504; domain = 0; partition = 0], 
nid005197:36455:36925 [3] NCCL INFO [node_id = 11; gpu_id = 49174; unique_id = 12536539307626421296; location_id = 56832; bdf = 56832; domain = 0; partition = 0], 
nid005197:36455:36925 [3] NCCL INFO [node_id = 10; gpu_id = 62036; unique_id = 18035367739338046531; location_id = 55552; bdf = 55552; domain = 0; partition = 0], 
nid005197:36455:36925 [3] NCCL INFO initialized internal alternative rsmi functionality
nid005197:36457:36922 [5] NCCL INFO ncclCommInitRank comm 0x1abf2bb0 rank 5 nranks 8 cudaDev 5 nvmlDev 5 busId d6000 commId 0x65df90b50ad4533a - Init START
nid005197:36452:36918 [0] NCCL INFO ncclCommInitRank comm 0x1ac918f0 rank 0 nranks 8 cudaDev 0 nvmlDev 0 busId c1000 commId 0x65df90b50ad4533a - Init START
nid005197:36454:36921 [2] NCCL INFO ncclCommInitRank comm 0x1abf9540 rank 2 nranks 8 cudaDev 2 nvmlDev 2 busId c9000 commId 0x65df90b50ad4533a - Init START
nid005197:36455:36925 [3] NCCL INFO ncclCommInitRank comm 0x1abc3820 rank 3 nranks 8 cudaDev 3 nvmlDev 3 busId ce000 commId 0x65df90b50ad4533a - Init START
nid005197:36453:36923 [1] NCCL INFO ncclCommInitRank comm 0x1abf3e70 rank 1 nranks 8 cudaDev 1 nvmlDev 1 busId c6000 commId 0x65df90b50ad4533a - Init START
nid005197:36458:36924 [6] NCCL INFO ncclCommInitRank comm 0x1ac9dec0 rank 6 nranks 8 cudaDev 6 nvmlDev 6 busId d9000 commId 0x65df90b50ad4533a - Init START
nid005197:36459:36920 [7] NCCL INFO ncclCommInitRank comm 0x1abe36b0 rank 7 nranks 8 cudaDev 7 nvmlDev 7 busId de000 commId 0x65df90b50ad4533a - Init START
nid005197:36456:36919 [4] NCCL INFO ncclCommInitRank comm 0x1acb34c0 rank 4 nranks 8 cudaDev 4 nvmlDev 4 busId d1000 commId 0x65df90b50ad4533a - Init START
nid005197:36456:36919 [4] NCCL INFO initialized internal alternative rsmi functionality
nid005197:36457:36922 [5] NCCL INFO initialized internal alternative rsmi functionality
nid005197:36454:36921 [2] NCCL INFO initialized internal alternative rsmi functionality
nid005197:36452:36918 [0] NCCL INFO initialized internal alternative rsmi functionality
nid005197:36455:36925 [3] NCCL INFO initialized internal alternative rsmi functionality
nid005197:36458:36924 [6] NCCL INFO initialized internal alternative rsmi functionality
nid005197:36459:36920 [7] NCCL INFO initialized internal alternative rsmi functionality
nid005197:36453:36923 [1] NCCL INFO initialized internal alternative rsmi functionality
nid005197:36454:36921 [2] NCCL INFO Setting affinity for GPU 2 to fefe0000,00000000,fefe0000
nid005197:36457:36922 [5] NCCL INFO Setting affinity for GPU 5 to fefe,00000000,0000fefe
nid005197:36453:36923 [1] NCCL INFO Setting affinity for GPU 1 to fefe0000,00000000,fefe0000,00000000
nid005197:36458:36924 [6] NCCL INFO Setting affinity for GPU 6 to fefe,00000000,0000fefe,00000000
nid005197:36459:36920 [7] NCCL INFO Setting affinity for GPU 7 to fefe,00000000,0000fefe,00000000
nid005197:36455:36925 [3] NCCL INFO Setting affinity for GPU 3 to fefe0000,00000000,fefe0000
nid005197:36452:36918 [0] NCCL INFO Setting affinity for GPU 0 to fefe0000,00000000,fefe0000,00000000
nid005197:36456:36919 [4] NCCL INFO Setting affinity for GPU 4 to fefe,00000000,0000fefe
nid005197:36455:36925 [3] NCCL INFO comm 0x1abc3820 rank 3 nRanks 8 nNodes 1 localRanks 8 localRank 3 MNNVL 0
nid005197:36454:36921 [2] NCCL INFO comm 0x1abf9540 rank 2 nRanks 8 nNodes 1 localRanks 8 localRank 2 MNNVL 0
nid005197:36453:36923 [1] NCCL INFO comm 0x1abf3e70 rank 1 nRanks 8 nNodes 1 localRanks 8 localRank 1 MNNVL 0
nid005197:36456:36919 [4] NCCL INFO comm 0x1acb34c0 rank 4 nRanks 8 nNodes 1 localRanks 8 localRank 4 MNNVL 0
nid005197:36452:36918 [0] NCCL INFO comm 0x1ac918f0 rank 0 nRanks 8 nNodes 1 localRanks 8 localRank 0 MNNVL 0
nid005197:36459:36920 [7] NCCL INFO comm 0x1abe36b0 rank 7 nRanks 8 nNodes 1 localRanks 8 localRank 7 MNNVL 0
nid005197:36458:36924 [6] NCCL INFO comm 0x1ac9dec0 rank 6 nRanks 8 nNodes 1 localRanks 8 localRank 6 MNNVL 0
nid005197:36455:36925 [3] NCCL INFO Trees [0] 2/-1/-1->3->1 [1] 1/-1/-1->3->2 [2] 2/-1/-1->3->7 [3] 7/-1/-1->3->2 [4] 2/-1/-1->3->1 [5] 1/-1/-1->3->2 [6] 2/-1/-1->3->7 [7] 7/-1/-1->3->2 [8] 2/-1/-1->3->1 [9] 1/-1/-1->3->2 [10] 2/-1/-1->3->7 [11] 7/-1/-1->3->2 [12] 2/-1/-1->3->1 [13] 1/-1/-1->3->2 [14] 2/-1/-1->3->7 [15] 7/-1/-1->3->2 comm 0x1abc3820 nRanks 08 busId ce000
nid005197:36457:36922 [5] NCCL INFO comm 0x1abf2bb0 rank 5 nRanks 8 nNodes 1 localRanks 8 localRank 5 MNNVL 0
nid005197:36454:36921 [2] NCCL INFO Trees [0] 4/-1/-1->2->3 [1] 3/-1/-1->2->4 [2] -1/-1/-1->2->3 [3] 3/-1/-1->2->-1 [4] 4/-1/-1->2->3 [5] 3/-1/-1->2->4 [6] -1/-1/-1->2->3 [7] 3/-1/-1->2->-1 [8] 4/-1/-1->2->3 [9] 3/-1/-1->2->4 [10] -1/-1/-1->2->3 [11] 3/-1/-1->2->-1 [12] 4/-1/-1->2->3 [13] 3/-1/-1->2->4 [14] -1/-1/-1->2->3 [15] 3/-1/-1->2->-1 comm 0x1abf9540 nRanks 08 busId c9000
nid005197:36452:36918 [0] NCCL INFO Channel 00/16 :    0   1   3   2   4   5   7   6
nid005197:36455:36925 [3] NCCL INFO P2P Chunksize set to 524288
nid005197:36454:36921 [2] NCCL INFO P2P Chunksize set to 524288
nid005197:36453:36923 [1] NCCL INFO Trees [0] 3/-1/-1->1->0 [1] 0/-1/-1->1->3 [2] 5/-1/-1->1->0 [3] 0/-1/-1->1->5 [4] 3/-1/-1->1->0 [5] 0/-1/-1->1->3 [6] 5/-1/-1->1->0 [7] 0/-1/-1->1->5 [8] 3/-1/-1->1->0 [9] 0/-1/-1->1->3 [10] 5/-1/-1->1->0 [11] 0/-1/-1->1->5 [12] 3/-1/-1->1->0 [13] 0/-1/-1->1->3 [14] 5/-1/-1->1->0 [15] 0/-1/-1->1->5 comm 0x1abf3e70 nRanks 08 busId c6000
nid005197:36452:36918 [0] NCCL INFO Channel 01/16 :    0   6   7   5   4   2   3   1
nid005197:36453:36923 [1] NCCL INFO P2P Chunksize set to 524288
nid005197:36452:36918 [0] NCCL INFO Channel 02/16 :    0   1   5   4   6   7   3   2
nid005197:36452:36918 [0] NCCL INFO Channel 03/16 :    0   2   3   7   6   4   5   1
nid005197:36452:36918 [0] NCCL INFO Channel 04/16 :    0   1   3   2   4   5   7   6
nid005197:36452:36918 [0] NCCL INFO Channel 05/16 :    0   6   7   5   4   2   3   1
nid005197:36456:36919 [4] NCCL INFO Trees [0] 5/-1/-1->4->2 [1] 2/-1/-1->4->5 [2] 6/-1/-1->4->5 [3] 5/-1/-1->4->6 [4] 5/-1/-1->4->2 [5] 2/-1/-1->4->5 [6] 6/-1/-1->4->5 [7] 5/-1/-1->4->6 [8] 5/-1/-1->4->2 [9] 2/-1/-1->4->5 [10] 6/-1/-1->4->5 [11] 5/-1/-1->4->6 [12] 5/-1/-1->4->2 [13] 2/-1/-1->4->5 [14] 6/-1/-1->4->5 [15] 5/-1/-1->4->6 comm 0x1acb34c0 nRanks 08 busId d1000
nid005197:36452:36918 [0] NCCL INFO Channel 06/16 :    0   1   5   4   6   7   3   2
nid005197:36456:36919 [4] NCCL INFO P2P Chunksize set to 524288
nid005197:36452:36918 [0] NCCL INFO Channel 07/16 :    0   2   3   7   6   4   5   1
nid005197:36459:36920 [7] NCCL INFO Trees [0] 6/-1/-1->7->5 [1] 5/-1/-1->7->6 [2] 3/-1/-1->7->6 [3] 6/-1/-1->7->3 [4] 6/-1/-1->7->5 [5] 5/-1/-1->7->6 [6] 3/-1/-1->7->6 [7] 6/-1/-1->7->3 [8] 6/-1/-1->7->5 [9] 5/-1/-1->7->6 [10] 3/-1/-1->7->6 [11] 6/-1/-1->7->3 [12] 6/-1/-1->7->5 [13] 5/-1/-1->7->6 [14] 3/-1/-1->7->6 [15] 6/-1/-1->7->3 comm 0x1abe36b0 nRanks 08 busId de000
nid005197:36458:36924 [6] NCCL INFO Trees [0] -1/-1/-1->6->7 [1] 7/-1/-1->6->-1 [2] 7/-1/-1->6->4 [3] 4/-1/-1->6->7 [4] -1/-1/-1->6->7 [5] 7/-1/-1->6->-1 [6] 7/-1/-1->6->4 [7] 4/-1/-1->6->7 [8] -1/-1/-1->6->7 [9] 7/-1/-1->6->-1 [10] 7/-1/-1->6->4 [11] 4/-1/-1->6->7 [12] -1/-1/-1->6->7 [13] 7/-1/-1->6->-1 [14] 7/-1/-1->6->4 [15] 4/-1/-1->6->7 comm 0x1ac9dec0 nRanks 08 busId d9000
nid005197:36452:36918 [0] NCCL INFO Channel 08/16 :    0   1   3   2   4   5   7   6
nid005197:36457:36922 [5] NCCL INFO Trees [0] 7/-1/-1->5->4 [1] 4/-1/-1->5->7 [2] 4/-1/-1->5->1 [3] 1/-1/-1->5->4 [4] 7/-1/-1->5->4 [5] 4/-1/-1->5->7 [6] 4/-1/-1->5->1 [7] 1/-1/-1->5->4 [8] 7/-1/-1->5->4 [9] 4/-1/-1->5->7 [10] 4/-1/-1->5->1 [11] 1/-1/-1->5->4 [12] 7/-1/-1->5->4 [13] 4/-1/-1->5->7 [14] 4/-1/-1->5->1 [15] 1/-1/-1->5->4 comm 0x1abf2bb0 nRanks 08 busId d6000
nid005197:36452:36918 [0] NCCL INFO Channel 09/16 :    0   6   7   5   4   2   3   1
nid005197:36458:36924 [6] NCCL INFO P2P Chunksize set to 524288
nid005197:36459:36920 [7] NCCL INFO P2P Chunksize set to 524288
nid005197:36457:36922 [5] NCCL INFO P2P Chunksize set to 524288
nid005197:36452:36918 [0] NCCL INFO Channel 10/16 :    0   1   5   4   6   7   3   2
nid005197:36452:36918 [0] NCCL INFO Channel 11/16 :    0   2   3   7   6   4   5   1
nid005197:36452:36918 [0] NCCL INFO Channel 12/16 :    0   1   3   2   4   5   7   6
nid005197:36452:36918 [0] NCCL INFO Channel 13/16 :    0   6   7   5   4   2   3   1
nid005197:36452:36918 [0] NCCL INFO Channel 14/16 :    0   1   5   4   6   7   3   2
nid005197:36452:36918 [0] NCCL INFO Channel 15/16 :    0   2   3   7   6   4   5   1
nid005197:36452:36918 [0] NCCL INFO Trees [0] 1/-1/-1->0->-1 [1] -1/-1/-1->0->1 [2] 1/-1/-1->0->-1 [3] -1/-1/-1->0->1 [4] 1/-1/-1->0->-1 [5] -1/-1/-1->0->1 [6] 1/-1/-1->0->-1 [7] -1/-1/-1->0->1 [8] 1/-1/-1->0->-1 [9] -1/-1/-1->0->1 [10] 1/-1/-1->0->-1 [11] -1/-1/-1->0->1 [12] 1/-1/-1->0->-1 [13] -1/-1/-1->0->1 [14] 1/-1/-1->0->-1 [15] -1/-1/-1->0->1 comm 0x1ac918f0 nRanks 08 busId c1000
nid005197:36452:36918 [0] NCCL INFO P2P Chunksize set to 524288
nid005197:36452:36918 [0] NCCL INFO Channel 00/0 : 0[c1000] -> 1[c6000] via P2P/IPC comm 0x1ac918f0 nRanks 08
nid005197:36454:36921 [2] NCCL INFO Channel 01/0 : 2[c9000] -> 3[ce000] via P2P/IPC comm 0x1abf9540 nRanks 08
nid005197:36458:36924 [6] NCCL INFO Channel 01/0 : 6[d9000] -> 7[de000] via P2P/IPC comm 0x1ac9dec0 nRanks 08
nid005197:36456:36919 [4] NCCL INFO Channel 00/0 : 4[d1000] -> 5[d6000] via P2P/IPC comm 0x1acb34c0 nRanks 08
nid005197:36452:36918 [0] NCCL INFO Channel 02/0 : 0[c1000] -> 1[c6000] via P2P/IPC comm 0x1ac918f0 nRanks 08
nid005197:36454:36921 [2] NCCL INFO Channel 03/0 : 2[c9000] -> 3[ce000] via P2P/IPC comm 0x1abf9540 nRanks 08
nid005197:36456:36919 [4] NCCL INFO Channel 03/0 : 4[d1000] -> 5[d6000] via P2P/IPC comm 0x1acb34c0 nRanks 08
nid005197:36458:36924 [6] NCCL INFO Channel 02/0 : 6[d9000] -> 7[de000] via P2P/IPC comm 0x1ac9dec0 nRanks 08
nid005197:36454:36921 [2] NCCL INFO Channel 05/0 : 2[c9000] -> 3[ce000] via P2P/IPC comm 0x1abf9540 nRanks 08
nid005197:36452:36918 [0] NCCL INFO Channel 04/0 : 0[c1000] -> 1[c6000] via P2P/IPC comm 0x1ac918f0 nRanks 08
nid005197:36456:36919 [4] NCCL INFO Channel 04/0 : 4[d1000] -> 5[d6000] via P2P/IPC comm 0x1acb34c0 nRanks 08
nid005197:36458:36924 [6] NCCL INFO Channel 05/0 : 6[d9000] -> 7[de000] via P2P/IPC comm 0x1ac9dec0 nRanks 08
nid005197:36454:36921 [2] NCCL INFO Channel 07/0 : 2[c9000] -> 3[ce000] via P2P/IPC comm 0x1abf9540 nRanks 08
nid005197:36452:36918 [0] NCCL INFO Channel 06/0 : 0[c1000] -> 1[c6000] via P2P/IPC comm 0x1ac918f0 nRanks 08
nid005197:36456:36919 [4] NCCL INFO Channel 07/0 : 4[d1000] -> 5[d6000] via P2P/IPC comm 0x1acb34c0 nRanks 08
nid005197:36458:36924 [6] NCCL INFO Channel 06/0 : 6[d9000] -> 7[de000] via P2P/IPC comm 0x1ac9dec0 nRanks 08
nid005197:36454:36921 [2] NCCL INFO Channel 09/0 : 2[c9000] -> 3[ce000] via P2P/IPC comm 0x1abf9540 nRanks 08
nid005197:36452:36918 [0] NCCL INFO Channel 08/0 : 0[c1000] -> 1[c6000] via P2P/IPC comm 0x1ac918f0 nRanks 08
nid005197:36458:36924 [6] NCCL INFO Channel 09/0 : 6[d9000] -> 7[de000] via P2P/IPC comm 0x1ac9dec0 nRanks 08
nid005197:36456:36919 [4] NCCL INFO Channel 08/0 : 4[d1000] -> 5[d6000] via P2P/IPC comm 0x1acb34c0 nRanks 08
nid005197:36454:36921 [2] NCCL INFO Channel 11/0 : 2[c9000] -> 3[ce000] via P2P/IPC comm 0x1abf9540 nRanks 08
nid005197:36452:36918 [0] NCCL INFO Channel 10/0 : 0[c1000] -> 1[c6000] via P2P/IPC comm 0x1ac918f0 nRanks 08
nid005197:36454:36921 [2] NCCL INFO Channel 13/0 : 2[c9000] -> 3[ce000] via P2P/IPC comm 0x1abf9540 nRanks 08
nid005197:36458:36924 [6] NCCL INFO Channel 10/0 : 6[d9000] -> 7[de000] via P2P/IPC comm 0x1ac9dec0 nRanks 08
nid005197:36456:36919 [4] NCCL INFO Channel 11/0 : 4[d1000] -> 5[d6000] via P2P/IPC comm 0x1acb34c0 nRanks 08
nid005197:36452:36918 [0] NCCL INFO Channel 12/0 : 0[c1000] -> 1[c6000] via P2P/IPC comm 0x1ac918f0 nRanks 08
nid005197:36454:36921 [2] NCCL INFO Channel 15/0 : 2[c9000] -> 3[ce000] via P2P/IPC comm 0x1abf9540 nRanks 08
nid005197:36458:36924 [6] NCCL INFO Channel 13/0 : 6[d9000] -> 7[de000] via P2P/IPC comm 0x1ac9dec0 nRanks 08
nid005197:36456:36919 [4] NCCL INFO Channel 12/0 : 4[d1000] -> 5[d6000] via P2P/IPC comm 0x1acb34c0 nRanks 08
nid005197:36452:36918 [0] NCCL INFO Channel 14/0 : 0[c1000] -> 1[c6000] via P2P/IPC comm 0x1ac918f0 nRanks 08
nid005197:36456:36919 [4] NCCL INFO Channel 15/0 : 4[d1000] -> 5[d6000] via P2P/IPC comm 0x1acb34c0 nRanks 08
nid005197:36458:36924 [6] NCCL INFO Channel 14/0 : 6[d9000] -> 7[de000] via P2P/IPC comm 0x1ac9dec0 nRanks 08
nid005197:36453:36923 [1] NCCL INFO Channel 00/0 : 1[c6000] -> 3[ce000] via P2P/IPC comm 0x1abf3e70 nRanks 08
nid005197:36457:36922 [5] NCCL INFO Channel 00/0 : 5[d6000] -> 7[de000] via P2P/IPC comm 0x1abf2bb0 nRanks 08
nid005197:36453:36923 [1] NCCL INFO Channel 04/0 : 1[c6000] -> 3[ce000] via P2P/IPC comm 0x1abf3e70 nRanks 08
nid005197:36457:36922 [5] NCCL INFO Channel 04/0 : 5[d6000] -> 7[de000] via P2P/IPC comm 0x1abf2bb0 nRanks 08
nid005197:36453:36923 [1] NCCL INFO Channel 08/0 : 1[c6000] -> 3[ce000] via P2P/IPC comm 0x1abf3e70 nRanks 08
nid005197:36457:36922 [5] NCCL INFO Channel 08/0 : 5[d6000] -> 7[de000] via P2P/IPC comm 0x1abf2bb0 nRanks 08
nid005197:36454:36921 [2] NCCL INFO Channel 00/0 : 2[c9000] -> 4[d1000] via P2P/IPC comm 0x1abf9540 nRanks 08
nid005197:36453:36923 [1] NCCL INFO Channel 12/0 : 1[c6000] -> 3[ce000] via P2P/IPC comm 0x1abf3e70 nRanks 08
nid005197:36457:36922 [5] NCCL INFO Channel 12/0 : 5[d6000] -> 7[de000] via P2P/IPC comm 0x1abf2bb0 nRanks 08
nid005197:36454:36921 [2] NCCL INFO Channel 04/0 : 2[c9000] -> 4[d1000] via P2P/IPC comm 0x1abf9540 nRanks 08
nid005197:36452:36918 [0] NCCL INFO Channel 03/0 : 0[c1000] -> 2[c9000] via P2P/IPC comm 0x1ac918f0 nRanks 08
nid005197:36456:36919 [4] NCCL INFO Channel 02/0 : 4[d1000] -> 6[d9000] via P2P/IPC comm 0x1acb34c0 nRanks 08
nid005197:36458:36924 [6] NCCL INFO Channel 00/0 : 6[d9000] -> 0[c1000] via P2P/IPC comm 0x1ac9dec0 nRanks 08
nid005197:36454:36921 [2] NCCL INFO Channel 08/0 : 2[c9000] -> 4[d1000] via P2P/IPC comm 0x1abf9540 nRanks 08
nid005197:36452:36918 [0] NCCL INFO Channel 07/0 : 0[c1000] -> 2[c9000] via P2P/IPC comm 0x1ac918f0 nRanks 08
nid005197:36458:36924 [6] NCCL INFO Channel 04/0 : 6[d9000] -> 0[c1000] via P2P/IPC comm 0x1ac9dec0 nRanks 08
nid005197:36454:36921 [2] NCCL INFO Channel 12/0 : 2[c9000] -> 4[d1000] via P2P/IPC comm 0x1abf9540 nRanks 08
nid005197:36456:36919 [4] NCCL INFO Channel 06/0 : 4[d1000] -> 6[d9000] via P2P/IPC comm 0x1acb34c0 nRanks 08
nid005197:36452:36918 [0] NCCL INFO Channel 11/0 : 0[c1000] -> 2[c9000] via P2P/IPC comm 0x1ac918f0 nRanks 08
nid005197:36458:36924 [6] NCCL INFO Channel 08/0 : 6[d9000] -> 0[c1000] via P2P/IPC comm 0x1ac9dec0 nRanks 08
nid005197:36456:36919 [4] NCCL INFO Channel 10/0 : 4[d1000] -> 6[d9000] via P2P/IPC comm 0x1acb34c0 nRanks 08
nid005197:36452:36918 [0] NCCL INFO Channel 15/0 : 0[c1000] -> 2[c9000] via P2P/IPC comm 0x1ac918f0 nRanks 08
nid005197:36455:36925 [3] NCCL INFO Channel 03/0 : 3[ce000] -> 7[de000] via P2P/IPC comm 0x1abc3820 nRanks 08
nid005197:36458:36924 [6] NCCL INFO Channel 12/0 : 6[d9000] -> 0[c1000] via P2P/IPC comm 0x1ac9dec0 nRanks 08
nid005197:36456:36919 [4] NCCL INFO Channel 14/0 : 4[d1000] -> 6[d9000] via P2P/IPC comm 0x1acb34c0 nRanks 08
nid005197:36453:36923 [1] NCCL INFO Channel 02/0 : 1[c6000] -> 5[d6000] via P2P/IPC comm 0x1abf3e70 nRanks 08
nid005197:36455:36925 [3] NCCL INFO Channel 07/0 : 3[ce000] -> 7[de000] via P2P/IPC comm 0x1abc3820 nRanks 08
nid005197:36457:36922 [5] NCCL INFO Channel 03/0 : 5[d6000] -> 1[c6000] via P2P/IPC comm 0x1abf2bb0 nRanks 08
nid005197:36459:36920 [7] NCCL INFO Channel 02/0 : 7[de000] -> 3[ce000] via P2P/IPC comm 0x1abe36b0 nRanks 08
nid005197:36453:36923 [1] NCCL INFO Channel 06/0 : 1[c6000] -> 5[d6000] via P2P/IPC comm 0x1abf3e70 nRanks 08
nid005197:36455:36925 [3] NCCL INFO Channel 11/0 : 3[ce000] -> 7[de000] via P2P/IPC comm 0x1abc3820 nRanks 08
nid005197:36457:36922 [5] NCCL INFO Channel 07/0 : 5[d6000] -> 1[c6000] via P2P/IPC comm 0x1abf2bb0 nRanks 08
nid005197:36459:36920 [7] NCCL INFO Channel 06/0 : 7[de000] -> 3[ce000] via P2P/IPC comm 0x1abe36b0 nRanks 08
nid005197:36453:36923 [1] NCCL INFO Channel 10/0 : 1[c6000] -> 5[d6000] via P2P/IPC comm 0x1abf3e70 nRanks 08
nid005197:36455:36925 [3] NCCL INFO Channel 15/0 : 3[ce000] -> 7[de000] via P2P/IPC comm 0x1abc3820 nRanks 08
nid005197:36457:36922 [5] NCCL INFO Channel 11/0 : 5[d6000] -> 1[c6000] via P2P/IPC comm 0x1abf2bb0 nRanks 08
nid005197:36459:36920 [7] NCCL INFO Channel 10/0 : 7[de000] -> 3[ce000] via P2P/IPC comm 0x1abe36b0 nRanks 08
nid005197:36453:36923 [1] NCCL INFO Channel 14/0 : 1[c6000] -> 5[d6000] via P2P/IPC comm 0x1abf3e70 nRanks 08
nid005197:36457:36922 [5] NCCL INFO Channel 15/0 : 5[d6000] -> 1[c6000] via P2P/IPC comm 0x1abf2bb0 nRanks 08
nid005197:36459:36920 [7] NCCL INFO Channel 14/0 : 7[de000] -> 3[ce000] via P2P/IPC comm 0x1abe36b0 nRanks 08
nid005197:36454:36921 [2] NCCL INFO Channel 02/0 : 2[c9000] -> 0[c1000] via P2P/IPC comm 0x1abf9540 nRanks 08
nid005197:36456:36919 [4] NCCL INFO Channel 01/0 : 4[d1000] -> 2[c9000] via P2P/IPC comm 0x1acb34c0 nRanks 08
nid005197:36455:36925 [3] NCCL INFO Channel 01/0 : 3[ce000] -> 1[c6000] via P2P/IPC comm 0x1abc3820 nRanks 08
nid005197:36459:36920 [7] NCCL INFO Channel 01/0 : 7[de000] -> 5[d6000] via P2P/IPC comm 0x1abe36b0 nRanks 08
nid005197:36452:36918 [0] NCCL INFO Channel 01/0 : 0[c1000] -> 6[d9000] via P2P/IPC comm 0x1ac918f0 nRanks 08
nid005197:36458:36924 [6] NCCL INFO Channel 03/0 : 6[d9000] -> 4[d1000] via P2P/IPC comm 0x1ac9dec0 nRanks 08
nid005197:36454:36921 [2] NCCL INFO Channel 06/0 : 2[c9000] -> 0[c1000] via P2P/IPC comm 0x1abf9540 nRanks 08
nid005197:36456:36919 [4] NCCL INFO Channel 05/0 : 4[d1000] -> 2[c9000] via P2P/IPC comm 0x1acb34c0 nRanks 08
nid005197:36455:36925 [3] NCCL INFO Channel 05/0 : 3[ce000] -> 1[c6000] via P2P/IPC comm 0x1abc3820 nRanks 08
nid005197:36452:36918 [0] NCCL INFO Channel 05/0 : 0[c1000] -> 6[d9000] via P2P/IPC comm 0x1ac918f0 nRanks 08
nid005197:36459:36920 [7] NCCL INFO Channel 05/0 : 7[de000] -> 5[d6000] via P2P/IPC comm 0x1abe36b0 nRanks 08
nid005197:36458:36924 [6] NCCL INFO Channel 07/0 : 6[d9000] -> 4[d1000] via P2P/IPC comm 0x1ac9dec0 nRanks 08
nid005197:36454:36921 [2] NCCL INFO Channel 10/0 : 2[c9000] -> 0[c1000] via P2P/IPC comm 0x1abf9540 nRanks 08
nid005197:36456:36919 [4] NCCL INFO Channel 09/0 : 4[d1000] -> 2[c9000] via P2P/IPC comm 0x1acb34c0 nRanks 08
nid005197:36455:36925 [3] NCCL INFO Channel 09/0 : 3[ce000] -> 1[c6000] via P2P/IPC comm 0x1abc3820 nRanks 08
nid005197:36452:36918 [0] NCCL INFO Channel 09/0 : 0[c1000] -> 6[d9000] via P2P/IPC comm 0x1ac918f0 nRanks 08
nid005197:36458:36924 [6] NCCL INFO Channel 11/0 : 6[d9000] -> 4[d1000] via P2P/IPC comm 0x1ac9dec0 nRanks 08
nid005197:36459:36920 [7] NCCL INFO Channel 09/0 : 7[de000] -> 5[d6000] via P2P/IPC comm 0x1abe36b0 nRanks 08
nid005197:36454:36921 [2] NCCL INFO Channel 14/0 : 2[c9000] -> 0[c1000] via P2P/IPC comm 0x1abf9540 nRanks 08
nid005197:36456:36919 [4] NCCL INFO Channel 13/0 : 4[d1000] -> 2[c9000] via P2P/IPC comm 0x1acb34c0 nRanks 08
nid005197:36455:36925 [3] NCCL INFO Channel 13/0 : 3[ce000] -> 1[c6000] via P2P/IPC comm 0x1abc3820 nRanks 08
nid005197:36452:36918 [0] NCCL INFO Channel 13/0 : 0[c1000] -> 6[d9000] via P2P/IPC comm 0x1ac918f0 nRanks 08
nid005197:36458:36924 [6] NCCL INFO Channel 15/0 : 6[d9000] -> 4[d1000] via P2P/IPC comm 0x1ac9dec0 nRanks 08
nid005197:36459:36920 [7] NCCL INFO Channel 13/0 : 7[de000] -> 5[d6000] via P2P/IPC comm 0x1abe36b0 nRanks 08
nid005197:36453:36923 [1] NCCL INFO Channel 01/0 : 1[c6000] -> 0[c1000] via P2P/IPC comm 0x1abf3e70 nRanks 08
nid005197:36455:36925 [3] NCCL INFO Channel 00/0 : 3[ce000] -> 2[c9000] via P2P/IPC comm 0x1abc3820 nRanks 08
nid005197:36457:36922 [5] NCCL INFO Channel 01/0 : 5[d6000] -> 4[d1000] via P2P/IPC comm 0x1abf2bb0 nRanks 08
nid005197:36459:36920 [7] NCCL INFO Channel 00/0 : 7[de000] -> 6[d9000] via P2P/IPC comm 0x1abe36b0 nRanks 08
nid005197:36453:36923 [1] NCCL INFO Channel 03/0 : 1[c6000] -> 0[c1000] via P2P/IPC comm 0x1abf3e70 nRanks 08
nid005197:36455:36925 [3] NCCL INFO Channel 02/0 : 3[ce000] -> 2[c9000] via P2P/IPC comm 0x1abc3820 nRanks 08
